-- Install configuration: ""
-- Execute custom install script
-- Up-to-date symlink: /home/puhster/Desktop/RINS_task2/install/dis_tutorial3/share/dis_tutorial3//launch/dis_sim.launch.py
-- Up-to-date symlink: /home/puhster/Desktop/RINS_task2/install/dis_tutorial3/share/dis_tutorial3//launch/fixed_navigation.launch.py
-- Up-to-date symlink: /home/puhster/Desktop/RINS_task2/install/dis_tutorial3/share/dis_tutorial3//launch/localization.launch.py
-- Up-to-date symlink: /home/puhster/Desktop/RINS_task2/install/dis_tutorial3/share/dis_tutorial3//launch/nav2.launch.py
-- Up-to-date symlink: /home/puhster/Desktop/RINS_task2/install/dis_tutorial3/share/dis_tutorial3//launch/robot_description.launch.py
-- Up-to-date symlink: /home/puhster/Desktop/RINS_task2/install/dis_tutorial3/share/dis_tutorial3//launch/sim.launch.py
-- Up-to-date symlink: /home/puhster/Desktop/RINS_task2/install/dis_tutorial3/share/dis_tutorial3//launch/sim_turtlebot_nav.launch.py
-- Up-to-date symlink: /home/puhster/Desktop/RINS_task2/install/dis_tutorial3/share/dis_tutorial3//launch/sim_turtlebot_slam.launch.py
-- Up-to-date symlink: /home/puhster/Desktop/RINS_task2/install/dis_tutorial3/share/dis_tutorial3//launch/slam.launch.py
-- Up-to-date symlink: /home/puhster/Desktop/RINS_task2/install/dis_tutorial3/share/dis_tutorial3//launch/turtlebot4_spawn.launch.py
-- Up-to-date symlink: /home/puhster/Desktop/RINS_task2/install/dis_tutorial3/share/dis_tutorial3//config/laser_filter_chain.yaml
-- Up-to-date symlink: /home/puhster/Desktop/RINS_task2/install/dis_tutorial3/share/dis_tutorial3//config/localization.yaml
-- Up-to-date symlink: /home/puhster/Desktop/RINS_task2/install/dis_tutorial3/share/dis_tutorial3//config/nav2.yaml
-- Up-to-date symlink: /home/puhster/Desktop/RINS_task2/install/dis_tutorial3/share/dis_tutorial3//config/slam.yaml
-- Up-to-date symlink: /home/puhster/Desktop/RINS_task2/install/dis_tutorial3/share/dis_tutorial3//worlds/2024/task2_demo1.sdf
-- Up-to-date symlink: /home/puhster/Desktop/RINS_task2/install/dis_tutorial3/share/dis_tutorial3//worlds/2024/task2_demo1_meshes/cylinders.jpg
-- Up-to-date symlink: /home/puhster/Desktop/RINS_task2/install/dis_tutorial3/share/dis_tutorial3//worlds/2024/task2_demo1_meshes/fakering1.jpg
-- Up-to-date symlink: /home/puhster/Desktop/RINS_task2/install/dis_tutorial3/share/dis_tutorial3//worlds/2024/task2_demo1_meshes/fakering2.jpg
-- Up-to-date symlink: /home/puhster/Desktop/RINS_task2/install/dis_tutorial3/share/dis_tutorial3//worlds/2024/task2_demo1_meshes/fakering3.jpg
-- Up-to-date symlink: /home/puhster/Desktop/RINS_task2/install/dis_tutorial3/share/dis_tutorial3//worlds/2024/task2_demo1_meshes/ground.jpg
-- Up-to-date symlink: /home/puhster/Desktop/RINS_task2/install/dis_tutorial3/share/dis_tutorial3//worlds/2024/task2_demo1_meshes/map.dae
-- Up-to-date symlink: /home/puhster/Desktop/RINS_task2/install/dis_tutorial3/share/dis_tutorial3//worlds/2024/task2_demo1_meshes/map_colliders.dae
-- Up-to-date symlink: /home/puhster/Desktop/RINS_task2/install/dis_tutorial3/share/dis_tutorial3//worlds/2024/task2_demo1_meshes/objects.jpg
-- Up-to-date symlink: /home/puhster/Desktop/RINS_task2/install/dis_tutorial3/share/dis_tutorial3//worlds/2024/task2_demo1_meshes/parking_space.jpg
-- Up-to-date symlink: /home/puhster/Desktop/RINS_task2/install/dis_tutorial3/share/dis_tutorial3//worlds/2024/task2_demo2.sdf
-- Up-to-date symlink: /home/puhster/Desktop/RINS_task2/install/dis_tutorial3/share/dis_tutorial3//worlds/2024/task2_demo2_meshes/cylinders.jpg
-- Up-to-date symlink: /home/puhster/Desktop/RINS_task2/install/dis_tutorial3/share/dis_tutorial3//worlds/2024/task2_demo2_meshes/fakering1.jpg
-- Up-to-date symlink: /home/puhster/Desktop/RINS_task2/install/dis_tutorial3/share/dis_tutorial3//worlds/2024/task2_demo2_meshes/fakering2.jpg
-- Up-to-date symlink: /home/puhster/Desktop/RINS_task2/install/dis_tutorial3/share/dis_tutorial3//worlds/2024/task2_demo2_meshes/fakering3.jpg
-- Up-to-date symlink: /home/puhster/Desktop/RINS_task2/install/dis_tutorial3/share/dis_tutorial3//worlds/2024/task2_demo2_meshes/ground.jpg
-- Up-to-date symlink: /home/puhster/Desktop/RINS_task2/install/dis_tutorial3/share/dis_tutorial3//worlds/2024/task2_demo2_meshes/map.dae
-- Up-to-date symlink: /home/puhster/Desktop/RINS_task2/install/dis_tutorial3/share/dis_tutorial3//worlds/2024/task2_demo2_meshes/map_colliders.dae
-- Up-to-date symlink: /home/puhster/Desktop/RINS_task2/install/dis_tutorial3/share/dis_tutorial3//worlds/2024/task2_demo2_meshes/objects.jpg
-- Up-to-date symlink: /home/puhster/Desktop/RINS_task2/install/dis_tutorial3/share/dis_tutorial3//worlds/2024/task2_demo2_meshes/parking_space.jpg
-- Up-to-date symlink: /home/puhster/Desktop/RINS_task2/install/dis_tutorial3/share/dis_tutorial3//worlds/2024/task3.sdf
-- Up-to-date symlink: /home/puhster/Desktop/RINS_task2/install/dis_tutorial3/share/dis_tutorial3//worlds/2024/task3_meshes/anomona_0.png
-- Up-to-date symlink: /home/puhster/Desktop/RINS_task2/install/dis_tutorial3/share/dis_tutorial3//worlds/2024/task3_meshes/anomona_1.png
-- Up-to-date symlink: /home/puhster/Desktop/RINS_task2/install/dis_tutorial3/share/dis_tutorial3//worlds/2024/task3_meshes/anomona_2.png
-- Up-to-date symlink: /home/puhster/Desktop/RINS_task2/install/dis_tutorial3/share/dis_tutorial3//worlds/2024/task3_meshes/anomona_3.png
-- Up-to-date symlink: /home/puhster/Desktop/RINS_task2/install/dis_tutorial3/share/dis_tutorial3//worlds/2024/task3_meshes/anomona_4.png
-- Up-to-date symlink: /home/puhster/Desktop/RINS_task2/install/dis_tutorial3/share/dis_tutorial3//worlds/2024/task3_meshes/cylinders.jpg
-- Up-to-date symlink: /home/puhster/Desktop/RINS_task2/install/dis_tutorial3/share/dis_tutorial3//worlds/2024/task3_meshes/easy_anomona_0.png
-- Up-to-date symlink: /home/puhster/Desktop/RINS_task2/install/dis_tutorial3/share/dis_tutorial3//worlds/2024/task3_meshes/easy_anomona_1.png
-- Up-to-date symlink: /home/puhster/Desktop/RINS_task2/install/dis_tutorial3/share/dis_tutorial3//worlds/2024/task3_meshes/easy_anomona_2.png
-- Up-to-date symlink: /home/puhster/Desktop/RINS_task2/install/dis_tutorial3/share/dis_tutorial3//worlds/2024/task3_meshes/easy_anomona_3.png
-- Up-to-date symlink: /home/puhster/Desktop/RINS_task2/install/dis_tutorial3/share/dis_tutorial3//worlds/2024/task3_meshes/easy_anomona_4.png
-- Up-to-date symlink: /home/puhster/Desktop/RINS_task2/install/dis_tutorial3/share/dis_tutorial3//worlds/2024/task3_meshes/fakering1.jpg
-- Up-to-date symlink: /home/puhster/Desktop/RINS_task2/install/dis_tutorial3/share/dis_tutorial3//worlds/2024/task3_meshes/fakering2.jpg
-- Up-to-date symlink: /home/puhster/Desktop/RINS_task2/install/dis_tutorial3/share/dis_tutorial3//worlds/2024/task3_meshes/fakering3.jpg
-- Up-to-date symlink: /home/puhster/Desktop/RINS_task2/install/dis_tutorial3/share/dis_tutorial3//worlds/2024/task3_meshes/ground.jpg
-- Up-to-date symlink: /home/puhster/Desktop/RINS_task2/install/dis_tutorial3/share/dis_tutorial3//worlds/2024/task3_meshes/map.dae
-- Up-to-date symlink: /home/puhster/Desktop/RINS_task2/install/dis_tutorial3/share/dis_tutorial3//worlds/2024/task3_meshes/map_colliders.dae
-- Up-to-date symlink: /home/puhster/Desktop/RINS_task2/install/dis_tutorial3/share/dis_tutorial3//worlds/2024/task3_meshes/mona.png
-- Up-to-date symlink: /home/puhster/Desktop/RINS_task2/install/dis_tutorial3/share/dis_tutorial3//worlds/2024/task3_meshes/objects.jpg
-- Up-to-date symlink: /home/puhster/Desktop/RINS_task2/install/dis_tutorial3/share/dis_tutorial3//worlds/2024/task3_meshes/parking_space.jpg
-- Up-to-date symlink: /home/puhster/Desktop/RINS_task2/install/dis_tutorial3/share/dis_tutorial3//worlds/2024/task3_meshes/qr_cheat.png
-- Up-to-date symlink: /home/puhster/Desktop/RINS_task2/install/dis_tutorial3/share/dis_tutorial3//worlds/2024/task3_meshes/qr_url.png
-- Up-to-date symlink: /home/puhster/Desktop/RINS_task2/install/dis_tutorial3/share/dis_tutorial3//worlds/2024/task3_meshes/qr_wrong.png
-- Up-to-date symlink: /home/puhster/Desktop/RINS_task2/install/dis_tutorial3/share/dis_tutorial3//worlds/2024/task3_meshes/villager1.png
-- Up-to-date symlink: /home/puhster/Desktop/RINS_task2/install/dis_tutorial3/share/dis_tutorial3//worlds/2024/task3_meshes/villager2.png
-- Up-to-date symlink: /home/puhster/Desktop/RINS_task2/install/dis_tutorial3/share/dis_tutorial3//worlds/2024/task3_meshes/villager3.png
-- Up-to-date symlink: /home/puhster/Desktop/RINS_task2/install/dis_tutorial3/share/dis_tutorial3//worlds/2024/task3_meshes/villager4.png
-- Up-to-date symlink: /home/puhster/Desktop/RINS_task2/install/dis_tutorial3/share/dis_tutorial3//worlds/2024/task3_meshes/villager5.png
-- Up-to-date symlink: /home/puhster/Desktop/RINS_task2/install/dis_tutorial3/share/dis_tutorial3//worlds/2025/bird_demo2.sdf
-- Up-to-date symlink: /home/puhster/Desktop/RINS_task2/install/dis_tutorial3/share/dis_tutorial3//worlds/2025/bird_demo2_meshes/baltimore_oriole.jpg
-- Up-to-date symlink: /home/puhster/Desktop/RINS_task2/install/dis_tutorial3/share/dis_tutorial3//worlds/2025/bird_demo2_meshes/black.jpg
-- Up-to-date symlink: /home/puhster/Desktop/RINS_task2/install/dis_tutorial3/share/dis_tutorial3//worlds/2025/bird_demo2_meshes/blue.jpg
-- Up-to-date symlink: /home/puhster/Desktop/RINS_task2/install/dis_tutorial3/share/dis_tutorial3//worlds/2025/bird_demo2_meshes/blue_jay.jpg
-- Up-to-date symlink: /home/puhster/Desktop/RINS_task2/install/dis_tutorial3/share/dis_tutorial3//worlds/2025/bird_demo2_meshes/dirt2.jpg
-- Up-to-date symlink: /home/puhster/Desktop/RINS_task2/install/dis_tutorial3/share/dis_tutorial3//worlds/2025/bird_demo2_meshes/fakering1.jpg
-- Up-to-date symlink: /home/puhster/Desktop/RINS_task2/install/dis_tutorial3/share/dis_tutorial3//worlds/2025/bird_demo2_meshes/fakering3.jpg
-- Up-to-date symlink: /home/puhster/Desktop/RINS_task2/install/dis_tutorial3/share/dis_tutorial3//worlds/2025/bird_demo2_meshes/grass.jpg
-- Up-to-date symlink: /home/puhster/Desktop/RINS_task2/install/dis_tutorial3/share/dis_tutorial3//worlds/2025/bird_demo2_meshes/green.jpg
-- Up-to-date symlink: /home/puhster/Desktop/RINS_task2/install/dis_tutorial3/share/dis_tutorial3//worlds/2025/bird_demo2_meshes/ground.jpg
-- Up-to-date symlink: /home/puhster/Desktop/RINS_task2/install/dis_tutorial3/share/dis_tutorial3//worlds/2025/bird_demo2_meshes/horned_puffin.jpeg
-- Up-to-date symlink: /home/puhster/Desktop/RINS_task2/install/dis_tutorial3/share/dis_tutorial3//worlds/2025/bird_demo2_meshes/map.dae
-- Up-to-date symlink: /home/puhster/Desktop/RINS_task2/install/dis_tutorial3/share/dis_tutorial3//worlds/2025/bird_demo2_meshes/map_colliders.dae
-- Up-to-date symlink: /home/puhster/Desktop/RINS_task2/install/dis_tutorial3/share/dis_tutorial3//worlds/2025/bird_demo2_meshes/objects.jpg
-- Up-to-date symlink: /home/puhster/Desktop/RINS_task2/install/dis_tutorial3/share/dis_tutorial3//worlds/2025/bird_demo2_meshes/person11.png
-- Up-to-date symlink: /home/puhster/Desktop/RINS_task2/install/dis_tutorial3/share/dis_tutorial3//worlds/2025/bird_demo2_meshes/person17.png
-- Up-to-date symlink: /home/puhster/Desktop/RINS_task2/install/dis_tutorial3/share/dis_tutorial3//worlds/2025/bird_demo2_meshes/person4.png
-- Up-to-date symlink: /home/puhster/Desktop/RINS_task2/install/dis_tutorial3/share/dis_tutorial3//worlds/2025/bird_demo2_meshes/person8.png
-- Up-to-date symlink: /home/puhster/Desktop/RINS_task2/install/dis_tutorial3/share/dis_tutorial3//worlds/2025/bird_demo2_meshes/purple_finch.jpg
-- Up-to-date symlink: /home/puhster/Desktop/RINS_task2/install/dis_tutorial3/share/dis_tutorial3//worlds/2025/bird_demo2_meshes/qr_finch.jpg
-- Up-to-date symlink: /home/puhster/Desktop/RINS_task2/install/dis_tutorial3/share/dis_tutorial3//worlds/2025/bird_demo2_meshes/qr_jay.jpg
-- Up-to-date symlink: /home/puhster/Desktop/RINS_task2/install/dis_tutorial3/share/dis_tutorial3//worlds/2025/bird_demo2_meshes/qr_oriole.jpg
-- Up-to-date symlink: /home/puhster/Desktop/RINS_task2/install/dis_tutorial3/share/dis_tutorial3//worlds/2025/bird_demo2_meshes/qr_puffin.jpg
-- Up-to-date symlink: /home/puhster/Desktop/RINS_task2/install/dis_tutorial3/share/dis_tutorial3//worlds/2025/bird_demo2_meshes/red.jpg
-- Up-to-date symlink: /home/puhster/Desktop/RINS_task2/install/dis_tutorial3/share/dis_tutorial3//worlds/2025/bird_demo2_meshes/water.jpg
-- Up-to-date symlink: /home/puhster/Desktop/RINS_task2/install/dis_tutorial3/share/dis_tutorial3//worlds/2025/bird_demo2_meshes/wood.jpg
-- Up-to-date symlink: /home/puhster/Desktop/RINS_task2/install/dis_tutorial3/share/dis_tutorial3//worlds/2025/bird_demo2_meshes/yellow.jpg
-- Up-to-date symlink: /home/puhster/Desktop/RINS_task2/install/dis_tutorial3/share/dis_tutorial3//worlds/2025/bird_demo3.sdf
-- Up-to-date symlink: /home/puhster/Desktop/RINS_task2/install/dis_tutorial3/share/dis_tutorial3//worlds/2025/bird_demo3_meshes/Great_Grey_Shrike.jpg
-- Up-to-date symlink: /home/puhster/Desktop/RINS_task2/install/dis_tutorial3/share/dis_tutorial3//worlds/2025/bird_demo3_meshes/Laysan_Albatross.jpeg
-- Up-to-date symlink: /home/puhster/Desktop/RINS_task2/install/dis_tutorial3/share/dis_tutorial3//worlds/2025/bird_demo3_meshes/black.jpg
-- Up-to-date symlink: /home/puhster/Desktop/RINS_task2/install/dis_tutorial3/share/dis_tutorial3//worlds/2025/bird_demo3_meshes/blue.jpg
-- Up-to-date symlink: /home/puhster/Desktop/RINS_task2/install/dis_tutorial3/share/dis_tutorial3//worlds/2025/bird_demo3_meshes/dirt2.jpg
-- Up-to-date symlink: /home/puhster/Desktop/RINS_task2/install/dis_tutorial3/share/dis_tutorial3//worlds/2025/bird_demo3_meshes/european_goldfinch.jpg
-- Up-to-date symlink: /home/puhster/Desktop/RINS_task2/install/dis_tutorial3/share/dis_tutorial3//worlds/2025/bird_demo3_meshes/fakering1.jpg
-- Up-to-date symlink: /home/puhster/Desktop/RINS_task2/install/dis_tutorial3/share/dis_tutorial3//worlds/2025/bird_demo3_meshes/fakering3.jpg
-- Up-to-date symlink: /home/puhster/Desktop/RINS_task2/install/dis_tutorial3/share/dis_tutorial3//worlds/2025/bird_demo3_meshes/grass.jpg
-- Up-to-date symlink: /home/puhster/Desktop/RINS_task2/install/dis_tutorial3/share/dis_tutorial3//worlds/2025/bird_demo3_meshes/green.jpg
-- Up-to-date symlink: /home/puhster/Desktop/RINS_task2/install/dis_tutorial3/share/dis_tutorial3//worlds/2025/bird_demo3_meshes/ground.jpg
-- Up-to-date symlink: /home/puhster/Desktop/RINS_task2/install/dis_tutorial3/share/dis_tutorial3//worlds/2025/bird_demo3_meshes/map.dae
-- Up-to-date symlink: /home/puhster/Desktop/RINS_task2/install/dis_tutorial3/share/dis_tutorial3//worlds/2025/bird_demo3_meshes/map_colliders.dae
-- Up-to-date symlink: /home/puhster/Desktop/RINS_task2/install/dis_tutorial3/share/dis_tutorial3//worlds/2025/bird_demo3_meshes/objects.jpg
-- Up-to-date symlink: /home/puhster/Desktop/RINS_task2/install/dis_tutorial3/share/dis_tutorial3//worlds/2025/bird_demo3_meshes/person16.png
-- Up-to-date symlink: /home/puhster/Desktop/RINS_task2/install/dis_tutorial3/share/dis_tutorial3//worlds/2025/bird_demo3_meshes/person18.png
-- Up-to-date symlink: /home/puhster/Desktop/RINS_task2/install/dis_tutorial3/share/dis_tutorial3//worlds/2025/bird_demo3_meshes/person19.png
-- Up-to-date symlink: /home/puhster/Desktop/RINS_task2/install/dis_tutorial3/share/dis_tutorial3//worlds/2025/bird_demo3_meshes/person23.png
-- Up-to-date symlink: /home/puhster/Desktop/RINS_task2/install/dis_tutorial3/share/dis_tutorial3//worlds/2025/bird_demo3_meshes/qr_albatross.jpg
-- Up-to-date symlink: /home/puhster/Desktop/RINS_task2/install/dis_tutorial3/share/dis_tutorial3//worlds/2025/bird_demo3_meshes/qr_finch.jpg
-- Up-to-date symlink: /home/puhster/Desktop/RINS_task2/install/dis_tutorial3/share/dis_tutorial3//worlds/2025/bird_demo3_meshes/qr_flycatcher.jpg
-- Up-to-date symlink: /home/puhster/Desktop/RINS_task2/install/dis_tutorial3/share/dis_tutorial3//worlds/2025/bird_demo3_meshes/qr_shrike.jpg
-- Up-to-date symlink: /home/puhster/Desktop/RINS_task2/install/dis_tutorial3/share/dis_tutorial3//worlds/2025/bird_demo3_meshes/red.jpg
-- Up-to-date symlink: /home/puhster/Desktop/RINS_task2/install/dis_tutorial3/share/dis_tutorial3//worlds/2025/bird_demo3_meshes/vermilion_flycatcher.jpg
-- Up-to-date symlink: /home/puhster/Desktop/RINS_task2/install/dis_tutorial3/share/dis_tutorial3//worlds/2025/bird_demo3_meshes/water.jpg
-- Up-to-date symlink: /home/puhster/Desktop/RINS_task2/install/dis_tutorial3/share/dis_tutorial3//worlds/2025/bird_demo3_meshes/wood.jpg
-- Up-to-date symlink: /home/puhster/Desktop/RINS_task2/install/dis_tutorial3/share/dis_tutorial3//worlds/2025/bird_demo3_meshes/yellow.jpg
-- Up-to-date symlink: /home/puhster/Desktop/RINS_task2/install/dis_tutorial3/share/dis_tutorial3//worlds/2025/demo1.sdf
-- Up-to-date symlink: /home/puhster/Desktop/RINS_task2/install/dis_tutorial3/share/dis_tutorial3//worlds/2025/demo1_meshes/cylinders.jpg
-- Up-to-date symlink: /home/puhster/Desktop/RINS_task2/install/dis_tutorial3/share/dis_tutorial3//worlds/2025/demo1_meshes/fakering1.jpg
-- Up-to-date symlink: /home/puhster/Desktop/RINS_task2/install/dis_tutorial3/share/dis_tutorial3//worlds/2025/demo1_meshes/fakering2.jpg
-- Up-to-date symlink: /home/puhster/Desktop/RINS_task2/install/dis_tutorial3/share/dis_tutorial3//worlds/2025/demo1_meshes/fakering3.jpg
-- Up-to-date symlink: /home/puhster/Desktop/RINS_task2/install/dis_tutorial3/share/dis_tutorial3//worlds/2025/demo1_meshes/ground.jpg
-- Up-to-date symlink: /home/puhster/Desktop/RINS_task2/install/dis_tutorial3/share/dis_tutorial3//worlds/2025/demo1_meshes/map.dae
-- Up-to-date symlink: /home/puhster/Desktop/RINS_task2/install/dis_tutorial3/share/dis_tutorial3//worlds/2025/demo1_meshes/map_colliders.dae
-- Up-to-date symlink: /home/puhster/Desktop/RINS_task2/install/dis_tutorial3/share/dis_tutorial3//worlds/2025/demo1_meshes/objects.jpg
-- Up-to-date symlink: /home/puhster/Desktop/RINS_task2/install/dis_tutorial3/share/dis_tutorial3//worlds/2025/demo1_meshes/parking_space.jpg
-- Up-to-date symlink: /home/puhster/Desktop/RINS_task2/install/dis_tutorial3/share/dis_tutorial3//worlds/2025/demo1_meshes/person1.png
-- Up-to-date symlink: /home/puhster/Desktop/RINS_task2/install/dis_tutorial3/share/dis_tutorial3//worlds/2025/demo1_meshes/person11.png
-- Up-to-date symlink: /home/puhster/Desktop/RINS_task2/install/dis_tutorial3/share/dis_tutorial3//worlds/2025/demo1_meshes/person2.png
-- Up-to-date symlink: /home/puhster/Desktop/RINS_task2/install/dis_tutorial3/share/dis_tutorial3//worlds/2025/demo1_meshes/person3.png
-- Up-to-date symlink: /home/puhster/Desktop/RINS_task2/install/dis_tutorial3/share/dis_tutorial3//worlds/2025/demo1_meshes/person4.png
-- Up-to-date symlink: /home/puhster/Desktop/RINS_task2/install/dis_tutorial3/share/dis_tutorial3//worlds/2025/demo1_meshes/person5.png
-- Up-to-date symlink: /home/puhster/Desktop/RINS_task2/install/dis_tutorial3/share/dis_tutorial3//worlds/2025/demo1_meshes/qr1.jpg
-- Up-to-date symlink: /home/puhster/Desktop/RINS_task2/install/dis_tutorial3/share/dis_tutorial3//worlds/2025/demo1_meshes/qr2.jpg
-- Up-to-date symlink: /home/puhster/Desktop/RINS_task2/install/dis_tutorial3/share/dis_tutorial3//worlds/2025/demo2.sdf
-- Up-to-date symlink: /home/puhster/Desktop/RINS_task2/install/dis_tutorial3/share/dis_tutorial3//worlds/2025/demo2_meshes/cylinders.jpg
-- Up-to-date symlink: /home/puhster/Desktop/RINS_task2/install/dis_tutorial3/share/dis_tutorial3//worlds/2025/demo2_meshes/fakering1.jpg
-- Up-to-date symlink: /home/puhster/Desktop/RINS_task2/install/dis_tutorial3/share/dis_tutorial3//worlds/2025/demo2_meshes/fakering2.jpg
-- Up-to-date symlink: /home/puhster/Desktop/RINS_task2/install/dis_tutorial3/share/dis_tutorial3//worlds/2025/demo2_meshes/fakering3.jpg
-- Up-to-date symlink: /home/puhster/Desktop/RINS_task2/install/dis_tutorial3/share/dis_tutorial3//worlds/2025/demo2_meshes/ground.jpg
-- Up-to-date symlink: /home/puhster/Desktop/RINS_task2/install/dis_tutorial3/share/dis_tutorial3//worlds/2025/demo2_meshes/map.dae
-- Up-to-date symlink: /home/puhster/Desktop/RINS_task2/install/dis_tutorial3/share/dis_tutorial3//worlds/2025/demo2_meshes/map_colliders.dae
-- Up-to-date symlink: /home/puhster/Desktop/RINS_task2/install/dis_tutorial3/share/dis_tutorial3//worlds/2025/demo2_meshes/objects.jpg
-- Up-to-date symlink: /home/puhster/Desktop/RINS_task2/install/dis_tutorial3/share/dis_tutorial3//worlds/2025/demo2_meshes/parking_space.jpg
-- Up-to-date symlink: /home/puhster/Desktop/RINS_task2/install/dis_tutorial3/share/dis_tutorial3//worlds/2025/demo2_meshes/person18.png
-- Up-to-date symlink: /home/puhster/Desktop/RINS_task2/install/dis_tutorial3/share/dis_tutorial3//worlds/2025/demo2_meshes/person20.png
-- Up-to-date symlink: /home/puhster/Desktop/RINS_task2/install/dis_tutorial3/share/dis_tutorial3//worlds/2025/demo2_meshes/person6.png
-- Up-to-date symlink: /home/puhster/Desktop/RINS_task2/install/dis_tutorial3/share/dis_tutorial3//worlds/2025/demo2_meshes/person7.png
-- Up-to-date symlink: /home/puhster/Desktop/RINS_task2/install/dis_tutorial3/share/dis_tutorial3//worlds/2025/demo2_meshes/person8.png
-- Up-to-date symlink: /home/puhster/Desktop/RINS_task2/install/dis_tutorial3/share/dis_tutorial3//worlds/2025/demo2_meshes/person9.png
-- Up-to-date symlink: /home/puhster/Desktop/RINS_task2/install/dis_tutorial3/share/dis_tutorial3//worlds/2025/demo2_meshes/qr1.jpg
-- Up-to-date symlink: /home/puhster/Desktop/RINS_task2/install/dis_tutorial3/share/dis_tutorial3//worlds/2025/demo2_meshes/qr2.jpg
-- Up-to-date symlink: /home/puhster/Desktop/RINS_task2/install/dis_tutorial3/share/dis_tutorial3//worlds/2025/demo3.sdf
-- Up-to-date symlink: /home/puhster/Desktop/RINS_task2/install/dis_tutorial3/share/dis_tutorial3//worlds/2025/demo3_meshes/black.jpg
-- Up-to-date symlink: /home/puhster/Desktop/RINS_task2/install/dis_tutorial3/share/dis_tutorial3//worlds/2025/demo3_meshes/blue.jpg
-- Up-to-date symlink: /home/puhster/Desktop/RINS_task2/install/dis_tutorial3/share/dis_tutorial3//worlds/2025/demo3_meshes/fakering1.jpg
-- Up-to-date symlink: /home/puhster/Desktop/RINS_task2/install/dis_tutorial3/share/dis_tutorial3//worlds/2025/demo3_meshes/fakering2.jpg
-- Up-to-date symlink: /home/puhster/Desktop/RINS_task2/install/dis_tutorial3/share/dis_tutorial3//worlds/2025/demo3_meshes/fakering3.jpg
-- Up-to-date symlink: /home/puhster/Desktop/RINS_task2/install/dis_tutorial3/share/dis_tutorial3//worlds/2025/demo3_meshes/green.jpg
-- Up-to-date symlink: /home/puhster/Desktop/RINS_task2/install/dis_tutorial3/share/dis_tutorial3//worlds/2025/demo3_meshes/ground.jpg
-- Up-to-date symlink: /home/puhster/Desktop/RINS_task2/install/dis_tutorial3/share/dis_tutorial3//worlds/2025/demo3_meshes/map.dae
-- Up-to-date symlink: /home/puhster/Desktop/RINS_task2/install/dis_tutorial3/share/dis_tutorial3//worlds/2025/demo3_meshes/map_colliders.dae
-- Up-to-date symlink: /home/puhster/Desktop/RINS_task2/install/dis_tutorial3/share/dis_tutorial3//worlds/2025/demo3_meshes/objects.jpg
-- Up-to-date symlink: /home/puhster/Desktop/RINS_task2/install/dis_tutorial3/share/dis_tutorial3//worlds/2025/demo3_meshes/parking_space.jpg
-- Up-to-date symlink: /home/puhster/Desktop/RINS_task2/install/dis_tutorial3/share/dis_tutorial3//worlds/2025/demo3_meshes/person15.png
-- Up-to-date symlink: /home/puhster/Desktop/RINS_task2/install/dis_tutorial3/share/dis_tutorial3//worlds/2025/demo3_meshes/person17.png
-- Up-to-date symlink: /home/puhster/Desktop/RINS_task2/install/dis_tutorial3/share/dis_tutorial3//worlds/2025/demo3_meshes/person21.png
-- Up-to-date symlink: /home/puhster/Desktop/RINS_task2/install/dis_tutorial3/share/dis_tutorial3//worlds/2025/demo3_meshes/person22.png
-- Up-to-date symlink: /home/puhster/Desktop/RINS_task2/install/dis_tutorial3/share/dis_tutorial3//worlds/2025/demo3_meshes/person24.png
-- Up-to-date symlink: /home/puhster/Desktop/RINS_task2/install/dis_tutorial3/share/dis_tutorial3//worlds/2025/demo3_meshes/qr1.jpg
-- Up-to-date symlink: /home/puhster/Desktop/RINS_task2/install/dis_tutorial3/share/dis_tutorial3//worlds/2025/demo3_meshes/qr2.jpg
-- Up-to-date symlink: /home/puhster/Desktop/RINS_task2/install/dis_tutorial3/share/dis_tutorial3//worlds/2025/demo3_meshes/red.jpg
-- Up-to-date symlink: /home/puhster/Desktop/RINS_task2/install/dis_tutorial3/share/dis_tutorial3//worlds/2025/demo3_meshes/yellow.jpg
-- Up-to-date symlink: /home/puhster/Desktop/RINS_task2/install/dis_tutorial3/share/dis_tutorial3//worlds/2025/demo4.sdf
-- Up-to-date symlink: /home/puhster/Desktop/RINS_task2/install/dis_tutorial3/share/dis_tutorial3//worlds/2025/demo4_meshes/black.jpg
-- Up-to-date symlink: /home/puhster/Desktop/RINS_task2/install/dis_tutorial3/share/dis_tutorial3//worlds/2025/demo4_meshes/blue.jpg
-- Up-to-date symlink: /home/puhster/Desktop/RINS_task2/install/dis_tutorial3/share/dis_tutorial3//worlds/2025/demo4_meshes/fakering1.jpg
-- Up-to-date symlink: /home/puhster/Desktop/RINS_task2/install/dis_tutorial3/share/dis_tutorial3//worlds/2025/demo4_meshes/fakering2.jpg
-- Up-to-date symlink: /home/puhster/Desktop/RINS_task2/install/dis_tutorial3/share/dis_tutorial3//worlds/2025/demo4_meshes/fakering3.jpg
-- Up-to-date symlink: /home/puhster/Desktop/RINS_task2/install/dis_tutorial3/share/dis_tutorial3//worlds/2025/demo4_meshes/green.jpg
-- Up-to-date symlink: /home/puhster/Desktop/RINS_task2/install/dis_tutorial3/share/dis_tutorial3//worlds/2025/demo4_meshes/ground.jpg
-- Up-to-date symlink: /home/puhster/Desktop/RINS_task2/install/dis_tutorial3/share/dis_tutorial3//worlds/2025/demo4_meshes/map.dae
-- Up-to-date symlink: /home/puhster/Desktop/RINS_task2/install/dis_tutorial3/share/dis_tutorial3//worlds/2025/demo4_meshes/map_colliders.dae
-- Up-to-date symlink: /home/puhster/Desktop/RINS_task2/install/dis_tutorial3/share/dis_tutorial3//worlds/2025/demo4_meshes/objects.jpg
-- Up-to-date symlink: /home/puhster/Desktop/RINS_task2/install/dis_tutorial3/share/dis_tutorial3//worlds/2025/demo4_meshes/parking_space.jpg
-- Up-to-date symlink: /home/puhster/Desktop/RINS_task2/install/dis_tutorial3/share/dis_tutorial3//worlds/2025/demo4_meshes/person13.png
-- Up-to-date symlink: /home/puhster/Desktop/RINS_task2/install/dis_tutorial3/share/dis_tutorial3//worlds/2025/demo4_meshes/person2.png.001.png
-- Up-to-date symlink: /home/puhster/Desktop/RINS_task2/install/dis_tutorial3/share/dis_tutorial3//worlds/2025/demo4_meshes/person3.png.001.png
-- Up-to-date symlink: /home/puhster/Desktop/RINS_task2/install/dis_tutorial3/share/dis_tutorial3//worlds/2025/demo4_meshes/person4.png.001.png
-- Up-to-date symlink: /home/puhster/Desktop/RINS_task2/install/dis_tutorial3/share/dis_tutorial3//worlds/2025/demo4_meshes/person5.png.001.png
-- Up-to-date symlink: /home/puhster/Desktop/RINS_task2/install/dis_tutorial3/share/dis_tutorial3//worlds/2025/demo4_meshes/person6.png
-- Up-to-date symlink: /home/puhster/Desktop/RINS_task2/install/dis_tutorial3/share/dis_tutorial3//worlds/2025/demo4_meshes/qr1.jpg
-- Up-to-date symlink: /home/puhster/Desktop/RINS_task2/install/dis_tutorial3/share/dis_tutorial3//worlds/2025/demo4_meshes/qr2.jpg
-- Up-to-date symlink: /home/puhster/Desktop/RINS_task2/install/dis_tutorial3/share/dis_tutorial3//worlds/2025/demo4_meshes/red.jpg
-- Up-to-date symlink: /home/puhster/Desktop/RINS_task2/install/dis_tutorial3/share/dis_tutorial3//worlds/2025/demo4_meshes/yellow.jpg
-- Up-to-date symlink: /home/puhster/Desktop/RINS_task2/install/dis_tutorial3/share/dis_tutorial3//worlds/2025/dis.sdf
-- Up-to-date symlink: /home/puhster/Desktop/RINS_task2/install/dis_tutorial3/share/dis_tutorial3//worlds/2025/dis_meshes/cylinders.jpg
-- Up-to-date symlink: /home/puhster/Desktop/RINS_task2/install/dis_tutorial3/share/dis_tutorial3//worlds/2025/dis_meshes/davinci.jpg
-- Up-to-date symlink: /home/puhster/Desktop/RINS_task2/install/dis_tutorial3/share/dis_tutorial3//worlds/2025/dis_meshes/fakering1.jpg
-- Up-to-date symlink: /home/puhster/Desktop/RINS_task2/install/dis_tutorial3/share/dis_tutorial3//worlds/2025/dis_meshes/fakering2.jpg
-- Up-to-date symlink: /home/puhster/Desktop/RINS_task2/install/dis_tutorial3/share/dis_tutorial3//worlds/2025/dis_meshes/fakering3.jpg
-- Up-to-date symlink: /home/puhster/Desktop/RINS_task2/install/dis_tutorial3/share/dis_tutorial3//worlds/2025/dis_meshes/ground.jpg
-- Up-to-date symlink: /home/puhster/Desktop/RINS_task2/install/dis_tutorial3/share/dis_tutorial3//worlds/2025/dis_meshes/map.dae
-- Up-to-date symlink: /home/puhster/Desktop/RINS_task2/install/dis_tutorial3/share/dis_tutorial3//worlds/2025/dis_meshes/map_colliders.dae
-- Up-to-date symlink: /home/puhster/Desktop/RINS_task2/install/dis_tutorial3/share/dis_tutorial3//worlds/2025/dis_meshes/mona1.jpg
-- Up-to-date symlink: /home/puhster/Desktop/RINS_task2/install/dis_tutorial3/share/dis_tutorial3//worlds/2025/dis_meshes/objects.jpg
-- Up-to-date symlink: /home/puhster/Desktop/RINS_task2/install/dis_tutorial3/share/dis_tutorial3//worlds/2025/dis_meshes/parking_space.jpg
-- Up-to-date symlink: /home/puhster/Desktop/RINS_task2/install/dis_tutorial3/share/dis_tutorial3//worlds/2025/dis_meshes/person1.jpg
-- Up-to-date symlink: /home/puhster/Desktop/RINS_task2/install/dis_tutorial3/share/dis_tutorial3//worlds/2025/dis_meshes/person2.jpg
-- Up-to-date symlink: /home/puhster/Desktop/RINS_task2/install/dis_tutorial3/share/dis_tutorial3//worlds/2025/dis_meshes/person3.jpg
-- Up-to-date symlink: /home/puhster/Desktop/RINS_task2/install/dis_tutorial3/share/dis_tutorial3//worlds/2025/dis_meshes/person4.jpg
-- Up-to-date symlink: /home/puhster/Desktop/RINS_task2/install/dis_tutorial3/share/dis_tutorial3//worlds/2025/dis_meshes/person5.jpg
-- Up-to-date symlink: /home/puhster/Desktop/RINS_task2/install/dis_tutorial3/share/dis_tutorial3//worlds/2025/dis_meshes/qr1.jpg
-- Up-to-date symlink: /home/puhster/Desktop/RINS_task2/install/dis_tutorial3/share/dis_tutorial3//worlds/2025/dis_meshes/qr2.jpg
-- Up-to-date symlink: /home/puhster/Desktop/RINS_task2/install/dis_tutorial3/share/dis_tutorial3//worlds/2025/dis_meshes/wood.jpg
-- Up-to-date symlink: /home/puhster/Desktop/RINS_task2/install/dis_tutorial3/share/dis_tutorial3//worlds/2025/empty.sdf
-- Up-to-date symlink: /home/puhster/Desktop/RINS_task2/install/dis_tutorial3/share/dis_tutorial3//worlds/2025/task1.sdf
-- Up-to-date symlink: /home/puhster/Desktop/RINS_task2/install/dis_tutorial3/share/dis_tutorial3//worlds/2025/task1_meshes/black.jpg
-- Up-to-date symlink: /home/puhster/Desktop/RINS_task2/install/dis_tutorial3/share/dis_tutorial3//worlds/2025/task1_meshes/blue.jpg
-- Up-to-date symlink: /home/puhster/Desktop/RINS_task2/install/dis_tutorial3/share/dis_tutorial3//worlds/2025/task1_meshes/fakering1.jpg
-- Up-to-date symlink: /home/puhster/Desktop/RINS_task2/install/dis_tutorial3/share/dis_tutorial3//worlds/2025/task1_meshes/fakering2.jpg
-- Up-to-date symlink: /home/puhster/Desktop/RINS_task2/install/dis_tutorial3/share/dis_tutorial3//worlds/2025/task1_meshes/fakering3.jpg
-- Up-to-date symlink: /home/puhster/Desktop/RINS_task2/install/dis_tutorial3/share/dis_tutorial3//worlds/2025/task1_meshes/green.jpg
-- Up-to-date symlink: /home/puhster/Desktop/RINS_task2/install/dis_tutorial3/share/dis_tutorial3//worlds/2025/task1_meshes/ground.jpg
-- Up-to-date symlink: /home/puhster/Desktop/RINS_task2/install/dis_tutorial3/share/dis_tutorial3//worlds/2025/task1_meshes/map.dae
-- Up-to-date symlink: /home/puhster/Desktop/RINS_task2/install/dis_tutorial3/share/dis_tutorial3//worlds/2025/task1_meshes/map_colliders.dae
-- Up-to-date symlink: /home/puhster/Desktop/RINS_task2/install/dis_tutorial3/share/dis_tutorial3//worlds/2025/task1_meshes/objects.jpg
-- Up-to-date symlink: /home/puhster/Desktop/RINS_task2/install/dis_tutorial3/share/dis_tutorial3//worlds/2025/task1_meshes/parking_space.jpg
-- Up-to-date symlink: /home/puhster/Desktop/RINS_task2/install/dis_tutorial3/share/dis_tutorial3//worlds/2025/task1_meshes/person13.png
-- Up-to-date symlink: /home/puhster/Desktop/RINS_task2/install/dis_tutorial3/share/dis_tutorial3//worlds/2025/task1_meshes/person2.png.001.png
-- Up-to-date symlink: /home/puhster/Desktop/RINS_task2/install/dis_tutorial3/share/dis_tutorial3//worlds/2025/task1_meshes/person3.png.001.png
-- Up-to-date symlink: /home/puhster/Desktop/RINS_task2/install/dis_tutorial3/share/dis_tutorial3//worlds/2025/task1_meshes/person5.png.001.png
-- Up-to-date symlink: /home/puhster/Desktop/RINS_task2/install/dis_tutorial3/share/dis_tutorial3//worlds/2025/task1_meshes/person6.png
-- Up-to-date symlink: /home/puhster/Desktop/RINS_task2/install/dis_tutorial3/share/dis_tutorial3//worlds/2025/task1_meshes/person8.png
-- Up-to-date symlink: /home/puhster/Desktop/RINS_task2/install/dis_tutorial3/share/dis_tutorial3//worlds/2025/task1_meshes/qr1.jpg
-- Up-to-date symlink: /home/puhster/Desktop/RINS_task2/install/dis_tutorial3/share/dis_tutorial3//worlds/2025/task1_meshes/qr2.jpg
-- Up-to-date symlink: /home/puhster/Desktop/RINS_task2/install/dis_tutorial3/share/dis_tutorial3//worlds/2025/task1_meshes/red.jpg
-- Up-to-date symlink: /home/puhster/Desktop/RINS_task2/install/dis_tutorial3/share/dis_tutorial3//worlds/2025/task1_meshes/yellow.jpg
-- Up-to-date symlink: /home/puhster/Desktop/RINS_task2/install/dis_tutorial3/share/dis_tutorial3//worlds/2025/task2.sdf
-- Up-to-date symlink: /home/puhster/Desktop/RINS_task2/install/dis_tutorial3/share/dis_tutorial3//worlds/2025/task2_meshes/american_crow.jpg
-- Up-to-date symlink: /home/puhster/Desktop/RINS_task2/install/dis_tutorial3/share/dis_tutorial3//worlds/2025/task2_meshes/black.jpg
-- Up-to-date symlink: /home/puhster/Desktop/RINS_task2/install/dis_tutorial3/share/dis_tutorial3//worlds/2025/task2_meshes/blue.jpg
-- Up-to-date symlink: /home/puhster/Desktop/RINS_task2/install/dis_tutorial3/share/dis_tutorial3//worlds/2025/task2_meshes/common_tern.jpg
-- Up-to-date symlink: /home/puhster/Desktop/RINS_task2/install/dis_tutorial3/share/dis_tutorial3//worlds/2025/task2_meshes/dirt2.jpg
-- Up-to-date symlink: /home/puhster/Desktop/RINS_task2/install/dis_tutorial3/share/dis_tutorial3//worlds/2025/task2_meshes/fakering1.jpg
-- Up-to-date symlink: /home/puhster/Desktop/RINS_task2/install/dis_tutorial3/share/dis_tutorial3//worlds/2025/task2_meshes/fakering3.jpg
-- Up-to-date symlink: /home/puhster/Desktop/RINS_task2/install/dis_tutorial3/share/dis_tutorial3//worlds/2025/task2_meshes/grass.jpg
-- Up-to-date symlink: /home/puhster/Desktop/RINS_task2/install/dis_tutorial3/share/dis_tutorial3//worlds/2025/task2_meshes/green.jpg
-- Up-to-date symlink: /home/puhster/Desktop/RINS_task2/install/dis_tutorial3/share/dis_tutorial3//worlds/2025/task2_meshes/ground.jpg
-- Up-to-date symlink: /home/puhster/Desktop/RINS_task2/install/dis_tutorial3/share/dis_tutorial3//worlds/2025/task2_meshes/map.dae
-- Up-to-date symlink: /home/puhster/Desktop/RINS_task2/install/dis_tutorial3/share/dis_tutorial3//worlds/2025/task2_meshes/map_colliders.dae
-- Up-to-date symlink: /home/puhster/Desktop/RINS_task2/install/dis_tutorial3/share/dis_tutorial3//worlds/2025/task2_meshes/objects.jpg
-- Up-to-date symlink: /home/puhster/Desktop/RINS_task2/install/dis_tutorial3/share/dis_tutorial3//worlds/2025/task2_meshes/person29.jpg
-- Up-to-date symlink: /home/puhster/Desktop/RINS_task2/install/dis_tutorial3/share/dis_tutorial3//worlds/2025/task2_meshes/person30.jpg
-- Up-to-date symlink: /home/puhster/Desktop/RINS_task2/install/dis_tutorial3/share/dis_tutorial3//worlds/2025/task2_meshes/person31.jpg
-- Up-to-date symlink: /home/puhster/Desktop/RINS_task2/install/dis_tutorial3/share/dis_tutorial3//worlds/2025/task2_meshes/person36.jpg
-- Up-to-date symlink: /home/puhster/Desktop/RINS_task2/install/dis_tutorial3/share/dis_tutorial3//worlds/2025/task2_meshes/pied_kingfisher.jpg
-- Up-to-date symlink: /home/puhster/Desktop/RINS_task2/install/dis_tutorial3/share/dis_tutorial3//worlds/2025/task2_meshes/qr_blackbird.jpg
-- Up-to-date symlink: /home/puhster/Desktop/RINS_task2/install/dis_tutorial3/share/dis_tutorial3//worlds/2025/task2_meshes/qr_crow.jpg
-- Up-to-date symlink: /home/puhster/Desktop/RINS_task2/install/dis_tutorial3/share/dis_tutorial3//worlds/2025/task2_meshes/qr_kingfisher.jpg
-- Up-to-date symlink: /home/puhster/Desktop/RINS_task2/install/dis_tutorial3/share/dis_tutorial3//worlds/2025/task2_meshes/qr_tern.jpg
-- Up-to-date symlink: /home/puhster/Desktop/RINS_task2/install/dis_tutorial3/share/dis_tutorial3//worlds/2025/task2_meshes/red.jpg
-- Up-to-date symlink: /home/puhster/Desktop/RINS_task2/install/dis_tutorial3/share/dis_tutorial3//worlds/2025/task2_meshes/water.jpg
-- Up-to-date symlink: /home/puhster/Desktop/RINS_task2/install/dis_tutorial3/share/dis_tutorial3//worlds/2025/task2_meshes/wood.jpg
-- Up-to-date symlink: /home/puhster/Desktop/RINS_task2/install/dis_tutorial3/share/dis_tutorial3//worlds/2025/task2_meshes/yellow.jpg
-- Up-to-date symlink: /home/puhster/Desktop/RINS_task2/install/dis_tutorial3/share/dis_tutorial3//worlds/2025/task2_meshes/yellow_headed_blackbird.jpg
-- Up-to-date symlink: /home/puhster/Desktop/RINS_task2/install/dis_tutorial3/share/dis_tutorial3//worlds/bird_demo1.sdf
-- Up-to-date symlink: /home/puhster/Desktop/RINS_task2/install/dis_tutorial3/share/dis_tutorial3//worlds/bird_demo1_meshes/black.jpg
-- Up-to-date symlink: /home/puhster/Desktop/RINS_task2/install/dis_tutorial3/share/dis_tutorial3//worlds/bird_demo1_meshes/blue.jpg
-- Up-to-date symlink: /home/puhster/Desktop/RINS_task2/install/dis_tutorial3/share/dis_tutorial3//worlds/bird_demo1_meshes/dirt2.jpg
-- Up-to-date symlink: /home/puhster/Desktop/RINS_task2/install/dis_tutorial3/share/dis_tutorial3//worlds/bird_demo1_meshes/fakering1.jpg
-- Up-to-date symlink: /home/puhster/Desktop/RINS_task2/install/dis_tutorial3/share/dis_tutorial3//worlds/bird_demo1_meshes/fakering2.jpg
-- Up-to-date symlink: /home/puhster/Desktop/RINS_task2/install/dis_tutorial3/share/dis_tutorial3//worlds/bird_demo1_meshes/fakering3.jpg
-- Up-to-date symlink: /home/puhster/Desktop/RINS_task2/install/dis_tutorial3/share/dis_tutorial3//worlds/bird_demo1_meshes/frigatebird.jpg
-- Up-to-date symlink: /home/puhster/Desktop/RINS_task2/install/dis_tutorial3/share/dis_tutorial3//worlds/bird_demo1_meshes/grass.jpg
-- Up-to-date symlink: /home/puhster/Desktop/RINS_task2/install/dis_tutorial3/share/dis_tutorial3//worlds/bird_demo1_meshes/grass_side.jpg
-- Up-to-date symlink: /home/puhster/Desktop/RINS_task2/install/dis_tutorial3/share/dis_tutorial3//worlds/bird_demo1_meshes/green.jpg
-- Up-to-date symlink: /home/puhster/Desktop/RINS_task2/install/dis_tutorial3/share/dis_tutorial3//worlds/bird_demo1_meshes/green_kingfisher.jpg
-- Up-to-date symlink: /home/puhster/Desktop/RINS_task2/install/dis_tutorial3/share/dis_tutorial3//worlds/bird_demo1_meshes/ground.jpg
-- Up-to-date symlink: /home/puhster/Desktop/RINS_task2/install/dis_tutorial3/share/dis_tutorial3//worlds/bird_demo1_meshes/map.dae
-- Up-to-date symlink: /home/puhster/Desktop/RINS_task2/install/dis_tutorial3/share/dis_tutorial3//worlds/bird_demo1_meshes/map_colliders.dae
-- Up-to-date symlink: /home/puhster/Desktop/RINS_task2/install/dis_tutorial3/share/dis_tutorial3//worlds/bird_demo1_meshes/objects.jpg
-- Up-to-date symlink: /home/puhster/Desktop/RINS_task2/install/dis_tutorial3/share/dis_tutorial3//worlds/bird_demo1_meshes/person1.png
-- Up-to-date symlink: /home/puhster/Desktop/RINS_task2/install/dis_tutorial3/share/dis_tutorial3//worlds/bird_demo1_meshes/person13.png
-- Up-to-date symlink: /home/puhster/Desktop/RINS_task2/install/dis_tutorial3/share/dis_tutorial3//worlds/bird_demo1_meshes/person14.png
-- Up-to-date symlink: /home/puhster/Desktop/RINS_task2/install/dis_tutorial3/share/dis_tutorial3//worlds/bird_demo1_meshes/person2.png.001.png
-- Up-to-date symlink: /home/puhster/Desktop/RINS_task2/install/dis_tutorial3/share/dis_tutorial3//worlds/bird_demo1_meshes/person5.png.001.png
-- Up-to-date symlink: /home/puhster/Desktop/RINS_task2/install/dis_tutorial3/share/dis_tutorial3//worlds/bird_demo1_meshes/person7.png
-- Up-to-date symlink: /home/puhster/Desktop/RINS_task2/install/dis_tutorial3/share/dis_tutorial3//worlds/bird_demo1_meshes/qr1.jpg
-- Up-to-date symlink: /home/puhster/Desktop/RINS_task2/install/dis_tutorial3/share/dis_tutorial3//worlds/bird_demo1_meshes/qr2.jpg
-- Up-to-date symlink: /home/puhster/Desktop/RINS_task2/install/dis_tutorial3/share/dis_tutorial3//worlds/bird_demo1_meshes/qr3.jpg
-- Up-to-date symlink: /home/puhster/Desktop/RINS_task2/install/dis_tutorial3/share/dis_tutorial3//worlds/bird_demo1_meshes/qr4.jpg
-- Up-to-date symlink: /home/puhster/Desktop/RINS_task2/install/dis_tutorial3/share/dis_tutorial3//worlds/bird_demo1_meshes/red.jpg
-- Up-to-date symlink: /home/puhster/Desktop/RINS_task2/install/dis_tutorial3/share/dis_tutorial3//worlds/bird_demo1_meshes/rosy_finch.jpg
-- Up-to-date symlink: /home/puhster/Desktop/RINS_task2/install/dis_tutorial3/share/dis_tutorial3//worlds/bird_demo1_meshes/rusty_blackbird.jpg
-- Up-to-date symlink: /home/puhster/Desktop/RINS_task2/install/dis_tutorial3/share/dis_tutorial3//worlds/bird_demo1_meshes/water.jpg
-- Up-to-date symlink: /home/puhster/Desktop/RINS_task2/install/dis_tutorial3/share/dis_tutorial3//worlds/bird_demo1_meshes/wood.jpg
-- Up-to-date symlink: /home/puhster/Desktop/RINS_task2/install/dis_tutorial3/share/dis_tutorial3//worlds/bird_demo1_meshes/yellow.jpg
-- Up-to-date symlink: /home/puhster/Desktop/RINS_task2/install/dis_tutorial3/share/dis_tutorial3//worlds/task1.sdf
-- Up-to-date symlink: /home/puhster/Desktop/RINS_task2/install/dis_tutorial3/share/dis_tutorial3//worlds/task1_blue_demo.sdf
-- Up-to-date symlink: /home/puhster/Desktop/RINS_task2/install/dis_tutorial3/share/dis_tutorial3//worlds/task1_blue_demo_meshes/black.jpg
-- Up-to-date symlink: /home/puhster/Desktop/RINS_task2/install/dis_tutorial3/share/dis_tutorial3//worlds/task1_blue_demo_meshes/blue.jpg
-- Up-to-date symlink: /home/puhster/Desktop/RINS_task2/install/dis_tutorial3/share/dis_tutorial3//worlds/task1_blue_demo_meshes/collider.obj
-- Up-to-date symlink: /home/puhster/Desktop/RINS_task2/install/dis_tutorial3/share/dis_tutorial3//worlds/task1_blue_demo_meshes/fakering1.jpg
-- Up-to-date symlink: /home/puhster/Desktop/RINS_task2/install/dis_tutorial3/share/dis_tutorial3//worlds/task1_blue_demo_meshes/fakering2.jpg
-- Up-to-date symlink: /home/puhster/Desktop/RINS_task2/install/dis_tutorial3/share/dis_tutorial3//worlds/task1_blue_demo_meshes/fakering3.jpg
-- Up-to-date symlink: /home/puhster/Desktop/RINS_task2/install/dis_tutorial3/share/dis_tutorial3//worlds/task1_blue_demo_meshes/green.jpg
-- Up-to-date symlink: /home/puhster/Desktop/RINS_task2/install/dis_tutorial3/share/dis_tutorial3//worlds/task1_blue_demo_meshes/ground.jpg
-- Up-to-date symlink: /home/puhster/Desktop/RINS_task2/install/dis_tutorial3/share/dis_tutorial3//worlds/task1_blue_demo_meshes/map.mtl
-- Up-to-date symlink: /home/puhster/Desktop/RINS_task2/install/dis_tutorial3/share/dis_tutorial3//worlds/task1_blue_demo_meshes/map.obj
-- Up-to-date symlink: /home/puhster/Desktop/RINS_task2/install/dis_tutorial3/share/dis_tutorial3//worlds/task1_blue_demo_meshes/objects.jpg
-- Up-to-date symlink: /home/puhster/Desktop/RINS_task2/install/dis_tutorial3/share/dis_tutorial3//worlds/task1_blue_demo_meshes/person1.png
-- Up-to-date symlink: /home/puhster/Desktop/RINS_task2/install/dis_tutorial3/share/dis_tutorial3//worlds/task1_blue_demo_meshes/person18.png
-- Up-to-date symlink: /home/puhster/Desktop/RINS_task2/install/dis_tutorial3/share/dis_tutorial3//worlds/task1_blue_demo_meshes/person5.png
-- Up-to-date symlink: /home/puhster/Desktop/RINS_task2/install/dis_tutorial3/share/dis_tutorial3//worlds/task1_blue_demo_meshes/red.jpg
-- Up-to-date symlink: /home/puhster/Desktop/RINS_task2/install/dis_tutorial3/share/dis_tutorial3//worlds/task1_blue_demo_meshes/yellow.jpg
-- Up-to-date symlink: /home/puhster/Desktop/RINS_task2/install/dis_tutorial3/share/dis_tutorial3//worlds/task1_green_demo.sdf
-- Up-to-date symlink: /home/puhster/Desktop/RINS_task2/install/dis_tutorial3/share/dis_tutorial3//worlds/task1_green_demo_meshes/black.jpg
-- Up-to-date symlink: /home/puhster/Desktop/RINS_task2/install/dis_tutorial3/share/dis_tutorial3//worlds/task1_green_demo_meshes/blue.jpg
-- Up-to-date symlink: /home/puhster/Desktop/RINS_task2/install/dis_tutorial3/share/dis_tutorial3//worlds/task1_green_demo_meshes/collider.mtl
-- Up-to-date symlink: /home/puhster/Desktop/RINS_task2/install/dis_tutorial3/share/dis_tutorial3//worlds/task1_green_demo_meshes/collider.obj
-- Up-to-date symlink: /home/puhster/Desktop/RINS_task2/install/dis_tutorial3/share/dis_tutorial3//worlds/task1_green_demo_meshes/fakering1.jpg
-- Up-to-date symlink: /home/puhster/Desktop/RINS_task2/install/dis_tutorial3/share/dis_tutorial3//worlds/task1_green_demo_meshes/fakering2.jpg
-- Up-to-date symlink: /home/puhster/Desktop/RINS_task2/install/dis_tutorial3/share/dis_tutorial3//worlds/task1_green_demo_meshes/fakering3.jpg
-- Up-to-date symlink: /home/puhster/Desktop/RINS_task2/install/dis_tutorial3/share/dis_tutorial3//worlds/task1_green_demo_meshes/green.jpg
-- Up-to-date symlink: /home/puhster/Desktop/RINS_task2/install/dis_tutorial3/share/dis_tutorial3//worlds/task1_green_demo_meshes/ground.jpg
-- Up-to-date symlink: /home/puhster/Desktop/RINS_task2/install/dis_tutorial3/share/dis_tutorial3//worlds/task1_green_demo_meshes/map.mtl
-- Up-to-date symlink: /home/puhster/Desktop/RINS_task2/install/dis_tutorial3/share/dis_tutorial3//worlds/task1_green_demo_meshes/map.obj
-- Up-to-date symlink: /home/puhster/Desktop/RINS_task2/install/dis_tutorial3/share/dis_tutorial3//worlds/task1_green_demo_meshes/objects.jpg
-- Up-to-date symlink: /home/puhster/Desktop/RINS_task2/install/dis_tutorial3/share/dis_tutorial3//worlds/task1_green_demo_meshes/person17.png
-- Up-to-date symlink: /home/puhster/Desktop/RINS_task2/install/dis_tutorial3/share/dis_tutorial3//worlds/task1_green_demo_meshes/person25.jpg
-- Up-to-date symlink: /home/puhster/Desktop/RINS_task2/install/dis_tutorial3/share/dis_tutorial3//worlds/task1_green_demo_meshes/person37.jpg
-- Up-to-date symlink: /home/puhster/Desktop/RINS_task2/install/dis_tutorial3/share/dis_tutorial3//worlds/task1_green_demo_meshes/red.jpg
-- Up-to-date symlink: /home/puhster/Desktop/RINS_task2/install/dis_tutorial3/share/dis_tutorial3//worlds/task1_green_demo_meshes/yellow.jpg
-- Up-to-date symlink: /home/puhster/Desktop/RINS_task2/install/dis_tutorial3/share/dis_tutorial3//worlds/task1_meshes/black.jpg
-- Up-to-date symlink: /home/puhster/Desktop/RINS_task2/install/dis_tutorial3/share/dis_tutorial3//worlds/task1_meshes/blue.jpg
-- Up-to-date symlink: /home/puhster/Desktop/RINS_task2/install/dis_tutorial3/share/dis_tutorial3//worlds/task1_meshes/collider.obj
-- Up-to-date symlink: /home/puhster/Desktop/RINS_task2/install/dis_tutorial3/share/dis_tutorial3//worlds/task1_meshes/fakering1.jpg
-- Up-to-date symlink: /home/puhster/Desktop/RINS_task2/install/dis_tutorial3/share/dis_tutorial3//worlds/task1_meshes/fakering2.jpg
-- Up-to-date symlink: /home/puhster/Desktop/RINS_task2/install/dis_tutorial3/share/dis_tutorial3//worlds/task1_meshes/fakering3.jpg
-- Up-to-date symlink: /home/puhster/Desktop/RINS_task2/install/dis_tutorial3/share/dis_tutorial3//worlds/task1_meshes/green.jpg
-- Up-to-date symlink: /home/puhster/Desktop/RINS_task2/install/dis_tutorial3/share/dis_tutorial3//worlds/task1_meshes/ground.jpg
-- Up-to-date symlink: /home/puhster/Desktop/RINS_task2/install/dis_tutorial3/share/dis_tutorial3//worlds/task1_meshes/map.mtl
-- Up-to-date symlink: /home/puhster/Desktop/RINS_task2/install/dis_tutorial3/share/dis_tutorial3//worlds/task1_meshes/map.obj
-- Up-to-date symlink: /home/puhster/Desktop/RINS_task2/install/dis_tutorial3/share/dis_tutorial3//worlds/task1_meshes/objects.jpg
-- Up-to-date symlink: /home/puhster/Desktop/RINS_task2/install/dis_tutorial3/share/dis_tutorial3//worlds/task1_meshes/person21.png
-- Up-to-date symlink: /home/puhster/Desktop/RINS_task2/install/dis_tutorial3/share/dis_tutorial3//worlds/task1_meshes/person28.jpg
-- Up-to-date symlink: /home/puhster/Desktop/RINS_task2/install/dis_tutorial3/share/dis_tutorial3//worlds/task1_meshes/person29.jpg
-- Up-to-date symlink: /home/puhster/Desktop/RINS_task2/install/dis_tutorial3/share/dis_tutorial3//worlds/task1_meshes/red.jpg
-- Up-to-date symlink: /home/puhster/Desktop/RINS_task2/install/dis_tutorial3/share/dis_tutorial3//worlds/task1_meshes/yellow.jpg
-- Up-to-date symlink: /home/puhster/Desktop/RINS_task2/install/dis_tutorial3/share/dis_tutorial3//worlds/task1_yellow_demo.sdf
-- Up-to-date symlink: /home/puhster/Desktop/RINS_task2/install/dis_tutorial3/share/dis_tutorial3//worlds/task1_yellow_demo_meshes/black.jpg
-- Up-to-date symlink: /home/puhster/Desktop/RINS_task2/install/dis_tutorial3/share/dis_tutorial3//worlds/task1_yellow_demo_meshes/blue.jpg
-- Up-to-date symlink: /home/puhster/Desktop/RINS_task2/install/dis_tutorial3/share/dis_tutorial3//worlds/task1_yellow_demo_meshes/collider.obj
-- Up-to-date symlink: /home/puhster/Desktop/RINS_task2/install/dis_tutorial3/share/dis_tutorial3//worlds/task1_yellow_demo_meshes/fakering1.jpg
-- Up-to-date symlink: /home/puhster/Desktop/RINS_task2/install/dis_tutorial3/share/dis_tutorial3//worlds/task1_yellow_demo_meshes/fakering2.jpg
-- Up-to-date symlink: /home/puhster/Desktop/RINS_task2/install/dis_tutorial3/share/dis_tutorial3//worlds/task1_yellow_demo_meshes/fakering3.jpg
-- Up-to-date symlink: /home/puhster/Desktop/RINS_task2/install/dis_tutorial3/share/dis_tutorial3//worlds/task1_yellow_demo_meshes/green.jpg
-- Up-to-date symlink: /home/puhster/Desktop/RINS_task2/install/dis_tutorial3/share/dis_tutorial3//worlds/task1_yellow_demo_meshes/ground.jpg
-- Up-to-date symlink: /home/puhster/Desktop/RINS_task2/install/dis_tutorial3/share/dis_tutorial3//worlds/task1_yellow_demo_meshes/map.mtl
-- Up-to-date symlink: /home/puhster/Desktop/RINS_task2/install/dis_tutorial3/share/dis_tutorial3//worlds/task1_yellow_demo_meshes/map.obj
-- Up-to-date symlink: /home/puhster/Desktop/RINS_task2/install/dis_tutorial3/share/dis_tutorial3//worlds/task1_yellow_demo_meshes/objects.jpg
-- Up-to-date symlink: /home/puhster/Desktop/RINS_task2/install/dis_tutorial3/share/dis_tutorial3//worlds/task1_yellow_demo_meshes/person11.png
-- Up-to-date symlink: /home/puhster/Desktop/RINS_task2/install/dis_tutorial3/share/dis_tutorial3//worlds/task1_yellow_demo_meshes/person12.png
-- Up-to-date symlink: /home/puhster/Desktop/RINS_task2/install/dis_tutorial3/share/dis_tutorial3//worlds/task1_yellow_demo_meshes/person9.png
-- Up-to-date symlink: /home/puhster/Desktop/RINS_task2/install/dis_tutorial3/share/dis_tutorial3//worlds/task1_yellow_demo_meshes/red.jpg
-- Up-to-date symlink: /home/puhster/Desktop/RINS_task2/install/dis_tutorial3/share/dis_tutorial3//worlds/task1_yellow_demo_meshes/yellow.jpg
-- Up-to-date symlink: /home/puhster/Desktop/RINS_task2/install/dis_tutorial3/share/dis_tutorial3//worlds/task2_blue_demo.sdf
-- Up-to-date symlink: /home/puhster/Desktop/RINS_task2/install/dis_tutorial3/share/dis_tutorial3//worlds/task2_blue_demo_meshes/anita_she_her_quality_inspector.png
-- Up-to-date symlink: /home/puhster/Desktop/RINS_task2/install/dis_tutorial3/share/dis_tutorial3//worlds/task2_blue_demo_meshes/asphalt.jpg
-- Up-to-date symlink: /home/puhster/Desktop/RINS_task2/install/dis_tutorial3/share/dis_tutorial3//worlds/task2_blue_demo_meshes/belt.jpg
-- Up-to-date symlink: /home/puhster/Desktop/RINS_task2/install/dis_tutorial3/share/dis_tutorial3//worlds/task2_blue_demo_meshes/black.jpg
-- Up-to-date symlink: /home/puhster/Desktop/RINS_task2/install/dis_tutorial3/share/dis_tutorial3//worlds/task2_blue_demo_meshes/blue.jpg
-- Up-to-date symlink: /home/puhster/Desktop/RINS_task2/install/dis_tutorial3/share/dis_tutorial3//worlds/task2_blue_demo_meshes/buildings_colourmap.png
-- Up-to-date symlink: /home/puhster/Desktop/RINS_task2/install/dis_tutorial3/share/dis_tutorial3//worlds/task2_blue_demo_meshes/collider.mtl
-- Up-to-date symlink: /home/puhster/Desktop/RINS_task2/install/dis_tutorial3/share/dis_tutorial3//worlds/task2_blue_demo_meshes/collider.obj
-- Up-to-date symlink: /home/puhster/Desktop/RINS_task2/install/dis_tutorial3/share/dis_tutorial3//worlds/task2_blue_demo_meshes/colormap.png
-- Up-to-date symlink: /home/puhster/Desktop/RINS_task2/install/dis_tutorial3/share/dis_tutorial3//worlds/task2_blue_demo_meshes/damaged10.png
-- Up-to-date symlink: /home/puhster/Desktop/RINS_task2/install/dis_tutorial3/share/dis_tutorial3//worlds/task2_blue_demo_meshes/damaged11.png
-- Up-to-date symlink: /home/puhster/Desktop/RINS_task2/install/dis_tutorial3/share/dis_tutorial3//worlds/task2_blue_demo_meshes/damaged12.png
-- Up-to-date symlink: /home/puhster/Desktop/RINS_task2/install/dis_tutorial3/share/dis_tutorial3//worlds/task2_blue_demo_meshes/damaged13.png
-- Up-to-date symlink: /home/puhster/Desktop/RINS_task2/install/dis_tutorial3/share/dis_tutorial3//worlds/task2_blue_demo_meshes/damaged14.png
-- Up-to-date symlink: /home/puhster/Desktop/RINS_task2/install/dis_tutorial3/share/dis_tutorial3//worlds/task2_blue_demo_meshes/damaged15.png
-- Up-to-date symlink: /home/puhster/Desktop/RINS_task2/install/dis_tutorial3/share/dis_tutorial3//worlds/task2_blue_demo_meshes/fakering1.jpg
-- Up-to-date symlink: /home/puhster/Desktop/RINS_task2/install/dis_tutorial3/share/dis_tutorial3//worlds/task2_blue_demo_meshes/fakering2.jpg
-- Up-to-date symlink: /home/puhster/Desktop/RINS_task2/install/dis_tutorial3/share/dis_tutorial3//worlds/task2_blue_demo_meshes/fakering3.jpg
-- Up-to-date symlink: /home/puhster/Desktop/RINS_task2/install/dis_tutorial3/share/dis_tutorial3//worlds/task2_blue_demo_meshes/felix_he_him_belt_technician.png
-- Up-to-date symlink: /home/puhster/Desktop/RINS_task2/install/dis_tutorial3/share/dis_tutorial3//worlds/task2_blue_demo_meshes/good1.png
-- Up-to-date symlink: /home/puhster/Desktop/RINS_task2/install/dis_tutorial3/share/dis_tutorial3//worlds/task2_blue_demo_meshes/good2.png
-- Up-to-date symlink: /home/puhster/Desktop/RINS_task2/install/dis_tutorial3/share/dis_tutorial3//worlds/task2_blue_demo_meshes/green.jpg
-- Up-to-date symlink: /home/puhster/Desktop/RINS_task2/install/dis_tutorial3/share/dis_tutorial3//worlds/task2_blue_demo_meshes/ground.jpg
-- Up-to-date symlink: /home/puhster/Desktop/RINS_task2/install/dis_tutorial3/share/dis_tutorial3//worlds/task2_blue_demo_meshes/jeff_he_him_cto.png
-- Up-to-date symlink: /home/puhster/Desktop/RINS_task2/install/dis_tutorial3/share/dis_tutorial3//worlds/task2_blue_demo_meshes/laura_she_her_middle_manager.png
-- Up-to-date symlink: /home/puhster/Desktop/RINS_task2/install/dis_tutorial3/share/dis_tutorial3//worlds/task2_blue_demo_meshes/map.mtl
-- Up-to-date symlink: /home/puhster/Desktop/RINS_task2/install/dis_tutorial3/share/dis_tutorial3//worlds/task2_blue_demo_meshes/map.obj
-- Up-to-date symlink: /home/puhster/Desktop/RINS_task2/install/dis_tutorial3/share/dis_tutorial3//worlds/task2_blue_demo_meshes/objects.jpg
-- Up-to-date symlink: /home/puhster/Desktop/RINS_task2/install/dis_tutorial3/share/dis_tutorial3//worlds/task2_blue_demo_meshes/qr_barrels.png
-- Up-to-date symlink: /home/puhster/Desktop/RINS_task2/install/dis_tutorial3/share/dis_tutorial3//worlds/task2_blue_demo_meshes/qr_break.png
-- Up-to-date symlink: /home/puhster/Desktop/RINS_task2/install/dis_tutorial3/share/dis_tutorial3//worlds/task2_blue_demo_meshes/qr_bridge.png
-- Up-to-date symlink: /home/puhster/Desktop/RINS_task2/install/dis_tutorial3/share/dis_tutorial3//worlds/task2_blue_demo_meshes/qr_cto.png
-- Up-to-date symlink: /home/puhster/Desktop/RINS_task2/install/dis_tutorial3/share/dis_tutorial3//worlds/task2_blue_demo_meshes/qr_flow.png
-- Up-to-date symlink: /home/puhster/Desktop/RINS_task2/install/dis_tutorial3/share/dis_tutorial3//worlds/task2_blue_demo_meshes/qr_greenbelt.png
-- Up-to-date symlink: /home/puhster/Desktop/RINS_task2/install/dis_tutorial3/share/dis_tutorial3//worlds/task2_blue_demo_meshes/qr_incinerator.png
-- Up-to-date symlink: /home/puhster/Desktop/RINS_task2/install/dis_tutorial3/share/dis_tutorial3//worlds/task2_blue_demo_meshes/qr_nothing.png
-- Up-to-date symlink: /home/puhster/Desktop/RINS_task2/install/dis_tutorial3/share/dis_tutorial3//worlds/task2_blue_demo_meshes/qr_redbelt.png
-- Up-to-date symlink: /home/puhster/Desktop/RINS_task2/install/dis_tutorial3/share/dis_tutorial3//worlds/task2_blue_demo_meshes/qr_rings.png
-- Up-to-date symlink: /home/puhster/Desktop/RINS_task2/install/dis_tutorial3/share/dis_tutorial3//worlds/task2_blue_demo_meshes/red.jpg
-- Up-to-date symlink: /home/puhster/Desktop/RINS_task2/install/dis_tutorial3/share/dis_tutorial3//worlds/task2_blue_demo_meshes/victor_he_him_plc_programmer.png
-- Up-to-date symlink: /home/puhster/Desktop/RINS_task2/install/dis_tutorial3/share/dis_tutorial3//worlds/task2_blue_demo_meshes/yellow.jpg
-- Up-to-date symlink: /home/puhster/Desktop/RINS_task2/install/dis_tutorial3/share/dis_tutorial3//worlds/task2_green_demo.sdf
-- Up-to-date symlink: /home/puhster/Desktop/RINS_task2/install/dis_tutorial3/share/dis_tutorial3//worlds/task2_green_demo_meshes/asphalt.jpg
-- Up-to-date symlink: /home/puhster/Desktop/RINS_task2/install/dis_tutorial3/share/dis_tutorial3//worlds/task2_green_demo_meshes/belt.jpg
-- Up-to-date symlink: /home/puhster/Desktop/RINS_task2/install/dis_tutorial3/share/dis_tutorial3//worlds/task2_green_demo_meshes/black.jpg
-- Up-to-date symlink: /home/puhster/Desktop/RINS_task2/install/dis_tutorial3/share/dis_tutorial3//worlds/task2_green_demo_meshes/blue.jpg
-- Up-to-date symlink: /home/puhster/Desktop/RINS_task2/install/dis_tutorial3/share/dis_tutorial3//worlds/task2_green_demo_meshes/buildings_colourmap.png
-- Up-to-date symlink: /home/puhster/Desktop/RINS_task2/install/dis_tutorial3/share/dis_tutorial3//worlds/task2_green_demo_meshes/collider.mtl
-- Up-to-date symlink: /home/puhster/Desktop/RINS_task2/install/dis_tutorial3/share/dis_tutorial3//worlds/task2_green_demo_meshes/collider.obj
-- Up-to-date symlink: /home/puhster/Desktop/RINS_task2/install/dis_tutorial3/share/dis_tutorial3//worlds/task2_green_demo_meshes/colormap.png
-- Up-to-date symlink: /home/puhster/Desktop/RINS_task2/install/dis_tutorial3/share/dis_tutorial3//worlds/task2_green_demo_meshes/damaged10.png
-- Up-to-date symlink: /home/puhster/Desktop/RINS_task2/install/dis_tutorial3/share/dis_tutorial3//worlds/task2_green_demo_meshes/damaged11.png
-- Up-to-date symlink: /home/puhster/Desktop/RINS_task2/install/dis_tutorial3/share/dis_tutorial3//worlds/task2_green_demo_meshes/damaged12.png
-- Up-to-date symlink: /home/puhster/Desktop/RINS_task2/install/dis_tutorial3/share/dis_tutorial3//worlds/task2_green_demo_meshes/damaged13.png
-- Up-to-date symlink: /home/puhster/Desktop/RINS_task2/install/dis_tutorial3/share/dis_tutorial3//worlds/task2_green_demo_meshes/damaged14.png
-- Up-to-date symlink: /home/puhster/Desktop/RINS_task2/install/dis_tutorial3/share/dis_tutorial3//worlds/task2_green_demo_meshes/damaged15.png
-- Up-to-date symlink: /home/puhster/Desktop/RINS_task2/install/dis_tutorial3/share/dis_tutorial3//worlds/task2_green_demo_meshes/elena_she_her_forklift_driver.png
-- Up-to-date symlink: /home/puhster/Desktop/RINS_task2/install/dis_tutorial3/share/dis_tutorial3//worlds/task2_green_demo_meshes/fakering1.jpg
-- Up-to-date symlink: /home/puhster/Desktop/RINS_task2/install/dis_tutorial3/share/dis_tutorial3//worlds/task2_green_demo_meshes/fakering2.jpg
-- Up-to-date symlink: /home/puhster/Desktop/RINS_task2/install/dis_tutorial3/share/dis_tutorial3//worlds/task2_green_demo_meshes/fakering3.jpg
-- Up-to-date symlink: /home/puhster/Desktop/RINS_task2/install/dis_tutorial3/share/dis_tutorial3//worlds/task2_green_demo_meshes/fred_he_him_visitor.png
-- Up-to-date symlink: /home/puhster/Desktop/RINS_task2/install/dis_tutorial3/share/dis_tutorial3//worlds/task2_green_demo_meshes/good1.png
-- Up-to-date symlink: /home/puhster/Desktop/RINS_task2/install/dis_tutorial3/share/dis_tutorial3//worlds/task2_green_demo_meshes/good2.png
-- Up-to-date symlink: /home/puhster/Desktop/RINS_task2/install/dis_tutorial3/share/dis_tutorial3//worlds/task2_green_demo_meshes/green.jpg
-- Up-to-date symlink: /home/puhster/Desktop/RINS_task2/install/dis_tutorial3/share/dis_tutorial3//worlds/task2_green_demo_meshes/ground.jpg
-- Up-to-date symlink: /home/puhster/Desktop/RINS_task2/install/dis_tutorial3/share/dis_tutorial3//worlds/task2_green_demo_meshes/jeff_he_him_cto.png
-- Up-to-date symlink: /home/puhster/Desktop/RINS_task2/install/dis_tutorial3/share/dis_tutorial3//worlds/task2_green_demo_meshes/luka_he_him_accountant.png
-- Up-to-date symlink: /home/puhster/Desktop/RINS_task2/install/dis_tutorial3/share/dis_tutorial3//worlds/task2_green_demo_meshes/map.mtl
-- Up-to-date symlink: /home/puhster/Desktop/RINS_task2/install/dis_tutorial3/share/dis_tutorial3//worlds/task2_green_demo_meshes/map.obj
-- Up-to-date symlink: /home/puhster/Desktop/RINS_task2/install/dis_tutorial3/share/dis_tutorial3//worlds/task2_green_demo_meshes/maria_she_her_delivery_driver.png
-- Up-to-date symlink: /home/puhster/Desktop/RINS_task2/install/dis_tutorial3/share/dis_tutorial3//worlds/task2_green_demo_meshes/objects.jpg
-- Up-to-date symlink: /home/puhster/Desktop/RINS_task2/install/dis_tutorial3/share/dis_tutorial3//worlds/task2_green_demo_meshes/qr_barrels.png
-- Up-to-date symlink: /home/puhster/Desktop/RINS_task2/install/dis_tutorial3/share/dis_tutorial3//worlds/task2_green_demo_meshes/qr_bridge.png
-- Up-to-date symlink: /home/puhster/Desktop/RINS_task2/install/dis_tutorial3/share/dis_tutorial3//worlds/task2_green_demo_meshes/qr_cto.png
-- Up-to-date symlink: /home/puhster/Desktop/RINS_task2/install/dis_tutorial3/share/dis_tutorial3//worlds/task2_green_demo_meshes/qr_flow.png
-- Up-to-date symlink: /home/puhster/Desktop/RINS_task2/install/dis_tutorial3/share/dis_tutorial3//worlds/task2_green_demo_meshes/qr_greenbelt.png
-- Up-to-date symlink: /home/puhster/Desktop/RINS_task2/install/dis_tutorial3/share/dis_tutorial3//worlds/task2_green_demo_meshes/qr_incinerator.png
-- Up-to-date symlink: /home/puhster/Desktop/RINS_task2/install/dis_tutorial3/share/dis_tutorial3//worlds/task2_green_demo_meshes/qr_nothing.png
-- Up-to-date symlink: /home/puhster/Desktop/RINS_task2/install/dis_tutorial3/share/dis_tutorial3//worlds/task2_green_demo_meshes/qr_redbelt.png
-- Up-to-date symlink: /home/puhster/Desktop/RINS_task2/install/dis_tutorial3/share/dis_tutorial3//worlds/task2_green_demo_meshes/qr_rings.png
-- Up-to-date symlink: /home/puhster/Desktop/RINS_task2/install/dis_tutorial3/share/dis_tutorial3//worlds/task2_green_demo_meshes/red.jpg
-- Up-to-date symlink: /home/puhster/Desktop/RINS_task2/install/dis_tutorial3/share/dis_tutorial3//worlds/task2_green_demo_meshes/yellow.jpg
-- Up-to-date symlink: /home/puhster/Desktop/RINS_task2/install/dis_tutorial3/share/dis_tutorial3//worlds/task2_yellow_demo.sdf
-- Up-to-date symlink: /home/puhster/Desktop/RINS_task2/install/dis_tutorial3/share/dis_tutorial3//worlds/task2_yellow_demo_meshes/anna_she_her_visitor.png
-- Up-to-date symlink: /home/puhster/Desktop/RINS_task2/install/dis_tutorial3/share/dis_tutorial3//worlds/task2_yellow_demo_meshes/asphalt.jpg
-- Up-to-date symlink: /home/puhster/Desktop/RINS_task2/install/dis_tutorial3/share/dis_tutorial3//worlds/task2_yellow_demo_meshes/belt.jpg
-- Up-to-date symlink: /home/puhster/Desktop/RINS_task2/install/dis_tutorial3/share/dis_tutorial3//worlds/task2_yellow_demo_meshes/black.jpg
-- Up-to-date symlink: /home/puhster/Desktop/RINS_task2/install/dis_tutorial3/share/dis_tutorial3//worlds/task2_yellow_demo_meshes/blue.jpg
-- Up-to-date symlink: /home/puhster/Desktop/RINS_task2/install/dis_tutorial3/share/dis_tutorial3//worlds/task2_yellow_demo_meshes/buildings_colourmap.png
-- Up-to-date symlink: /home/puhster/Desktop/RINS_task2/install/dis_tutorial3/share/dis_tutorial3//worlds/task2_yellow_demo_meshes/collider.mtl
-- Up-to-date symlink: /home/puhster/Desktop/RINS_task2/install/dis_tutorial3/share/dis_tutorial3//worlds/task2_yellow_demo_meshes/collider.obj
-- Up-to-date symlink: /home/puhster/Desktop/RINS_task2/install/dis_tutorial3/share/dis_tutorial3//worlds/task2_yellow_demo_meshes/colormap.png
-- Up-to-date symlink: /home/puhster/Desktop/RINS_task2/install/dis_tutorial3/share/dis_tutorial3//worlds/task2_yellow_demo_meshes/damaged19.png
-- Up-to-date symlink: /home/puhster/Desktop/RINS_task2/install/dis_tutorial3/share/dis_tutorial3//worlds/task2_yellow_demo_meshes/damaged20.png
-- Up-to-date symlink: /home/puhster/Desktop/RINS_task2/install/dis_tutorial3/share/dis_tutorial3//worlds/task2_yellow_demo_meshes/damaged21.png
-- Up-to-date symlink: /home/puhster/Desktop/RINS_task2/install/dis_tutorial3/share/dis_tutorial3//worlds/task2_yellow_demo_meshes/damaged25.png
-- Up-to-date symlink: /home/puhster/Desktop/RINS_task2/install/dis_tutorial3/share/dis_tutorial3//worlds/task2_yellow_demo_meshes/damaged26.png
-- Up-to-date symlink: /home/puhster/Desktop/RINS_task2/install/dis_tutorial3/share/dis_tutorial3//worlds/task2_yellow_demo_meshes/david_he_him_welder.png
-- Up-to-date symlink: /home/puhster/Desktop/RINS_task2/install/dis_tutorial3/share/dis_tutorial3//worlds/task2_yellow_demo_meshes/fakering1.jpg
-- Up-to-date symlink: /home/puhster/Desktop/RINS_task2/install/dis_tutorial3/share/dis_tutorial3//worlds/task2_yellow_demo_meshes/fakering2.jpg
-- Up-to-date symlink: /home/puhster/Desktop/RINS_task2/install/dis_tutorial3/share/dis_tutorial3//worlds/task2_yellow_demo_meshes/fakering3.jpg
-- Up-to-date symlink: /home/puhster/Desktop/RINS_task2/install/dis_tutorial3/share/dis_tutorial3//worlds/task2_yellow_demo_meshes/good2.png
-- Up-to-date symlink: /home/puhster/Desktop/RINS_task2/install/dis_tutorial3/share/dis_tutorial3//worlds/task2_yellow_demo_meshes/good5.png
-- Up-to-date symlink: /home/puhster/Desktop/RINS_task2/install/dis_tutorial3/share/dis_tutorial3//worlds/task2_yellow_demo_meshes/green.jpg
-- Up-to-date symlink: /home/puhster/Desktop/RINS_task2/install/dis_tutorial3/share/dis_tutorial3//worlds/task2_yellow_demo_meshes/ground.jpg
-- Up-to-date symlink: /home/puhster/Desktop/RINS_task2/install/dis_tutorial3/share/dis_tutorial3//worlds/task2_yellow_demo_meshes/jeff_he_him_cto.png
-- Up-to-date symlink: /home/puhster/Desktop/RINS_task2/install/dis_tutorial3/share/dis_tutorial3//worlds/task2_yellow_demo_meshes/map.mtl
-- Up-to-date symlink: /home/puhster/Desktop/RINS_task2/install/dis_tutorial3/share/dis_tutorial3//worlds/task2_yellow_demo_meshes/map.obj
-- Up-to-date symlink: /home/puhster/Desktop/RINS_task2/install/dis_tutorial3/share/dis_tutorial3//worlds/task2_yellow_demo_meshes/objects.jpg
-- Up-to-date symlink: /home/puhster/Desktop/RINS_task2/install/dis_tutorial3/share/dis_tutorial3//worlds/task2_yellow_demo_meshes/qr_barrels.png
-- Up-to-date symlink: /home/puhster/Desktop/RINS_task2/install/dis_tutorial3/share/dis_tutorial3//worlds/task2_yellow_demo_meshes/qr_bridge.png
-- Up-to-date symlink: /home/puhster/Desktop/RINS_task2/install/dis_tutorial3/share/dis_tutorial3//worlds/task2_yellow_demo_meshes/qr_cto.png
-- Up-to-date symlink: /home/puhster/Desktop/RINS_task2/install/dis_tutorial3/share/dis_tutorial3//worlds/task2_yellow_demo_meshes/qr_flow.png
-- Up-to-date symlink: /home/puhster/Desktop/RINS_task2/install/dis_tutorial3/share/dis_tutorial3//worlds/task2_yellow_demo_meshes/qr_greenbelt.png
-- Up-to-date symlink: /home/puhster/Desktop/RINS_task2/install/dis_tutorial3/share/dis_tutorial3//worlds/task2_yellow_demo_meshes/qr_incinerator.png
-- Up-to-date symlink: /home/puhster/Desktop/RINS_task2/install/dis_tutorial3/share/dis_tutorial3//worlds/task2_yellow_demo_meshes/qr_nothing.png
-- Up-to-date symlink: /home/puhster/Desktop/RINS_task2/install/dis_tutorial3/share/dis_tutorial3//worlds/task2_yellow_demo_meshes/qr_redbelt.png
-- Up-to-date symlink: /home/puhster/Desktop/RINS_task2/install/dis_tutorial3/share/dis_tutorial3//worlds/task2_yellow_demo_meshes/qr_rings.png
-- Up-to-date symlink: /home/puhster/Desktop/RINS_task2/install/dis_tutorial3/share/dis_tutorial3//worlds/task2_yellow_demo_meshes/red.jpg
-- Up-to-date symlink: /home/puhster/Desktop/RINS_task2/install/dis_tutorial3/share/dis_tutorial3//worlds/task2_yellow_demo_meshes/sara_she_her_inventory_manager.png
-- Up-to-date symlink: /home/puhster/Desktop/RINS_task2/install/dis_tutorial3/share/dis_tutorial3//worlds/task2_yellow_demo_meshes/sofia_she_her_laser_calibrator.png
-- Up-to-date symlink: /home/puhster/Desktop/RINS_task2/install/dis_tutorial3/share/dis_tutorial3//worlds/task2_yellow_demo_meshes/yellow.jpg
-- Up-to-date symlink: /home/puhster/Desktop/RINS_task2/install/dis_tutorial3/share/dis_tutorial3//maps/bird_demo.pgm
-- Up-to-date symlink: /home/puhster/Desktop/RINS_task2/install/dis_tutorial3/share/dis_tutorial3//maps/bird_demo.yaml
-- Up-to-date symlink: /home/puhster/Desktop/RINS_task2/install/dis_tutorial3/share/dis_tutorial3//maps/task1.pgm
-- Up-to-date symlink: /home/puhster/Desktop/RINS_task2/install/dis_tutorial3/share/dis_tutorial3//maps/task1.yaml
-- Symlinking: /home/puhster/Desktop/RINS_task2/install/dis_tutorial3/share/dis_tutorial3//maps/task2.pgm
-- Symlinking: /home/puhster/Desktop/RINS_task2/install/dis_tutorial3/share/dis_tutorial3//maps/task2.yaml
-- Up-to-date symlink: /home/puhster/Desktop/RINS_task2/install/dis_tutorial3/share/dis_tutorial3//urdf/lite/turtlebot4.urdf.xacro
-- Up-to-date symlink: /home/puhster/Desktop/RINS_task2/install/dis_tutorial3/share/dis_tutorial3//urdf/sensors/camera_bracket.urdf.xacro
-- Up-to-date symlink: /home/puhster/Desktop/RINS_task2/install/dis_tutorial3/share/dis_tutorial3//urdf/sensors/oakd.urdf.xacro
-- Up-to-date symlink: /home/puhster/Desktop/RINS_task2/install/dis_tutorial3/share/dis_tutorial3//urdf/sensors/rplidar.urdf.xacro
-- Up-to-date symlink: /home/puhster/Desktop/RINS_task2/install/dis_tutorial3/share/dis_tutorial3//urdf/standard/tower_sensor_plate.urdf.xacro
-- Up-to-date symlink: /home/puhster/Desktop/RINS_task2/install/dis_tutorial3/share/dis_tutorial3//urdf/standard/tower_standoff.urdf.xacro
-- Up-to-date symlink: /home/puhster/Desktop/RINS_task2/install/dis_tutorial3/share/dis_tutorial3//urdf/standard/turtlebot4.urdf.xacro
-- Up-to-date symlink: /home/puhster/Desktop/RINS_task2/install/dis_tutorial3/share/dis_tutorial3//urdf/standard/weight_block.urdf.xacro
-- Up-to-date symlink: /home/puhster/Desktop/RINS_task2/install/dis_tutorial3/lib/dis_tutorial3/detect_people.py
-- Up-to-date symlink: /home/puhster/Desktop/RINS_task2/install/dis_tutorial3/lib/dis_tutorial3/robot_commander.py
-- Up-to-date symlink: /home/puhster/Desktop/RINS_task2/install/dis_tutorial3/share/ament_index/resource_index/package_run_dependencies/dis_tutorial3
-- Up-to-date symlink: /home/puhster/Desktop/RINS_task2/install/dis_tutorial3/share/ament_index/resource_index/parent_prefix_path/dis_tutorial3
-- Up-to-date symlink: /home/puhster/Desktop/RINS_task2/install/dis_tutorial3/share/dis_tutorial3/environment/ament_prefix_path.sh
-- Up-to-date symlink: /home/puhster/Desktop/RINS_task2/install/dis_tutorial3/share/dis_tutorial3/environment/ament_prefix_path.dsv
-- Up-to-date symlink: /home/puhster/Desktop/RINS_task2/install/dis_tutorial3/share/dis_tutorial3/environment/path.sh
-- Up-to-date symlink: /home/puhster/Desktop/RINS_task2/install/dis_tutorial3/share/dis_tutorial3/environment/path.dsv
-- Up-to-date symlink: /home/puhster/Desktop/RINS_task2/install/dis_tutorial3/share/dis_tutorial3/local_setup.bash
-- Up-to-date symlink: /home/puhster/Desktop/RINS_task2/install/dis_tutorial3/share/dis_tutorial3/local_setup.sh
-- Up-to-date symlink: /home/puhster/Desktop/RINS_task2/install/dis_tutorial3/share/dis_tutorial3/local_setup.zsh
-- Up-to-date symlink: /home/puhster/Desktop/RINS_task2/install/dis_tutorial3/share/dis_tutorial3/local_setup.dsv
-- Symlinking: /home/puhster/Desktop/RINS_task2/install/dis_tutorial3/share/dis_tutorial3/package.dsv
-- Up-to-date symlink: /home/puhster/Desktop/RINS_task2/install/dis_tutorial3/share/ament_index/resource_index/packages/dis_tutorial3
-- Up-to-date symlink: /home/puhster/Desktop/RINS_task2/install/dis_tutorial3/share/dis_tutorial3/cmake/dis_tutorial3Config.cmake
-- Up-to-date symlink: /home/puhster/Desktop/RINS_task2/install/dis_tutorial3/share/dis_tutorial3/cmake/dis_tutorial3Config-version.cmake
-- Up-to-date symlink: /home/puhster/Desktop/RINS_task2/install/dis_tutorial3/share/dis_tutorial3/package.xml
