This is pdfTeX, Version 3.141592653-2.6-1.40.29 (TeX Live 2026) (preloaded format=pdflatex 2026.5.31)  13 JUN 2026 01:04
entering extended mode
 restricted \write18 enabled.
 file:line:error style messages enabled.
 %&-line parsing enabled.
**/Users/blaz/LOCAL/lFaks/RInS/Project2/Report/report.tex
(/Users/blaz/LOCAL/lFaks/RInS/Project2/Report/report.tex
LaTeX2e <2025-11-01>
L3 programming layer <2026-01-19>
(/usr/local/texlive/2026basic/texmf-dist/tex/latex/base/article.cls
Document Class: article 2025/01/22 v1.4n Standard LaTeX document class
(/usr/local/texlive/2026basic/texmf-dist/tex/latex/base/size11.clo
File: size11.clo 2025/01/22 v1.4n Standard LaTeX file (size option)
)
\c@part=\count275
\c@section=\count276
\c@subsection=\count277
\c@subsubsection=\count278
\c@paragraph=\count279
\c@subparagraph=\count280
\c@figure=\count281
\c@table=\count282
\abovecaptionskip=\skip49
\belowcaptionskip=\skip50
\bibindent=\dimen148
) (/usr/local/texlive/2026basic/texmf-dist/tex/latex/base/inputenc.sty
Package: inputenc 2024/02/08 v1.3d Input encoding file
\inpenc@prehook=\toks17
\inpenc@posthook=\toks18
) (/usr/local/texlive/2026basic/texmf-dist/tex/latex/base/fontenc.sty
Package: fontenc 2025/07/18 v2.1d Standard LaTeX package
) (/usr/local/texlive/2026basic/texmf-dist/tex/latex/geometry/geometry.sty
Package: geometry 2020/01/02 v5.9 Page Geometry
 (/usr/local/texlive/2026basic/texmf-dist/tex/latex/graphics/keyval.sty
Package: keyval 2022/05/29 v1.15 key=value parser (DPC)
\KV@toks@=\toks19
) (/usr/local/texlive/2026basic/texmf-dist/tex/generic/iftex/ifvtex.sty
Package: ifvtex 2019/10/25 v1.7 ifvtex legacy package. Use iftex instead.
 (/usr/local/texlive/2026basic/texmf-dist/tex/generic/iftex/iftex.sty
Package: iftex 2024/12/12 v1.0g TeX engine tests
))
\Gm@cnth=\count283
\Gm@cntv=\count284
\c@Gm@tempcnt=\count285
\Gm@bindingoffset=\dimen149
\Gm@wd@mp=\dimen150
\Gm@odd@mp=\dimen151
\Gm@even@mp=\dimen152
\Gm@layoutwidth=\dimen153
\Gm@layoutheight=\dimen154
\Gm@layouthoffset=\dimen155
\Gm@layoutvoffset=\dimen156
\Gm@dimlist=\toks20
) (/usr/local/texlive/2026basic/texmf-dist/tex/latex/url/url.sty
\Urlmuskip=\muskip17
Package: url 2013/09/16  ver 3.4  Verb mode for urls, etc.
) (/usr/local/texlive/2026basic/texmf-dist/tex/latex/amsmath/amsmath.sty
Package: amsmath 2025/07/09 v2.17z AMS math features
\@mathmargin=\skip51

For additional information on amsmath, use the `?' option.
(/usr/local/texlive/2026basic/texmf-dist/tex/latex/amsmath/amstext.sty
Package: amstext 2024/11/17 v2.01 AMS text
 (/usr/local/texlive/2026basic/texmf-dist/tex/latex/amsmath/amsgen.sty
File: amsgen.sty 1999/11/30 v2.0 generic functions
\@emptytoks=\toks21
\ex@=\dimen157
)) (/usr/local/texlive/2026basic/texmf-dist/tex/latex/amsmath/amsbsy.sty
Package: amsbsy 1999/11/29 v1.2d Bold Symbols
\pmbraise@=\dimen158
) (/usr/local/texlive/2026basic/texmf-dist/tex/latex/amsmath/amsopn.sty
Package: amsopn 2022/04/08 v2.04 operator names
)
\inf@bad=\count286
LaTeX Info: Redefining \frac on input line 233.
\uproot@=\count287
\leftroot@=\count288
LaTeX Info: Redefining \overline on input line 398.
LaTeX Info: Redefining \colon on input line 409.
\classnum@=\count289
\DOTSCASE@=\count290
LaTeX Info: Redefining \ldots on input line 495.
LaTeX Info: Redefining \dots on input line 498.
LaTeX Info: Redefining \cdots on input line 619.
\Mathstrutbox@=\box53
\strutbox@=\box54
LaTeX Info: Redefining \big on input line 721.
LaTeX Info: Redefining \Big on input line 722.
LaTeX Info: Redefining \bigg on input line 723.
LaTeX Info: Redefining \Bigg on input line 724.
\big@size=\dimen159
LaTeX Font Info:    Redeclaring font encoding OML on input line 742.
LaTeX Font Info:    Redeclaring font encoding OMS on input line 743.
\macc@depth=\count291
LaTeX Info: Redefining \bmod on input line 904.
LaTeX Info: Redefining \pmod on input line 909.
LaTeX Info: Redefining \smash on input line 939.
LaTeX Info: Redefining \relbar on input line 969.
LaTeX Info: Redefining \Relbar on input line 970.
\c@MaxMatrixCols=\count292
\dotsspace@=\muskip18
\c@parentequation=\count293
\dspbrk@lvl=\count294
\tag@help=\toks22
\row@=\count295
\column@=\count296
\maxfields@=\count297
\andhelp@=\toks23
\eqnshift@=\dimen160
\alignsep@=\dimen161
\tagshift@=\dimen162
\tagwidth@=\dimen163
\totwidth@=\dimen164
\lineht@=\dimen165
\@envbody=\toks24
\multlinegap=\skip52
\multlinetaggap=\skip53
\mathdisplay@stack=\toks25
LaTeX Info: Redefining \[ on input line 2950.
LaTeX Info: Redefining \] on input line 2951.
) (/usr/local/texlive/2026basic/texmf-dist/tex/latex/graphics/graphicx.sty
Package: graphicx 2024/12/31 v1.2e Enhanced LaTeX Graphics (DPC,SPQR)
 (/usr/local/texlive/2026basic/texmf-dist/tex/latex/graphics/graphics.sty
Package: graphics 2024/08/06 v1.4g Standard LaTeX Graphics (DPC,SPQR)
 (/usr/local/texlive/2026basic/texmf-dist/tex/latex/graphics/trig.sty
Package: trig 2023/12/02 v1.11 sin cos tan (DPC)
) (/usr/local/texlive/2026basic/texmf-dist/tex/latex/graphics-cfg/graphics.cfg
File: graphics.cfg 2016/06/04 v1.11 sample graphics configuration
)
Package graphics Info: Driver file: pdftex.def on input line 106.
 (/usr/local/texlive/2026basic/texmf-dist/tex/latex/graphics-def/pdftex.def
File: pdftex.def 2025/09/29 v1.2d Graphics/color driver for pdftex
))
\Gin@req@height=\dimen166
\Gin@req@width=\dimen167
) (/usr/local/texlive/2026basic/texmf-dist/tex/latex/wrapfig/wrapfig.sty
\wrapoverhang=\dimen168
\WF@size=\dimen169
\c@WF@wrappedlines=\count298
\WF@box=\box55
\WF@everypar=\toks26
Package: wrapfig 2003/01/31  v 3.6
) (/usr/local/texlive/2026basic/texmf-dist/tex/latex/float/float.sty
Package: float 2001/11/08 v1.3d Float enhancements (AL)
\c@float@type=\count299
\float@exts=\toks27
\float@box=\box56
\@float@everytoks=\toks28
\@floatcapt=\box57
) (/usr/local/texlive/2026basic/texmf-dist/tex/latex/l3backend/l3backend-pdftex.def
File: l3backend-pdftex.def 2025-10-09 L3 backend support: PDF output (pdfTeX)
\l__color_backend_stack_int=\count300
) (./report.aux)
\openout1 = `report.aux'.

LaTeX Font Info:    Checking defaults for OML/cmm/m/it on input line 20.
LaTeX Font Info:    ... okay on input line 20.
LaTeX Font Info:    Checking defaults for OMS/cmsy/m/n on input line 20.
LaTeX Font Info:    ... okay on input line 20.
LaTeX Font Info:    Checking defaults for OT1/cmr/m/n on input line 20.
LaTeX Font Info:    ... okay on input line 20.
LaTeX Font Info:    Checking defaults for T1/cmr/m/n on input line 20.
LaTeX Font Info:    ... okay on input line 20.
LaTeX Font Info:    Checking defaults for TS1/cmr/m/n on input line 20.
LaTeX Font Info:    ... okay on input line 20.
LaTeX Font Info:    Checking defaults for OMX/cmex/m/n on input line 20.
LaTeX Font Info:    ... okay on input line 20.
LaTeX Font Info:    Checking defaults for U/cmr/m/n on input line 20.
LaTeX Font Info:    ... okay on input line 20.

*geometry* driver: auto-detecting
*geometry* detected driver: pdftex
*geometry* verbose mode - [ preamble ] result:
* driver: pdftex
* paper: a4paper
* layout: <same size as paper>
* layoutoffset:(h,v)=(0.0pt,0.0pt)
* modes: 
* h-part:(L,W,R)=(71.13188pt, 455.24411pt, 71.13188pt)
* v-part:(T,H,B)=(71.13188pt, 702.78308pt, 71.13188pt)
* \paperwidth=597.50787pt
* \paperheight=845.04684pt
* \textwidth=455.24411pt
* \textheight=702.78308pt
* \oddsidemargin=-1.1381pt
* \evensidemargin=-1.1381pt
* \topmargin=-38.1381pt
* \headheight=12.0pt
* \headsep=25.0pt
* \topskip=11.0pt
* \footskip=30.0pt
* \marginparwidth=50.0pt
* \marginparsep=10.0pt
* \columnsep=10.0pt
* \skip\footins=10.0pt plus 4.0pt minus 2.0pt
* \hoffset=0.0pt
* \voffset=0.0pt
* \mag=1000
* \@twocolumnfalse
* \@twosidefalse
* \@mparswitchfalse
* \@reversemarginfalse
* (1in=72.27pt=25.4mm, 1cm=28.453pt)

(/usr/local/texlive/2026basic/texmf-dist/tex/context/base/mkii/supp-pdf.mkii
[Loading MPS to PDF converter (version 2006.09.02).]
\scratchcounter=\count301
\scratchdimen=\dimen170
\scratchbox=\box58
\nofMPsegments=\count302
\nofMParguments=\count303
\everyMPshowfont=\toks29
\MPscratchCnt=\count304
\MPscratchDim=\dimen171
\MPnumerator=\count305
\makeMPintoPDFobject=\count306
\everyMPtoPDFconversion=\toks30
) (/usr/local/texlive/2026basic/texmf-dist/tex/latex/epstopdf-pkg/epstopdf-base.sty
Package: epstopdf-base 2020-01-24 v2.11 Base part for package epstopdf
Package epstopdf-base Info: Redefining graphics rule for `.eps' on input line 485.
 (/usr/local/texlive/2026basic/texmf-dist/tex/latex/latexconfig/epstopdf-sys.cfg
File: epstopdf-sys.cfg 2010/07/13 v1.3 Configuration of (r)epstopdf for TeX Live
))
</Users/blaz/LOCAL/lFaks/RInS/Project2/Report/img/face_detection/face_detection.png, id=1, 287.0725pt x 221.82875pt>
File: /Users/blaz/LOCAL/lFaks/RInS/Project2/Report/img/face_detection/face_detection.png Graphic file (type png)
<use /Users/blaz/LOCAL/lFaks/RInS/Project2/Report/img/face_detection/face_detection.png>
Package pdftex.def Info: /Users/blaz/LOCAL/lFaks/RInS/Project2/Report/img/face_detection/face_detection.png  used on input line 74.
(pdftex.def)             Requested size: 127.46779pt x 98.49515pt.
 [1

{/usr/local/texlive/2026basic/texmf-var/fonts/map/pdftex/updmap/pdftex.map}]
File: /Users/blaz/LOCAL/lFaks/RInS/Project2/Report/img/face_detection/face_detection.png Graphic file (type png)
<use /Users/blaz/LOCAL/lFaks/RInS/Project2/Report/img/face_detection/face_detection.png>
Package pdftex.def Info: /Users/blaz/LOCAL/lFaks/RInS/Project2/Report/img/face_detection/face_detection.png  used on input line 94.
(pdftex.def)             Requested size: 136.57462pt x 105.5356pt.
 [2 </Users/blaz/LOCAL/lFaks/RInS/Project2/Report/img/face_detection/face_detection.png>]
File: /Users/blaz/LOCAL/lFaks/RInS/Project2/Report/img/face_detection/face_detection.png Graphic file (type png)
<use /Users/blaz/LOCAL/lFaks/RInS/Project2/Report/img/face_detection/face_detection.png>
Package pdftex.def Info: /Users/blaz/LOCAL/lFaks/RInS/Project2/Report/img/face_detection/face_detection.png  used on input line 144.
(pdftex.def)             Requested size: 141.12456pt x 109.05243pt.

Underfull \hbox (badness 4726) in paragraph at lines 145--145
[]\T1/cmr/m/n/10.95 Figure 3: In-spec-tion goals
 []

File: /Users/blaz/LOCAL/lFaks/RInS/Project2/Report/img/face_detection/face_detection.png Graphic file (type png)
<use /Users/blaz/LOCAL/lFaks/RInS/Project2/Report/img/face_detection/face_detection.png>
Package pdftex.def Info: /Users/blaz/LOCAL/lFaks/RInS/Project2/Report/img/face_detection/face_detection.png  used on input line 189.
(pdftex.def)             Requested size: 136.57462pt x 105.5356pt.
[3]
File: /Users/blaz/LOCAL/lFaks/RInS/Project2/Report/img/face_detection/face_detection.png Graphic file (type png)
<use /Users/blaz/LOCAL/lFaks/RInS/Project2/Report/img/face_detection/face_detection.png>
Package pdftex.def Info: /Users/blaz/LOCAL/lFaks/RInS/Project2/Report/img/face_detection/face_detection.png  used on input line 221.
(pdftex.def)             Requested size: 136.57462pt x 105.5356pt.


Package wrapfig Warning: Collision between wrapping environments on input line 236.

File: /Users/blaz/LOCAL/lFaks/RInS/Project2/Report/img/face_detection/face_detection.png Graphic file (type png)
<use /Users/blaz/LOCAL/lFaks/RInS/Project2/Report/img/face_detection/face_detection.png>
Package pdftex.def Info: /Users/blaz/LOCAL/lFaks/RInS/Project2/Report/img/face_detection/face_detection.png  used on input line 238.
(pdftex.def)             Requested size: 136.57462pt x 105.5356pt.

Package wrapfig Warning: Stationary wrapfigure forced to float on input line 244.


Package wrapfig Warning: Collision between wrapping environments on input line 261.

File: /Users/blaz/LOCAL/lFaks/RInS/Project2/Report/img/face_detection/face_detection.png Graphic file (type png)
<use /Users/blaz/LOCAL/lFaks/RInS/Project2/Report/img/face_detection/face_detection.png>
Package pdftex.def Info: /Users/blaz/LOCAL/lFaks/RInS/Project2/Report/img/face_detection/face_detection.png  used on input line 263.
(pdftex.def)             Requested size: 136.57462pt x 105.5356pt.

Underfull \hbox (badness 2245) in paragraph at lines 264--264
\T1/cmr/m/n/10.95 tion from the top (line in
 []


Package wrapfig Warning: Stationary wrapfigure forced to float on input line 269.

[4]

Package wrapfig Warning: Collision between wrapping environments on input line 285.

File: /Users/blaz/LOCAL/lFaks/RInS/Project2/Report/img/face_detection/face_detection.png Graphic file (type png)
<use /Users/blaz/LOCAL/lFaks/RInS/Project2/Report/img/face_detection/face_detection.png>
Package pdftex.def Info: /Users/blaz/LOCAL/lFaks/RInS/Project2/Report/img/face_detection/face_detection.png  used on input line 287.
(pdftex.def)             Requested size: 136.57462pt x 105.5356pt.

Underfull \hbox (badness 4686) in paragraph at lines 288--288
[]\T1/cmr/m/n/10.95 Figure 8: Car-rot on the
 []


Package wrapfig Warning: Stationary wrapfigure forced to float on input line 293.


Overfull \hbox (9.88225pt too wide) in paragraph at lines 320--324
\T1/cmr/m/n/10.95 For the first task a small \T1/cmr/bx/n/10.95 state ma-chine \T1/cmr/m/n/10.95 was enough, with three states: \T1/cmtt/m/n/10.95 FollowPath\T1/cmr/m/n/10.95 , \T1/cmtt/m/n/10.95 VisitSubject
 []

[5]
File: /Users/blaz/LOCAL/lFaks/RInS/Project2/Report/img/face_detection/face_detection.png Graphic file (type png)
<use /Users/blaz/LOCAL/lFaks/RInS/Project2/Report/img/face_detection/face_detection.png>
Package pdftex.def Info: /Users/blaz/LOCAL/lFaks/RInS/Project2/Report/img/face_detection/face_detection.png  used on input line 340.
(pdftex.def)             Requested size: 273.14923pt x 211.07457pt.
File: /Users/blaz/LOCAL/lFaks/RInS/Project2/Report/img/face_detection/face_detection.png Graphic file (type png)
<use /Users/blaz/LOCAL/lFaks/RInS/Project2/Report/img/face_detection/face_detection.png>
Package pdftex.def Info: /Users/blaz/LOCAL/lFaks/RInS/Project2/Report/img/face_detection/face_detection.png  used on input line 359.
(pdftex.def)             Requested size: 409.71692pt x 316.6068pt.
 [6]
Overfull \hbox (27.44968pt too wide) in paragraph at lines 369--372
\T1/cmr/m/n/10.95 rings on $\T1/cmtt/m/n/10.95 /ring _ detect$\T1/cmr/m/n/10.95 , the bar-rel de-tec-tor pub-lishes \T1/cmtt/m/n/10.95 BarrelDetect \T1/cmr/m/n/10.95 mes-sages, and \T1/cmtt/m/n/10.95 anomaly_detection
 []


Overfull \hbox (29.14352pt too wide) in paragraph at lines 374--377
\T1/cmr/m/n/10.95 goals, \T1/cmtt/m/n/10.95 line_fit \T1/cmr/m/n/10.95 serves \T1/cmtt/m/n/10.95 line_fit_in_direction \T1/cmr/m/n/10.95 for the belt, and \T1/cmtt/m/n/10.95 blue_line \T1/cmr/m/n/10.95 pub-lishes \T1/cmtt/m/n/10.95 BlueLineStatus
 []

[7] [8]
Overfull \hbox (9.90219pt too wide) in paragraph at lines 489--494
\T1/cmr/m/n/10.95 greet-ing, the leak alert and the task prompts all use. The \T1/cmtt/m/n/10.95 line_fit \T1/cmr/m/n/10.95 node's \T1/cmtt/m/n/10.95 line_fit_in_direction
 []

[9] [10] (./report.aux)
 ***********
LaTeX2e <2025-11-01>
L3 programming layer <2026-01-19>
 ***********
 ) 
Here is how much of TeX's memory you used:
 3112 strings out of 469006
 46471 string characters out of 5454813
 460291 words of memory out of 5000000
 31786 multiletter control sequences out of 15000+600000
 641136 words of font info for 70 fonts, out of 8000000 for 9000
 319 hyphenation exceptions out of 8191
 57i,6n,65p,515b,236s stack positions out of 10000i,1000n,20000p,200000b,200000s
 </Users/blaz/Library/texlive/2026basic/texmf-var/fonts/pk/ljfour/jknappen/ec/ectt1095.600pk> </Users/blaz/Library/texlive/2026basic/texmf-var/fonts/pk/ljfour/jknappen/ec/ecrm0800.600pk> </Users/blaz/Library/texlive/2026basic/texmf-var/fonts/pk/ljfour/jknappen/ec/ecti1095.600pk> </Users/blaz/Library/texlive/2026basic/texmf-var/fonts/pk/ljfour/jknappen/ec/ecbx1095.600pk> </Users/blaz/Library/texlive/2026basic/texmf-var/fonts/pk/ljfour/jknappen/ec/ecbx1200.600pk> </Users/blaz/Library/texlive/2026basic/texmf-var/fonts/pk/ljfour/jknappen/ec/ecrm1095.600pk> </Users/blaz/Library/texlive/2026basic/texmf-var/fonts/pk/ljfour/jknappen/ec/ecbx1440.600pk> </Users/blaz/Library/texlive/2026basic/texmf-var/fonts/pk/ljfour/jknappen/ec/ecrm1200.600pk> </Users/blaz/Library/texlive/2026basic/texmf-var/fonts/pk/ljfour/jknappen/ec/ecrm1728.600pk></usr/local/texlive/2026basic/texmf-dist/fonts/type1/public/amsfonts/cm/cmbx10.pfb></usr/local/texlive/2026basic/texmf-dist/fonts/type1/public/amsfonts/cm/cmmi10.pfb></usr/local/texlive/2026basic/texmf-dist/fonts/type1/public/amsfonts/cm/cmmi8.pfb></usr/local/texlive/2026basic/texmf-dist/fonts/type1/public/amsfonts/cm/cmr10.pfb></usr/local/texlive/2026basic/texmf-dist/fonts/type1/public/amsfonts/cm/cmsy10.pfb>
Output written on report.pdf (10 pages, 240877 bytes).
PDF statistics:
 417 PDF objects out of 1000 (max. 8388607)
 76 compressed objects within 1 object stream
 0 named destinations out of 1000 (max. 500000)
 6 words of extra memory for PDF output out of 10000 (max. 10000000)

