-- The C compiler identification is GNU 13.3.0
-- The CXX compiler identification is GNU 13.3.0
-- Detecting C compiler ABI info
-- Detecting C compiler ABI info - done
-- Check for working C compiler: /usr/bin/cc - skipped
-- Detecting C compile features
-- Detecting C compile features - done
-- Detecting CXX compiler ABI info
-- Detecting CXX compiler ABI info - done
-- Check for working CXX compiler: /usr/bin/c++ - skipped
-- Detecting CXX compile features
-- Detecting CXX compile features - done
-- Found ament_cmake: 2.5.6 (/opt/ros/jazzy/share/ament_cmake/cmake)
-- Found Python3: /usr/bin/python3 (found version "3.12.3") found components: Interpreter 
-- Override CMake install command with custom implementation using symlinks instead of copying resources
-- Found rosidl_default_generators: 1.6.0 (/opt/ros/jazzy/share/rosidl_default_generators/cmake)
-- Using all available rosidl_typesupport_c: rosidl_typesupport_fastrtps_c;rosidl_typesupport_introspection_c
-- Using all available rosidl_typesupport_cpp: rosidl_typesupport_fastrtps_cpp;rosidl_typesupport_introspection_cpp
-- Found rosidl_adapter: 4.6.7 (/opt/ros/jazzy/share/rosidl_adapter/cmake)
-- Found ament_cmake_ros: 0.12.0 (/opt/ros/jazzy/share/ament_cmake_ros/cmake)
-- Using all available rosidl_typesupport_c: rosidl_typesupport_fastrtps_c;rosidl_typesupport_introspection_c
-- Using all available rosidl_typesupport_cpp: rosidl_typesupport_fastrtps_cpp;rosidl_typesupport_introspection_cpp
-- Found python_cmake_module: 0.11.1 (/opt/ros/jazzy/share/python_cmake_module/cmake)
-- Found PythonExtra: /usr/bin/python3  
-- Found Python3: /usr/bin/python3 (found version "3.12.3") found components: Interpreter Development NumPy Development.Module Development.Embed 
-- Found Python3: /usr/bin/python3 (found version "3.12.3") found components: Interpreter 
-- Found ament_lint_auto: 0.17.5 (/opt/ros/jazzy/share/ament_lint_auto/cmake)
-- Added test 'lint_cmake' to check CMake code style
-- Added test 'xmllint' to check XML markup files
-- Configuring done (2.0s)
-- Generating done (0.0s)
-- Build files have been written to: /home/puhster/Desktop/RINS_task2/build/msg_types
[  1%] [34m[1mGenerating type hashes for ROS interfaces[0m
[  3%] [34m[1mGenerating Rust code for ROS interfaces[0m
[  3%] Built target ament_cmake_python_symlink_msg_types
[  3%] Built target msg_types__rosidl_generator_type_description
[  5%] [34m[1mGenerating C code for ROS interfaces[0m
running egg_info
creating msg_types.egg-info
[  5%] Built target msg_types__rs
[  7%] [34m[1mGenerating C++ code for ROS interfaces[0m
writing msg_types.egg-info/PKG-INFO
writing dependency_links to msg_types.egg-info/dependency_links.txt
writing top-level names to msg_types.egg-info/top_level.txt
writing manifest file 'msg_types.egg-info/SOURCES.txt'
reading manifest file 'msg_types.egg-info/SOURCES.txt'
writing manifest file 'msg_types.egg-info/SOURCES.txt'
[  7%] Built target ament_cmake_python_build_msg_types_egg
[  7%] Built target msg_types__cpp
[  9%] [32mBuilding C object CMakeFiles/msg_types__rosidl_generator_c.dir/rosidl_generator_c/msg_types/msg/detail/face_detect__description.c.o[0m
[ 10%] [32mBuilding C object CMakeFiles/msg_types__rosidl_generator_c.dir/rosidl_generator_c/msg_types/msg/detail/face_detect__functions.c.o[0m
[ 14%] [32mBuilding C object CMakeFiles/msg_types__rosidl_generator_c.dir/rosidl_generator_c/msg_types/msg/detail/subject_clear__description.c.o[0m
[ 14%] [32mBuilding C object CMakeFiles/msg_types__rosidl_generator_c.dir/rosidl_generator_c/msg_types/msg/detail/face_detect__type_support.c.o[0m
[ 16%] [32mBuilding C object CMakeFiles/msg_types__rosidl_generator_c.dir/rosidl_generator_c/msg_types/msg/detail/ring_detect__description.c.o[0m
[ 18%] [32mBuilding C object CMakeFiles/msg_types__rosidl_generator_c.dir/rosidl_generator_c/msg_types/msg/detail/ring_detect__functions.c.o[0m
[ 20%] [32mBuilding C object CMakeFiles/msg_types__rosidl_generator_c.dir/rosidl_generator_c/msg_types/msg/detail/subject_clear__type_support.c.o[0m
[ 21%] [32mBuilding C object CMakeFiles/msg_types__rosidl_generator_c.dir/rosidl_generator_c/msg_types/msg/detail/ring_detect__type_support.c.o[0m
[ 23%] [32mBuilding C object CMakeFiles/msg_types__rosidl_generator_c.dir/rosidl_generator_c/msg_types/msg/detail/subject_clear__functions.c.o[0m
[ 25%] [32m[1mLinking C shared library libmsg_types__rosidl_generator_c.so[0m
[ 25%] Built target msg_types__rosidl_generator_c
[ 27%] [34m[1mGenerating C type support dispatch for ROS interfaces[0m
[ 29%] [34m[1mGenerating C++ type support for eProsima Fast-RTPS[0m
[ 32%] [34m[1mGenerating C++ introspection for ROS interfaces[0m
[ 32%] [34m[1mGenerating C++ type support dispatch for ROS interfaces[0m
[ 34%] [34m[1mGenerating C type support for eProsima Fast-RTPS[0m
[ 36%] [34m[1mGenerating C introspection for ROS interfaces[0m
[ 38%] [32mBuilding CXX object CMakeFiles/msg_types__rosidl_typesupport_c.dir/rosidl_typesupport_c/msg_types/msg/face_detect__type_support.cpp.o[0m
[ 40%] [32mBuilding CXX object CMakeFiles/msg_types__rosidl_typesupport_c.dir/rosidl_typesupport_c/msg_types/msg/subject_clear__type_support.cpp.o[0m
[ 41%] [32mBuilding CXX object CMakeFiles/msg_types__rosidl_typesupport_c.dir/rosidl_typesupport_c/msg_types/msg/ring_detect__type_support.cpp.o[0m
[ 43%] [32mBuilding CXX object CMakeFiles/msg_types__rosidl_typesupport_cpp.dir/rosidl_typesupport_cpp/msg_types/msg/ring_detect__type_support.cpp.o[0m
[ 47%] [32mBuilding CXX object CMakeFiles/msg_types__rosidl_typesupport_introspection_cpp.dir/rosidl_typesupport_introspection_cpp/msg_types/msg/detail/face_detect__type_support.cpp.o[0m
[ 47%] [32mBuilding CXX object CMakeFiles/msg_types__rosidl_typesupport_cpp.dir/rosidl_typesupport_cpp/msg_types/msg/subject_clear__type_support.cpp.o[0m
[ 49%] [32mBuilding CXX object CMakeFiles/msg_types__rosidl_typesupport_cpp.dir/rosidl_typesupport_cpp/msg_types/msg/face_detect__type_support.cpp.o[0m
[ 50%] [32mBuilding CXX object CMakeFiles/msg_types__rosidl_typesupport_introspection_cpp.dir/rosidl_typesupport_introspection_cpp/msg_types/msg/detail/subject_clear__type_support.cpp.o[0m
[ 52%] [32mBuilding CXX object CMakeFiles/msg_types__rosidl_typesupport_introspection_cpp.dir/rosidl_typesupport_introspection_cpp/msg_types/msg/detail/ring_detect__type_support.cpp.o[0m
[ 54%] [32mBuilding C object CMakeFiles/msg_types__rosidl_typesupport_introspection_c.dir/rosidl_typesupport_introspection_c/msg_types/msg/detail/face_detect__type_support.c.o[0m
[ 58%] [32mBuilding C object CMakeFiles/msg_types__rosidl_typesupport_introspection_c.dir/rosidl_typesupport_introspection_c/msg_types/msg/detail/subject_clear__type_support.c.o[0m
[ 58%] [32mBuilding C object CMakeFiles/msg_types__rosidl_typesupport_introspection_c.dir/rosidl_typesupport_introspection_c/msg_types/msg/detail/ring_detect__type_support.c.o[0m
[ 60%] [32m[1mLinking CXX shared library libmsg_types__rosidl_typesupport_c.so[0m
[ 61%] [32mBuilding CXX object CMakeFiles/msg_types__rosidl_typesupport_fastrtps_cpp.dir/rosidl_typesupport_fastrtps_cpp/msg_types/msg/detail/dds_fastrtps/face_detect__type_support.cpp.o[0m
[ 63%] [32m[1mLinking C shared library libmsg_types__rosidl_typesupport_introspection_c.so[0m
[ 65%] [32mBuilding CXX object CMakeFiles/msg_types__rosidl_typesupport_fastrtps_cpp.dir/rosidl_typesupport_fastrtps_cpp/msg_types/msg/detail/dds_fastrtps/subject_clear__type_support.cpp.o[0m
[ 67%] [32mBuilding CXX object CMakeFiles/msg_types__rosidl_typesupport_fastrtps_cpp.dir/rosidl_typesupport_fastrtps_cpp/msg_types/msg/detail/dds_fastrtps/ring_detect__type_support.cpp.o[0m
[ 69%] [32mBuilding CXX object CMakeFiles/msg_types__rosidl_typesupport_fastrtps_c.dir/rosidl_typesupport_fastrtps_c/msg_types/msg/detail/face_detect__type_support_c.cpp.o[0m
[ 70%] [32mBuilding CXX object CMakeFiles/msg_types__rosidl_typesupport_fastrtps_c.dir/rosidl_typesupport_fastrtps_c/msg_types/msg/detail/subject_clear__type_support_c.cpp.o[0m
[ 72%] [32mBuilding CXX object CMakeFiles/msg_types__rosidl_typesupport_fastrtps_c.dir/rosidl_typesupport_fastrtps_c/msg_types/msg/detail/ring_detect__type_support_c.cpp.o[0m
[ 72%] Built target msg_types__rosidl_typesupport_introspection_c
[ 72%] Built target msg_types__rosidl_typesupport_c
[ 74%] [32m[1mLinking CXX shared library libmsg_types__rosidl_typesupport_cpp.so[0m
[ 76%] [32m[1mLinking CXX shared library libmsg_types__rosidl_typesupport_introspection_cpp.so[0m
[ 78%] [32m[1mLinking CXX shared library libmsg_types__rosidl_typesupport_fastrtps_c.so[0m
[ 78%] Built target msg_types__rosidl_typesupport_cpp
[ 80%] [32m[1mLinking CXX shared library libmsg_types__rosidl_typesupport_fastrtps_cpp.so[0m
[ 80%] Built target msg_types__rosidl_typesupport_introspection_cpp
[ 80%] Built target msg_types__rosidl_typesupport_fastrtps_c
[ 80%] Built target msg_types__rosidl_typesupport_fastrtps_cpp
[ 80%] Built target msg_types
[ 81%] [34m[1mGenerating Python code for ROS interfaces[0m
[ 81%] Built target msg_types__py
[ 83%] [32mBuilding C object CMakeFiles/msg_types__rosidl_generator_py.dir/rosidl_generator_py/msg_types/msg/_face_detect_s.c.o[0m
[ 85%] [32mBuilding C object CMakeFiles/msg_types__rosidl_generator_py.dir/rosidl_generator_py/msg_types/msg/_subject_clear_s.c.o[0m
[ 87%] [32mBuilding C object CMakeFiles/msg_types__rosidl_generator_py.dir/rosidl_generator_py/msg_types/msg/_ring_detect_s.c.o[0m
[ 89%] [32m[1mLinking C shared library libmsg_types__rosidl_generator_py.so[0m
[ 89%] Built target msg_types__rosidl_generator_py
[ 94%] [32mBuilding C object CMakeFiles/msg_types_s__rosidl_typesupport_fastrtps_c.dir/rosidl_generator_py/msg_types/_msg_types_s.ep.rosidl_typesupport_fastrtps_c.c.o[0m
[ 94%] [32mBuilding C object CMakeFiles/msg_types_s__rosidl_typesupport_introspection_c.dir/rosidl_generator_py/msg_types/_msg_types_s.ep.rosidl_typesupport_introspection_c.c.o[0m
[ 94%] [32mBuilding C object CMakeFiles/msg_types_s__rosidl_typesupport_c.dir/rosidl_generator_py/msg_types/_msg_types_s.ep.rosidl_typesupport_c.c.o[0m
[ 96%] [32m[1mLinking C shared module rosidl_generator_py/msg_types/msg_types_s__rosidl_typesupport_c.so[0m
[ 98%] [32m[1mLinking C shared module rosidl_generator_py/msg_types/msg_types_s__rosidl_typesupport_introspection_c.so[0m
[100%] [32m[1mLinking C shared module rosidl_generator_py/msg_types/msg_types_s__rosidl_typesupport_fastrtps_c.so[0m
[100%] Built target msg_types_s__rosidl_typesupport_introspection_c
[100%] Built target msg_types_s__rosidl_typesupport_fastrtps_c
[100%] Built target msg_types_s__rosidl_typesupport_c
-- Install configuration: ""
-- Execute custom install script
-- Symlinking: /home/puhster/Desktop/RINS_task2/install/msg_types/share/ament_index/resource_index/rosidl_interfaces/msg_types
-- Symlinking: /home/puhster/Desktop/RINS_task2/install/msg_types/share/msg_types/msg/FaceDetect.json
-- Symlinking: /home/puhster/Desktop/RINS_task2/install/msg_types/share/msg_types/msg/SubjectClear.json
-- Symlinking: /home/puhster/Desktop/RINS_task2/install/msg_types/share/msg_types/msg/RingDetect.json
-- Symlinking: /home/puhster/Desktop/RINS_task2/install/msg_types/include/msg_types/msg_types/msg/detail/face_detect__functions.h
-- Symlinking: /home/puhster/Desktop/RINS_task2/install/msg_types/include/msg_types/msg_types/msg/detail/face_detect__struct.h
-- Symlinking: /home/puhster/Desktop/RINS_task2/install/msg_types/include/msg_types/msg_types/msg/detail/face_detect__type_support.h
-- Symlinking: /home/puhster/Desktop/RINS_task2/install/msg_types/include/msg_types/msg_types/msg/detail/ring_detect__functions.h
-- Symlinking: /home/puhster/Desktop/RINS_task2/install/msg_types/include/msg_types/msg_types/msg/detail/ring_detect__struct.h
-- Symlinking: /home/puhster/Desktop/RINS_task2/install/msg_types/include/msg_types/msg_types/msg/detail/ring_detect__type_support.h
-- Symlinking: /home/puhster/Desktop/RINS_task2/install/msg_types/include/msg_types/msg_types/msg/detail/subject_clear__functions.h
-- Symlinking: /home/puhster/Desktop/RINS_task2/install/msg_types/include/msg_types/msg_types/msg/detail/subject_clear__struct.h
-- Symlinking: /home/puhster/Desktop/RINS_task2/install/msg_types/include/msg_types/msg_types/msg/detail/subject_clear__type_support.h
-- Symlinking: /home/puhster/Desktop/RINS_task2/install/msg_types/include/msg_types/msg_types/msg/face_detect.h
-- Symlinking: /home/puhster/Desktop/RINS_task2/install/msg_types/include/msg_types/msg_types/msg/ring_detect.h
-- Symlinking: /home/puhster/Desktop/RINS_task2/install/msg_types/include/msg_types/msg_types/msg/rosidl_generator_c__visibility_control.h
-- Symlinking: /home/puhster/Desktop/RINS_task2/install/msg_types/include/msg_types/msg_types/msg/subject_clear.h
-- Symlinking: /home/puhster/Desktop/RINS_task2/install/msg_types/share/msg_types/environment/library_path.sh
-- Symlinking: /home/puhster/Desktop/RINS_task2/install/msg_types/share/msg_types/environment/library_path.dsv
-- Symlinking: /home/puhster/Desktop/RINS_task2/install/msg_types/include/msg_types/msg_types/msg/detail/face_detect__rosidl_typesupport_fastrtps_c.h
-- Symlinking: /home/puhster/Desktop/RINS_task2/install/msg_types/include/msg_types/msg_types/msg/detail/ring_detect__rosidl_typesupport_fastrtps_c.h
-- Symlinking: /home/puhster/Desktop/RINS_task2/install/msg_types/include/msg_types/msg_types/msg/detail/subject_clear__rosidl_typesupport_fastrtps_c.h
-- Symlinking: /home/puhster/Desktop/RINS_task2/install/msg_types/include/msg_types/msg_types/msg/rosidl_typesupport_fastrtps_c__visibility_control.h
-- Symlinking: /home/puhster/Desktop/RINS_task2/install/msg_types/include/msg_types/msg_types/msg/detail/face_detect__rosidl_typesupport_introspection_c.h
-- Symlinking: /home/puhster/Desktop/RINS_task2/install/msg_types/include/msg_types/msg_types/msg/detail/ring_detect__rosidl_typesupport_introspection_c.h
-- Symlinking: /home/puhster/Desktop/RINS_task2/install/msg_types/include/msg_types/msg_types/msg/detail/subject_clear__rosidl_typesupport_introspection_c.h
-- Symlinking: /home/puhster/Desktop/RINS_task2/install/msg_types/include/msg_types/msg_types/msg/rosidl_typesupport_introspection_c__visibility_control.h
-- Symlinking: /home/puhster/Desktop/RINS_task2/install/msg_types/include/msg_types/msg_types/msg/detail/face_detect__builder.hpp
-- Symlinking: /home/puhster/Desktop/RINS_task2/install/msg_types/include/msg_types/msg_types/msg/detail/face_detect__struct.hpp
-- Symlinking: /home/puhster/Desktop/RINS_task2/install/msg_types/include/msg_types/msg_types/msg/detail/face_detect__traits.hpp
-- Symlinking: /home/puhster/Desktop/RINS_task2/install/msg_types/include/msg_types/msg_types/msg/detail/face_detect__type_support.hpp
-- Symlinking: /home/puhster/Desktop/RINS_task2/install/msg_types/include/msg_types/msg_types/msg/detail/ring_detect__builder.hpp
-- Symlinking: /home/puhster/Desktop/RINS_task2/install/msg_types/include/msg_types/msg_types/msg/detail/ring_detect__struct.hpp
-- Symlinking: /home/puhster/Desktop/RINS_task2/install/msg_types/include/msg_types/msg_types/msg/detail/ring_detect__traits.hpp
-- Symlinking: /home/puhster/Desktop/RINS_task2/install/msg_types/include/msg_types/msg_types/msg/detail/ring_detect__type_support.hpp
-- Symlinking: /home/puhster/Desktop/RINS_task2/install/msg_types/include/msg_types/msg_types/msg/detail/subject_clear__builder.hpp
-- Symlinking: /home/puhster/Desktop/RINS_task2/install/msg_types/include/msg_types/msg_types/msg/detail/subject_clear__struct.hpp
-- Symlinking: /home/puhster/Desktop/RINS_task2/install/msg_types/include/msg_types/msg_types/msg/detail/subject_clear__traits.hpp
-- Symlinking: /home/puhster/Desktop/RINS_task2/install/msg_types/include/msg_types/msg_types/msg/detail/subject_clear__type_support.hpp
-- Symlinking: /home/puhster/Desktop/RINS_task2/install/msg_types/include/msg_types/msg_types/msg/face_detect.hpp
-- Symlinking: /home/puhster/Desktop/RINS_task2/install/msg_types/include/msg_types/msg_types/msg/ring_detect.hpp
-- Symlinking: /home/puhster/Desktop/RINS_task2/install/msg_types/include/msg_types/msg_types/msg/rosidl_generator_cpp__visibility_control.hpp
-- Symlinking: /home/puhster/Desktop/RINS_task2/install/msg_types/include/msg_types/msg_types/msg/subject_clear.hpp
-- Symlinking: /home/puhster/Desktop/RINS_task2/install/msg_types/include/msg_types/msg_types/msg/detail/face_detect__rosidl_typesupport_fastrtps_cpp.hpp
-- Symlinking: /home/puhster/Desktop/RINS_task2/install/msg_types/include/msg_types/msg_types/msg/detail/ring_detect__rosidl_typesupport_fastrtps_cpp.hpp
-- Symlinking: /home/puhster/Desktop/RINS_task2/install/msg_types/include/msg_types/msg_types/msg/detail/subject_clear__rosidl_typesupport_fastrtps_cpp.hpp
-- Symlinking: /home/puhster/Desktop/RINS_task2/install/msg_types/include/msg_types/msg_types/msg/rosidl_typesupport_fastrtps_cpp__visibility_control.h
-- Symlinking: /home/puhster/Desktop/RINS_task2/install/msg_types/include/msg_types/msg_types/msg/detail/face_detect__rosidl_typesupport_introspection_cpp.hpp
-- Symlinking: /home/puhster/Desktop/RINS_task2/install/msg_types/include/msg_types/msg_types/msg/detail/ring_detect__rosidl_typesupport_introspection_cpp.hpp
-- Symlinking: /home/puhster/Desktop/RINS_task2/install/msg_types/include/msg_types/msg_types/msg/detail/subject_clear__rosidl_typesupport_introspection_cpp.hpp
-- Symlinking: /home/puhster/Desktop/RINS_task2/install/msg_types/share/msg_types/environment/pythonpath.sh
-- Symlinking: /home/puhster/Desktop/RINS_task2/install/msg_types/share/msg_types/environment/pythonpath.dsv
-- Symlinking: /home/puhster/Desktop/RINS_task2/install/msg_types/lib/python3.12/site-packages/msg_types-0.0.0-py3.12.egg-info/PKG-INFO
-- Symlinking: /home/puhster/Desktop/RINS_task2/install/msg_types/lib/python3.12/site-packages/msg_types-0.0.0-py3.12.egg-info/SOURCES.txt
-- Symlinking: /home/puhster/Desktop/RINS_task2/install/msg_types/lib/python3.12/site-packages/msg_types-0.0.0-py3.12.egg-info/dependency_links.txt
-- Symlinking: /home/puhster/Desktop/RINS_task2/install/msg_types/lib/python3.12/site-packages/msg_types-0.0.0-py3.12.egg-info/top_level.txt
-- Symlinking: /home/puhster/Desktop/RINS_task2/install/msg_types/lib/python3.12/site-packages/msg_types/__init__.py
-- Symlinking: /home/puhster/Desktop/RINS_task2/install/msg_types/lib/python3.12/site-packages/msg_types/_msg_types_s.ep.rosidl_typesupport_c.c
-- Symlinking: /home/puhster/Desktop/RINS_task2/install/msg_types/lib/python3.12/site-packages/msg_types/_msg_types_s.ep.rosidl_typesupport_fastrtps_c.c
-- Symlinking: /home/puhster/Desktop/RINS_task2/install/msg_types/lib/python3.12/site-packages/msg_types/_msg_types_s.ep.rosidl_typesupport_introspection_c.c
-- Symlinking: /home/puhster/Desktop/RINS_task2/install/msg_types/lib/python3.12/site-packages/msg_types/msg/__init__.py
-- Symlinking: /home/puhster/Desktop/RINS_task2/install/msg_types/lib/python3.12/site-packages/msg_types/msg/_face_detect.py
-- Symlinking: /home/puhster/Desktop/RINS_task2/install/msg_types/lib/python3.12/site-packages/msg_types/msg/_face_detect_s.c
-- Symlinking: /home/puhster/Desktop/RINS_task2/install/msg_types/lib/python3.12/site-packages/msg_types/msg/_ring_detect.py
-- Symlinking: /home/puhster/Desktop/RINS_task2/install/msg_types/lib/python3.12/site-packages/msg_types/msg/_ring_detect_s.c
-- Symlinking: /home/puhster/Desktop/RINS_task2/install/msg_types/lib/python3.12/site-packages/msg_types/msg/_subject_clear.py
-- Symlinking: /home/puhster/Desktop/RINS_task2/install/msg_types/lib/python3.12/site-packages/msg_types/msg/_subject_clear_s.c
-- Symlinking: /home/puhster/Desktop/RINS_task2/install/msg_types/lib/python3.12/site-packages/msg_types/msg_types_s__rosidl_typesupport_c.so
-- Symlinking: /home/puhster/Desktop/RINS_task2/install/msg_types/lib/python3.12/site-packages/msg_types/msg_types_s__rosidl_typesupport_fastrtps_c.so
-- Symlinking: /home/puhster/Desktop/RINS_task2/install/msg_types/lib/python3.12/site-packages/msg_types/msg_types_s__rosidl_typesupport_introspection_c.so
-- Up-to-date symlink: /home/puhster/Desktop/RINS_task2/install/msg_types/lib/python3.12/site-packages/msg_types/msg_types_s__rosidl_typesupport_fastrtps_c.so
-- Up-to-date symlink: /home/puhster/Desktop/RINS_task2/install/msg_types/lib/python3.12/site-packages/msg_types/msg_types_s__rosidl_typesupport_introspection_c.so
-- Up-to-date symlink: /home/puhster/Desktop/RINS_task2/install/msg_types/lib/python3.12/site-packages/msg_types/msg_types_s__rosidl_typesupport_c.so
-- Symlinking: /home/puhster/Desktop/RINS_task2/install/msg_types/share/ament_index/resource_index/rust_packages/msg_types
-- Symlinking: /home/puhster/Desktop/RINS_task2/install/msg_types/share/msg_types/rust/Cargo.toml
-- Symlinking: /home/puhster/Desktop/RINS_task2/install/msg_types/share/msg_types/rust/build.rs
-- Symlinking: /home/puhster/Desktop/RINS_task2/install/msg_types/share/msg_types/rust/src/lib.rs
-- Symlinking: /home/puhster/Desktop/RINS_task2/install/msg_types/share/msg_types/rust/src/msg.rs
-- Symlinking: /home/puhster/Desktop/RINS_task2/install/msg_types/share/msg_types/rust/src/msg/rmw.rs
-- Symlinking: /home/puhster/Desktop/RINS_task2/install/msg_types/share/msg_types/msg/FaceDetect.idl
-- Symlinking: /home/puhster/Desktop/RINS_task2/install/msg_types/share/msg_types/msg/SubjectClear.idl
-- Symlinking: /home/puhster/Desktop/RINS_task2/install/msg_types/share/msg_types/msg/RingDetect.idl
-- Symlinking: /home/puhster/Desktop/RINS_task2/install/msg_types/share/msg_types/msg/FaceDetect.msg
-- Symlinking: /home/puhster/Desktop/RINS_task2/install/msg_types/share/msg_types/msg/SubjectClear.msg
-- Symlinking: /home/puhster/Desktop/RINS_task2/install/msg_types/share/msg_types/msg/RingDetect.msg
-- Symlinking: /home/puhster/Desktop/RINS_task2/install/msg_types/share/ament_index/resource_index/package_run_dependencies/msg_types
-- Symlinking: /home/puhster/Desktop/RINS_task2/install/msg_types/share/ament_index/resource_index/parent_prefix_path/msg_types
-- Symlinking: /home/puhster/Desktop/RINS_task2/install/msg_types/share/msg_types/environment/ament_prefix_path.sh
-- Symlinking: /home/puhster/Desktop/RINS_task2/install/msg_types/share/msg_types/environment/ament_prefix_path.dsv
-- Symlinking: /home/puhster/Desktop/RINS_task2/install/msg_types/share/msg_types/environment/path.sh
-- Symlinking: /home/puhster/Desktop/RINS_task2/install/msg_types/share/msg_types/environment/path.dsv
-- Symlinking: /home/puhster/Desktop/RINS_task2/install/msg_types/share/msg_types/local_setup.bash
-- Symlinking: /home/puhster/Desktop/RINS_task2/install/msg_types/share/msg_types/local_setup.sh
-- Symlinking: /home/puhster/Desktop/RINS_task2/install/msg_types/share/msg_types/local_setup.zsh
-- Symlinking: /home/puhster/Desktop/RINS_task2/install/msg_types/share/msg_types/local_setup.dsv
-- Symlinking: /home/puhster/Desktop/RINS_task2/install/msg_types/share/msg_types/package.dsv
-- Symlinking: /home/puhster/Desktop/RINS_task2/install/msg_types/share/ament_index/resource_index/packages/msg_types
-- Symlinking: /home/puhster/Desktop/RINS_task2/install/msg_types/share/msg_types/cmake/rosidl_cmake-extras.cmake
-- Symlinking: /home/puhster/Desktop/RINS_task2/install/msg_types/share/msg_types/cmake/ament_cmake_export_include_directories-extras.cmake
-- Symlinking: /home/puhster/Desktop/RINS_task2/install/msg_types/share/msg_types/cmake/ament_cmake_export_libraries-extras.cmake
-- Symlinking: /home/puhster/Desktop/RINS_task2/install/msg_types/share/msg_types/cmake/ament_cmake_export_targets-extras.cmake
-- Symlinking: /home/puhster/Desktop/RINS_task2/install/msg_types/share/msg_types/cmake/rosidl_cmake_export_typesupport_targets-extras.cmake
-- Symlinking: /home/puhster/Desktop/RINS_task2/install/msg_types/share/msg_types/cmake/ament_cmake_export_dependencies-extras.cmake
-- Symlinking: /home/puhster/Desktop/RINS_task2/install/msg_types/share/msg_types/cmake/rosidl_cmake_export_typesupport_libraries-extras.cmake
-- Symlinking: /home/puhster/Desktop/RINS_task2/install/msg_types/share/msg_types/cmake/msg_typesConfig.cmake
-- Symlinking: /home/puhster/Desktop/RINS_task2/install/msg_types/share/msg_types/cmake/msg_typesConfig-version.cmake
-- Symlinking: /home/puhster/Desktop/RINS_task2/install/msg_types/share/msg_types/package.xml
-- Installing: /home/puhster/Desktop/RINS_task2/install/msg_types/lib/libmsg_types__rosidl_generator_c.so
-- Set non-toolchain portion of runtime path of "/home/puhster/Desktop/RINS_task2/install/msg_types/lib/libmsg_types__rosidl_generator_c.so" to ""
-- Installing: /home/puhster/Desktop/RINS_task2/install/msg_types/lib/libmsg_types__rosidl_typesupport_fastrtps_c.so
-- Set non-toolchain portion of runtime path of "/home/puhster/Desktop/RINS_task2/install/msg_types/lib/libmsg_types__rosidl_typesupport_fastrtps_c.so" to ""
-- Installing: /home/puhster/Desktop/RINS_task2/install/msg_types/lib/libmsg_types__rosidl_typesupport_introspection_c.so
-- Set non-toolchain portion of runtime path of "/home/puhster/Desktop/RINS_task2/install/msg_types/lib/libmsg_types__rosidl_typesupport_introspection_c.so" to ""
-- Installing: /home/puhster/Desktop/RINS_task2/install/msg_types/lib/libmsg_types__rosidl_typesupport_c.so
-- Set non-toolchain portion of runtime path of "/home/puhster/Desktop/RINS_task2/install/msg_types/lib/libmsg_types__rosidl_typesupport_c.so" to ""
-- Installing: /home/puhster/Desktop/RINS_task2/install/msg_types/lib/libmsg_types__rosidl_typesupport_fastrtps_cpp.so
-- Set non-toolchain portion of runtime path of "/home/puhster/Desktop/RINS_task2/install/msg_types/lib/libmsg_types__rosidl_typesupport_fastrtps_cpp.so" to ""
-- Installing: /home/puhster/Desktop/RINS_task2/install/msg_types/lib/libmsg_types__rosidl_typesupport_introspection_cpp.so
-- Set non-toolchain portion of runtime path of "/home/puhster/Desktop/RINS_task2/install/msg_types/lib/libmsg_types__rosidl_typesupport_introspection_cpp.so" to ""
-- Installing: /home/puhster/Desktop/RINS_task2/install/msg_types/lib/libmsg_types__rosidl_typesupport_cpp.so
-- Set non-toolchain portion of runtime path of "/home/puhster/Desktop/RINS_task2/install/msg_types/lib/libmsg_types__rosidl_typesupport_cpp.so" to ""
Listing '/home/puhster/Desktop/RINS_task2/install/msg_types/lib/python3.12/site-packages/msg_types'...
Compiling '/home/puhster/Desktop/RINS_task2/install/msg_types/lib/python3.12/site-packages/msg_types/__init__.py'...
Listing '/home/puhster/Desktop/RINS_task2/install/msg_types/lib/python3.12/site-packages/msg_types/msg'...
Compiling '/home/puhster/Desktop/RINS_task2/install/msg_types/lib/python3.12/site-packages/msg_types/msg/__init__.py'...
Compiling '/home/puhster/Desktop/RINS_task2/install/msg_types/lib/python3.12/site-packages/msg_types/msg/_face_detect.py'...
Compiling '/home/puhster/Desktop/RINS_task2/install/msg_types/lib/python3.12/site-packages/msg_types/msg/_ring_detect.py'...
Compiling '/home/puhster/Desktop/RINS_task2/install/msg_types/lib/python3.12/site-packages/msg_types/msg/_subject_clear.py'...
-- Installing: /home/puhster/Desktop/RINS_task2/install/msg_types/lib/libmsg_types__rosidl_generator_py.so
-- Set non-toolchain portion of runtime path of "/home/puhster/Desktop/RINS_task2/install/msg_types/lib/libmsg_types__rosidl_generator_py.so" to ""
-- Installing: /home/puhster/Desktop/RINS_task2/install/msg_types/share/msg_types/cmake/export_msg_types__rosidl_generator_cExport.cmake
-- Installing: /home/puhster/Desktop/RINS_task2/install/msg_types/share/msg_types/cmake/export_msg_types__rosidl_generator_cExport-noconfig.cmake
-- Installing: /home/puhster/Desktop/RINS_task2/install/msg_types/share/msg_types/cmake/export_msg_types__rosidl_typesupport_fastrtps_cExport.cmake
-- Installing: /home/puhster/Desktop/RINS_task2/install/msg_types/share/msg_types/cmake/export_msg_types__rosidl_typesupport_fastrtps_cExport-noconfig.cmake
-- Installing: /home/puhster/Desktop/RINS_task2/install/msg_types/share/msg_types/cmake/msg_types__rosidl_typesupport_introspection_cExport.cmake
-- Installing: /home/puhster/Desktop/RINS_task2/install/msg_types/share/msg_types/cmake/msg_types__rosidl_typesupport_introspection_cExport-noconfig.cmake
-- Installing: /home/puhster/Desktop/RINS_task2/install/msg_types/share/msg_types/cmake/msg_types__rosidl_typesupport_cExport.cmake
-- Installing: /home/puhster/Desktop/RINS_task2/install/msg_types/share/msg_types/cmake/msg_types__rosidl_typesupport_cExport-noconfig.cmake
-- Installing: /home/puhster/Desktop/RINS_task2/install/msg_types/share/msg_types/cmake/export_msg_types__rosidl_generator_cppExport.cmake
-- Installing: /home/puhster/Desktop/RINS_task2/install/msg_types/share/msg_types/cmake/export_msg_types__rosidl_typesupport_fastrtps_cppExport.cmake
-- Installing: /home/puhster/Desktop/RINS_task2/install/msg_types/share/msg_types/cmake/export_msg_types__rosidl_typesupport_fastrtps_cppExport-noconfig.cmake
-- Installing: /home/puhster/Desktop/RINS_task2/install/msg_types/share/msg_types/cmake/msg_types__rosidl_typesupport_introspection_cppExport.cmake
-- Installing: /home/puhster/Desktop/RINS_task2/install/msg_types/share/msg_types/cmake/msg_types__rosidl_typesupport_introspection_cppExport-noconfig.cmake
-- Installing: /home/puhster/Desktop/RINS_task2/install/msg_types/share/msg_types/cmake/msg_types__rosidl_typesupport_cppExport.cmake
-- Installing: /home/puhster/Desktop/RINS_task2/install/msg_types/share/msg_types/cmake/msg_types__rosidl_typesupport_cppExport-noconfig.cmake
-- Installing: /home/puhster/Desktop/RINS_task2/install/msg_types/share/msg_types/cmake/export_msg_types__rosidl_generator_pyExport.cmake
-- Installing: /home/puhster/Desktop/RINS_task2/install/msg_types/share/msg_types/cmake/export_msg_types__rosidl_generator_pyExport-noconfig.cmake
