[0.010s] Invoking command in '/home/puhster/Desktop/RINS_task2/build/msg_types': CMAKE_PREFIX_PATH=${CMAKE_PREFIX_PATH}:/home/puhster/Desktop/RINS/install/task1:/opt/ros/jazzy DEBUGINFOD_URLS=https://debuginfod.ubuntu.com /usr/bin/cmake /home/puhster/Desktop/RINS_task2/src/msg_types -DAMENT_CMAKE_SYMLINK_INSTALL=1 -DCMAKE_INSTALL_PREFIX=/home/puhster/Desktop/RINS_task2/install/msg_types
[0.111s] -- The C compiler identification is GNU 13.3.0
[0.182s] -- The CXX compiler identification is GNU 13.3.0
[0.194s] -- Detecting C compiler ABI info
[0.257s] -- Detecting C compiler ABI info - done
[0.262s] -- Check for working C compiler: /usr/bin/cc - skipped
[0.262s] -- Detecting C compile features
[0.262s] -- Detecting C compile features - done
[0.269s] -- Detecting CXX compiler ABI info
[0.329s] -- Detecting CXX compiler ABI info - done
[0.336s] -- Check for working CXX compiler: /usr/bin/c++ - skipped
[0.336s] -- Detecting CXX compile features
[0.337s] -- Detecting CXX compile features - done
[0.343s] -- Found ament_cmake: 2.5.6 (/opt/ros/jazzy/share/ament_cmake/cmake)
[0.459s] -- Found Python3: /usr/bin/python3 (found version "3.12.3") found components: Interpreter 
[0.512s] -- Override CMake install command with custom implementation using symlinks instead of copying resources
[0.544s] -- Found rosidl_default_generators: 1.6.0 (/opt/ros/jazzy/share/rosidl_default_generators/cmake)
[0.552s] -- Using all available rosidl_typesupport_c: rosidl_typesupport_fastrtps_c;rosidl_typesupport_introspection_c
[0.598s] -- Using all available rosidl_typesupport_cpp: rosidl_typesupport_fastrtps_cpp;rosidl_typesupport_introspection_cpp
[0.643s] -- Found rosidl_adapter: 4.6.7 (/opt/ros/jazzy/share/rosidl_adapter/cmake)
[1.007s] -- Found ament_cmake_ros: 0.12.0 (/opt/ros/jazzy/share/ament_cmake_ros/cmake)
[1.271s] -- Using all available rosidl_typesupport_c: rosidl_typesupport_fastrtps_c;rosidl_typesupport_introspection_c
[1.605s] -- Using all available rosidl_typesupport_cpp: rosidl_typesupport_fastrtps_cpp;rosidl_typesupport_introspection_cpp
[1.608s] -- Found python_cmake_module: 0.11.1 (/opt/ros/jazzy/share/python_cmake_module/cmake)
[1.684s] -- Found PythonExtra: /usr/bin/python3  
[1.933s] -- Found Python3: /usr/bin/python3 (found version "3.12.3") found components: Interpreter Development NumPy Development.Module Development.Embed 
[1.976s] -- Found Python3: /usr/bin/python3 (found version "3.12.3") found components: Interpreter 
[1.979s] -- Found ament_lint_auto: 0.17.5 (/opt/ros/jazzy/share/ament_lint_auto/cmake)
[2.006s] -- Added test 'lint_cmake' to check CMake code style
[2.007s] -- Added test 'xmllint' to check XML markup files
[2.009s] -- Configuring done (2.0s)
[2.030s] -- Generating done (0.0s)
[2.037s] -- Build files have been written to: /home/puhster/Desktop/RINS_task2/build/msg_types
[2.042s] Invoked command in '/home/puhster/Desktop/RINS_task2/build/msg_types' returned '0': CMAKE_PREFIX_PATH=${CMAKE_PREFIX_PATH}:/home/puhster/Desktop/RINS/install/task1:/opt/ros/jazzy DEBUGINFOD_URLS=https://debuginfod.ubuntu.com /usr/bin/cmake /home/puhster/Desktop/RINS_task2/src/msg_types -DAMENT_CMAKE_SYMLINK_INSTALL=1 -DCMAKE_INSTALL_PREFIX=/home/puhster/Desktop/RINS_task2/install/msg_types
[2.042s] Invoking command in '/home/puhster/Desktop/RINS_task2/build/msg_types': CMAKE_PREFIX_PATH=${CMAKE_PREFIX_PATH}:/home/puhster/Desktop/RINS/install/task1:/opt/ros/jazzy DEBUGINFOD_URLS=https://debuginfod.ubuntu.com /usr/bin/cmake --build /home/puhster/Desktop/RINS_task2/build/msg_types -- -j32 -l32
[2.071s] [  1%] [34m[1mGenerating type hashes for ROS interfaces[0m
[2.071s] [  3%] [34m[1mGenerating Rust code for ROS interfaces[0m
[2.076s] [  3%] Built target ament_cmake_python_symlink_msg_types
[2.203s] [  3%] Built target msg_types__rosidl_generator_type_description
[2.208s] [  5%] [34m[1mGenerating C code for ROS interfaces[0m
[2.209s] running egg_info
[2.210s] creating msg_types.egg-info
[2.214s] [  5%] Built target msg_types__rs
[2.215s] [  7%] [34m[1mGenerating C++ code for ROS interfaces[0m
[2.221s] writing msg_types.egg-info/PKG-INFO
[2.221s] writing dependency_links to msg_types.egg-info/dependency_links.txt
[2.221s] writing top-level names to msg_types.egg-info/top_level.txt
[2.221s] writing manifest file 'msg_types.egg-info/SOURCES.txt'
[2.256s] reading manifest file 'msg_types.egg-info/SOURCES.txt'
[2.257s] writing manifest file 'msg_types.egg-info/SOURCES.txt'
[2.277s] [  7%] Built target ament_cmake_python_build_msg_types_egg
[2.422s] [  7%] Built target msg_types__cpp
[2.448s] [  9%] [32mBuilding C object CMakeFiles/msg_types__rosidl_generator_c.dir/rosidl_generator_c/msg_types/msg/detail/face_detect__description.c.o[0m
[2.448s] [ 10%] [32mBuilding C object CMakeFiles/msg_types__rosidl_generator_c.dir/rosidl_generator_c/msg_types/msg/detail/face_detect__functions.c.o[0m
[2.448s] [ 14%] [32mBuilding C object CMakeFiles/msg_types__rosidl_generator_c.dir/rosidl_generator_c/msg_types/msg/detail/subject_clear__description.c.o[0m
[2.448s] [ 14%] [32mBuilding C object CMakeFiles/msg_types__rosidl_generator_c.dir/rosidl_generator_c/msg_types/msg/detail/face_detect__type_support.c.o[0m
[2.449s] [ 16%] [32mBuilding C object CMakeFiles/msg_types__rosidl_generator_c.dir/rosidl_generator_c/msg_types/msg/detail/ring_detect__description.c.o[0m
[2.449s] [ 18%] [32mBuilding C object CMakeFiles/msg_types__rosidl_generator_c.dir/rosidl_generator_c/msg_types/msg/detail/ring_detect__functions.c.o[0m
[2.449s] [ 20%] [32mBuilding C object CMakeFiles/msg_types__rosidl_generator_c.dir/rosidl_generator_c/msg_types/msg/detail/subject_clear__type_support.c.o[0m
[2.449s] [ 21%] [32mBuilding C object CMakeFiles/msg_types__rosidl_generator_c.dir/rosidl_generator_c/msg_types/msg/detail/ring_detect__type_support.c.o[0m
[2.449s] [ 23%] [32mBuilding C object CMakeFiles/msg_types__rosidl_generator_c.dir/rosidl_generator_c/msg_types/msg/detail/subject_clear__functions.c.o[0m
[2.498s] [ 25%] [32m[1mLinking C shared library libmsg_types__rosidl_generator_c.so[0m
[2.524s] [ 25%] Built target msg_types__rosidl_generator_c
[2.531s] [ 27%] [34m[1mGenerating C type support dispatch for ROS interfaces[0m
[2.531s] [ 29%] [34m[1mGenerating C++ type support for eProsima Fast-RTPS[0m
[2.531s] [ 32%] [34m[1mGenerating C++ introspection for ROS interfaces[0m
[2.531s] [ 32%] [34m[1mGenerating C++ type support dispatch for ROS interfaces[0m
[2.531s] [ 34%] [34m[1mGenerating C type support for eProsima Fast-RTPS[0m
[2.531s] [ 36%] [34m[1mGenerating C introspection for ROS interfaces[0m
[2.719s] [ 38%] [32mBuilding CXX object CMakeFiles/msg_types__rosidl_typesupport_c.dir/rosidl_typesupport_c/msg_types/msg/face_detect__type_support.cpp.o[0m
[2.719s] [ 40%] [32mBuilding CXX object CMakeFiles/msg_types__rosidl_typesupport_c.dir/rosidl_typesupport_c/msg_types/msg/subject_clear__type_support.cpp.o[0m
[2.721s] [ 41%] [32mBuilding CXX object CMakeFiles/msg_types__rosidl_typesupport_c.dir/rosidl_typesupport_c/msg_types/msg/ring_detect__type_support.cpp.o[0m
[2.727s] [ 43%] [32mBuilding CXX object CMakeFiles/msg_types__rosidl_typesupport_cpp.dir/rosidl_typesupport_cpp/msg_types/msg/ring_detect__type_support.cpp.o[0m
[2.728s] [ 47%] [32mBuilding CXX object CMakeFiles/msg_types__rosidl_typesupport_introspection_cpp.dir/rosidl_typesupport_introspection_cpp/msg_types/msg/detail/face_detect__type_support.cpp.o[0m
[2.728s] [ 47%] [32mBuilding CXX object CMakeFiles/msg_types__rosidl_typesupport_cpp.dir/rosidl_typesupport_cpp/msg_types/msg/subject_clear__type_support.cpp.o[0m
[2.728s] [ 49%] [32mBuilding CXX object CMakeFiles/msg_types__rosidl_typesupport_cpp.dir/rosidl_typesupport_cpp/msg_types/msg/face_detect__type_support.cpp.o[0m
[2.728s] [ 50%] [32mBuilding CXX object CMakeFiles/msg_types__rosidl_typesupport_introspection_cpp.dir/rosidl_typesupport_introspection_cpp/msg_types/msg/detail/subject_clear__type_support.cpp.o[0m
[2.729s] [ 52%] [32mBuilding CXX object CMakeFiles/msg_types__rosidl_typesupport_introspection_cpp.dir/rosidl_typesupport_introspection_cpp/msg_types/msg/detail/ring_detect__type_support.cpp.o[0m
[2.733s] [ 54%] [32mBuilding C object CMakeFiles/msg_types__rosidl_typesupport_introspection_c.dir/rosidl_typesupport_introspection_c/msg_types/msg/detail/face_detect__type_support.c.o[0m
[2.733s] [ 58%] [32mBuilding C object CMakeFiles/msg_types__rosidl_typesupport_introspection_c.dir/rosidl_typesupport_introspection_c/msg_types/msg/detail/subject_clear__type_support.c.o[0m
[2.733s] [ 58%] [32mBuilding C object CMakeFiles/msg_types__rosidl_typesupport_introspection_c.dir/rosidl_typesupport_introspection_c/msg_types/msg/detail/ring_detect__type_support.c.o[0m
[2.758s] [ 60%] [32m[1mLinking CXX shared library libmsg_types__rosidl_typesupport_c.so[0m
[2.761s] [ 61%] [32mBuilding CXX object CMakeFiles/msg_types__rosidl_typesupport_fastrtps_cpp.dir/rosidl_typesupport_fastrtps_cpp/msg_types/msg/detail/dds_fastrtps/face_detect__type_support.cpp.o[0m
[2.761s] [ 63%] [32m[1mLinking C shared library libmsg_types__rosidl_typesupport_introspection_c.so[0m
[2.762s] [ 65%] [32mBuilding CXX object CMakeFiles/msg_types__rosidl_typesupport_fastrtps_cpp.dir/rosidl_typesupport_fastrtps_cpp/msg_types/msg/detail/dds_fastrtps/subject_clear__type_support.cpp.o[0m
[2.762s] [ 67%] [32mBuilding CXX object CMakeFiles/msg_types__rosidl_typesupport_fastrtps_cpp.dir/rosidl_typesupport_fastrtps_cpp/msg_types/msg/detail/dds_fastrtps/ring_detect__type_support.cpp.o[0m
[2.767s] [ 69%] [32mBuilding CXX object CMakeFiles/msg_types__rosidl_typesupport_fastrtps_c.dir/rosidl_typesupport_fastrtps_c/msg_types/msg/detail/face_detect__type_support_c.cpp.o[0m
[2.767s] [ 70%] [32mBuilding CXX object CMakeFiles/msg_types__rosidl_typesupport_fastrtps_c.dir/rosidl_typesupport_fastrtps_c/msg_types/msg/detail/subject_clear__type_support_c.cpp.o[0m
[2.767s] [ 72%] [32mBuilding CXX object CMakeFiles/msg_types__rosidl_typesupport_fastrtps_c.dir/rosidl_typesupport_fastrtps_c/msg_types/msg/detail/ring_detect__type_support_c.cpp.o[0m
[2.787s] [ 72%] Built target msg_types__rosidl_typesupport_introspection_c
[2.790s] [ 72%] Built target msg_types__rosidl_typesupport_c
[3.093s] [ 74%] [32m[1mLinking CXX shared library libmsg_types__rosidl_typesupport_cpp.so[0m
[3.100s] [ 76%] [32m[1mLinking CXX shared library libmsg_types__rosidl_typesupport_introspection_cpp.so[0m
[3.104s] [ 78%] [32m[1mLinking CXX shared library libmsg_types__rosidl_typesupport_fastrtps_c.so[0m
[3.125s] [ 78%] Built target msg_types__rosidl_typesupport_cpp
[3.137s] [ 80%] [32m[1mLinking CXX shared library libmsg_types__rosidl_typesupport_fastrtps_cpp.so[0m
[3.150s] [ 80%] Built target msg_types__rosidl_typesupport_introspection_cpp
[3.156s] [ 80%] Built target msg_types__rosidl_typesupport_fastrtps_c
[3.192s] [ 80%] Built target msg_types__rosidl_typesupport_fastrtps_cpp
[3.205s] [ 80%] Built target msg_types
[3.216s] [ 81%] [34m[1mGenerating Python code for ROS interfaces[0m
[3.457s] [ 81%] Built target msg_types__py
[3.468s] [ 83%] [32mBuilding C object CMakeFiles/msg_types__rosidl_generator_py.dir/rosidl_generator_py/msg_types/msg/_face_detect_s.c.o[0m
[3.468s] [ 85%] [32mBuilding C object CMakeFiles/msg_types__rosidl_generator_py.dir/rosidl_generator_py/msg_types/msg/_subject_clear_s.c.o[0m
[3.468s] [ 87%] [32mBuilding C object CMakeFiles/msg_types__rosidl_generator_py.dir/rosidl_generator_py/msg_types/msg/_ring_detect_s.c.o[0m
[3.559s] [ 89%] [32m[1mLinking C shared library libmsg_types__rosidl_generator_py.so[0m
[3.584s] [ 89%] Built target msg_types__rosidl_generator_py
[3.596s] [ 94%] [32mBuilding C object CMakeFiles/msg_types_s__rosidl_typesupport_fastrtps_c.dir/rosidl_generator_py/msg_types/_msg_types_s.ep.rosidl_typesupport_fastrtps_c.c.o[0m
[3.596s] [ 94%] [32mBuilding C object CMakeFiles/msg_types_s__rosidl_typesupport_introspection_c.dir/rosidl_generator_py/msg_types/_msg_types_s.ep.rosidl_typesupport_introspection_c.c.o[0m
[3.596s] [ 94%] [32mBuilding C object CMakeFiles/msg_types_s__rosidl_typesupport_c.dir/rosidl_generator_py/msg_types/_msg_types_s.ep.rosidl_typesupport_c.c.o[0m
[3.665s] [ 96%] [32m[1mLinking C shared module rosidl_generator_py/msg_types/msg_types_s__rosidl_typesupport_c.so[0m
[3.666s] [ 98%] [32m[1mLinking C shared module rosidl_generator_py/msg_types/msg_types_s__rosidl_typesupport_introspection_c.so[0m
[3.666s] [100%] [32m[1mLinking C shared module rosidl_generator_py/msg_types/msg_types_s__rosidl_typesupport_fastrtps_c.so[0m
[3.686s] [100%] Built target msg_types_s__rosidl_typesupport_introspection_c
[3.686s] [100%] Built target msg_types_s__rosidl_typesupport_fastrtps_c
[3.687s] [100%] Built target msg_types_s__rosidl_typesupport_c
[3.694s] Invoked command in '/home/puhster/Desktop/RINS_task2/build/msg_types' returned '0': CMAKE_PREFIX_PATH=${CMAKE_PREFIX_PATH}:/home/puhster/Desktop/RINS/install/task1:/opt/ros/jazzy DEBUGINFOD_URLS=https://debuginfod.ubuntu.com /usr/bin/cmake --build /home/puhster/Desktop/RINS_task2/build/msg_types -- -j32 -l32
[3.695s] Invoking command in '/home/puhster/Desktop/RINS_task2/build/msg_types': CMAKE_PREFIX_PATH=${CMAKE_PREFIX_PATH}:/home/puhster/Desktop/RINS/install/task1:/opt/ros/jazzy DEBUGINFOD_URLS=https://debuginfod.ubuntu.com /usr/bin/cmake --install /home/puhster/Desktop/RINS_task2/build/msg_types
[3.699s] -- Install configuration: ""
[3.699s] -- Execute custom install script
[3.699s] -- Symlinking: /home/puhster/Desktop/RINS_task2/install/msg_types/share/ament_index/resource_index/rosidl_interfaces/msg_types
[3.703s] -- Symlinking: /home/puhster/Desktop/RINS_task2/install/msg_types/share/msg_types/msg/FaceDetect.json
[3.706s] -- Symlinking: /home/puhster/Desktop/RINS_task2/install/msg_types/share/msg_types/msg/SubjectClear.json
[3.710s] -- Symlinking: /home/puhster/Desktop/RINS_task2/install/msg_types/share/msg_types/msg/RingDetect.json
[3.715s] -- Symlinking: /home/puhster/Desktop/RINS_task2/install/msg_types/include/msg_types/msg_types/msg/detail/face_detect__functions.h
[3.718s] -- Symlinking: /home/puhster/Desktop/RINS_task2/install/msg_types/include/msg_types/msg_types/msg/detail/face_detect__struct.h
[3.724s] -- Symlinking: /home/puhster/Desktop/RINS_task2/install/msg_types/include/msg_types/msg_types/msg/detail/face_detect__type_support.h
[3.728s] -- Symlinking: /home/puhster/Desktop/RINS_task2/install/msg_types/include/msg_types/msg_types/msg/detail/ring_detect__functions.h
[3.732s] -- Symlinking: /home/puhster/Desktop/RINS_task2/install/msg_types/include/msg_types/msg_types/msg/detail/ring_detect__struct.h
[3.738s] -- Symlinking: /home/puhster/Desktop/RINS_task2/install/msg_types/include/msg_types/msg_types/msg/detail/ring_detect__type_support.h
[3.741s] -- Symlinking: /home/puhster/Desktop/RINS_task2/install/msg_types/include/msg_types/msg_types/msg/detail/subject_clear__functions.h
[3.745s] -- Symlinking: /home/puhster/Desktop/RINS_task2/install/msg_types/include/msg_types/msg_types/msg/detail/subject_clear__struct.h
[3.748s] -- Symlinking: /home/puhster/Desktop/RINS_task2/install/msg_types/include/msg_types/msg_types/msg/detail/subject_clear__type_support.h
[3.751s] -- Symlinking: /home/puhster/Desktop/RINS_task2/install/msg_types/include/msg_types/msg_types/msg/face_detect.h
[3.754s] -- Symlinking: /home/puhster/Desktop/RINS_task2/install/msg_types/include/msg_types/msg_types/msg/ring_detect.h
[3.758s] -- Symlinking: /home/puhster/Desktop/RINS_task2/install/msg_types/include/msg_types/msg_types/msg/rosidl_generator_c__visibility_control.h
[3.760s] -- Symlinking: /home/puhster/Desktop/RINS_task2/install/msg_types/include/msg_types/msg_types/msg/subject_clear.h
[3.763s] -- Symlinking: /home/puhster/Desktop/RINS_task2/install/msg_types/share/msg_types/environment/library_path.sh
[3.766s] -- Symlinking: /home/puhster/Desktop/RINS_task2/install/msg_types/share/msg_types/environment/library_path.dsv
[3.770s] -- Symlinking: /home/puhster/Desktop/RINS_task2/install/msg_types/include/msg_types/msg_types/msg/detail/face_detect__rosidl_typesupport_fastrtps_c.h
[3.773s] -- Symlinking: /home/puhster/Desktop/RINS_task2/install/msg_types/include/msg_types/msg_types/msg/detail/ring_detect__rosidl_typesupport_fastrtps_c.h
[3.777s] -- Symlinking: /home/puhster/Desktop/RINS_task2/install/msg_types/include/msg_types/msg_types/msg/detail/subject_clear__rosidl_typesupport_fastrtps_c.h
[3.780s] -- Symlinking: /home/puhster/Desktop/RINS_task2/install/msg_types/include/msg_types/msg_types/msg/rosidl_typesupport_fastrtps_c__visibility_control.h
[3.784s] -- Symlinking: /home/puhster/Desktop/RINS_task2/install/msg_types/include/msg_types/msg_types/msg/detail/face_detect__rosidl_typesupport_introspection_c.h
[3.787s] -- Symlinking: /home/puhster/Desktop/RINS_task2/install/msg_types/include/msg_types/msg_types/msg/detail/ring_detect__rosidl_typesupport_introspection_c.h
[3.790s] -- Symlinking: /home/puhster/Desktop/RINS_task2/install/msg_types/include/msg_types/msg_types/msg/detail/subject_clear__rosidl_typesupport_introspection_c.h
[3.793s] -- Symlinking: /home/puhster/Desktop/RINS_task2/install/msg_types/include/msg_types/msg_types/msg/rosidl_typesupport_introspection_c__visibility_control.h
[3.796s] -- Symlinking: /home/puhster/Desktop/RINS_task2/install/msg_types/include/msg_types/msg_types/msg/detail/face_detect__builder.hpp
[3.799s] -- Symlinking: /home/puhster/Desktop/RINS_task2/install/msg_types/include/msg_types/msg_types/msg/detail/face_detect__struct.hpp
[3.802s] -- Symlinking: /home/puhster/Desktop/RINS_task2/install/msg_types/include/msg_types/msg_types/msg/detail/face_detect__traits.hpp
[3.804s] -- Symlinking: /home/puhster/Desktop/RINS_task2/install/msg_types/include/msg_types/msg_types/msg/detail/face_detect__type_support.hpp
[3.807s] -- Symlinking: /home/puhster/Desktop/RINS_task2/install/msg_types/include/msg_types/msg_types/msg/detail/ring_detect__builder.hpp
[3.810s] -- Symlinking: /home/puhster/Desktop/RINS_task2/install/msg_types/include/msg_types/msg_types/msg/detail/ring_detect__struct.hpp
[3.813s] -- Symlinking: /home/puhster/Desktop/RINS_task2/install/msg_types/include/msg_types/msg_types/msg/detail/ring_detect__traits.hpp
[3.816s] -- Symlinking: /home/puhster/Desktop/RINS_task2/install/msg_types/include/msg_types/msg_types/msg/detail/ring_detect__type_support.hpp
[3.819s] -- Symlinking: /home/puhster/Desktop/RINS_task2/install/msg_types/include/msg_types/msg_types/msg/detail/subject_clear__builder.hpp
[3.823s] -- Symlinking: /home/puhster/Desktop/RINS_task2/install/msg_types/include/msg_types/msg_types/msg/detail/subject_clear__struct.hpp
[3.827s] -- Symlinking: /home/puhster/Desktop/RINS_task2/install/msg_types/include/msg_types/msg_types/msg/detail/subject_clear__traits.hpp
[3.831s] -- Symlinking: /home/puhster/Desktop/RINS_task2/install/msg_types/include/msg_types/msg_types/msg/detail/subject_clear__type_support.hpp
[3.835s] -- Symlinking: /home/puhster/Desktop/RINS_task2/install/msg_types/include/msg_types/msg_types/msg/face_detect.hpp
[3.838s] -- Symlinking: /home/puhster/Desktop/RINS_task2/install/msg_types/include/msg_types/msg_types/msg/ring_detect.hpp
[3.842s] -- Symlinking: /home/puhster/Desktop/RINS_task2/install/msg_types/include/msg_types/msg_types/msg/rosidl_generator_cpp__visibility_control.hpp
[3.846s] -- Symlinking: /home/puhster/Desktop/RINS_task2/install/msg_types/include/msg_types/msg_types/msg/subject_clear.hpp
[3.849s] -- Symlinking: /home/puhster/Desktop/RINS_task2/install/msg_types/include/msg_types/msg_types/msg/detail/face_detect__rosidl_typesupport_fastrtps_cpp.hpp
[3.852s] -- Symlinking: /home/puhster/Desktop/RINS_task2/install/msg_types/include/msg_types/msg_types/msg/detail/ring_detect__rosidl_typesupport_fastrtps_cpp.hpp
[3.855s] -- Symlinking: /home/puhster/Desktop/RINS_task2/install/msg_types/include/msg_types/msg_types/msg/detail/subject_clear__rosidl_typesupport_fastrtps_cpp.hpp
[3.858s] -- Symlinking: /home/puhster/Desktop/RINS_task2/install/msg_types/include/msg_types/msg_types/msg/rosidl_typesupport_fastrtps_cpp__visibility_control.h
[3.862s] -- Symlinking: /home/puhster/Desktop/RINS_task2/install/msg_types/include/msg_types/msg_types/msg/detail/face_detect__rosidl_typesupport_introspection_cpp.hpp
[3.865s] -- Symlinking: /home/puhster/Desktop/RINS_task2/install/msg_types/include/msg_types/msg_types/msg/detail/ring_detect__rosidl_typesupport_introspection_cpp.hpp
[3.868s] -- Symlinking: /home/puhster/Desktop/RINS_task2/install/msg_types/include/msg_types/msg_types/msg/detail/subject_clear__rosidl_typesupport_introspection_cpp.hpp
[3.873s] -- Symlinking: /home/puhster/Desktop/RINS_task2/install/msg_types/share/msg_types/environment/pythonpath.sh
[3.877s] -- Symlinking: /home/puhster/Desktop/RINS_task2/install/msg_types/share/msg_types/environment/pythonpath.dsv
[3.882s] -- Symlinking: /home/puhster/Desktop/RINS_task2/install/msg_types/lib/python3.12/site-packages/msg_types-0.0.0-py3.12.egg-info/PKG-INFO
[3.885s] -- Symlinking: /home/puhster/Desktop/RINS_task2/install/msg_types/lib/python3.12/site-packages/msg_types-0.0.0-py3.12.egg-info/SOURCES.txt
[3.889s] -- Symlinking: /home/puhster/Desktop/RINS_task2/install/msg_types/lib/python3.12/site-packages/msg_types-0.0.0-py3.12.egg-info/dependency_links.txt
[3.893s] -- Symlinking: /home/puhster/Desktop/RINS_task2/install/msg_types/lib/python3.12/site-packages/msg_types-0.0.0-py3.12.egg-info/top_level.txt
[3.898s] -- Symlinking: /home/puhster/Desktop/RINS_task2/install/msg_types/lib/python3.12/site-packages/msg_types/__init__.py
[3.902s] -- Symlinking: /home/puhster/Desktop/RINS_task2/install/msg_types/lib/python3.12/site-packages/msg_types/_msg_types_s.ep.rosidl_typesupport_c.c
[3.907s] -- Symlinking: /home/puhster/Desktop/RINS_task2/install/msg_types/lib/python3.12/site-packages/msg_types/_msg_types_s.ep.rosidl_typesupport_fastrtps_c.c
[3.910s] -- Symlinking: /home/puhster/Desktop/RINS_task2/install/msg_types/lib/python3.12/site-packages/msg_types/_msg_types_s.ep.rosidl_typesupport_introspection_c.c
[3.914s] -- Symlinking: /home/puhster/Desktop/RINS_task2/install/msg_types/lib/python3.12/site-packages/msg_types/msg/__init__.py
[3.917s] -- Symlinking: /home/puhster/Desktop/RINS_task2/install/msg_types/lib/python3.12/site-packages/msg_types/msg/_face_detect.py
[3.921s] -- Symlinking: /home/puhster/Desktop/RINS_task2/install/msg_types/lib/python3.12/site-packages/msg_types/msg/_face_detect_s.c
[3.925s] -- Symlinking: /home/puhster/Desktop/RINS_task2/install/msg_types/lib/python3.12/site-packages/msg_types/msg/_ring_detect.py
[3.931s] -- Symlinking: /home/puhster/Desktop/RINS_task2/install/msg_types/lib/python3.12/site-packages/msg_types/msg/_ring_detect_s.c
[3.937s] -- Symlinking: /home/puhster/Desktop/RINS_task2/install/msg_types/lib/python3.12/site-packages/msg_types/msg/_subject_clear.py
[3.941s] -- Symlinking: /home/puhster/Desktop/RINS_task2/install/msg_types/lib/python3.12/site-packages/msg_types/msg/_subject_clear_s.c
[3.946s] -- Symlinking: /home/puhster/Desktop/RINS_task2/install/msg_types/lib/python3.12/site-packages/msg_types/msg_types_s__rosidl_typesupport_c.so
[3.950s] -- Symlinking: /home/puhster/Desktop/RINS_task2/install/msg_types/lib/python3.12/site-packages/msg_types/msg_types_s__rosidl_typesupport_fastrtps_c.so
[3.953s] -- Symlinking: /home/puhster/Desktop/RINS_task2/install/msg_types/lib/python3.12/site-packages/msg_types/msg_types_s__rosidl_typesupport_introspection_c.so
[3.958s] -- Up-to-date symlink: /home/puhster/Desktop/RINS_task2/install/msg_types/lib/python3.12/site-packages/msg_types/msg_types_s__rosidl_typesupport_fastrtps_c.so
[3.958s] -- Up-to-date symlink: /home/puhster/Desktop/RINS_task2/install/msg_types/lib/python3.12/site-packages/msg_types/msg_types_s__rosidl_typesupport_introspection_c.so
[3.958s] -- Up-to-date symlink: /home/puhster/Desktop/RINS_task2/install/msg_types/lib/python3.12/site-packages/msg_types/msg_types_s__rosidl_typesupport_c.so
[3.958s] -- Symlinking: /home/puhster/Desktop/RINS_task2/install/msg_types/share/ament_index/resource_index/rust_packages/msg_types
[3.961s] -- Symlinking: /home/puhster/Desktop/RINS_task2/install/msg_types/share/msg_types/rust/Cargo.toml
[3.966s] -- Symlinking: /home/puhster/Desktop/RINS_task2/install/msg_types/share/msg_types/rust/build.rs
[3.970s] -- Symlinking: /home/puhster/Desktop/RINS_task2/install/msg_types/share/msg_types/rust/src/lib.rs
[3.973s] -- Symlinking: /home/puhster/Desktop/RINS_task2/install/msg_types/share/msg_types/rust/src/msg.rs
[3.978s] -- Symlinking: /home/puhster/Desktop/RINS_task2/install/msg_types/share/msg_types/rust/src/msg/rmw.rs
[3.981s] -- Symlinking: /home/puhster/Desktop/RINS_task2/install/msg_types/share/msg_types/msg/FaceDetect.idl
[3.985s] -- Symlinking: /home/puhster/Desktop/RINS_task2/install/msg_types/share/msg_types/msg/SubjectClear.idl
[3.988s] -- Symlinking: /home/puhster/Desktop/RINS_task2/install/msg_types/share/msg_types/msg/RingDetect.idl
[3.991s] -- Symlinking: /home/puhster/Desktop/RINS_task2/install/msg_types/share/msg_types/msg/FaceDetect.msg
[3.996s] -- Symlinking: /home/puhster/Desktop/RINS_task2/install/msg_types/share/msg_types/msg/SubjectClear.msg
[3.999s] -- Symlinking: /home/puhster/Desktop/RINS_task2/install/msg_types/share/msg_types/msg/RingDetect.msg
[4.003s] -- Symlinking: /home/puhster/Desktop/RINS_task2/install/msg_types/share/ament_index/resource_index/package_run_dependencies/msg_types
[4.006s] -- Symlinking: /home/puhster/Desktop/RINS_task2/install/msg_types/share/ament_index/resource_index/parent_prefix_path/msg_types
[4.010s] -- Symlinking: /home/puhster/Desktop/RINS_task2/install/msg_types/share/msg_types/environment/ament_prefix_path.sh
[4.016s] -- Symlinking: /home/puhster/Desktop/RINS_task2/install/msg_types/share/msg_types/environment/ament_prefix_path.dsv
[4.023s] -- Symlinking: /home/puhster/Desktop/RINS_task2/install/msg_types/share/msg_types/environment/path.sh
[4.030s] -- Symlinking: /home/puhster/Desktop/RINS_task2/install/msg_types/share/msg_types/environment/path.dsv
[4.035s] -- Symlinking: /home/puhster/Desktop/RINS_task2/install/msg_types/share/msg_types/local_setup.bash
[4.040s] -- Symlinking: /home/puhster/Desktop/RINS_task2/install/msg_types/share/msg_types/local_setup.sh
[4.043s] -- Symlinking: /home/puhster/Desktop/RINS_task2/install/msg_types/share/msg_types/local_setup.zsh
[4.048s] -- Symlinking: /home/puhster/Desktop/RINS_task2/install/msg_types/share/msg_types/local_setup.dsv
[4.051s] -- Symlinking: /home/puhster/Desktop/RINS_task2/install/msg_types/share/msg_types/package.dsv
[4.055s] -- Symlinking: /home/puhster/Desktop/RINS_task2/install/msg_types/share/ament_index/resource_index/packages/msg_types
[4.059s] -- Symlinking: /home/puhster/Desktop/RINS_task2/install/msg_types/share/msg_types/cmake/rosidl_cmake-extras.cmake
[4.064s] -- Symlinking: /home/puhster/Desktop/RINS_task2/install/msg_types/share/msg_types/cmake/ament_cmake_export_include_directories-extras.cmake
[4.068s] -- Symlinking: /home/puhster/Desktop/RINS_task2/install/msg_types/share/msg_types/cmake/ament_cmake_export_libraries-extras.cmake
[4.072s] -- Symlinking: /home/puhster/Desktop/RINS_task2/install/msg_types/share/msg_types/cmake/ament_cmake_export_targets-extras.cmake
[4.076s] -- Symlinking: /home/puhster/Desktop/RINS_task2/install/msg_types/share/msg_types/cmake/rosidl_cmake_export_typesupport_targets-extras.cmake
[4.081s] -- Symlinking: /home/puhster/Desktop/RINS_task2/install/msg_types/share/msg_types/cmake/ament_cmake_export_dependencies-extras.cmake
[4.085s] -- Symlinking: /home/puhster/Desktop/RINS_task2/install/msg_types/share/msg_types/cmake/rosidl_cmake_export_typesupport_libraries-extras.cmake
[4.089s] -- Symlinking: /home/puhster/Desktop/RINS_task2/install/msg_types/share/msg_types/cmake/msg_typesConfig.cmake
[4.094s] -- Symlinking: /home/puhster/Desktop/RINS_task2/install/msg_types/share/msg_types/cmake/msg_typesConfig-version.cmake
[4.098s] -- Symlinking: /home/puhster/Desktop/RINS_task2/install/msg_types/share/msg_types/package.xml
[4.103s] -- Installing: /home/puhster/Desktop/RINS_task2/install/msg_types/lib/libmsg_types__rosidl_generator_c.so
[4.103s] -- Set non-toolchain portion of runtime path of "/home/puhster/Desktop/RINS_task2/install/msg_types/lib/libmsg_types__rosidl_generator_c.so" to ""
[4.103s] -- Installing: /home/puhster/Desktop/RINS_task2/install/msg_types/lib/libmsg_types__rosidl_typesupport_fastrtps_c.so
[4.103s] -- Set non-toolchain portion of runtime path of "/home/puhster/Desktop/RINS_task2/install/msg_types/lib/libmsg_types__rosidl_typesupport_fastrtps_c.so" to ""
[4.103s] -- Installing: /home/puhster/Desktop/RINS_task2/install/msg_types/lib/libmsg_types__rosidl_typesupport_introspection_c.so
[4.103s] -- Set non-toolchain portion of runtime path of "/home/puhster/Desktop/RINS_task2/install/msg_types/lib/libmsg_types__rosidl_typesupport_introspection_c.so" to ""
[4.103s] -- Installing: /home/puhster/Desktop/RINS_task2/install/msg_types/lib/libmsg_types__rosidl_typesupport_c.so
[4.104s] -- Set non-toolchain portion of runtime path of "/home/puhster/Desktop/RINS_task2/install/msg_types/lib/libmsg_types__rosidl_typesupport_c.so" to ""
[4.104s] -- Installing: /home/puhster/Desktop/RINS_task2/install/msg_types/lib/libmsg_types__rosidl_typesupport_fastrtps_cpp.so
[4.104s] -- Set non-toolchain portion of runtime path of "/home/puhster/Desktop/RINS_task2/install/msg_types/lib/libmsg_types__rosidl_typesupport_fastrtps_cpp.so" to ""
[4.104s] -- Installing: /home/puhster/Desktop/RINS_task2/install/msg_types/lib/libmsg_types__rosidl_typesupport_introspection_cpp.so
[4.104s] -- Set non-toolchain portion of runtime path of "/home/puhster/Desktop/RINS_task2/install/msg_types/lib/libmsg_types__rosidl_typesupport_introspection_cpp.so" to ""
[4.104s] -- Installing: /home/puhster/Desktop/RINS_task2/install/msg_types/lib/libmsg_types__rosidl_typesupport_cpp.so
[4.104s] -- Set non-toolchain portion of runtime path of "/home/puhster/Desktop/RINS_task2/install/msg_types/lib/libmsg_types__rosidl_typesupport_cpp.so" to ""
[4.132s] Listing '/home/puhster/Desktop/RINS_task2/install/msg_types/lib/python3.12/site-packages/msg_types'...
[4.132s] Compiling '/home/puhster/Desktop/RINS_task2/install/msg_types/lib/python3.12/site-packages/msg_types/__init__.py'...
[4.132s] Listing '/home/puhster/Desktop/RINS_task2/install/msg_types/lib/python3.12/site-packages/msg_types/msg'...
[4.132s] Compiling '/home/puhster/Desktop/RINS_task2/install/msg_types/lib/python3.12/site-packages/msg_types/msg/__init__.py'...
[4.132s] Compiling '/home/puhster/Desktop/RINS_task2/install/msg_types/lib/python3.12/site-packages/msg_types/msg/_face_detect.py'...
[4.132s] Compiling '/home/puhster/Desktop/RINS_task2/install/msg_types/lib/python3.12/site-packages/msg_types/msg/_ring_detect.py'...
[4.132s] Compiling '/home/puhster/Desktop/RINS_task2/install/msg_types/lib/python3.12/site-packages/msg_types/msg/_subject_clear.py'...
[4.135s] -- Installing: /home/puhster/Desktop/RINS_task2/install/msg_types/lib/libmsg_types__rosidl_generator_py.so
[4.136s] -- Set non-toolchain portion of runtime path of "/home/puhster/Desktop/RINS_task2/install/msg_types/lib/libmsg_types__rosidl_generator_py.so" to ""
[4.136s] -- Installing: /home/puhster/Desktop/RINS_task2/install/msg_types/share/msg_types/cmake/export_msg_types__rosidl_generator_cExport.cmake
[4.136s] -- Installing: /home/puhster/Desktop/RINS_task2/install/msg_types/share/msg_types/cmake/export_msg_types__rosidl_generator_cExport-noconfig.cmake
[4.136s] -- Installing: /home/puhster/Desktop/RINS_task2/install/msg_types/share/msg_types/cmake/export_msg_types__rosidl_typesupport_fastrtps_cExport.cmake
[4.136s] -- Installing: /home/puhster/Desktop/RINS_task2/install/msg_types/share/msg_types/cmake/export_msg_types__rosidl_typesupport_fastrtps_cExport-noconfig.cmake
[4.136s] -- Installing: /home/puhster/Desktop/RINS_task2/install/msg_types/share/msg_types/cmake/msg_types__rosidl_typesupport_introspection_cExport.cmake
[4.136s] -- Installing: /home/puhster/Desktop/RINS_task2/install/msg_types/share/msg_types/cmake/msg_types__rosidl_typesupport_introspection_cExport-noconfig.cmake
[4.136s] -- Installing: /home/puhster/Desktop/RINS_task2/install/msg_types/share/msg_types/cmake/msg_types__rosidl_typesupport_cExport.cmake
[4.137s] -- Installing: /home/puhster/Desktop/RINS_task2/install/msg_types/share/msg_types/cmake/msg_types__rosidl_typesupport_cExport-noconfig.cmake
[4.137s] -- Installing: /home/puhster/Desktop/RINS_task2/install/msg_types/share/msg_types/cmake/export_msg_types__rosidl_generator_cppExport.cmake
[4.137s] -- Installing: /home/puhster/Desktop/RINS_task2/install/msg_types/share/msg_types/cmake/export_msg_types__rosidl_typesupport_fastrtps_cppExport.cmake
[4.137s] -- Installing: /home/puhster/Desktop/RINS_task2/install/msg_types/share/msg_types/cmake/export_msg_types__rosidl_typesupport_fastrtps_cppExport-noconfig.cmake
[4.137s] -- Installing: /home/puhster/Desktop/RINS_task2/install/msg_types/share/msg_types/cmake/msg_types__rosidl_typesupport_introspection_cppExport.cmake
[4.137s] -- Installing: /home/puhster/Desktop/RINS_task2/install/msg_types/share/msg_types/cmake/msg_types__rosidl_typesupport_introspection_cppExport-noconfig.cmake
[4.137s] -- Installing: /home/puhster/Desktop/RINS_task2/install/msg_types/share/msg_types/cmake/msg_types__rosidl_typesupport_cppExport.cmake
[4.138s] -- Installing: /home/puhster/Desktop/RINS_task2/install/msg_types/share/msg_types/cmake/msg_types__rosidl_typesupport_cppExport-noconfig.cmake
[4.138s] -- Installing: /home/puhster/Desktop/RINS_task2/install/msg_types/share/msg_types/cmake/export_msg_types__rosidl_generator_pyExport.cmake
[4.138s] -- Installing: /home/puhster/Desktop/RINS_task2/install/msg_types/share/msg_types/cmake/export_msg_types__rosidl_generator_pyExport-noconfig.cmake
[4.138s] Invoked command in '/home/puhster/Desktop/RINS_task2/build/msg_types' returned '0': CMAKE_PREFIX_PATH=${CMAKE_PREFIX_PATH}:/home/puhster/Desktop/RINS/install/task1:/opt/ros/jazzy DEBUGINFOD_URLS=https://debuginfod.ubuntu.com /usr/bin/cmake --install /home/puhster/Desktop/RINS_task2/build/msg_types
