-- The C compiler identification is GNU 13.3.0
-- The CXX compiler identification is GNU 13.3.0
-- Detecting C compiler ABI info
-- Detecting C compiler ABI info - done
-- Check for working C compiler: /usr/bin/cc - skipped
-- Detecting C compile features
-- Detecting C compile features - done
-- Detecting CXX compiler ABI info
-- Detecting CXX compiler ABI info - done
-- Check for working CXX compiler: /usr/bin/c++ - skipped
-- Detecting CXX compile features
-- Detecting CXX compile features - done
-- Found ament_cmake: 2.5.6 (/opt/ros/jazzy/share/ament_cmake/cmake)
-- Found Python3: /usr/bin/python3 (found version "3.12.3") found components: Interpreter 
-- Override CMake install command with custom implementation using symlinks instead of copying resources
-- Found rclcpp: 28.1.18 (/opt/ros/jazzy/share/rclcpp/cmake)
-- Found rosidl_generator_c: 4.6.7 (/opt/ros/jazzy/share/rosidl_generator_c/cmake)
-- Found rosidl_generator_cpp: 4.6.7 (/opt/ros/jazzy/share/rosidl_generator_cpp/cmake)
-- Using all available rosidl_typesupport_c: rosidl_typesupport_fastrtps_c;rosidl_typesupport_introspection_c
-- Using all available rosidl_typesupport_cpp: rosidl_typesupport_fastrtps_cpp;rosidl_typesupport_introspection_cpp
-- Found rmw_implementation_cmake: 7.3.3 (/opt/ros/jazzy/share/rmw_implementation_cmake/cmake)
-- Found rmw_zenoh_cpp: 0.2.9 (/opt/ros/jazzy/share/rmw_zenoh_cpp/cmake)
-- Using RMW implementation 'rmw_zenoh_cpp' as default
-- Found rclpy: 7.1.11 (/opt/ros/jazzy/share/rclpy/cmake)
-- Found std_msgs: 5.3.7 (/opt/ros/jazzy/share/std_msgs/cmake)
-- Found std_srvs: 5.3.7 (/opt/ros/jazzy/share/std_srvs/cmake)
-- Configuring done (1.2s)
-- Generating done (0.0s)
-- Build files have been written to: /home/puhster/Desktop/RINS_task2/build/dis_tutorial3
-- Install configuration: ""
-- Execute custom install script
-- Symlinking: /home/puhster/Desktop/RINS_task2/install/dis_tutorial3/share/dis_tutorial3//launch/dis_sim.launch.py
-- Symlinking: /home/puhster/Desktop/RINS_task2/install/dis_tutorial3/share/dis_tutorial3//launch/fixed_navigation.launch.py
-- Symlinking: /home/puhster/Desktop/RINS_task2/install/dis_tutorial3/share/dis_tutorial3//launch/localization.launch.py
-- Symlinking: /home/puhster/Desktop/RINS_task2/install/dis_tutorial3/share/dis_tutorial3//launch/nav2.launch.py
-- Symlinking: /home/puhster/Desktop/RINS_task2/install/dis_tutorial3/share/dis_tutorial3//launch/robot_description.launch.py
-- Symlinking: /home/puhster/Desktop/RINS_task2/install/dis_tutorial3/share/dis_tutorial3//launch/sim.launch.py
-- Symlinking: /home/puhster/Desktop/RINS_task2/install/dis_tutorial3/share/dis_tutorial3//launch/sim_turtlebot_nav.launch.py
-- Symlinking: /home/puhster/Desktop/RINS_task2/install/dis_tutorial3/share/dis_tutorial3//launch/sim_turtlebot_slam.launch.py
-- Symlinking: /home/puhster/Desktop/RINS_task2/install/dis_tutorial3/share/dis_tutorial3//launch/slam.launch.py
-- Symlinking: /home/puhster/Desktop/RINS_task2/install/dis_tutorial3/share/dis_tutorial3//launch/turtlebot4_spawn.launch.py
-- Symlinking: /home/puhster/Desktop/RINS_task2/install/dis_tutorial3/share/dis_tutorial3//config/laser_filter_chain.yaml
-- Symlinking: /home/puhster/Desktop/RINS_task2/install/dis_tutorial3/share/dis_tutorial3//config/localization.yaml
-- Symlinking: /home/puhster/Desktop/RINS_task2/install/dis_tutorial3/share/dis_tutorial3//config/nav2.yaml
-- Symlinking: /home/puhster/Desktop/RINS_task2/install/dis_tutorial3/share/dis_tutorial3//config/slam.yaml
-- Symlinking: /home/puhster/Desktop/RINS_task2/install/dis_tutorial3/share/dis_tutorial3//worlds/2024/task2_demo1.sdf
-- Symlinking: /home/puhster/Desktop/RINS_task2/install/dis_tutorial3/share/dis_tutorial3//worlds/2024/task2_demo1_meshes/cylinders.jpg
-- Symlinking: /home/puhster/Desktop/RINS_task2/install/dis_tutorial3/share/dis_tutorial3//worlds/2024/task2_demo1_meshes/fakering1.jpg
-- Symlinking: /home/puhster/Desktop/RINS_task2/install/dis_tutorial3/share/dis_tutorial3//worlds/2024/task2_demo1_meshes/fakering2.jpg
-- Symlinking: /home/puhster/Desktop/RINS_task2/install/dis_tutorial3/share/dis_tutorial3//worlds/2024/task2_demo1_meshes/fakering3.jpg
-- Symlinking: /home/puhster/Desktop/RINS_task2/install/dis_tutorial3/share/dis_tutorial3//worlds/2024/task2_demo1_meshes/ground.jpg
-- Symlinking: /home/puhster/Desktop/RINS_task2/install/dis_tutorial3/share/dis_tutorial3//worlds/2024/task2_demo1_meshes/map.dae
-- Symlinking: /home/puhster/Desktop/RINS_task2/install/dis_tutorial3/share/dis_tutorial3//worlds/2024/task2_demo1_meshes/map_colliders.dae
-- Symlinking: /home/puhster/Desktop/RINS_task2/install/dis_tutorial3/share/dis_tutorial3//worlds/2024/task2_demo1_meshes/objects.jpg
-- Symlinking: /home/puhster/Desktop/RINS_task2/install/dis_tutorial3/share/dis_tutorial3//worlds/2024/task2_demo1_meshes/parking_space.jpg
-- Symlinking: /home/puhster/Desktop/RINS_task2/install/dis_tutorial3/share/dis_tutorial3//worlds/2024/task2_demo2.sdf
-- Symlinking: /home/puhster/Desktop/RINS_task2/install/dis_tutorial3/share/dis_tutorial3//worlds/2024/task2_demo2_meshes/cylinders.jpg
-- Symlinking: /home/puhster/Desktop/RINS_task2/install/dis_tutorial3/share/dis_tutorial3//worlds/2024/task2_demo2_meshes/fakering1.jpg
-- Symlinking: /home/puhster/Desktop/RINS_task2/install/dis_tutorial3/share/dis_tutorial3//worlds/2024/task2_demo2_meshes/fakering2.jpg
-- Symlinking: /home/puhster/Desktop/RINS_task2/install/dis_tutorial3/share/dis_tutorial3//worlds/2024/task2_demo2_meshes/fakering3.jpg
-- Symlinking: /home/puhster/Desktop/RINS_task2/install/dis_tutorial3/share/dis_tutorial3//worlds/2024/task2_demo2_meshes/ground.jpg
-- Symlinking: /home/puhster/Desktop/RINS_task2/install/dis_tutorial3/share/dis_tutorial3//worlds/2024/task2_demo2_meshes/map.dae
-- Symlinking: /home/puhster/Desktop/RINS_task2/install/dis_tutorial3/share/dis_tutorial3//worlds/2024/task2_demo2_meshes/map_colliders.dae
-- Symlinking: /home/puhster/Desktop/RINS_task2/install/dis_tutorial3/share/dis_tutorial3//worlds/2024/task2_demo2_meshes/objects.jpg
-- Symlinking: /home/puhster/Desktop/RINS_task2/install/dis_tutorial3/share/dis_tutorial3//worlds/2024/task2_demo2_meshes/parking_space.jpg
-- Symlinking: /home/puhster/Desktop/RINS_task2/install/dis_tutorial3/share/dis_tutorial3//worlds/2024/task3.sdf
-- Symlinking: /home/puhster/Desktop/RINS_task2/install/dis_tutorial3/share/dis_tutorial3//worlds/2024/task3_meshes/anomona_0.png
-- Symlinking: /home/puhster/Desktop/RINS_task2/install/dis_tutorial3/share/dis_tutorial3//worlds/2024/task3_meshes/anomona_1.png
-- Symlinking: /home/puhster/Desktop/RINS_task2/install/dis_tutorial3/share/dis_tutorial3//worlds/2024/task3_meshes/anomona_2.png
-- Symlinking: /home/puhster/Desktop/RINS_task2/install/dis_tutorial3/share/dis_tutorial3//worlds/2024/task3_meshes/anomona_3.png
-- Symlinking: /home/puhster/Desktop/RINS_task2/install/dis_tutorial3/share/dis_tutorial3//worlds/2024/task3_meshes/anomona_4.png
-- Symlinking: /home/puhster/Desktop/RINS_task2/install/dis_tutorial3/share/dis_tutorial3//worlds/2024/task3_meshes/cylinders.jpg
-- Symlinking: /home/puhster/Desktop/RINS_task2/install/dis_tutorial3/share/dis_tutorial3//worlds/2024/task3_meshes/easy_anomona_0.png
-- Symlinking: /home/puhster/Desktop/RINS_task2/install/dis_tutorial3/share/dis_tutorial3//worlds/2024/task3_meshes/easy_anomona_1.png
-- Symlinking: /home/puhster/Desktop/RINS_task2/install/dis_tutorial3/share/dis_tutorial3//worlds/2024/task3_meshes/easy_anomona_2.png
-- Symlinking: /home/puhster/Desktop/RINS_task2/install/dis_tutorial3/share/dis_tutorial3//worlds/2024/task3_meshes/easy_anomona_3.png
-- Symlinking: /home/puhster/Desktop/RINS_task2/install/dis_tutorial3/share/dis_tutorial3//worlds/2024/task3_meshes/easy_anomona_4.png
-- Symlinking: /home/puhster/Desktop/RINS_task2/install/dis_tutorial3/share/dis_tutorial3//worlds/2024/task3_meshes/fakering1.jpg
-- Symlinking: /home/puhster/Desktop/RINS_task2/install/dis_tutorial3/share/dis_tutorial3//worlds/2024/task3_meshes/fakering2.jpg
-- Symlinking: /home/puhster/Desktop/RINS_task2/install/dis_tutorial3/share/dis_tutorial3//worlds/2024/task3_meshes/fakering3.jpg
-- Symlinking: /home/puhster/Desktop/RINS_task2/install/dis_tutorial3/share/dis_tutorial3//worlds/2024/task3_meshes/ground.jpg
-- Symlinking: /home/puhster/Desktop/RINS_task2/install/dis_tutorial3/share/dis_tutorial3//worlds/2024/task3_meshes/map.dae
-- Symlinking: /home/puhster/Desktop/RINS_task2/install/dis_tutorial3/share/dis_tutorial3//worlds/2024/task3_meshes/map_colliders.dae
-- Symlinking: /home/puhster/Desktop/RINS_task2/install/dis_tutorial3/share/dis_tutorial3//worlds/2024/task3_meshes/mona.png
-- Symlinking: /home/puhster/Desktop/RINS_task2/install/dis_tutorial3/share/dis_tutorial3//worlds/2024/task3_meshes/objects.jpg
-- Symlinking: /home/puhster/Desktop/RINS_task2/install/dis_tutorial3/share/dis_tutorial3//worlds/2024/task3_meshes/parking_space.jpg
-- Symlinking: /home/puhster/Desktop/RINS_task2/install/dis_tutorial3/share/dis_tutorial3//worlds/2024/task3_meshes/qr_cheat.png
-- Symlinking: /home/puhster/Desktop/RINS_task2/install/dis_tutorial3/share/dis_tutorial3//worlds/2024/task3_meshes/qr_url.png
-- Symlinking: /home/puhster/Desktop/RINS_task2/install/dis_tutorial3/share/dis_tutorial3//worlds/2024/task3_meshes/qr_wrong.png
-- Symlinking: /home/puhster/Desktop/RINS_task2/install/dis_tutorial3/share/dis_tutorial3//worlds/2024/task3_meshes/villager1.png
-- Symlinking: /home/puhster/Desktop/RINS_task2/install/dis_tutorial3/share/dis_tutorial3//worlds/2024/task3_meshes/villager2.png
-- Symlinking: /home/puhster/Desktop/RINS_task2/install/dis_tutorial3/share/dis_tutorial3//worlds/2024/task3_meshes/villager3.png
-- Symlinking: /home/puhster/Desktop/RINS_task2/install/dis_tutorial3/share/dis_tutorial3//worlds/2024/task3_meshes/villager4.png
-- Symlinking: /home/puhster/Desktop/RINS_task2/install/dis_tutorial3/share/dis_tutorial3//worlds/2024/task3_meshes/villager5.png
-- Symlinking: /home/puhster/Desktop/RINS_task2/install/dis_tutorial3/share/dis_tutorial3//worlds/2025/bird_demo2.sdf
-- Symlinking: /home/puhster/Desktop/RINS_task2/install/dis_tutorial3/share/dis_tutorial3//worlds/2025/bird_demo2_meshes/baltimore_oriole.jpg
-- Symlinking: /home/puhster/Desktop/RINS_task2/install/dis_tutorial3/share/dis_tutorial3//worlds/2025/bird_demo2_meshes/black.jpg
-- Symlinking: /home/puhster/Desktop/RINS_task2/install/dis_tutorial3/share/dis_tutorial3//worlds/2025/bird_demo2_meshes/blue.jpg
-- Symlinking: /home/puhster/Desktop/RINS_task2/install/dis_tutorial3/share/dis_tutorial3//worlds/2025/bird_demo2_meshes/blue_jay.jpg
-- Symlinking: /home/puhster/Desktop/RINS_task2/install/dis_tutorial3/share/dis_tutorial3//worlds/2025/bird_demo2_meshes/dirt2.jpg
-- Symlinking: /home/puhster/Desktop/RINS_task2/install/dis_tutorial3/share/dis_tutorial3//worlds/2025/bird_demo2_meshes/fakering1.jpg
-- Symlinking: /home/puhster/Desktop/RINS_task2/install/dis_tutorial3/share/dis_tutorial3//worlds/2025/bird_demo2_meshes/fakering3.jpg
-- Symlinking: /home/puhster/Desktop/RINS_task2/install/dis_tutorial3/share/dis_tutorial3//worlds/2025/bird_demo2_meshes/grass.jpg
-- Symlinking: /home/puhster/Desktop/RINS_task2/install/dis_tutorial3/share/dis_tutorial3//worlds/2025/bird_demo2_meshes/green.jpg
-- Symlinking: /home/puhster/Desktop/RINS_task2/install/dis_tutorial3/share/dis_tutorial3//worlds/2025/bird_demo2_meshes/ground.jpg
-- Symlinking: /home/puhster/Desktop/RINS_task2/install/dis_tutorial3/share/dis_tutorial3//worlds/2025/bird_demo2_meshes/horned_puffin.jpeg
-- Symlinking: /home/puhster/Desktop/RINS_task2/install/dis_tutorial3/share/dis_tutorial3//worlds/2025/bird_demo2_meshes/map.dae
-- Symlinking: /home/puhster/Desktop/RINS_task2/install/dis_tutorial3/share/dis_tutorial3//worlds/2025/bird_demo2_meshes/map_colliders.dae
-- Symlinking: /home/puhster/Desktop/RINS_task2/install/dis_tutorial3/share/dis_tutorial3//worlds/2025/bird_demo2_meshes/objects.jpg
-- Symlinking: /home/puhster/Desktop/RINS_task2/install/dis_tutorial3/share/dis_tutorial3//worlds/2025/bird_demo2_meshes/person11.png
-- Symlinking: /home/puhster/Desktop/RINS_task2/install/dis_tutorial3/share/dis_tutorial3//worlds/2025/bird_demo2_meshes/person17.png
-- Symlinking: /home/puhster/Desktop/RINS_task2/install/dis_tutorial3/share/dis_tutorial3//worlds/2025/bird_demo2_meshes/person4.png
-- Symlinking: /home/puhster/Desktop/RINS_task2/install/dis_tutorial3/share/dis_tutorial3//worlds/2025/bird_demo2_meshes/person8.png
-- Symlinking: /home/puhster/Desktop/RINS_task2/install/dis_tutorial3/share/dis_tutorial3//worlds/2025/bird_demo2_meshes/purple_finch.jpg
-- Symlinking: /home/puhster/Desktop/RINS_task2/install/dis_tutorial3/share/dis_tutorial3//worlds/2025/bird_demo2_meshes/qr_finch.jpg
-- Symlinking: /home/puhster/Desktop/RINS_task2/install/dis_tutorial3/share/dis_tutorial3//worlds/2025/bird_demo2_meshes/qr_jay.jpg
-- Symlinking: /home/puhster/Desktop/RINS_task2/install/dis_tutorial3/share/dis_tutorial3//worlds/2025/bird_demo2_meshes/qr_oriole.jpg
-- Symlinking: /home/puhster/Desktop/RINS_task2/install/dis_tutorial3/share/dis_tutorial3//worlds/2025/bird_demo2_meshes/qr_puffin.jpg
-- Symlinking: /home/puhster/Desktop/RINS_task2/install/dis_tutorial3/share/dis_tutorial3//worlds/2025/bird_demo2_meshes/red.jpg
-- Symlinking: /home/puhster/Desktop/RINS_task2/install/dis_tutorial3/share/dis_tutorial3//worlds/2025/bird_demo2_meshes/water.jpg
-- Symlinking: /home/puhster/Desktop/RINS_task2/install/dis_tutorial3/share/dis_tutorial3//worlds/2025/bird_demo2_meshes/wood.jpg
-- Symlinking: /home/puhster/Desktop/RINS_task2/install/dis_tutorial3/share/dis_tutorial3//worlds/2025/bird_demo2_meshes/yellow.jpg
-- Symlinking: /home/puhster/Desktop/RINS_task2/install/dis_tutorial3/share/dis_tutorial3//worlds/2025/bird_demo3.sdf
-- Symlinking: /home/puhster/Desktop/RINS_task2/install/dis_tutorial3/share/dis_tutorial3//worlds/2025/bird_demo3_meshes/Great_Grey_Shrike.jpg
-- Symlinking: /home/puhster/Desktop/RINS_task2/install/dis_tutorial3/share/dis_tutorial3//worlds/2025/bird_demo3_meshes/Laysan_Albatross.jpeg
-- Symlinking: /home/puhster/Desktop/RINS_task2/install/dis_tutorial3/share/dis_tutorial3//worlds/2025/bird_demo3_meshes/black.jpg
-- Symlinking: /home/puhster/Desktop/RINS_task2/install/dis_tutorial3/share/dis_tutorial3//worlds/2025/bird_demo3_meshes/blue.jpg
-- Symlinking: /home/puhster/Desktop/RINS_task2/install/dis_tutorial3/share/dis_tutorial3//worlds/2025/bird_demo3_meshes/dirt2.jpg
-- Symlinking: /home/puhster/Desktop/RINS_task2/install/dis_tutorial3/share/dis_tutorial3//worlds/2025/bird_demo3_meshes/european_goldfinch.jpg
-- Symlinking: /home/puhster/Desktop/RINS_task2/install/dis_tutorial3/share/dis_tutorial3//worlds/2025/bird_demo3_meshes/fakering1.jpg
-- Symlinking: /home/puhster/Desktop/RINS_task2/install/dis_tutorial3/share/dis_tutorial3//worlds/2025/bird_demo3_meshes/fakering3.jpg
-- Symlinking: /home/puhster/Desktop/RINS_task2/install/dis_tutorial3/share/dis_tutorial3//worlds/2025/bird_demo3_meshes/grass.jpg
-- Symlinking: /home/puhster/Desktop/RINS_task2/install/dis_tutorial3/share/dis_tutorial3//worlds/2025/bird_demo3_meshes/green.jpg
-- Symlinking: /home/puhster/Desktop/RINS_task2/install/dis_tutorial3/share/dis_tutorial3//worlds/2025/bird_demo3_meshes/ground.jpg
-- Symlinking: /home/puhster/Desktop/RINS_task2/install/dis_tutorial3/share/dis_tutorial3//worlds/2025/bird_demo3_meshes/map.dae
-- Symlinking: /home/puhster/Desktop/RINS_task2/install/dis_tutorial3/share/dis_tutorial3//worlds/2025/bird_demo3_meshes/map_colliders.dae
-- Symlinking: /home/puhster/Desktop/RINS_task2/install/dis_tutorial3/share/dis_tutorial3//worlds/2025/bird_demo3_meshes/objects.jpg
-- Symlinking: /home/puhster/Desktop/RINS_task2/install/dis_tutorial3/share/dis_tutorial3//worlds/2025/bird_demo3_meshes/person16.png
-- Symlinking: /home/puhster/Desktop/RINS_task2/install/dis_tutorial3/share/dis_tutorial3//worlds/2025/bird_demo3_meshes/person18.png
-- Symlinking: /home/puhster/Desktop/RINS_task2/install/dis_tutorial3/share/dis_tutorial3//worlds/2025/bird_demo3_meshes/person19.png
-- Symlinking: /home/puhster/Desktop/RINS_task2/install/dis_tutorial3/share/dis_tutorial3//worlds/2025/bird_demo3_meshes/person23.png
-- Symlinking: /home/puhster/Desktop/RINS_task2/install/dis_tutorial3/share/dis_tutorial3//worlds/2025/bird_demo3_meshes/qr_albatross.jpg
-- Symlinking: /home/puhster/Desktop/RINS_task2/install/dis_tutorial3/share/dis_tutorial3//worlds/2025/bird_demo3_meshes/qr_finch.jpg
-- Symlinking: /home/puhster/Desktop/RINS_task2/install/dis_tutorial3/share/dis_tutorial3//worlds/2025/bird_demo3_meshes/qr_flycatcher.jpg
-- Symlinking: /home/puhster/Desktop/RINS_task2/install/dis_tutorial3/share/dis_tutorial3//worlds/2025/bird_demo3_meshes/qr_shrike.jpg
-- Symlinking: /home/puhster/Desktop/RINS_task2/install/dis_tutorial3/share/dis_tutorial3//worlds/2025/bird_demo3_meshes/red.jpg
-- Symlinking: /home/puhster/Desktop/RINS_task2/install/dis_tutorial3/share/dis_tutorial3//worlds/2025/bird_demo3_meshes/vermilion_flycatcher.jpg
-- Symlinking: /home/puhster/Desktop/RINS_task2/install/dis_tutorial3/share/dis_tutorial3//worlds/2025/bird_demo3_meshes/water.jpg
-- Symlinking: /home/puhster/Desktop/RINS_task2/install/dis_tutorial3/share/dis_tutorial3//worlds/2025/bird_demo3_meshes/wood.jpg
-- Symlinking: /home/puhster/Desktop/RINS_task2/install/dis_tutorial3/share/dis_tutorial3//worlds/2025/bird_demo3_meshes/yellow.jpg
-- Symlinking: /home/puhster/Desktop/RINS_task2/install/dis_tutorial3/share/dis_tutorial3//worlds/2025/demo1.sdf
-- Symlinking: /home/puhster/Desktop/RINS_task2/install/dis_tutorial3/share/dis_tutorial3//worlds/2025/demo1_meshes/cylinders.jpg
-- Symlinking: /home/puhster/Desktop/RINS_task2/install/dis_tutorial3/share/dis_tutorial3//worlds/2025/demo1_meshes/fakering1.jpg
-- Symlinking: /home/puhster/Desktop/RINS_task2/install/dis_tutorial3/share/dis_tutorial3//worlds/2025/demo1_meshes/fakering2.jpg
-- Symlinking: /home/puhster/Desktop/RINS_task2/install/dis_tutorial3/share/dis_tutorial3//worlds/2025/demo1_meshes/fakering3.jpg
-- Symlinking: /home/puhster/Desktop/RINS_task2/install/dis_tutorial3/share/dis_tutorial3//worlds/2025/demo1_meshes/ground.jpg
-- Symlinking: /home/puhster/Desktop/RINS_task2/install/dis_tutorial3/share/dis_tutorial3//worlds/2025/demo1_meshes/map.dae
-- Symlinking: /home/puhster/Desktop/RINS_task2/install/dis_tutorial3/share/dis_tutorial3//worlds/2025/demo1_meshes/map_colliders.dae
-- Symlinking: /home/puhster/Desktop/RINS_task2/install/dis_tutorial3/share/dis_tutorial3//worlds/2025/demo1_meshes/objects.jpg
-- Symlinking: /home/puhster/Desktop/RINS_task2/install/dis_tutorial3/share/dis_tutorial3//worlds/2025/demo1_meshes/parking_space.jpg
-- Symlinking: /home/puhster/Desktop/RINS_task2/install/dis_tutorial3/share/dis_tutorial3//worlds/2025/demo1_meshes/person1.png
-- Symlinking: /home/puhster/Desktop/RINS_task2/install/dis_tutorial3/share/dis_tutorial3//worlds/2025/demo1_meshes/person11.png
-- Symlinking: /home/puhster/Desktop/RINS_task2/install/dis_tutorial3/share/dis_tutorial3//worlds/2025/demo1_meshes/person2.png
-- Symlinking: /home/puhster/Desktop/RINS_task2/install/dis_tutorial3/share/dis_tutorial3//worlds/2025/demo1_meshes/person3.png
-- Symlinking: /home/puhster/Desktop/RINS_task2/install/dis_tutorial3/share/dis_tutorial3//worlds/2025/demo1_meshes/person4.png
-- Symlinking: /home/puhster/Desktop/RINS_task2/install/dis_tutorial3/share/dis_tutorial3//worlds/2025/demo1_meshes/person5.png
-- Symlinking: /home/puhster/Desktop/RINS_task2/install/dis_tutorial3/share/dis_tutorial3//worlds/2025/demo1_meshes/qr1.jpg
-- Symlinking: /home/puhster/Desktop/RINS_task2/install/dis_tutorial3/share/dis_tutorial3//worlds/2025/demo1_meshes/qr2.jpg
-- Symlinking: /home/puhster/Desktop/RINS_task2/install/dis_tutorial3/share/dis_tutorial3//worlds/2025/demo2.sdf
-- Symlinking: /home/puhster/Desktop/RINS_task2/install/dis_tutorial3/share/dis_tutorial3//worlds/2025/demo2_meshes/cylinders.jpg
-- Symlinking: /home/puhster/Desktop/RINS_task2/install/dis_tutorial3/share/dis_tutorial3//worlds/2025/demo2_meshes/fakering1.jpg
-- Symlinking: /home/puhster/Desktop/RINS_task2/install/dis_tutorial3/share/dis_tutorial3//worlds/2025/demo2_meshes/fakering2.jpg
-- Symlinking: /home/puhster/Desktop/RINS_task2/install/dis_tutorial3/share/dis_tutorial3//worlds/2025/demo2_meshes/fakering3.jpg
-- Symlinking: /home/puhster/Desktop/RINS_task2/install/dis_tutorial3/share/dis_tutorial3//worlds/2025/demo2_meshes/ground.jpg
-- Symlinking: /home/puhster/Desktop/RINS_task2/install/dis_tutorial3/share/dis_tutorial3//worlds/2025/demo2_meshes/map.dae
-- Symlinking: /home/puhster/Desktop/RINS_task2/install/dis_tutorial3/share/dis_tutorial3//worlds/2025/demo2_meshes/map_colliders.dae
-- Symlinking: /home/puhster/Desktop/RINS_task2/install/dis_tutorial3/share/dis_tutorial3//worlds/2025/demo2_meshes/objects.jpg
-- Symlinking: /home/puhster/Desktop/RINS_task2/install/dis_tutorial3/share/dis_tutorial3//worlds/2025/demo2_meshes/parking_space.jpg
-- Symlinking: /home/puhster/Desktop/RINS_task2/install/dis_tutorial3/share/dis_tutorial3//worlds/2025/demo2_meshes/person18.png
-- Symlinking: /home/puhster/Desktop/RINS_task2/install/dis_tutorial3/share/dis_tutorial3//worlds/2025/demo2_meshes/person20.png
-- Symlinking: /home/puhster/Desktop/RINS_task2/install/dis_tutorial3/share/dis_tutorial3//worlds/2025/demo2_meshes/person6.png
-- Symlinking: /home/puhster/Desktop/RINS_task2/install/dis_tutorial3/share/dis_tutorial3//worlds/2025/demo2_meshes/person7.png
-- Symlinking: /home/puhster/Desktop/RINS_task2/install/dis_tutorial3/share/dis_tutorial3//worlds/2025/demo2_meshes/person8.png
-- Symlinking: /home/puhster/Desktop/RINS_task2/install/dis_tutorial3/share/dis_tutorial3//worlds/2025/demo2_meshes/person9.png
-- Symlinking: /home/puhster/Desktop/RINS_task2/install/dis_tutorial3/share/dis_tutorial3//worlds/2025/demo2_meshes/qr1.jpg
-- Symlinking: /home/puhster/Desktop/RINS_task2/install/dis_tutorial3/share/dis_tutorial3//worlds/2025/demo2_meshes/qr2.jpg
-- Symlinking: /home/puhster/Desktop/RINS_task2/install/dis_tutorial3/share/dis_tutorial3//worlds/2025/demo3.sdf
-- Symlinking: /home/puhster/Desktop/RINS_task2/install/dis_tutorial3/share/dis_tutorial3//worlds/2025/demo3_meshes/black.jpg
-- Symlinking: /home/puhster/Desktop/RINS_task2/install/dis_tutorial3/share/dis_tutorial3//worlds/2025/demo3_meshes/blue.jpg
-- Symlinking: /home/puhster/Desktop/RINS_task2/install/dis_tutorial3/share/dis_tutorial3//worlds/2025/demo3_meshes/fakering1.jpg
-- Symlinking: /home/puhster/Desktop/RINS_task2/install/dis_tutorial3/share/dis_tutorial3//worlds/2025/demo3_meshes/fakering2.jpg
-- Symlinking: /home/puhster/Desktop/RINS_task2/install/dis_tutorial3/share/dis_tutorial3//worlds/2025/demo3_meshes/fakering3.jpg
-- Symlinking: /home/puhster/Desktop/RINS_task2/install/dis_tutorial3/share/dis_tutorial3//worlds/2025/demo3_meshes/green.jpg
-- Symlinking: /home/puhster/Desktop/RINS_task2/install/dis_tutorial3/share/dis_tutorial3//worlds/2025/demo3_meshes/ground.jpg
-- Symlinking: /home/puhster/Desktop/RINS_task2/install/dis_tutorial3/share/dis_tutorial3//worlds/2025/demo3_meshes/map.dae
-- Symlinking: /home/puhster/Desktop/RINS_task2/install/dis_tutorial3/share/dis_tutorial3//worlds/2025/demo3_meshes/map_colliders.dae
-- Symlinking: /home/puhster/Desktop/RINS_task2/install/dis_tutorial3/share/dis_tutorial3//worlds/2025/demo3_meshes/objects.jpg
-- Symlinking: /home/puhster/Desktop/RINS_task2/install/dis_tutorial3/share/dis_tutorial3//worlds/2025/demo3_meshes/parking_space.jpg
-- Symlinking: /home/puhster/Desktop/RINS_task2/install/dis_tutorial3/share/dis_tutorial3//worlds/2025/demo3_meshes/person15.png
-- Symlinking: /home/puhster/Desktop/RINS_task2/install/dis_tutorial3/share/dis_tutorial3//worlds/2025/demo3_meshes/person17.png
-- Symlinking: /home/puhster/Desktop/RINS_task2/install/dis_tutorial3/share/dis_tutorial3//worlds/2025/demo3_meshes/person21.png
-- Symlinking: /home/puhster/Desktop/RINS_task2/install/dis_tutorial3/share/dis_tutorial3//worlds/2025/demo3_meshes/person22.png
-- Symlinking: /home/puhster/Desktop/RINS_task2/install/dis_tutorial3/share/dis_tutorial3//worlds/2025/demo3_meshes/person24.png
-- Symlinking: /home/puhster/Desktop/RINS_task2/install/dis_tutorial3/share/dis_tutorial3//worlds/2025/demo3_meshes/qr1.jpg
-- Symlinking: /home/puhster/Desktop/RINS_task2/install/dis_tutorial3/share/dis_tutorial3//worlds/2025/demo3_meshes/qr2.jpg
-- Symlinking: /home/puhster/Desktop/RINS_task2/install/dis_tutorial3/share/dis_tutorial3//worlds/2025/demo3_meshes/red.jpg
-- Symlinking: /home/puhster/Desktop/RINS_task2/install/dis_tutorial3/share/dis_tutorial3//worlds/2025/demo3_meshes/yellow.jpg
-- Symlinking: /home/puhster/Desktop/RINS_task2/install/dis_tutorial3/share/dis_tutorial3//worlds/2025/demo4.sdf
-- Symlinking: /home/puhster/Desktop/RINS_task2/install/dis_tutorial3/share/dis_tutorial3//worlds/2025/demo4_meshes/black.jpg
-- Symlinking: /home/puhster/Desktop/RINS_task2/install/dis_tutorial3/share/dis_tutorial3//worlds/2025/demo4_meshes/blue.jpg
-- Symlinking: /home/puhster/Desktop/RINS_task2/install/dis_tutorial3/share/dis_tutorial3//worlds/2025/demo4_meshes/fakering1.jpg
-- Symlinking: /home/puhster/Desktop/RINS_task2/install/dis_tutorial3/share/dis_tutorial3//worlds/2025/demo4_meshes/fakering2.jpg
-- Symlinking: /home/puhster/Desktop/RINS_task2/install/dis_tutorial3/share/dis_tutorial3//worlds/2025/demo4_meshes/fakering3.jpg
-- Symlinking: /home/puhster/Desktop/RINS_task2/install/dis_tutorial3/share/dis_tutorial3//worlds/2025/demo4_meshes/green.jpg
-- Symlinking: /home/puhster/Desktop/RINS_task2/install/dis_tutorial3/share/dis_tutorial3//worlds/2025/demo4_meshes/ground.jpg
-- Symlinking: /home/puhster/Desktop/RINS_task2/install/dis_tutorial3/share/dis_tutorial3//worlds/2025/demo4_meshes/map.dae
-- Symlinking: /home/puhster/Desktop/RINS_task2/install/dis_tutorial3/share/dis_tutorial3//worlds/2025/demo4_meshes/map_colliders.dae
-- Symlinking: /home/puhster/Desktop/RINS_task2/install/dis_tutorial3/share/dis_tutorial3//worlds/2025/demo4_meshes/objects.jpg
-- Symlinking: /home/puhster/Desktop/RINS_task2/install/dis_tutorial3/share/dis_tutorial3//worlds/2025/demo4_meshes/parking_space.jpg
-- Symlinking: /home/puhster/Desktop/RINS_task2/install/dis_tutorial3/share/dis_tutorial3//worlds/2025/demo4_meshes/person13.png
-- Symlinking: /home/puhster/Desktop/RINS_task2/install/dis_tutorial3/share/dis_tutorial3//worlds/2025/demo4_meshes/person2.png.001.png
-- Symlinking: /home/puhster/Desktop/RINS_task2/install/dis_tutorial3/share/dis_tutorial3//worlds/2025/demo4_meshes/person3.png.001.png
-- Symlinking: /home/puhster/Desktop/RINS_task2/install/dis_tutorial3/share/dis_tutorial3//worlds/2025/demo4_meshes/person4.png.001.png
-- Symlinking: /home/puhster/Desktop/RINS_task2/install/dis_tutorial3/share/dis_tutorial3//worlds/2025/demo4_meshes/person5.png.001.png
-- Symlinking: /home/puhster/Desktop/RINS_task2/install/dis_tutorial3/share/dis_tutorial3//worlds/2025/demo4_meshes/person6.png
-- Symlinking: /home/puhster/Desktop/RINS_task2/install/dis_tutorial3/share/dis_tutorial3//worlds/2025/demo4_meshes/qr1.jpg
-- Symlinking: /home/puhster/Desktop/RINS_task2/install/dis_tutorial3/share/dis_tutorial3//worlds/2025/demo4_meshes/qr2.jpg
-- Symlinking: /home/puhster/Desktop/RINS_task2/install/dis_tutorial3/share/dis_tutorial3//worlds/2025/demo4_meshes/red.jpg
-- Symlinking: /home/puhster/Desktop/RINS_task2/install/dis_tutorial3/share/dis_tutorial3//worlds/2025/demo4_meshes/yellow.jpg
-- Symlinking: /home/puhster/Desktop/RINS_task2/install/dis_tutorial3/share/dis_tutorial3//worlds/2025/dis.sdf
-- Symlinking: /home/puhster/Desktop/RINS_task2/install/dis_tutorial3/share/dis_tutorial3//worlds/2025/dis_meshes/cylinders.jpg
-- Symlinking: /home/puhster/Desktop/RINS_task2/install/dis_tutorial3/share/dis_tutorial3//worlds/2025/dis_meshes/davinci.jpg
-- Symlinking: /home/puhster/Desktop/RINS_task2/install/dis_tutorial3/share/dis_tutorial3//worlds/2025/dis_meshes/fakering1.jpg
-- Symlinking: /home/puhster/Desktop/RINS_task2/install/dis_tutorial3/share/dis_tutorial3//worlds/2025/dis_meshes/fakering2.jpg
-- Symlinking: /home/puhster/Desktop/RINS_task2/install/dis_tutorial3/share/dis_tutorial3//worlds/2025/dis_meshes/fakering3.jpg
-- Symlinking: /home/puhster/Desktop/RINS_task2/install/dis_tutorial3/share/dis_tutorial3//worlds/2025/dis_meshes/ground.jpg
-- Symlinking: /home/puhster/Desktop/RINS_task2/install/dis_tutorial3/share/dis_tutorial3//worlds/2025/dis_meshes/map.dae
-- Symlinking: /home/puhster/Desktop/RINS_task2/install/dis_tutorial3/share/dis_tutorial3//worlds/2025/dis_meshes/map_colliders.dae
-- Symlinking: /home/puhster/Desktop/RINS_task2/install/dis_tutorial3/share/dis_tutorial3//worlds/2025/dis_meshes/mona1.jpg
-- Symlinking: /home/puhster/Desktop/RINS_task2/install/dis_tutorial3/share/dis_tutorial3//worlds/2025/dis_meshes/objects.jpg
-- Symlinking: /home/puhster/Desktop/RINS_task2/install/dis_tutorial3/share/dis_tutorial3//worlds/2025/dis_meshes/parking_space.jpg
-- Symlinking: /home/puhster/Desktop/RINS_task2/install/dis_tutorial3/share/dis_tutorial3//worlds/2025/dis_meshes/person1.jpg
-- Symlinking: /home/puhster/Desktop/RINS_task2/install/dis_tutorial3/share/dis_tutorial3//worlds/2025/dis_meshes/person2.jpg
-- Symlinking: /home/puhster/Desktop/RINS_task2/install/dis_tutorial3/share/dis_tutorial3//worlds/2025/dis_meshes/person3.jpg
-- Symlinking: /home/puhster/Desktop/RINS_task2/install/dis_tutorial3/share/dis_tutorial3//worlds/2025/dis_meshes/person4.jpg
-- Symlinking: /home/puhster/Desktop/RINS_task2/install/dis_tutorial3/share/dis_tutorial3//worlds/2025/dis_meshes/person5.jpg
-- Symlinking: /home/puhster/Desktop/RINS_task2/install/dis_tutorial3/share/dis_tutorial3//worlds/2025/dis_meshes/qr1.jpg
-- Symlinking: /home/puhster/Desktop/RINS_task2/install/dis_tutorial3/share/dis_tutorial3//worlds/2025/dis_meshes/qr2.jpg
-- Symlinking: /home/puhster/Desktop/RINS_task2/install/dis_tutorial3/share/dis_tutorial3//worlds/2025/dis_meshes/wood.jpg
-- Symlinking: /home/puhster/Desktop/RINS_task2/install/dis_tutorial3/share/dis_tutorial3//worlds/2025/empty.sdf
-- Symlinking: /home/puhster/Desktop/RINS_task2/install/dis_tutorial3/share/dis_tutorial3//worlds/2025/task1.sdf
-- Symlinking: /home/puhster/Desktop/RINS_task2/install/dis_tutorial3/share/dis_tutorial3//worlds/2025/task1_meshes/black.jpg
-- Symlinking: /home/puhster/Desktop/RINS_task2/install/dis_tutorial3/share/dis_tutorial3//worlds/2025/task1_meshes/blue.jpg
-- Symlinking: /home/puhster/Desktop/RINS_task2/install/dis_tutorial3/share/dis_tutorial3//worlds/2025/task1_meshes/fakering1.jpg
-- Symlinking: /home/puhster/Desktop/RINS_task2/install/dis_tutorial3/share/dis_tutorial3//worlds/2025/task1_meshes/fakering2.jpg
-- Symlinking: /home/puhster/Desktop/RINS_task2/install/dis_tutorial3/share/dis_tutorial3//worlds/2025/task1_meshes/fakering3.jpg
-- Symlinking: /home/puhster/Desktop/RINS_task2/install/dis_tutorial3/share/dis_tutorial3//worlds/2025/task1_meshes/green.jpg
-- Symlinking: /home/puhster/Desktop/RINS_task2/install/dis_tutorial3/share/dis_tutorial3//worlds/2025/task1_meshes/ground.jpg
-- Symlinking: /home/puhster/Desktop/RINS_task2/install/dis_tutorial3/share/dis_tutorial3//worlds/2025/task1_meshes/map.dae
-- Symlinking: /home/puhster/Desktop/RINS_task2/install/dis_tutorial3/share/dis_tutorial3//worlds/2025/task1_meshes/map_colliders.dae
-- Symlinking: /home/puhster/Desktop/RINS_task2/install/dis_tutorial3/share/dis_tutorial3//worlds/2025/task1_meshes/objects.jpg
-- Symlinking: /home/puhster/Desktop/RINS_task2/install/dis_tutorial3/share/dis_tutorial3//worlds/2025/task1_meshes/parking_space.jpg
-- Symlinking: /home/puhster/Desktop/RINS_task2/install/dis_tutorial3/share/dis_tutorial3//worlds/2025/task1_meshes/person13.png
-- Symlinking: /home/puhster/Desktop/RINS_task2/install/dis_tutorial3/share/dis_tutorial3//worlds/2025/task1_meshes/person2.png.001.png
-- Symlinking: /home/puhster/Desktop/RINS_task2/install/dis_tutorial3/share/dis_tutorial3//worlds/2025/task1_meshes/person3.png.001.png
-- Symlinking: /home/puhster/Desktop/RINS_task2/install/dis_tutorial3/share/dis_tutorial3//worlds/2025/task1_meshes/person5.png.001.png
-- Symlinking: /home/puhster/Desktop/RINS_task2/install/dis_tutorial3/share/dis_tutorial3//worlds/2025/task1_meshes/person6.png
-- Symlinking: /home/puhster/Desktop/RINS_task2/install/dis_tutorial3/share/dis_tutorial3//worlds/2025/task1_meshes/person8.png
-- Symlinking: /home/puhster/Desktop/RINS_task2/install/dis_tutorial3/share/dis_tutorial3//worlds/2025/task1_meshes/qr1.jpg
-- Symlinking: /home/puhster/Desktop/RINS_task2/install/dis_tutorial3/share/dis_tutorial3//worlds/2025/task1_meshes/qr2.jpg
-- Symlinking: /home/puhster/Desktop/RINS_task2/install/dis_tutorial3/share/dis_tutorial3//worlds/2025/task1_meshes/red.jpg
-- Symlinking: /home/puhster/Desktop/RINS_task2/install/dis_tutorial3/share/dis_tutorial3//worlds/2025/task1_meshes/yellow.jpg
-- Symlinking: /home/puhster/Desktop/RINS_task2/install/dis_tutorial3/share/dis_tutorial3//worlds/2025/task2.sdf
-- Symlinking: /home/puhster/Desktop/RINS_task2/install/dis_tutorial3/share/dis_tutorial3//worlds/2025/task2_meshes/american_crow.jpg
-- Symlinking: /home/puhster/Desktop/RINS_task2/install/dis_tutorial3/share/dis_tutorial3//worlds/2025/task2_meshes/black.jpg
-- Symlinking: /home/puhster/Desktop/RINS_task2/install/dis_tutorial3/share/dis_tutorial3//worlds/2025/task2_meshes/blue.jpg
-- Symlinking: /home/puhster/Desktop/RINS_task2/install/dis_tutorial3/share/dis_tutorial3//worlds/2025/task2_meshes/common_tern.jpg
-- Symlinking: /home/puhster/Desktop/RINS_task2/install/dis_tutorial3/share/dis_tutorial3//worlds/2025/task2_meshes/dirt2.jpg
-- Symlinking: /home/puhster/Desktop/RINS_task2/install/dis_tutorial3/share/dis_tutorial3//worlds/2025/task2_meshes/fakering1.jpg
-- Symlinking: /home/puhster/Desktop/RINS_task2/install/dis_tutorial3/share/dis_tutorial3//worlds/2025/task2_meshes/fakering3.jpg
-- Symlinking: /home/puhster/Desktop/RINS_task2/install/dis_tutorial3/share/dis_tutorial3//worlds/2025/task2_meshes/grass.jpg
-- Symlinking: /home/puhster/Desktop/RINS_task2/install/dis_tutorial3/share/dis_tutorial3//worlds/2025/task2_meshes/green.jpg
-- Symlinking: /home/puhster/Desktop/RINS_task2/install/dis_tutorial3/share/dis_tutorial3//worlds/2025/task2_meshes/ground.jpg
-- Symlinking: /home/puhster/Desktop/RINS_task2/install/dis_tutorial3/share/dis_tutorial3//worlds/2025/task2_meshes/map.dae
-- Symlinking: /home/puhster/Desktop/RINS_task2/install/dis_tutorial3/share/dis_tutorial3//worlds/2025/task2_meshes/map_colliders.dae
-- Symlinking: /home/puhster/Desktop/RINS_task2/install/dis_tutorial3/share/dis_tutorial3//worlds/2025/task2_meshes/objects.jpg
-- Symlinking: /home/puhster/Desktop/RINS_task2/install/dis_tutorial3/share/dis_tutorial3//worlds/2025/task2_meshes/person29.jpg
-- Symlinking: /home/puhster/Desktop/RINS_task2/install/dis_tutorial3/share/dis_tutorial3//worlds/2025/task2_meshes/person30.jpg
-- Symlinking: /home/puhster/Desktop/RINS_task2/install/dis_tutorial3/share/dis_tutorial3//worlds/2025/task2_meshes/person31.jpg
-- Symlinking: /home/puhster/Desktop/RINS_task2/install/dis_tutorial3/share/dis_tutorial3//worlds/2025/task2_meshes/person36.jpg
-- Symlinking: /home/puhster/Desktop/RINS_task2/install/dis_tutorial3/share/dis_tutorial3//worlds/2025/task2_meshes/pied_kingfisher.jpg
-- Symlinking: /home/puhster/Desktop/RINS_task2/install/dis_tutorial3/share/dis_tutorial3//worlds/2025/task2_meshes/qr_blackbird.jpg
-- Symlinking: /home/puhster/Desktop/RINS_task2/install/dis_tutorial3/share/dis_tutorial3//worlds/2025/task2_meshes/qr_crow.jpg
-- Symlinking: /home/puhster/Desktop/RINS_task2/install/dis_tutorial3/share/dis_tutorial3//worlds/2025/task2_meshes/qr_kingfisher.jpg
-- Symlinking: /home/puhster/Desktop/RINS_task2/install/dis_tutorial3/share/dis_tutorial3//worlds/2025/task2_meshes/qr_tern.jpg
-- Symlinking: /home/puhster/Desktop/RINS_task2/install/dis_tutorial3/share/dis_tutorial3//worlds/2025/task2_meshes/red.jpg
-- Symlinking: /home/puhster/Desktop/RINS_task2/install/dis_tutorial3/share/dis_tutorial3//worlds/2025/task2_meshes/water.jpg
-- Symlinking: /home/puhster/Desktop/RINS_task2/install/dis_tutorial3/share/dis_tutorial3//worlds/2025/task2_meshes/wood.jpg
-- Symlinking: /home/puhster/Desktop/RINS_task2/install/dis_tutorial3/share/dis_tutorial3//worlds/2025/task2_meshes/yellow.jpg
-- Symlinking: /home/puhster/Desktop/RINS_task2/install/dis_tutorial3/share/dis_tutorial3//worlds/2025/task2_meshes/yellow_headed_blackbird.jpg
-- Symlinking: /home/puhster/Desktop/RINS_task2/install/dis_tutorial3/share/dis_tutorial3//worlds/bird_demo1.sdf
-- Symlinking: /home/puhster/Desktop/RINS_task2/install/dis_tutorial3/share/dis_tutorial3//worlds/bird_demo1_meshes/black.jpg
-- Symlinking: /home/puhster/Desktop/RINS_task2/install/dis_tutorial3/share/dis_tutorial3//worlds/bird_demo1_meshes/blue.jpg
-- Symlinking: /home/puhster/Desktop/RINS_task2/install/dis_tutorial3/share/dis_tutorial3//worlds/bird_demo1_meshes/dirt2.jpg
-- Symlinking: /home/puhster/Desktop/RINS_task2/install/dis_tutorial3/share/dis_tutorial3//worlds/bird_demo1_meshes/fakering1.jpg
-- Symlinking: /home/puhster/Desktop/RINS_task2/install/dis_tutorial3/share/dis_tutorial3//worlds/bird_demo1_meshes/fakering2.jpg
-- Symlinking: /home/puhster/Desktop/RINS_task2/install/dis_tutorial3/share/dis_tutorial3//worlds/bird_demo1_meshes/fakering3.jpg
-- Symlinking: /home/puhster/Desktop/RINS_task2/install/dis_tutorial3/share/dis_tutorial3//worlds/bird_demo1_meshes/frigatebird.jpg
-- Symlinking: /home/puhster/Desktop/RINS_task2/install/dis_tutorial3/share/dis_tutorial3//worlds/bird_demo1_meshes/grass.jpg
-- Symlinking: /home/puhster/Desktop/RINS_task2/install/dis_tutorial3/share/dis_tutorial3//worlds/bird_demo1_meshes/grass_side.jpg
-- Symlinking: /home/puhster/Desktop/RINS_task2/install/dis_tutorial3/share/dis_tutorial3//worlds/bird_demo1_meshes/green.jpg
-- Symlinking: /home/puhster/Desktop/RINS_task2/install/dis_tutorial3/share/dis_tutorial3//worlds/bird_demo1_meshes/green_kingfisher.jpg
-- Symlinking: /home/puhster/Desktop/RINS_task2/install/dis_tutorial3/share/dis_tutorial3//worlds/bird_demo1_meshes/ground.jpg
-- Symlinking: /home/puhster/Desktop/RINS_task2/install/dis_tutorial3/share/dis_tutorial3//worlds/bird_demo1_meshes/map.dae
-- Symlinking: /home/puhster/Desktop/RINS_task2/install/dis_tutorial3/share/dis_tutorial3//worlds/bird_demo1_meshes/map_colliders.dae
-- Symlinking: /home/puhster/Desktop/RINS_task2/install/dis_tutorial3/share/dis_tutorial3//worlds/bird_demo1_meshes/objects.jpg
-- Symlinking: /home/puhster/Desktop/RINS_task2/install/dis_tutorial3/share/dis_tutorial3//worlds/bird_demo1_meshes/person1.png
-- Symlinking: /home/puhster/Desktop/RINS_task2/install/dis_tutorial3/share/dis_tutorial3//worlds/bird_demo1_meshes/person13.png
-- Symlinking: /home/puhster/Desktop/RINS_task2/install/dis_tutorial3/share/dis_tutorial3//worlds/bird_demo1_meshes/person14.png
-- Symlinking: /home/puhster/Desktop/RINS_task2/install/dis_tutorial3/share/dis_tutorial3//worlds/bird_demo1_meshes/person2.png.001.png
-- Symlinking: /home/puhster/Desktop/RINS_task2/install/dis_tutorial3/share/dis_tutorial3//worlds/bird_demo1_meshes/person5.png.001.png
-- Symlinking: /home/puhster/Desktop/RINS_task2/install/dis_tutorial3/share/dis_tutorial3//worlds/bird_demo1_meshes/person7.png
-- Symlinking: /home/puhster/Desktop/RINS_task2/install/dis_tutorial3/share/dis_tutorial3//worlds/bird_demo1_meshes/qr1.jpg
-- Symlinking: /home/puhster/Desktop/RINS_task2/install/dis_tutorial3/share/dis_tutorial3//worlds/bird_demo1_meshes/qr2.jpg
-- Symlinking: /home/puhster/Desktop/RINS_task2/install/dis_tutorial3/share/dis_tutorial3//worlds/bird_demo1_meshes/qr3.jpg
-- Symlinking: /home/puhster/Desktop/RINS_task2/install/dis_tutorial3/share/dis_tutorial3//worlds/bird_demo1_meshes/qr4.jpg
-- Symlinking: /home/puhster/Desktop/RINS_task2/install/dis_tutorial3/share/dis_tutorial3//worlds/bird_demo1_meshes/red.jpg
-- Symlinking: /home/puhster/Desktop/RINS_task2/install/dis_tutorial3/share/dis_tutorial3//worlds/bird_demo1_meshes/rosy_finch.jpg
-- Symlinking: /home/puhster/Desktop/RINS_task2/install/dis_tutorial3/share/dis_tutorial3//worlds/bird_demo1_meshes/rusty_blackbird.jpg
-- Symlinking: /home/puhster/Desktop/RINS_task2/install/dis_tutorial3/share/dis_tutorial3//worlds/bird_demo1_meshes/water.jpg
-- Symlinking: /home/puhster/Desktop/RINS_task2/install/dis_tutorial3/share/dis_tutorial3//worlds/bird_demo1_meshes/wood.jpg
-- Symlinking: /home/puhster/Desktop/RINS_task2/install/dis_tutorial3/share/dis_tutorial3//worlds/bird_demo1_meshes/yellow.jpg
-- Symlinking: /home/puhster/Desktop/RINS_task2/install/dis_tutorial3/share/dis_tutorial3//worlds/task1.sdf
-- Symlinking: /home/puhster/Desktop/RINS_task2/install/dis_tutorial3/share/dis_tutorial3//worlds/task1_blue_demo.sdf
-- Symlinking: /home/puhster/Desktop/RINS_task2/install/dis_tutorial3/share/dis_tutorial3//worlds/task1_blue_demo_meshes/black.jpg
-- Symlinking: /home/puhster/Desktop/RINS_task2/install/dis_tutorial3/share/dis_tutorial3//worlds/task1_blue_demo_meshes/blue.jpg
-- Symlinking: /home/puhster/Desktop/RINS_task2/install/dis_tutorial3/share/dis_tutorial3//worlds/task1_blue_demo_meshes/collider.obj
-- Symlinking: /home/puhster/Desktop/RINS_task2/install/dis_tutorial3/share/dis_tutorial3//worlds/task1_blue_demo_meshes/fakering1.jpg
-- Symlinking: /home/puhster/Desktop/RINS_task2/install/dis_tutorial3/share/dis_tutorial3//worlds/task1_blue_demo_meshes/fakering2.jpg
-- Symlinking: /home/puhster/Desktop/RINS_task2/install/dis_tutorial3/share/dis_tutorial3//worlds/task1_blue_demo_meshes/fakering3.jpg
-- Symlinking: /home/puhster/Desktop/RINS_task2/install/dis_tutorial3/share/dis_tutorial3//worlds/task1_blue_demo_meshes/green.jpg
-- Symlinking: /home/puhster/Desktop/RINS_task2/install/dis_tutorial3/share/dis_tutorial3//worlds/task1_blue_demo_meshes/ground.jpg
-- Symlinking: /home/puhster/Desktop/RINS_task2/install/dis_tutorial3/share/dis_tutorial3//worlds/task1_blue_demo_meshes/map.mtl
-- Symlinking: /home/puhster/Desktop/RINS_task2/install/dis_tutorial3/share/dis_tutorial3//worlds/task1_blue_demo_meshes/map.obj
-- Symlinking: /home/puhster/Desktop/RINS_task2/install/dis_tutorial3/share/dis_tutorial3//worlds/task1_blue_demo_meshes/objects.jpg
-- Symlinking: /home/puhster/Desktop/RINS_task2/install/dis_tutorial3/share/dis_tutorial3//worlds/task1_blue_demo_meshes/person1.png
-- Symlinking: /home/puhster/Desktop/RINS_task2/install/dis_tutorial3/share/dis_tutorial3//worlds/task1_blue_demo_meshes/person18.png
-- Symlinking: /home/puhster/Desktop/RINS_task2/install/dis_tutorial3/share/dis_tutorial3//worlds/task1_blue_demo_meshes/person5.png
-- Symlinking: /home/puhster/Desktop/RINS_task2/install/dis_tutorial3/share/dis_tutorial3//worlds/task1_blue_demo_meshes/red.jpg
-- Symlinking: /home/puhster/Desktop/RINS_task2/install/dis_tutorial3/share/dis_tutorial3//worlds/task1_blue_demo_meshes/yellow.jpg
-- Symlinking: /home/puhster/Desktop/RINS_task2/install/dis_tutorial3/share/dis_tutorial3//worlds/task1_green_demo.sdf
-- Symlinking: /home/puhster/Desktop/RINS_task2/install/dis_tutorial3/share/dis_tutorial3//worlds/task1_green_demo_meshes/black.jpg
-- Symlinking: /home/puhster/Desktop/RINS_task2/install/dis_tutorial3/share/dis_tutorial3//worlds/task1_green_demo_meshes/blue.jpg
-- Symlinking: /home/puhster/Desktop/RINS_task2/install/dis_tutorial3/share/dis_tutorial3//worlds/task1_green_demo_meshes/collider.mtl
-- Symlinking: /home/puhster/Desktop/RINS_task2/install/dis_tutorial3/share/dis_tutorial3//worlds/task1_green_demo_meshes/collider.obj
-- Symlinking: /home/puhster/Desktop/RINS_task2/install/dis_tutorial3/share/dis_tutorial3//worlds/task1_green_demo_meshes/fakering1.jpg
-- Symlinking: /home/puhster/Desktop/RINS_task2/install/dis_tutorial3/share/dis_tutorial3//worlds/task1_green_demo_meshes/fakering2.jpg
-- Symlinking: /home/puhster/Desktop/RINS_task2/install/dis_tutorial3/share/dis_tutorial3//worlds/task1_green_demo_meshes/fakering3.jpg
-- Symlinking: /home/puhster/Desktop/RINS_task2/install/dis_tutorial3/share/dis_tutorial3//worlds/task1_green_demo_meshes/green.jpg
-- Symlinking: /home/puhster/Desktop/RINS_task2/install/dis_tutorial3/share/dis_tutorial3//worlds/task1_green_demo_meshes/ground.jpg
-- Symlinking: /home/puhster/Desktop/RINS_task2/install/dis_tutorial3/share/dis_tutorial3//worlds/task1_green_demo_meshes/map.mtl
-- Symlinking: /home/puhster/Desktop/RINS_task2/install/dis_tutorial3/share/dis_tutorial3//worlds/task1_green_demo_meshes/map.obj
-- Symlinking: /home/puhster/Desktop/RINS_task2/install/dis_tutorial3/share/dis_tutorial3//worlds/task1_green_demo_meshes/objects.jpg
-- Symlinking: /home/puhster/Desktop/RINS_task2/install/dis_tutorial3/share/dis_tutorial3//worlds/task1_green_demo_meshes/person17.png
-- Symlinking: /home/puhster/Desktop/RINS_task2/install/dis_tutorial3/share/dis_tutorial3//worlds/task1_green_demo_meshes/person25.jpg
-- Symlinking: /home/puhster/Desktop/RINS_task2/install/dis_tutorial3/share/dis_tutorial3//worlds/task1_green_demo_meshes/person37.jpg
-- Symlinking: /home/puhster/Desktop/RINS_task2/install/dis_tutorial3/share/dis_tutorial3//worlds/task1_green_demo_meshes/red.jpg
-- Symlinking: /home/puhster/Desktop/RINS_task2/install/dis_tutorial3/share/dis_tutorial3//worlds/task1_green_demo_meshes/yellow.jpg
-- Symlinking: /home/puhster/Desktop/RINS_task2/install/dis_tutorial3/share/dis_tutorial3//worlds/task1_meshes/black.jpg
-- Symlinking: /home/puhster/Desktop/RINS_task2/install/dis_tutorial3/share/dis_tutorial3//worlds/task1_meshes/blue.jpg
-- Symlinking: /home/puhster/Desktop/RINS_task2/install/dis_tutorial3/share/dis_tutorial3//worlds/task1_meshes/collider.obj
-- Symlinking: /home/puhster/Desktop/RINS_task2/install/dis_tutorial3/share/dis_tutorial3//worlds/task1_meshes/fakering1.jpg
-- Symlinking: /home/puhster/Desktop/RINS_task2/install/dis_tutorial3/share/dis_tutorial3//worlds/task1_meshes/fakering2.jpg
-- Symlinking: /home/puhster/Desktop/RINS_task2/install/dis_tutorial3/share/dis_tutorial3//worlds/task1_meshes/fakering3.jpg
-- Symlinking: /home/puhster/Desktop/RINS_task2/install/dis_tutorial3/share/dis_tutorial3//worlds/task1_meshes/green.jpg
-- Symlinking: /home/puhster/Desktop/RINS_task2/install/dis_tutorial3/share/dis_tutorial3//worlds/task1_meshes/ground.jpg
-- Symlinking: /home/puhster/Desktop/RINS_task2/install/dis_tutorial3/share/dis_tutorial3//worlds/task1_meshes/map.mtl
-- Symlinking: /home/puhster/Desktop/RINS_task2/install/dis_tutorial3/share/dis_tutorial3//worlds/task1_meshes/map.obj
-- Symlinking: /home/puhster/Desktop/RINS_task2/install/dis_tutorial3/share/dis_tutorial3//worlds/task1_meshes/objects.jpg
-- Symlinking: /home/puhster/Desktop/RINS_task2/install/dis_tutorial3/share/dis_tutorial3//worlds/task1_meshes/person21.png
-- Symlinking: /home/puhster/Desktop/RINS_task2/install/dis_tutorial3/share/dis_tutorial3//worlds/task1_meshes/person28.jpg
-- Symlinking: /home/puhster/Desktop/RINS_task2/install/dis_tutorial3/share/dis_tutorial3//worlds/task1_meshes/person29.jpg
-- Symlinking: /home/puhster/Desktop/RINS_task2/install/dis_tutorial3/share/dis_tutorial3//worlds/task1_meshes/red.jpg
-- Symlinking: /home/puhster/Desktop/RINS_task2/install/dis_tutorial3/share/dis_tutorial3//worlds/task1_meshes/yellow.jpg
-- Symlinking: /home/puhster/Desktop/RINS_task2/install/dis_tutorial3/share/dis_tutorial3//worlds/task1_yellow_demo.sdf
-- Symlinking: /home/puhster/Desktop/RINS_task2/install/dis_tutorial3/share/dis_tutorial3//worlds/task1_yellow_demo_meshes/black.jpg
-- Symlinking: /home/puhster/Desktop/RINS_task2/install/dis_tutorial3/share/dis_tutorial3//worlds/task1_yellow_demo_meshes/blue.jpg
-- Symlinking: /home/puhster/Desktop/RINS_task2/install/dis_tutorial3/share/dis_tutorial3//worlds/task1_yellow_demo_meshes/collider.obj
-- Symlinking: /home/puhster/Desktop/RINS_task2/install/dis_tutorial3/share/dis_tutorial3//worlds/task1_yellow_demo_meshes/fakering1.jpg
-- Symlinking: /home/puhster/Desktop/RINS_task2/install/dis_tutorial3/share/dis_tutorial3//worlds/task1_yellow_demo_meshes/fakering2.jpg
-- Symlinking: /home/puhster/Desktop/RINS_task2/install/dis_tutorial3/share/dis_tutorial3//worlds/task1_yellow_demo_meshes/fakering3.jpg
-- Symlinking: /home/puhster/Desktop/RINS_task2/install/dis_tutorial3/share/dis_tutorial3//worlds/task1_yellow_demo_meshes/green.jpg
-- Symlinking: /home/puhster/Desktop/RINS_task2/install/dis_tutorial3/share/dis_tutorial3//worlds/task1_yellow_demo_meshes/ground.jpg
-- Symlinking: /home/puhster/Desktop/RINS_task2/install/dis_tutorial3/share/dis_tutorial3//worlds/task1_yellow_demo_meshes/map.mtl
-- Symlinking: /home/puhster/Desktop/RINS_task2/install/dis_tutorial3/share/dis_tutorial3//worlds/task1_yellow_demo_meshes/map.obj
-- Symlinking: /home/puhster/Desktop/RINS_task2/install/dis_tutorial3/share/dis_tutorial3//worlds/task1_yellow_demo_meshes/objects.jpg
-- Symlinking: /home/puhster/Desktop/RINS_task2/install/dis_tutorial3/share/dis_tutorial3//worlds/task1_yellow_demo_meshes/person11.png
-- Symlinking: /home/puhster/Desktop/RINS_task2/install/dis_tutorial3/share/dis_tutorial3//worlds/task1_yellow_demo_meshes/person12.png
-- Symlinking: /home/puhster/Desktop/RINS_task2/install/dis_tutorial3/share/dis_tutorial3//worlds/task1_yellow_demo_meshes/person9.png
-- Symlinking: /home/puhster/Desktop/RINS_task2/install/dis_tutorial3/share/dis_tutorial3//worlds/task1_yellow_demo_meshes/red.jpg
-- Symlinking: /home/puhster/Desktop/RINS_task2/install/dis_tutorial3/share/dis_tutorial3//worlds/task1_yellow_demo_meshes/yellow.jpg
-- Symlinking: /home/puhster/Desktop/RINS_task2/install/dis_tutorial3/share/dis_tutorial3//worlds/task2_blue_demo.sdf
-- Symlinking: /home/puhster/Desktop/RINS_task2/install/dis_tutorial3/share/dis_tutorial3//worlds/task2_blue_demo_meshes/anita_she_her_quality_inspector.png
-- Symlinking: /home/puhster/Desktop/RINS_task2/install/dis_tutorial3/share/dis_tutorial3//worlds/task2_blue_demo_meshes/asphalt.jpg
-- Symlinking: /home/puhster/Desktop/RINS_task2/install/dis_tutorial3/share/dis_tutorial3//worlds/task2_blue_demo_meshes/belt.jpg
-- Symlinking: /home/puhster/Desktop/RINS_task2/install/dis_tutorial3/share/dis_tutorial3//worlds/task2_blue_demo_meshes/black.jpg
-- Symlinking: /home/puhster/Desktop/RINS_task2/install/dis_tutorial3/share/dis_tutorial3//worlds/task2_blue_demo_meshes/blue.jpg
-- Symlinking: /home/puhster/Desktop/RINS_task2/install/dis_tutorial3/share/dis_tutorial3//worlds/task2_blue_demo_meshes/buildings_colourmap.png
-- Symlinking: /home/puhster/Desktop/RINS_task2/install/dis_tutorial3/share/dis_tutorial3//worlds/task2_blue_demo_meshes/collider.mtl
-- Symlinking: /home/puhster/Desktop/RINS_task2/install/dis_tutorial3/share/dis_tutorial3//worlds/task2_blue_demo_meshes/collider.obj
-- Symlinking: /home/puhster/Desktop/RINS_task2/install/dis_tutorial3/share/dis_tutorial3//worlds/task2_blue_demo_meshes/colormap.png
-- Symlinking: /home/puhster/Desktop/RINS_task2/install/dis_tutorial3/share/dis_tutorial3//worlds/task2_blue_demo_meshes/damaged10.png
-- Symlinking: /home/puhster/Desktop/RINS_task2/install/dis_tutorial3/share/dis_tutorial3//worlds/task2_blue_demo_meshes/damaged11.png
-- Symlinking: /home/puhster/Desktop/RINS_task2/install/dis_tutorial3/share/dis_tutorial3//worlds/task2_blue_demo_meshes/damaged12.png
-- Symlinking: /home/puhster/Desktop/RINS_task2/install/dis_tutorial3/share/dis_tutorial3//worlds/task2_blue_demo_meshes/damaged13.png
-- Symlinking: /home/puhster/Desktop/RINS_task2/install/dis_tutorial3/share/dis_tutorial3//worlds/task2_blue_demo_meshes/damaged14.png
-- Symlinking: /home/puhster/Desktop/RINS_task2/install/dis_tutorial3/share/dis_tutorial3//worlds/task2_blue_demo_meshes/damaged15.png
-- Symlinking: /home/puhster/Desktop/RINS_task2/install/dis_tutorial3/share/dis_tutorial3//worlds/task2_blue_demo_meshes/fakering1.jpg
-- Symlinking: /home/puhster/Desktop/RINS_task2/install/dis_tutorial3/share/dis_tutorial3//worlds/task2_blue_demo_meshes/fakering2.jpg
-- Symlinking: /home/puhster/Desktop/RINS_task2/install/dis_tutorial3/share/dis_tutorial3//worlds/task2_blue_demo_meshes/fakering3.jpg
-- Symlinking: /home/puhster/Desktop/RINS_task2/install/dis_tutorial3/share/dis_tutorial3//worlds/task2_blue_demo_meshes/felix_he_him_belt_technician.png
-- Symlinking: /home/puhster/Desktop/RINS_task2/install/dis_tutorial3/share/dis_tutorial3//worlds/task2_blue_demo_meshes/good1.png
-- Symlinking: /home/puhster/Desktop/RINS_task2/install/dis_tutorial3/share/dis_tutorial3//worlds/task2_blue_demo_meshes/good2.png
-- Symlinking: /home/puhster/Desktop/RINS_task2/install/dis_tutorial3/share/dis_tutorial3//worlds/task2_blue_demo_meshes/green.jpg
-- Symlinking: /home/puhster/Desktop/RINS_task2/install/dis_tutorial3/share/dis_tutorial3//worlds/task2_blue_demo_meshes/ground.jpg
-- Symlinking: /home/puhster/Desktop/RINS_task2/install/dis_tutorial3/share/dis_tutorial3//worlds/task2_blue_demo_meshes/jeff_he_him_cto.png
-- Symlinking: /home/puhster/Desktop/RINS_task2/install/dis_tutorial3/share/dis_tutorial3//worlds/task2_blue_demo_meshes/laura_she_her_middle_manager.png
-- Symlinking: /home/puhster/Desktop/RINS_task2/install/dis_tutorial3/share/dis_tutorial3//worlds/task2_blue_demo_meshes/map.mtl
-- Symlinking: /home/puhster/Desktop/RINS_task2/install/dis_tutorial3/share/dis_tutorial3//worlds/task2_blue_demo_meshes/map.obj
-- Symlinking: /home/puhster/Desktop/RINS_task2/install/dis_tutorial3/share/dis_tutorial3//worlds/task2_blue_demo_meshes/objects.jpg
-- Symlinking: /home/puhster/Desktop/RINS_task2/install/dis_tutorial3/share/dis_tutorial3//worlds/task2_blue_demo_meshes/qr_barrels.png
-- Symlinking: /home/puhster/Desktop/RINS_task2/install/dis_tutorial3/share/dis_tutorial3//worlds/task2_blue_demo_meshes/qr_break.png
-- Symlinking: /home/puhster/Desktop/RINS_task2/install/dis_tutorial3/share/dis_tutorial3//worlds/task2_blue_demo_meshes/qr_bridge.png
-- Symlinking: /home/puhster/Desktop/RINS_task2/install/dis_tutorial3/share/dis_tutorial3//worlds/task2_blue_demo_meshes/qr_cto.png
-- Symlinking: /home/puhster/Desktop/RINS_task2/install/dis_tutorial3/share/dis_tutorial3//worlds/task2_blue_demo_meshes/qr_flow.png
-- Symlinking: /home/puhster/Desktop/RINS_task2/install/dis_tutorial3/share/dis_tutorial3//worlds/task2_blue_demo_meshes/qr_greenbelt.png
-- Symlinking: /home/puhster/Desktop/RINS_task2/install/dis_tutorial3/share/dis_tutorial3//worlds/task2_blue_demo_meshes/qr_incinerator.png
-- Symlinking: /home/puhster/Desktop/RINS_task2/install/dis_tutorial3/share/dis_tutorial3//worlds/task2_blue_demo_meshes/qr_nothing.png
-- Symlinking: /home/puhster/Desktop/RINS_task2/install/dis_tutorial3/share/dis_tutorial3//worlds/task2_blue_demo_meshes/qr_redbelt.png
-- Symlinking: /home/puhster/Desktop/RINS_task2/install/dis_tutorial3/share/dis_tutorial3//worlds/task2_blue_demo_meshes/qr_rings.png
-- Symlinking: /home/puhster/Desktop/RINS_task2/install/dis_tutorial3/share/dis_tutorial3//worlds/task2_blue_demo_meshes/red.jpg
-- Symlinking: /home/puhster/Desktop/RINS_task2/install/dis_tutorial3/share/dis_tutorial3//worlds/task2_blue_demo_meshes/victor_he_him_plc_programmer.png
-- Symlinking: /home/puhster/Desktop/RINS_task2/install/dis_tutorial3/share/dis_tutorial3//worlds/task2_blue_demo_meshes/yellow.jpg
-- Symlinking: /home/puhster/Desktop/RINS_task2/install/dis_tutorial3/share/dis_tutorial3//worlds/task2_green_demo.sdf
-- Symlinking: /home/puhster/Desktop/RINS_task2/install/dis_tutorial3/share/dis_tutorial3//worlds/task2_green_demo_meshes/asphalt.jpg
-- Symlinking: /home/puhster/Desktop/RINS_task2/install/dis_tutorial3/share/dis_tutorial3//worlds/task2_green_demo_meshes/belt.jpg
-- Symlinking: /home/puhster/Desktop/RINS_task2/install/dis_tutorial3/share/dis_tutorial3//worlds/task2_green_demo_meshes/black.jpg
-- Symlinking: /home/puhster/Desktop/RINS_task2/install/dis_tutorial3/share/dis_tutorial3//worlds/task2_green_demo_meshes/blue.jpg
-- Symlinking: /home/puhster/Desktop/RINS_task2/install/dis_tutorial3/share/dis_tutorial3//worlds/task2_green_demo_meshes/buildings_colourmap.png
-- Symlinking: /home/puhster/Desktop/RINS_task2/install/dis_tutorial3/share/dis_tutorial3//worlds/task2_green_demo_meshes/collider.mtl
-- Symlinking: /home/puhster/Desktop/RINS_task2/install/dis_tutorial3/share/dis_tutorial3//worlds/task2_green_demo_meshes/collider.obj
-- Symlinking: /home/puhster/Desktop/RINS_task2/install/dis_tutorial3/share/dis_tutorial3//worlds/task2_green_demo_meshes/colormap.png
-- Symlinking: /home/puhster/Desktop/RINS_task2/install/dis_tutorial3/share/dis_tutorial3//worlds/task2_green_demo_meshes/damaged10.png
-- Symlinking: /home/puhster/Desktop/RINS_task2/install/dis_tutorial3/share/dis_tutorial3//worlds/task2_green_demo_meshes/damaged11.png
-- Symlinking: /home/puhster/Desktop/RINS_task2/install/dis_tutorial3/share/dis_tutorial3//worlds/task2_green_demo_meshes/damaged12.png
-- Symlinking: /home/puhster/Desktop/RINS_task2/install/dis_tutorial3/share/dis_tutorial3//worlds/task2_green_demo_meshes/damaged13.png
-- Symlinking: /home/puhster/Desktop/RINS_task2/install/dis_tutorial3/share/dis_tutorial3//worlds/task2_green_demo_meshes/damaged14.png
-- Symlinking: /home/puhster/Desktop/RINS_task2/install/dis_tutorial3/share/dis_tutorial3//worlds/task2_green_demo_meshes/damaged15.png
-- Symlinking: /home/puhster/Desktop/RINS_task2/install/dis_tutorial3/share/dis_tutorial3//worlds/task2_green_demo_meshes/elena_she_her_forklift_driver.png
-- Symlinking: /home/puhster/Desktop/RINS_task2/install/dis_tutorial3/share/dis_tutorial3//worlds/task2_green_demo_meshes/fakering1.jpg
-- Symlinking: /home/puhster/Desktop/RINS_task2/install/dis_tutorial3/share/dis_tutorial3//worlds/task2_green_demo_meshes/fakering2.jpg
-- Symlinking: /home/puhster/Desktop/RINS_task2/install/dis_tutorial3/share/dis_tutorial3//worlds/task2_green_demo_meshes/fakering3.jpg
-- Symlinking: /home/puhster/Desktop/RINS_task2/install/dis_tutorial3/share/dis_tutorial3//worlds/task2_green_demo_meshes/fred_he_him_visitor.png
-- Symlinking: /home/puhster/Desktop/RINS_task2/install/dis_tutorial3/share/dis_tutorial3//worlds/task2_green_demo_meshes/good1.png
-- Symlinking: /home/puhster/Desktop/RINS_task2/install/dis_tutorial3/share/dis_tutorial3//worlds/task2_green_demo_meshes/good2.png
-- Symlinking: /home/puhster/Desktop/RINS_task2/install/dis_tutorial3/share/dis_tutorial3//worlds/task2_green_demo_meshes/green.jpg
-- Symlinking: /home/puhster/Desktop/RINS_task2/install/dis_tutorial3/share/dis_tutorial3//worlds/task2_green_demo_meshes/ground.jpg
-- Symlinking: /home/puhster/Desktop/RINS_task2/install/dis_tutorial3/share/dis_tutorial3//worlds/task2_green_demo_meshes/jeff_he_him_cto.png
-- Symlinking: /home/puhster/Desktop/RINS_task2/install/dis_tutorial3/share/dis_tutorial3//worlds/task2_green_demo_meshes/luka_he_him_accountant.png
-- Symlinking: /home/puhster/Desktop/RINS_task2/install/dis_tutorial3/share/dis_tutorial3//worlds/task2_green_demo_meshes/map.mtl
-- Symlinking: /home/puhster/Desktop/RINS_task2/install/dis_tutorial3/share/dis_tutorial3//worlds/task2_green_demo_meshes/map.obj
-- Symlinking: /home/puhster/Desktop/RINS_task2/install/dis_tutorial3/share/dis_tutorial3//worlds/task2_green_demo_meshes/maria_she_her_delivery_driver.png
-- Symlinking: /home/puhster/Desktop/RINS_task2/install/dis_tutorial3/share/dis_tutorial3//worlds/task2_green_demo_meshes/objects.jpg
-- Symlinking: /home/puhster/Desktop/RINS_task2/install/dis_tutorial3/share/dis_tutorial3//worlds/task2_green_demo_meshes/qr_barrels.png
-- Symlinking: /home/puhster/Desktop/RINS_task2/install/dis_tutorial3/share/dis_tutorial3//worlds/task2_green_demo_meshes/qr_bridge.png
-- Symlinking: /home/puhster/Desktop/RINS_task2/install/dis_tutorial3/share/dis_tutorial3//worlds/task2_green_demo_meshes/qr_cto.png
-- Symlinking: /home/puhster/Desktop/RINS_task2/install/dis_tutorial3/share/dis_tutorial3//worlds/task2_green_demo_meshes/qr_flow.png
-- Symlinking: /home/puhster/Desktop/RINS_task2/install/dis_tutorial3/share/dis_tutorial3//worlds/task2_green_demo_meshes/qr_greenbelt.png
-- Symlinking: /home/puhster/Desktop/RINS_task2/install/dis_tutorial3/share/dis_tutorial3//worlds/task2_green_demo_meshes/qr_incinerator.png
-- Symlinking: /home/puhster/Desktop/RINS_task2/install/dis_tutorial3/share/dis_tutorial3//worlds/task2_green_demo_meshes/qr_nothing.png
-- Symlinking: /home/puhster/Desktop/RINS_task2/install/dis_tutorial3/share/dis_tutorial3//worlds/task2_green_demo_meshes/qr_redbelt.png
-- Symlinking: /home/puhster/Desktop/RINS_task2/install/dis_tutorial3/share/dis_tutorial3//worlds/task2_green_demo_meshes/qr_rings.png
-- Symlinking: /home/puhster/Desktop/RINS_task2/install/dis_tutorial3/share/dis_tutorial3//worlds/task2_green_demo_meshes/red.jpg
-- Symlinking: /home/puhster/Desktop/RINS_task2/install/dis_tutorial3/share/dis_tutorial3//worlds/task2_green_demo_meshes/yellow.jpg
-- Symlinking: /home/puhster/Desktop/RINS_task2/install/dis_tutorial3/share/dis_tutorial3//worlds/task2_yellow_demo.sdf
-- Symlinking: /home/puhster/Desktop/RINS_task2/install/dis_tutorial3/share/dis_tutorial3//worlds/task2_yellow_demo_meshes/anna_she_her_visitor.png
-- Symlinking: /home/puhster/Desktop/RINS_task2/install/dis_tutorial3/share/dis_tutorial3//worlds/task2_yellow_demo_meshes/asphalt.jpg
-- Symlinking: /home/puhster/Desktop/RINS_task2/install/dis_tutorial3/share/dis_tutorial3//worlds/task2_yellow_demo_meshes/belt.jpg
-- Symlinking: /home/puhster/Desktop/RINS_task2/install/dis_tutorial3/share/dis_tutorial3//worlds/task2_yellow_demo_meshes/black.jpg
-- Symlinking: /home/puhster/Desktop/RINS_task2/install/dis_tutorial3/share/dis_tutorial3//worlds/task2_yellow_demo_meshes/blue.jpg
-- Symlinking: /home/puhster/Desktop/RINS_task2/install/dis_tutorial3/share/dis_tutorial3//worlds/task2_yellow_demo_meshes/buildings_colourmap.png
-- Symlinking: /home/puhster/Desktop/RINS_task2/install/dis_tutorial3/share/dis_tutorial3//worlds/task2_yellow_demo_meshes/collider.mtl
-- Symlinking: /home/puhster/Desktop/RINS_task2/install/dis_tutorial3/share/dis_tutorial3//worlds/task2_yellow_demo_meshes/collider.obj
-- Symlinking: /home/puhster/Desktop/RINS_task2/install/dis_tutorial3/share/dis_tutorial3//worlds/task2_yellow_demo_meshes/colormap.png
-- Symlinking: /home/puhster/Desktop/RINS_task2/install/dis_tutorial3/share/dis_tutorial3//worlds/task2_yellow_demo_meshes/damaged19.png
-- Symlinking: /home/puhster/Desktop/RINS_task2/install/dis_tutorial3/share/dis_tutorial3//worlds/task2_yellow_demo_meshes/damaged20.png
-- Symlinking: /home/puhster/Desktop/RINS_task2/install/dis_tutorial3/share/dis_tutorial3//worlds/task2_yellow_demo_meshes/damaged21.png
-- Symlinking: /home/puhster/Desktop/RINS_task2/install/dis_tutorial3/share/dis_tutorial3//worlds/task2_yellow_demo_meshes/damaged25.png
-- Symlinking: /home/puhster/Desktop/RINS_task2/install/dis_tutorial3/share/dis_tutorial3//worlds/task2_yellow_demo_meshes/damaged26.png
-- Symlinking: /home/puhster/Desktop/RINS_task2/install/dis_tutorial3/share/dis_tutorial3//worlds/task2_yellow_demo_meshes/david_he_him_welder.png
-- Symlinking: /home/puhster/Desktop/RINS_task2/install/dis_tutorial3/share/dis_tutorial3//worlds/task2_yellow_demo_meshes/fakering1.jpg
-- Symlinking: /home/puhster/Desktop/RINS_task2/install/dis_tutorial3/share/dis_tutorial3//worlds/task2_yellow_demo_meshes/fakering2.jpg
-- Symlinking: /home/puhster/Desktop/RINS_task2/install/dis_tutorial3/share/dis_tutorial3//worlds/task2_yellow_demo_meshes/fakering3.jpg
-- Symlinking: /home/puhster/Desktop/RINS_task2/install/dis_tutorial3/share/dis_tutorial3//worlds/task2_yellow_demo_meshes/good2.png
-- Symlinking: /home/puhster/Desktop/RINS_task2/install/dis_tutorial3/share/dis_tutorial3//worlds/task2_yellow_demo_meshes/good5.png
-- Symlinking: /home/puhster/Desktop/RINS_task2/install/dis_tutorial3/share/dis_tutorial3//worlds/task2_yellow_demo_meshes/green.jpg
-- Symlinking: /home/puhster/Desktop/RINS_task2/install/dis_tutorial3/share/dis_tutorial3//worlds/task2_yellow_demo_meshes/ground.jpg
-- Symlinking: /home/puhster/Desktop/RINS_task2/install/dis_tutorial3/share/dis_tutorial3//worlds/task2_yellow_demo_meshes/jeff_he_him_cto.png
-- Symlinking: /home/puhster/Desktop/RINS_task2/install/dis_tutorial3/share/dis_tutorial3//worlds/task2_yellow_demo_meshes/map.mtl
-- Symlinking: /home/puhster/Desktop/RINS_task2/install/dis_tutorial3/share/dis_tutorial3//worlds/task2_yellow_demo_meshes/map.obj
-- Symlinking: /home/puhster/Desktop/RINS_task2/install/dis_tutorial3/share/dis_tutorial3//worlds/task2_yellow_demo_meshes/objects.jpg
-- Symlinking: /home/puhster/Desktop/RINS_task2/install/dis_tutorial3/share/dis_tutorial3//worlds/task2_yellow_demo_meshes/qr_barrels.png
-- Symlinking: /home/puhster/Desktop/RINS_task2/install/dis_tutorial3/share/dis_tutorial3//worlds/task2_yellow_demo_meshes/qr_bridge.png
-- Symlinking: /home/puhster/Desktop/RINS_task2/install/dis_tutorial3/share/dis_tutorial3//worlds/task2_yellow_demo_meshes/qr_cto.png
-- Symlinking: /home/puhster/Desktop/RINS_task2/install/dis_tutorial3/share/dis_tutorial3//worlds/task2_yellow_demo_meshes/qr_flow.png
-- Symlinking: /home/puhster/Desktop/RINS_task2/install/dis_tutorial3/share/dis_tutorial3//worlds/task2_yellow_demo_meshes/qr_greenbelt.png
-- Symlinking: /home/puhster/Desktop/RINS_task2/install/dis_tutorial3/share/dis_tutorial3//worlds/task2_yellow_demo_meshes/qr_incinerator.png
-- Symlinking: /home/puhster/Desktop/RINS_task2/install/dis_tutorial3/share/dis_tutorial3//worlds/task2_yellow_demo_meshes/qr_nothing.png
-- Symlinking: /home/puhster/Desktop/RINS_task2/install/dis_tutorial3/share/dis_tutorial3//worlds/task2_yellow_demo_meshes/qr_redbelt.png
-- Symlinking: /home/puhster/Desktop/RINS_task2/install/dis_tutorial3/share/dis_tutorial3//worlds/task2_yellow_demo_meshes/qr_rings.png
-- Symlinking: /home/puhster/Desktop/RINS_task2/install/dis_tutorial3/share/dis_tutorial3//worlds/task2_yellow_demo_meshes/red.jpg
-- Symlinking: /home/puhster/Desktop/RINS_task2/install/dis_tutorial3/share/dis_tutorial3//worlds/task2_yellow_demo_meshes/sara_she_her_inventory_manager.png
-- Symlinking: /home/puhster/Desktop/RINS_task2/install/dis_tutorial3/share/dis_tutorial3//worlds/task2_yellow_demo_meshes/sofia_she_her_laser_calibrator.png
-- Symlinking: /home/puhster/Desktop/RINS_task2/install/dis_tutorial3/share/dis_tutorial3//worlds/task2_yellow_demo_meshes/yellow.jpg
-- Symlinking: /home/puhster/Desktop/RINS_task2/install/dis_tutorial3/share/dis_tutorial3//maps/bird_demo.pgm
-- Symlinking: /home/puhster/Desktop/RINS_task2/install/dis_tutorial3/share/dis_tutorial3//maps/bird_demo.yaml
-- Symlinking: /home/puhster/Desktop/RINS_task2/install/dis_tutorial3/share/dis_tutorial3//maps/task1.pgm
-- Symlinking: /home/puhster/Desktop/RINS_task2/install/dis_tutorial3/share/dis_tutorial3//maps/task1.yaml
-- Symlinking: /home/puhster/Desktop/RINS_task2/install/dis_tutorial3/share/dis_tutorial3//urdf/lite/turtlebot4.urdf.xacro
-- Symlinking: /home/puhster/Desktop/RINS_task2/install/dis_tutorial3/share/dis_tutorial3//urdf/sensors/camera_bracket.urdf.xacro
-- Symlinking: /home/puhster/Desktop/RINS_task2/install/dis_tutorial3/share/dis_tutorial3//urdf/sensors/oakd.urdf.xacro
-- Symlinking: /home/puhster/Desktop/RINS_task2/install/dis_tutorial3/share/dis_tutorial3//urdf/sensors/rplidar.urdf.xacro
-- Symlinking: /home/puhster/Desktop/RINS_task2/install/dis_tutorial3/share/dis_tutorial3//urdf/standard/tower_sensor_plate.urdf.xacro
-- Symlinking: /home/puhster/Desktop/RINS_task2/install/dis_tutorial3/share/dis_tutorial3//urdf/standard/tower_standoff.urdf.xacro
-- Symlinking: /home/puhster/Desktop/RINS_task2/install/dis_tutorial3/share/dis_tutorial3//urdf/standard/turtlebot4.urdf.xacro
-- Symlinking: /home/puhster/Desktop/RINS_task2/install/dis_tutorial3/share/dis_tutorial3//urdf/standard/weight_block.urdf.xacro
-- Symlinking: /home/puhster/Desktop/RINS_task2/install/dis_tutorial3/lib/dis_tutorial3/detect_people.py
-- Symlinking: /home/puhster/Desktop/RINS_task2/install/dis_tutorial3/lib/dis_tutorial3/robot_commander.py
-- Symlinking: /home/puhster/Desktop/RINS_task2/install/dis_tutorial3/share/ament_index/resource_index/package_run_dependencies/dis_tutorial3
-- Symlinking: /home/puhster/Desktop/RINS_task2/install/dis_tutorial3/share/ament_index/resource_index/parent_prefix_path/dis_tutorial3
-- Symlinking: /home/puhster/Desktop/RINS_task2/install/dis_tutorial3/share/dis_tutorial3/environment/ament_prefix_path.sh
-- Symlinking: /home/puhster/Desktop/RINS_task2/install/dis_tutorial3/share/dis_tutorial3/environment/ament_prefix_path.dsv
-- Symlinking: /home/puhster/Desktop/RINS_task2/install/dis_tutorial3/share/dis_tutorial3/environment/path.sh
-- Symlinking: /home/puhster/Desktop/RINS_task2/install/dis_tutorial3/share/dis_tutorial3/environment/path.dsv
-- Symlinking: /home/puhster/Desktop/RINS_task2/install/dis_tutorial3/share/dis_tutorial3/local_setup.bash
-- Symlinking: /home/puhster/Desktop/RINS_task2/install/dis_tutorial3/share/dis_tutorial3/local_setup.sh
-- Symlinking: /home/puhster/Desktop/RINS_task2/install/dis_tutorial3/share/dis_tutorial3/local_setup.zsh
-- Symlinking: /home/puhster/Desktop/RINS_task2/install/dis_tutorial3/share/dis_tutorial3/local_setup.dsv
-- Symlinking: /home/puhster/Desktop/RINS_task2/install/dis_tutorial3/share/dis_tutorial3/package.dsv
-- Symlinking: /home/puhster/Desktop/RINS_task2/install/dis_tutorial3/share/ament_index/resource_index/packages/dis_tutorial3
-- Symlinking: /home/puhster/Desktop/RINS_task2/install/dis_tutorial3/share/dis_tutorial3/cmake/dis_tutorial3Config.cmake
-- Symlinking: /home/puhster/Desktop/RINS_task2/install/dis_tutorial3/share/dis_tutorial3/cmake/dis_tutorial3Config-version.cmake
-- Symlinking: /home/puhster/Desktop/RINS_task2/install/dis_tutorial3/share/dis_tutorial3/package.xml
