[0.074s] DEBUG:colcon:Command line arguments: ['/usr/bin/colcon', 'build', '--symlink-install']
[0.074s] DEBUG:colcon:Parsed command line arguments: Namespace(log_base=None, log_level=None, verb_name='build', build_base='build', install_base='install', merge_install=False, symlink_install=True, test_result_base=None, continue_on_error=False, executor='parallel', parallel_workers=32, event_handlers=None, ignore_user_meta=False, metas=['./colcon.meta'], base_paths=['.'], packages_ignore=None, packages_ignore_regex=None, paths=None, packages_up_to=None, packages_up_to_regex=None, packages_above=None, packages_above_and_dependencies=None, packages_above_depth=None, packages_select_by_dep=None, packages_skip_by_dep=None, packages_skip_up_to=None, packages_select_build_failed=False, packages_skip_build_finished=False, packages_select_test_failures=False, packages_skip_test_passed=False, packages_select=None, packages_skip=None, packages_select_regex=None, packages_skip_regex=None, packages_start=None, packages_end=None, cmake_args=None, cmake_target=None, cmake_target_skip_unavailable=False, cmake_clean_cache=False, cmake_clean_first=False, cmake_force_configure=False, ament_cmake_args=None, catkin_cmake_args=None, catkin_skip_building_tests=False, verb_parser=<colcon_defaults.argument_parser.defaults.DefaultArgumentsDecorator object at 0x7dfae4816120>, verb_extension=<colcon_core.verb.build.BuildVerb object at 0x7dfae4815f40>, main=<bound method BuildVerb.main of <colcon_core.verb.build.BuildVerb object at 0x7dfae4815f40>>)
[0.104s] Level 1:colcon.colcon_core.package_discovery:discover_packages(colcon_meta) check parameters
[0.104s] Level 1:colcon.colcon_core.package_discovery:discover_packages(recursive) check parameters
[0.104s] Level 1:colcon.colcon_core.package_discovery:discover_packages(ignore) check parameters
[0.104s] Level 1:colcon.colcon_core.package_discovery:discover_packages(path) check parameters
[0.104s] Level 1:colcon.colcon_core.package_discovery:discover_packages(colcon_meta) discover
[0.104s] Level 1:colcon.colcon_core.package_discovery:discover_packages(recursive) discover
[0.104s] INFO:colcon.colcon_core.package_discovery:Crawling recursively for packages in '/home/puhster/Desktop/RINS_task2'
[0.104s] Level 1:colcon.colcon_core.package_identification:_identify(.) by extensions ['ignore', 'ignore_ament_install']
[0.104s] Level 1:colcon.colcon_core.package_identification:_identify(.) by extension 'ignore'
[0.104s] Level 1:colcon.colcon_core.package_identification:_identify(.) by extension 'ignore_ament_install'
[0.104s] Level 1:colcon.colcon_core.package_identification:_identify(.) by extensions ['colcon_pkg']
[0.104s] Level 1:colcon.colcon_core.package_identification:_identify(.) by extension 'colcon_pkg'
[0.104s] Level 1:colcon.colcon_core.package_identification:_identify(.) by extensions ['colcon_meta']
[0.104s] Level 1:colcon.colcon_core.package_identification:_identify(.) by extension 'colcon_meta'
[0.104s] Level 1:colcon.colcon_core.package_identification:_identify(.) by extensions ['ros']
[0.104s] Level 1:colcon.colcon_core.package_identification:_identify(.) by extension 'ros'
[0.128s] Level 1:colcon.colcon_core.package_identification:_identify(.) by extensions ['cmake', 'python']
[0.129s] Level 1:colcon.colcon_core.package_identification:_identify(.) by extension 'cmake'
[0.129s] Level 1:colcon.colcon_core.package_identification:_identify(.) by extension 'python'
[0.129s] Level 1:colcon.colcon_core.package_identification:_identify(.) by extensions ['python_setup_py']
[0.129s] Level 1:colcon.colcon_core.package_identification:_identify(.) by extension 'python_setup_py'
[0.129s] Level 1:colcon.colcon_core.package_identification:_identify(build) by extensions ['ignore', 'ignore_ament_install']
[0.129s] Level 1:colcon.colcon_core.package_identification:_identify(build) by extension 'ignore'
[0.129s] Level 1:colcon.colcon_core.package_identification:_identify(build) ignored
[0.129s] Level 1:colcon.colcon_core.package_identification:_identify(install) by extensions ['ignore', 'ignore_ament_install']
[0.129s] Level 1:colcon.colcon_core.package_identification:_identify(install) by extension 'ignore'
[0.129s] Level 1:colcon.colcon_core.package_identification:_identify(install) ignored
[0.129s] Level 1:colcon.colcon_core.package_identification:_identify(log) by extensions ['ignore', 'ignore_ament_install']
[0.129s] Level 1:colcon.colcon_core.package_identification:_identify(log) by extension 'ignore'
[0.129s] Level 1:colcon.colcon_core.package_identification:_identify(log) ignored
[0.129s] Level 1:colcon.colcon_core.package_identification:_identify(src) by extensions ['ignore', 'ignore_ament_install']
[0.130s] Level 1:colcon.colcon_core.package_identification:_identify(src) by extension 'ignore'
[0.130s] Level 1:colcon.colcon_core.package_identification:_identify(src) by extension 'ignore_ament_install'
[0.130s] Level 1:colcon.colcon_core.package_identification:_identify(src) by extensions ['colcon_pkg']
[0.130s] Level 1:colcon.colcon_core.package_identification:_identify(src) by extension 'colcon_pkg'
[0.130s] Level 1:colcon.colcon_core.package_identification:_identify(src) by extensions ['colcon_meta']
[0.130s] Level 1:colcon.colcon_core.package_identification:_identify(src) by extension 'colcon_meta'
[0.130s] Level 1:colcon.colcon_core.package_identification:_identify(src) by extensions ['ros']
[0.130s] Level 1:colcon.colcon_core.package_identification:_identify(src) by extension 'ros'
[0.130s] Level 1:colcon.colcon_core.package_identification:_identify(src) by extensions ['cmake', 'python']
[0.130s] Level 1:colcon.colcon_core.package_identification:_identify(src) by extension 'cmake'
[0.130s] Level 1:colcon.colcon_core.package_identification:_identify(src) by extension 'python'
[0.130s] Level 1:colcon.colcon_core.package_identification:_identify(src) by extensions ['python_setup_py']
[0.130s] Level 1:colcon.colcon_core.package_identification:_identify(src) by extension 'python_setup_py'
[0.130s] Level 1:colcon.colcon_core.package_identification:_identify(src/dis_tutorial3) by extensions ['ignore', 'ignore_ament_install']
[0.130s] Level 1:colcon.colcon_core.package_identification:_identify(src/dis_tutorial3) by extension 'ignore'
[0.130s] Level 1:colcon.colcon_core.package_identification:_identify(src/dis_tutorial3) by extension 'ignore_ament_install'
[0.130s] Level 1:colcon.colcon_core.package_identification:_identify(src/dis_tutorial3) by extensions ['colcon_pkg']
[0.130s] Level 1:colcon.colcon_core.package_identification:_identify(src/dis_tutorial3) by extension 'colcon_pkg'
[0.130s] Level 1:colcon.colcon_core.package_identification:_identify(src/dis_tutorial3) by extensions ['colcon_meta']
[0.130s] Level 1:colcon.colcon_core.package_identification:_identify(src/dis_tutorial3) by extension 'colcon_meta'
[0.130s] Level 1:colcon.colcon_core.package_identification:_identify(src/dis_tutorial3) by extensions ['ros']
[0.130s] Level 1:colcon.colcon_core.package_identification:_identify(src/dis_tutorial3) by extension 'ros'
[0.133s] DEBUG:colcon.colcon_core.package_identification:Package 'src/dis_tutorial3' with type 'ros.ament_cmake' and name 'dis_tutorial3'
[0.133s] Level 1:colcon.colcon_core.package_identification:_identify(src/msg_types) by extensions ['ignore', 'ignore_ament_install']
[0.134s] Level 1:colcon.colcon_core.package_identification:_identify(src/msg_types) by extension 'ignore'
[0.134s] Level 1:colcon.colcon_core.package_identification:_identify(src/msg_types) by extension 'ignore_ament_install'
[0.134s] Level 1:colcon.colcon_core.package_identification:_identify(src/msg_types) by extensions ['colcon_pkg']
[0.134s] Level 1:colcon.colcon_core.package_identification:_identify(src/msg_types) by extension 'colcon_pkg'
[0.134s] Level 1:colcon.colcon_core.package_identification:_identify(src/msg_types) by extensions ['colcon_meta']
[0.134s] Level 1:colcon.colcon_core.package_identification:_identify(src/msg_types) by extension 'colcon_meta'
[0.134s] Level 1:colcon.colcon_core.package_identification:_identify(src/msg_types) by extensions ['ros']
[0.134s] Level 1:colcon.colcon_core.package_identification:_identify(src/msg_types) by extension 'ros'
[0.134s] DEBUG:colcon.colcon_core.package_identification:Package 'src/msg_types' with type 'ros.ament_cmake' and name 'msg_types'
[0.134s] Level 1:colcon.colcon_core.package_identification:_identify(src/task2) by extensions ['ignore', 'ignore_ament_install']
[0.134s] Level 1:colcon.colcon_core.package_identification:_identify(src/task2) by extension 'ignore'
[0.134s] Level 1:colcon.colcon_core.package_identification:_identify(src/task2) by extension 'ignore_ament_install'
[0.134s] Level 1:colcon.colcon_core.package_identification:_identify(src/task2) by extensions ['colcon_pkg']
[0.134s] Level 1:colcon.colcon_core.package_identification:_identify(src/task2) by extension 'colcon_pkg'
[0.135s] Level 1:colcon.colcon_core.package_identification:_identify(src/task2) by extensions ['colcon_meta']
[0.135s] Level 1:colcon.colcon_core.package_identification:_identify(src/task2) by extension 'colcon_meta'
[0.135s] Level 1:colcon.colcon_core.package_identification:_identify(src/task2) by extensions ['ros']
[0.135s] Level 1:colcon.colcon_core.package_identification:_identify(src/task2) by extension 'ros'
[0.135s] DEBUG:colcon.colcon_core.package_identification:Package 'src/task2' with type 'ros.ament_python' and name 'task2'
[0.135s] Level 1:colcon.colcon_core.package_discovery:discover_packages(recursive) using defaults
[0.135s] Level 1:colcon.colcon_core.package_discovery:discover_packages(ignore) discover
[0.135s] Level 1:colcon.colcon_core.package_discovery:discover_packages(ignore) using defaults
[0.135s] Level 1:colcon.colcon_core.package_discovery:discover_packages(path) discover
[0.136s] Level 1:colcon.colcon_core.package_discovery:discover_packages(path) using defaults
[0.152s] Level 5:colcon.colcon_core.verb:set package 'dis_tutorial3' build argument 'cmake_args' from command line to 'None'
[0.152s] Level 5:colcon.colcon_core.verb:set package 'dis_tutorial3' build argument 'cmake_target' from command line to 'None'
[0.152s] Level 5:colcon.colcon_core.verb:set package 'dis_tutorial3' build argument 'cmake_target_skip_unavailable' from command line to 'False'
[0.152s] Level 5:colcon.colcon_core.verb:set package 'dis_tutorial3' build argument 'cmake_clean_cache' from command line to 'False'
[0.152s] Level 5:colcon.colcon_core.verb:set package 'dis_tutorial3' build argument 'cmake_clean_first' from command line to 'False'
[0.152s] Level 5:colcon.colcon_core.verb:set package 'dis_tutorial3' build argument 'cmake_force_configure' from command line to 'False'
[0.152s] Level 5:colcon.colcon_core.verb:set package 'dis_tutorial3' build argument 'ament_cmake_args' from command line to 'None'
[0.152s] Level 5:colcon.colcon_core.verb:set package 'dis_tutorial3' build argument 'catkin_cmake_args' from command line to 'None'
[0.152s] Level 5:colcon.colcon_core.verb:set package 'dis_tutorial3' build argument 'catkin_skip_building_tests' from command line to 'False'
[0.152s] DEBUG:colcon.colcon_core.verb:Building package 'dis_tutorial3' with the following arguments: {'ament_cmake_args': None, 'build_base': '/home/puhster/Desktop/RINS_task2/build/dis_tutorial3', 'catkin_cmake_args': None, 'catkin_skip_building_tests': False, 'cmake_args': None, 'cmake_clean_cache': False, 'cmake_clean_first': False, 'cmake_force_configure': False, 'cmake_target': None, 'cmake_target_skip_unavailable': False, 'install_base': '/home/puhster/Desktop/RINS_task2/install/dis_tutorial3', 'merge_install': False, 'path': '/home/puhster/Desktop/RINS_task2/src/dis_tutorial3', 'symlink_install': True, 'test_result_base': None}
[0.152s] Level 5:colcon.colcon_core.verb:set package 'msg_types' build argument 'cmake_args' from command line to 'None'
[0.153s] Level 5:colcon.colcon_core.verb:set package 'msg_types' build argument 'cmake_target' from command line to 'None'
[0.153s] Level 5:colcon.colcon_core.verb:set package 'msg_types' build argument 'cmake_target_skip_unavailable' from command line to 'False'
[0.153s] Level 5:colcon.colcon_core.verb:set package 'msg_types' build argument 'cmake_clean_cache' from command line to 'False'
[0.153s] Level 5:colcon.colcon_core.verb:set package 'msg_types' build argument 'cmake_clean_first' from command line to 'False'
[0.153s] Level 5:colcon.colcon_core.verb:set package 'msg_types' build argument 'cmake_force_configure' from command line to 'False'
[0.153s] Level 5:colcon.colcon_core.verb:set package 'msg_types' build argument 'ament_cmake_args' from command line to 'None'
[0.153s] Level 5:colcon.colcon_core.verb:set package 'msg_types' build argument 'catkin_cmake_args' from command line to 'None'
[0.153s] Level 5:colcon.colcon_core.verb:set package 'msg_types' build argument 'catkin_skip_building_tests' from command line to 'False'
[0.153s] DEBUG:colcon.colcon_core.verb:Building package 'msg_types' with the following arguments: {'ament_cmake_args': None, 'build_base': '/home/puhster/Desktop/RINS_task2/build/msg_types', 'catkin_cmake_args': None, 'catkin_skip_building_tests': False, 'cmake_args': None, 'cmake_clean_cache': False, 'cmake_clean_first': False, 'cmake_force_configure': False, 'cmake_target': None, 'cmake_target_skip_unavailable': False, 'install_base': '/home/puhster/Desktop/RINS_task2/install/msg_types', 'merge_install': False, 'path': '/home/puhster/Desktop/RINS_task2/src/msg_types', 'symlink_install': True, 'test_result_base': None}
[0.153s] Level 5:colcon.colcon_core.verb:set package 'task2' build argument 'cmake_args' from command line to 'None'
[0.153s] Level 5:colcon.colcon_core.verb:set package 'task2' build argument 'cmake_target' from command line to 'None'
[0.153s] Level 5:colcon.colcon_core.verb:set package 'task2' build argument 'cmake_target_skip_unavailable' from command line to 'False'
[0.153s] Level 5:colcon.colcon_core.verb:set package 'task2' build argument 'cmake_clean_cache' from command line to 'False'
[0.153s] Level 5:colcon.colcon_core.verb:set package 'task2' build argument 'cmake_clean_first' from command line to 'False'
[0.153s] Level 5:colcon.colcon_core.verb:set package 'task2' build argument 'cmake_force_configure' from command line to 'False'
[0.153s] Level 5:colcon.colcon_core.verb:set package 'task2' build argument 'ament_cmake_args' from command line to 'None'
[0.153s] Level 5:colcon.colcon_core.verb:set package 'task2' build argument 'catkin_cmake_args' from command line to 'None'
[0.153s] Level 5:colcon.colcon_core.verb:set package 'task2' build argument 'catkin_skip_building_tests' from command line to 'False'
[0.153s] DEBUG:colcon.colcon_core.verb:Building package 'task2' with the following arguments: {'ament_cmake_args': None, 'build_base': '/home/puhster/Desktop/RINS_task2/build/task2', 'catkin_cmake_args': None, 'catkin_skip_building_tests': False, 'cmake_args': None, 'cmake_clean_cache': False, 'cmake_clean_first': False, 'cmake_force_configure': False, 'cmake_target': None, 'cmake_target_skip_unavailable': False, 'install_base': '/home/puhster/Desktop/RINS_task2/install/task2', 'merge_install': False, 'path': '/home/puhster/Desktop/RINS_task2/src/task2', 'symlink_install': True, 'test_result_base': None}
[0.153s] INFO:colcon.colcon_core.executor:Executing jobs using 'parallel' executor
[0.154s] DEBUG:colcon.colcon_parallel_executor.executor.parallel:run_until_complete
[0.155s] INFO:colcon.colcon_ros.task.ament_cmake.build:Building ROS package in '/home/puhster/Desktop/RINS_task2/src/msg_types' with build type 'ament_cmake'
[0.155s] INFO:colcon.colcon_cmake.task.cmake.build:Building CMake package in '/home/puhster/Desktop/RINS_task2/src/msg_types'
[0.156s] INFO:colcon.colcon_core.plugin_system:Skipping extension 'colcon_core.shell.bat': Not used on non-Windows systems
[0.157s] DEBUG:colcon.colcon_core.shell:Skip shell extension 'dsv' for command environment
[0.161s] INFO:colcon.colcon_ros.task.ament_cmake.build:Building ROS package in '/home/puhster/Desktop/RINS_task2/src/dis_tutorial3' with build type 'ament_cmake'
[0.161s] INFO:colcon.colcon_cmake.task.cmake.build:Building CMake package in '/home/puhster/Desktop/RINS_task2/src/dis_tutorial3'
[0.161s] DEBUG:colcon.colcon_core.shell:Skip shell extension 'dsv' for command environment
[0.169s] DEBUG:colcon.colcon_core.event_handler.log_command:Invoking command in '/home/puhster/Desktop/RINS_task2/build/msg_types': CMAKE_PREFIX_PATH=${CMAKE_PREFIX_PATH}:/home/puhster/Desktop/RINS_task2/install/task2:/home/puhster/Desktop/RINS/install/task1:/opt/ros/jazzy DEBUGINFOD_URLS=https://debuginfod.ubuntu.com /usr/bin/cmake --build /home/puhster/Desktop/RINS_task2/build/msg_types -- -j32 -l32
[0.172s] DEBUG:colcon.colcon_core.event_handler.log_command:Invoking command in '/home/puhster/Desktop/RINS_task2/build/dis_tutorial3': CMAKE_PREFIX_PATH=${CMAKE_PREFIX_PATH}:/home/puhster/Desktop/RINS_task2/install/task2:/home/puhster/Desktop/RINS/install/task1:/opt/ros/jazzy DEBUGINFOD_URLS=https://debuginfod.ubuntu.com /usr/bin/cmake --build /home/puhster/Desktop/RINS_task2/build/dis_tutorial3 -- -j32 -l32
[0.194s] DEBUG:colcon.colcon_core.event_handler.log_command:Invoked command in '/home/puhster/Desktop/RINS_task2/build/dis_tutorial3' returned '0': CMAKE_PREFIX_PATH=${CMAKE_PREFIX_PATH}:/home/puhster/Desktop/RINS_task2/install/task2:/home/puhster/Desktop/RINS/install/task1:/opt/ros/jazzy DEBUGINFOD_URLS=https://debuginfod.ubuntu.com /usr/bin/cmake --build /home/puhster/Desktop/RINS_task2/build/dis_tutorial3 -- -j32 -l32
[0.198s] DEBUG:colcon.colcon_core.event_handler.log_command:Invoking command in '/home/puhster/Desktop/RINS_task2/build/dis_tutorial3': CMAKE_PREFIX_PATH=${CMAKE_PREFIX_PATH}:/home/puhster/Desktop/RINS_task2/install/task2:/home/puhster/Desktop/RINS/install/task1:/opt/ros/jazzy DEBUGINFOD_URLS=https://debuginfod.ubuntu.com /usr/bin/cmake --install /home/puhster/Desktop/RINS_task2/build/dis_tutorial3
[0.248s] Level 1:colcon.colcon_core.environment:create_environment_scripts_only(dis_tutorial3)
[0.249s] DEBUG:colcon.colcon_core.event_handler.log_command:Invoked command in '/home/puhster/Desktop/RINS_task2/build/dis_tutorial3' returned '0': CMAKE_PREFIX_PATH=${CMAKE_PREFIX_PATH}:/home/puhster/Desktop/RINS_task2/install/task2:/home/puhster/Desktop/RINS/install/task1:/opt/ros/jazzy DEBUGINFOD_URLS=https://debuginfod.ubuntu.com /usr/bin/cmake --install /home/puhster/Desktop/RINS_task2/build/dis_tutorial3
[0.251s] Level 1:colcon.colcon_core.environment:checking '/home/puhster/Desktop/RINS_task2/install/dis_tutorial3' for CMake module files
[0.251s] Level 1:colcon.colcon_core.environment:checking '/home/puhster/Desktop/RINS_task2/install/dis_tutorial3' for CMake config files
[0.251s] Level 1:colcon.colcon_core.shell:create_environment_hook('dis_tutorial3', 'cmake_prefix_path')
[0.251s] INFO:colcon.colcon_core.shell:Creating environment descriptor '/home/puhster/Desktop/RINS_task2/install/dis_tutorial3/share/dis_tutorial3/hook/cmake_prefix_path.dsv'
[0.252s] INFO:colcon.colcon_core.shell:Creating environment hook '/home/puhster/Desktop/RINS_task2/install/dis_tutorial3/share/dis_tutorial3/hook/cmake_prefix_path.sh'
[0.253s] Level 1:colcon.colcon_core.environment:checking '/home/puhster/Desktop/RINS_task2/install/dis_tutorial3/lib'
[0.253s] Level 1:colcon.colcon_core.environment:checking '/home/puhster/Desktop/RINS_task2/install/dis_tutorial3/bin'
[0.253s] Level 1:colcon.colcon_core.environment:checking '/home/puhster/Desktop/RINS_task2/install/dis_tutorial3/lib/pkgconfig/dis_tutorial3.pc'
[0.254s] Level 1:colcon.colcon_core.environment:checking '/home/puhster/Desktop/RINS_task2/install/dis_tutorial3/lib/python3.12/site-packages'
[0.255s] Level 1:colcon.colcon_core.environment:checking '/home/puhster/Desktop/RINS_task2/install/dis_tutorial3/bin'
[0.255s] INFO:colcon.colcon_core.shell:Creating package descriptor '/home/puhster/Desktop/RINS_task2/install/dis_tutorial3/share/dis_tutorial3/package.dsv'
[0.256s] INFO:colcon.colcon_core.shell:Creating package script '/home/puhster/Desktop/RINS_task2/install/dis_tutorial3/share/dis_tutorial3/package.sh'
[0.257s] INFO:colcon.colcon_core.shell:Creating package script '/home/puhster/Desktop/RINS_task2/install/dis_tutorial3/share/dis_tutorial3/package.bash'
[0.258s] INFO:colcon.colcon_core.shell:Creating package script '/home/puhster/Desktop/RINS_task2/install/dis_tutorial3/share/dis_tutorial3/package.zsh'
[0.259s] Level 1:colcon.colcon_core.environment:create_file_with_runtime_dependencies(/home/puhster/Desktop/RINS_task2/install/dis_tutorial3/share/colcon-core/packages/dis_tutorial3)
[0.259s] Level 1:colcon.colcon_core.environment:create_environment_scripts_only(dis_tutorial3)
[0.259s] Level 1:colcon.colcon_core.environment:checking '/home/puhster/Desktop/RINS_task2/install/dis_tutorial3' for CMake module files
[0.260s] Level 1:colcon.colcon_core.environment:checking '/home/puhster/Desktop/RINS_task2/install/dis_tutorial3' for CMake config files
[0.261s] Level 1:colcon.colcon_core.shell:create_environment_hook('dis_tutorial3', 'cmake_prefix_path')
[0.261s] INFO:colcon.colcon_core.shell:Creating environment descriptor '/home/puhster/Desktop/RINS_task2/install/dis_tutorial3/share/dis_tutorial3/hook/cmake_prefix_path.dsv'
[0.262s] INFO:colcon.colcon_core.shell:Creating environment hook '/home/puhster/Desktop/RINS_task2/install/dis_tutorial3/share/dis_tutorial3/hook/cmake_prefix_path.sh'
[0.262s] Level 1:colcon.colcon_core.environment:checking '/home/puhster/Desktop/RINS_task2/install/dis_tutorial3/lib'
[0.262s] Level 1:colcon.colcon_core.environment:checking '/home/puhster/Desktop/RINS_task2/install/dis_tutorial3/bin'
[0.262s] Level 1:colcon.colcon_core.environment:checking '/home/puhster/Desktop/RINS_task2/install/dis_tutorial3/lib/pkgconfig/dis_tutorial3.pc'
[0.263s] Level 1:colcon.colcon_core.environment:checking '/home/puhster/Desktop/RINS_task2/install/dis_tutorial3/lib/python3.12/site-packages'
[0.263s] Level 1:colcon.colcon_core.environment:checking '/home/puhster/Desktop/RINS_task2/install/dis_tutorial3/bin'
[0.264s] INFO:colcon.colcon_core.shell:Creating package descriptor '/home/puhster/Desktop/RINS_task2/install/dis_tutorial3/share/dis_tutorial3/package.dsv'
[0.264s] INFO:colcon.colcon_core.shell:Creating package script '/home/puhster/Desktop/RINS_task2/install/dis_tutorial3/share/dis_tutorial3/package.sh'
[0.265s] INFO:colcon.colcon_core.shell:Creating package script '/home/puhster/Desktop/RINS_task2/install/dis_tutorial3/share/dis_tutorial3/package.bash'
[0.265s] INFO:colcon.colcon_core.shell:Creating package script '/home/puhster/Desktop/RINS_task2/install/dis_tutorial3/share/dis_tutorial3/package.zsh'
[0.266s] Level 1:colcon.colcon_core.environment:create_file_with_runtime_dependencies(/home/puhster/Desktop/RINS_task2/install/dis_tutorial3/share/colcon-core/packages/dis_tutorial3)
[0.496s] DEBUG:colcon.colcon_core.event_handler.log_command:Invoked command in '/home/puhster/Desktop/RINS_task2/build/msg_types' returned '0': CMAKE_PREFIX_PATH=${CMAKE_PREFIX_PATH}:/home/puhster/Desktop/RINS_task2/install/task2:/home/puhster/Desktop/RINS/install/task1:/opt/ros/jazzy DEBUGINFOD_URLS=https://debuginfod.ubuntu.com /usr/bin/cmake --build /home/puhster/Desktop/RINS_task2/build/msg_types -- -j32 -l32
[0.497s] DEBUG:colcon.colcon_core.event_handler.log_command:Invoking command in '/home/puhster/Desktop/RINS_task2/build/msg_types': CMAKE_PREFIX_PATH=${CMAKE_PREFIX_PATH}:/home/puhster/Desktop/RINS_task2/install/task2:/home/puhster/Desktop/RINS/install/task1:/opt/ros/jazzy DEBUGINFOD_URLS=https://debuginfod.ubuntu.com /usr/bin/cmake --install /home/puhster/Desktop/RINS_task2/build/msg_types
[0.558s] Level 1:colcon.colcon_core.environment:create_environment_scripts_only(msg_types)
[0.559s] Level 1:colcon.colcon_core.environment:checking '/home/puhster/Desktop/RINS_task2/install/msg_types' for CMake module files
[0.559s] DEBUG:colcon.colcon_core.event_handler.log_command:Invoked command in '/home/puhster/Desktop/RINS_task2/build/msg_types' returned '0': CMAKE_PREFIX_PATH=${CMAKE_PREFIX_PATH}:/home/puhster/Desktop/RINS_task2/install/task2:/home/puhster/Desktop/RINS/install/task1:/opt/ros/jazzy DEBUGINFOD_URLS=https://debuginfod.ubuntu.com /usr/bin/cmake --install /home/puhster/Desktop/RINS_task2/build/msg_types
[0.560s] Level 1:colcon.colcon_core.environment:checking '/home/puhster/Desktop/RINS_task2/install/msg_types' for CMake config files
[0.560s] Level 1:colcon.colcon_core.shell:create_environment_hook('msg_types', 'cmake_prefix_path')
[0.560s] INFO:colcon.colcon_core.shell:Creating environment descriptor '/home/puhster/Desktop/RINS_task2/install/msg_types/share/msg_types/hook/cmake_prefix_path.dsv'
[0.561s] INFO:colcon.colcon_core.shell:Creating environment hook '/home/puhster/Desktop/RINS_task2/install/msg_types/share/msg_types/hook/cmake_prefix_path.sh'
[0.561s] Level 1:colcon.colcon_core.environment:checking '/home/puhster/Desktop/RINS_task2/install/msg_types/lib'
[0.561s] Level 1:colcon.colcon_core.shell:create_environment_hook('msg_types', 'ld_library_path_lib')
[0.561s] INFO:colcon.colcon_core.shell:Creating environment descriptor '/home/puhster/Desktop/RINS_task2/install/msg_types/share/msg_types/hook/ld_library_path_lib.dsv'
[0.562s] INFO:colcon.colcon_core.shell:Creating environment hook '/home/puhster/Desktop/RINS_task2/install/msg_types/share/msg_types/hook/ld_library_path_lib.sh'
[0.562s] Level 1:colcon.colcon_core.environment:checking '/home/puhster/Desktop/RINS_task2/install/msg_types/bin'
[0.562s] Level 1:colcon.colcon_core.environment:checking '/home/puhster/Desktop/RINS_task2/install/msg_types/lib/pkgconfig/msg_types.pc'
[0.562s] Level 1:colcon.colcon_core.environment:checking '/home/puhster/Desktop/RINS_task2/install/msg_types/lib/python3.12/site-packages'
[0.562s] Level 1:colcon.colcon_core.shell:create_environment_hook('msg_types', 'pythonpath')
[0.562s] INFO:colcon.colcon_core.shell:Creating environment descriptor '/home/puhster/Desktop/RINS_task2/install/msg_types/share/msg_types/hook/pythonpath.dsv'
[0.563s] INFO:colcon.colcon_core.shell:Creating environment hook '/home/puhster/Desktop/RINS_task2/install/msg_types/share/msg_types/hook/pythonpath.sh'
[0.563s] Level 1:colcon.colcon_core.environment:checking '/home/puhster/Desktop/RINS_task2/install/msg_types/bin'
[0.563s] INFO:colcon.colcon_core.shell:Creating package descriptor '/home/puhster/Desktop/RINS_task2/install/msg_types/share/msg_types/package.dsv'
[0.564s] INFO:colcon.colcon_core.shell:Creating package script '/home/puhster/Desktop/RINS_task2/install/msg_types/share/msg_types/package.sh'
[0.564s] INFO:colcon.colcon_core.shell:Creating package script '/home/puhster/Desktop/RINS_task2/install/msg_types/share/msg_types/package.bash'
[0.564s] INFO:colcon.colcon_core.shell:Creating package script '/home/puhster/Desktop/RINS_task2/install/msg_types/share/msg_types/package.zsh'
[0.564s] Level 1:colcon.colcon_core.environment:create_file_with_runtime_dependencies(/home/puhster/Desktop/RINS_task2/install/msg_types/share/colcon-core/packages/msg_types)
[0.565s] Level 1:colcon.colcon_core.environment:create_environment_scripts_only(msg_types)
[0.565s] Level 1:colcon.colcon_core.environment:checking '/home/puhster/Desktop/RINS_task2/install/msg_types' for CMake module files
[0.565s] Level 1:colcon.colcon_core.environment:checking '/home/puhster/Desktop/RINS_task2/install/msg_types' for CMake config files
[0.566s] Level 1:colcon.colcon_core.shell:create_environment_hook('msg_types', 'cmake_prefix_path')
[0.566s] INFO:colcon.colcon_core.shell:Creating environment descriptor '/home/puhster/Desktop/RINS_task2/install/msg_types/share/msg_types/hook/cmake_prefix_path.dsv'
[0.566s] INFO:colcon.colcon_core.shell:Creating environment hook '/home/puhster/Desktop/RINS_task2/install/msg_types/share/msg_types/hook/cmake_prefix_path.sh'
[0.567s] Level 1:colcon.colcon_core.environment:checking '/home/puhster/Desktop/RINS_task2/install/msg_types/lib'
[0.567s] Level 1:colcon.colcon_core.shell:create_environment_hook('msg_types', 'ld_library_path_lib')
[0.567s] INFO:colcon.colcon_core.shell:Creating environment descriptor '/home/puhster/Desktop/RINS_task2/install/msg_types/share/msg_types/hook/ld_library_path_lib.dsv'
[0.567s] INFO:colcon.colcon_core.shell:Creating environment hook '/home/puhster/Desktop/RINS_task2/install/msg_types/share/msg_types/hook/ld_library_path_lib.sh'
[0.567s] Level 1:colcon.colcon_core.environment:checking '/home/puhster/Desktop/RINS_task2/install/msg_types/bin'
[0.567s] Level 1:colcon.colcon_core.environment:checking '/home/puhster/Desktop/RINS_task2/install/msg_types/lib/pkgconfig/msg_types.pc'
[0.567s] Level 1:colcon.colcon_core.environment:checking '/home/puhster/Desktop/RINS_task2/install/msg_types/lib/python3.12/site-packages'
[0.567s] Level 1:colcon.colcon_core.shell:create_environment_hook('msg_types', 'pythonpath')
[0.568s] INFO:colcon.colcon_core.shell:Creating environment descriptor '/home/puhster/Desktop/RINS_task2/install/msg_types/share/msg_types/hook/pythonpath.dsv'
[0.568s] INFO:colcon.colcon_core.shell:Creating environment hook '/home/puhster/Desktop/RINS_task2/install/msg_types/share/msg_types/hook/pythonpath.sh'
[0.568s] Level 1:colcon.colcon_core.environment:checking '/home/puhster/Desktop/RINS_task2/install/msg_types/bin'
[0.568s] INFO:colcon.colcon_core.shell:Creating package descriptor '/home/puhster/Desktop/RINS_task2/install/msg_types/share/msg_types/package.dsv'
[0.569s] INFO:colcon.colcon_core.shell:Creating package script '/home/puhster/Desktop/RINS_task2/install/msg_types/share/msg_types/package.sh'
[0.569s] INFO:colcon.colcon_core.shell:Creating package script '/home/puhster/Desktop/RINS_task2/install/msg_types/share/msg_types/package.bash'
[0.569s] INFO:colcon.colcon_core.shell:Creating package script '/home/puhster/Desktop/RINS_task2/install/msg_types/share/msg_types/package.zsh'
[0.569s] Level 1:colcon.colcon_core.environment:create_file_with_runtime_dependencies(/home/puhster/Desktop/RINS_task2/install/msg_types/share/colcon-core/packages/msg_types)
[0.570s] INFO:colcon.colcon_ros.task.ament_python.build:Building ROS package in '/home/puhster/Desktop/RINS_task2/src/task2' with build type 'ament_python'
[0.570s] Level 1:colcon.colcon_core.shell:create_environment_hook('task2', 'ament_prefix_path')
[0.570s] INFO:colcon.colcon_core.shell:Creating environment descriptor '/home/puhster/Desktop/RINS_task2/install/task2/share/task2/hook/ament_prefix_path.dsv'
[0.570s] INFO:colcon.colcon_core.shell:Creating environment hook '/home/puhster/Desktop/RINS_task2/install/task2/share/task2/hook/ament_prefix_path.sh'
[0.571s] DEBUG:colcon.colcon_core.shell:Skip shell extension 'dsv' for command environment
[0.757s] INFO:colcon.colcon_core.task.python.build:Building Python package in '/home/puhster/Desktop/RINS_task2/src/task2'
[0.757s] DEBUG:colcon.colcon_core.shell:Skip shell extension 'dsv' for command environment
[1.199s] DEBUG:colcon.colcon_core.event_handler.log_command:Invoking command in '/home/puhster/Desktop/RINS_task2/build/task2': DEBUGINFOD_URLS=https://debuginfod.ubuntu.com PYTHONPATH=/home/puhster/Desktop/RINS_task2/build/task2/prefix_override:/usr/lib/python3/dist-packages/colcon_core/task/python/colcon_distutils_commands:/home/puhster/Desktop/RINS_task2/install/task2/lib/python3.12/site-packages:/home/puhster/Desktop/RINS_task2/install/msg_types/lib/python3.12/site-packages:/home/puhster/Desktop/RINS_task2/build/task2:/home/puhster/Desktop/RINS_task2/install/task2/lib/python3.12/site-packages:/home/puhster/Desktop/RINS/install/task1/lib/python3.12/site-packages:/home/puhster/Desktop/RINS/install/msg_types/lib/python3.12/site-packages:/opt/ros/jazzy/lib/python3.12/site-packages /usr/bin/python3 -W ignore:setup.py install is deprecated -W ignore:easy_install command is deprecated setup.py develop --editable --build-directory /home/puhster/Desktop/RINS_task2/build/task2/build --no-deps symlink_data
[1.669s] Level 1:colcon.colcon_core.shell:create_environment_hook('task2', 'pythonpath_develop')
[1.669s] INFO:colcon.colcon_core.shell:Creating environment descriptor '/home/puhster/Desktop/RINS_task2/build/task2/share/task2/hook/pythonpath_develop.dsv'
[1.670s] DEBUG:colcon.colcon_core.event_handler.log_command:Invoked command in '/home/puhster/Desktop/RINS_task2/build/task2' returned '0': DEBUGINFOD_URLS=https://debuginfod.ubuntu.com PYTHONPATH=/home/puhster/Desktop/RINS_task2/build/task2/prefix_override:/usr/lib/python3/dist-packages/colcon_core/task/python/colcon_distutils_commands:/home/puhster/Desktop/RINS_task2/install/task2/lib/python3.12/site-packages:/home/puhster/Desktop/RINS_task2/install/msg_types/lib/python3.12/site-packages:/home/puhster/Desktop/RINS_task2/build/task2:/home/puhster/Desktop/RINS_task2/install/task2/lib/python3.12/site-packages:/home/puhster/Desktop/RINS/install/task1/lib/python3.12/site-packages:/home/puhster/Desktop/RINS/install/msg_types/lib/python3.12/site-packages:/opt/ros/jazzy/lib/python3.12/site-packages /usr/bin/python3 -W ignore:setup.py install is deprecated -W ignore:easy_install command is deprecated setup.py develop --editable --build-directory /home/puhster/Desktop/RINS_task2/build/task2/build --no-deps symlink_data
[1.670s] INFO:colcon.colcon_core.shell:Creating environment hook '/home/puhster/Desktop/RINS_task2/build/task2/share/task2/hook/pythonpath_develop.sh'
[1.671s] Level 1:colcon.colcon_core.environment:checking '/home/puhster/Desktop/RINS_task2/install/task2' for CMake module files
[1.671s] Level 1:colcon.colcon_core.environment:checking '/home/puhster/Desktop/RINS_task2/install/task2' for CMake config files
[1.672s] Level 1:colcon.colcon_core.environment:checking '/home/puhster/Desktop/RINS_task2/install/task2/lib'
[1.672s] Level 1:colcon.colcon_core.environment:checking '/home/puhster/Desktop/RINS_task2/install/task2/bin'
[1.672s] Level 1:colcon.colcon_core.environment:checking '/home/puhster/Desktop/RINS_task2/install/task2/lib/pkgconfig/task2.pc'
[1.672s] Level 1:colcon.colcon_core.environment:checking '/home/puhster/Desktop/RINS_task2/install/task2/lib/python3.12/site-packages'
[1.672s] Level 1:colcon.colcon_core.shell:create_environment_hook('task2', 'pythonpath')
[1.672s] INFO:colcon.colcon_core.shell:Creating environment descriptor '/home/puhster/Desktop/RINS_task2/install/task2/share/task2/hook/pythonpath.dsv'
[1.673s] INFO:colcon.colcon_core.shell:Creating environment hook '/home/puhster/Desktop/RINS_task2/install/task2/share/task2/hook/pythonpath.sh'
[1.673s] Level 1:colcon.colcon_core.environment:checking '/home/puhster/Desktop/RINS_task2/install/task2/bin'
[1.673s] Level 1:colcon.colcon_core.environment:create_environment_scripts_only(task2)
[1.673s] INFO:colcon.colcon_core.shell:Creating package descriptor '/home/puhster/Desktop/RINS_task2/install/task2/share/task2/package.dsv'
[1.674s] INFO:colcon.colcon_core.shell:Creating package script '/home/puhster/Desktop/RINS_task2/install/task2/share/task2/package.sh'
[1.674s] INFO:colcon.colcon_core.shell:Creating package script '/home/puhster/Desktop/RINS_task2/install/task2/share/task2/package.bash'
[1.674s] INFO:colcon.colcon_core.shell:Creating package script '/home/puhster/Desktop/RINS_task2/install/task2/share/task2/package.zsh'
[1.675s] Level 1:colcon.colcon_core.environment:create_file_with_runtime_dependencies(/home/puhster/Desktop/RINS_task2/install/task2/share/colcon-core/packages/task2)
[1.675s] DEBUG:colcon.colcon_parallel_executor.executor.parallel:closing loop
[1.675s] DEBUG:colcon.colcon_parallel_executor.executor.parallel:loop closed
[1.675s] DEBUG:colcon.colcon_parallel_executor.executor.parallel:run_until_complete finished with '0'
[1.675s] DEBUG:colcon.colcon_core.event_reactor:joining thread
[1.680s] INFO:colcon.colcon_core.plugin_system:Skipping extension 'colcon_notification.desktop_notification.terminal_notifier': Not used on non-Darwin systems
[1.680s] INFO:colcon.colcon_core.plugin_system:Skipping extension 'colcon_notification.desktop_notification.win32': Not used on non-Windows systems
[1.680s] INFO:colcon.colcon_notification.desktop_notification:Sending desktop notification using 'notify2'
[1.693s] DEBUG:colcon.colcon_core.event_reactor:joined thread
[1.693s] INFO:colcon.colcon_core.shell:Creating prefix script '/home/puhster/Desktop/RINS_task2/install/local_setup.sh'
[1.694s] INFO:colcon.colcon_core.shell:Creating prefix util module '/home/puhster/Desktop/RINS_task2/install/_local_setup_util_sh.py'
[1.694s] INFO:colcon.colcon_core.shell:Creating prefix chain script '/home/puhster/Desktop/RINS_task2/install/setup.sh'
[1.695s] INFO:colcon.colcon_core.shell:Creating prefix script '/home/puhster/Desktop/RINS_task2/install/local_setup.bash'
[1.695s] INFO:colcon.colcon_core.shell:Creating prefix chain script '/home/puhster/Desktop/RINS_task2/install/setup.bash'
[1.696s] INFO:colcon.colcon_core.shell:Creating prefix script '/home/puhster/Desktop/RINS_task2/install/local_setup.zsh'
[1.697s] INFO:colcon.colcon_core.shell:Creating prefix chain script '/home/puhster/Desktop/RINS_task2/install/setup.zsh'
