[0.077s] DEBUG:colcon:Command line arguments: ['/usr/bin/colcon', 'build', '--symlink-install']
[0.077s] DEBUG:colcon:Parsed command line arguments: Namespace(log_base=None, log_level=None, verb_name='build', build_base='build', install_base='install', merge_install=False, symlink_install=True, test_result_base=None, continue_on_error=False, executor='parallel', parallel_workers=32, event_handlers=None, ignore_user_meta=False, metas=['./colcon.meta'], base_paths=['.'], packages_ignore=None, packages_ignore_regex=None, paths=None, packages_up_to=None, packages_up_to_regex=None, packages_above=None, packages_above_and_dependencies=None, packages_above_depth=None, packages_select_by_dep=None, packages_skip_by_dep=None, packages_skip_up_to=None, packages_select_build_failed=False, packages_skip_build_finished=False, packages_select_test_failures=False, packages_skip_test_passed=False, packages_select=None, packages_skip=None, packages_select_regex=None, packages_skip_regex=None, packages_start=None, packages_end=None, cmake_args=None, cmake_target=None, cmake_target_skip_unavailable=False, cmake_clean_cache=False, cmake_clean_first=False, cmake_force_configure=False, ament_cmake_args=None, catkin_cmake_args=None, catkin_skip_building_tests=False, verb_parser=<colcon_defaults.argument_parser.defaults.DefaultArgumentsDecorator object at 0x7d70174295b0>, verb_extension=<colcon_core.verb.build.BuildVerb object at 0x7d7017429310>, main=<bound method BuildVerb.main of <colcon_core.verb.build.BuildVerb object at 0x7d7017429310>>)
[0.114s] Level 1:colcon.colcon_core.package_discovery:discover_packages(colcon_meta) check parameters
[0.114s] Level 1:colcon.colcon_core.package_discovery:discover_packages(recursive) check parameters
[0.114s] Level 1:colcon.colcon_core.package_discovery:discover_packages(ignore) check parameters
[0.114s] Level 1:colcon.colcon_core.package_discovery:discover_packages(path) check parameters
[0.114s] Level 1:colcon.colcon_core.package_discovery:discover_packages(colcon_meta) discover
[0.114s] Level 1:colcon.colcon_core.package_discovery:discover_packages(recursive) discover
[0.114s] INFO:colcon.colcon_core.package_discovery:Crawling recursively for packages in '/home/puhster/Desktop/RINS_task2'
[0.114s] Level 1:colcon.colcon_core.package_identification:_identify(.) by extensions ['ignore', 'ignore_ament_install']
[0.114s] Level 1:colcon.colcon_core.package_identification:_identify(.) by extension 'ignore'
[0.114s] Level 1:colcon.colcon_core.package_identification:_identify(.) by extension 'ignore_ament_install'
[0.114s] Level 1:colcon.colcon_core.package_identification:_identify(.) by extensions ['colcon_pkg']
[0.114s] Level 1:colcon.colcon_core.package_identification:_identify(.) by extension 'colcon_pkg'
[0.114s] Level 1:colcon.colcon_core.package_identification:_identify(.) by extensions ['colcon_meta']
[0.114s] Level 1:colcon.colcon_core.package_identification:_identify(.) by extension 'colcon_meta'
[0.114s] Level 1:colcon.colcon_core.package_identification:_identify(.) by extensions ['ros']
[0.114s] Level 1:colcon.colcon_core.package_identification:_identify(.) by extension 'ros'
[0.129s] Level 1:colcon.colcon_core.package_identification:_identify(.) by extensions ['cmake', 'python']
[0.129s] Level 1:colcon.colcon_core.package_identification:_identify(.) by extension 'cmake'
[0.129s] Level 1:colcon.colcon_core.package_identification:_identify(.) by extension 'python'
[0.129s] Level 1:colcon.colcon_core.package_identification:_identify(.) by extensions ['python_setup_py']
[0.129s] Level 1:colcon.colcon_core.package_identification:_identify(.) by extension 'python_setup_py'
[0.129s] Level 1:colcon.colcon_core.package_identification:_identify(build) by extensions ['ignore', 'ignore_ament_install']
[0.129s] Level 1:colcon.colcon_core.package_identification:_identify(build) by extension 'ignore'
[0.129s] Level 1:colcon.colcon_core.package_identification:_identify(build) ignored
[0.129s] Level 1:colcon.colcon_core.package_identification:_identify(install) by extensions ['ignore', 'ignore_ament_install']
[0.129s] Level 1:colcon.colcon_core.package_identification:_identify(install) by extension 'ignore'
[0.129s] Level 1:colcon.colcon_core.package_identification:_identify(install) ignored
[0.129s] Level 1:colcon.colcon_core.package_identification:_identify(log) by extensions ['ignore', 'ignore_ament_install']
[0.129s] Level 1:colcon.colcon_core.package_identification:_identify(log) by extension 'ignore'
[0.130s] Level 1:colcon.colcon_core.package_identification:_identify(log) ignored
[0.130s] Level 1:colcon.colcon_core.package_identification:_identify(src) by extensions ['ignore', 'ignore_ament_install']
[0.130s] Level 1:colcon.colcon_core.package_identification:_identify(src) by extension 'ignore'
[0.130s] Level 1:colcon.colcon_core.package_identification:_identify(src) by extension 'ignore_ament_install'
[0.130s] Level 1:colcon.colcon_core.package_identification:_identify(src) by extensions ['colcon_pkg']
[0.130s] Level 1:colcon.colcon_core.package_identification:_identify(src) by extension 'colcon_pkg'
[0.130s] Level 1:colcon.colcon_core.package_identification:_identify(src) by extensions ['colcon_meta']
[0.130s] Level 1:colcon.colcon_core.package_identification:_identify(src) by extension 'colcon_meta'
[0.130s] Level 1:colcon.colcon_core.package_identification:_identify(src) by extensions ['ros']
[0.130s] Level 1:colcon.colcon_core.package_identification:_identify(src) by extension 'ros'
[0.130s] Level 1:colcon.colcon_core.package_identification:_identify(src) by extensions ['cmake', 'python']
[0.130s] Level 1:colcon.colcon_core.package_identification:_identify(src) by extension 'cmake'
[0.130s] Level 1:colcon.colcon_core.package_identification:_identify(src) by extension 'python'
[0.130s] Level 1:colcon.colcon_core.package_identification:_identify(src) by extensions ['python_setup_py']
[0.130s] Level 1:colcon.colcon_core.package_identification:_identify(src) by extension 'python_setup_py'
[0.130s] Level 1:colcon.colcon_core.package_identification:_identify(src/dis_tutorial3) by extensions ['ignore', 'ignore_ament_install']
[0.130s] Level 1:colcon.colcon_core.package_identification:_identify(src/dis_tutorial3) by extension 'ignore'
[0.130s] Level 1:colcon.colcon_core.package_identification:_identify(src/dis_tutorial3) by extension 'ignore_ament_install'
[0.130s] Level 1:colcon.colcon_core.package_identification:_identify(src/dis_tutorial3) by extensions ['colcon_pkg']
[0.130s] Level 1:colcon.colcon_core.package_identification:_identify(src/dis_tutorial3) by extension 'colcon_pkg'
[0.130s] Level 1:colcon.colcon_core.package_identification:_identify(src/dis_tutorial3) by extensions ['colcon_meta']
[0.130s] Level 1:colcon.colcon_core.package_identification:_identify(src/dis_tutorial3) by extension 'colcon_meta'
[0.130s] Level 1:colcon.colcon_core.package_identification:_identify(src/dis_tutorial3) by extensions ['ros']
[0.130s] Level 1:colcon.colcon_core.package_identification:_identify(src/dis_tutorial3) by extension 'ros'
[0.132s] DEBUG:colcon.colcon_core.package_identification:Package 'src/dis_tutorial3' with type 'ros.ament_cmake' and name 'dis_tutorial3'
[0.132s] Level 1:colcon.colcon_core.package_identification:_identify(src/msg_types) by extensions ['ignore', 'ignore_ament_install']
[0.132s] Level 1:colcon.colcon_core.package_identification:_identify(src/msg_types) by extension 'ignore'
[0.132s] Level 1:colcon.colcon_core.package_identification:_identify(src/msg_types) by extension 'ignore_ament_install'
[0.132s] Level 1:colcon.colcon_core.package_identification:_identify(src/msg_types) by extensions ['colcon_pkg']
[0.132s] Level 1:colcon.colcon_core.package_identification:_identify(src/msg_types) by extension 'colcon_pkg'
[0.132s] Level 1:colcon.colcon_core.package_identification:_identify(src/msg_types) by extensions ['colcon_meta']
[0.132s] Level 1:colcon.colcon_core.package_identification:_identify(src/msg_types) by extension 'colcon_meta'
[0.132s] Level 1:colcon.colcon_core.package_identification:_identify(src/msg_types) by extensions ['ros']
[0.132s] Level 1:colcon.colcon_core.package_identification:_identify(src/msg_types) by extension 'ros'
[0.132s] DEBUG:colcon.colcon_core.package_identification:Package 'src/msg_types' with type 'ros.ament_cmake' and name 'msg_types'
[0.132s] Level 1:colcon.colcon_core.package_identification:_identify(src/task2) by extensions ['ignore', 'ignore_ament_install']
[0.132s] Level 1:colcon.colcon_core.package_identification:_identify(src/task2) by extension 'ignore'
[0.132s] Level 1:colcon.colcon_core.package_identification:_identify(src/task2) by extension 'ignore_ament_install'
[0.132s] Level 1:colcon.colcon_core.package_identification:_identify(src/task2) by extensions ['colcon_pkg']
[0.132s] Level 1:colcon.colcon_core.package_identification:_identify(src/task2) by extension 'colcon_pkg'
[0.132s] Level 1:colcon.colcon_core.package_identification:_identify(src/task2) by extensions ['colcon_meta']
[0.132s] Level 1:colcon.colcon_core.package_identification:_identify(src/task2) by extension 'colcon_meta'
[0.132s] Level 1:colcon.colcon_core.package_identification:_identify(src/task2) by extensions ['ros']
[0.132s] Level 1:colcon.colcon_core.package_identification:_identify(src/task2) by extension 'ros'
[0.133s] DEBUG:colcon.colcon_core.package_identification:Package 'src/task2' with type 'ros.ament_python' and name 'task2'
[0.133s] Level 1:colcon.colcon_core.package_discovery:discover_packages(recursive) using defaults
[0.133s] Level 1:colcon.colcon_core.package_discovery:discover_packages(ignore) discover
[0.133s] Level 1:colcon.colcon_core.package_discovery:discover_packages(ignore) using defaults
[0.133s] Level 1:colcon.colcon_core.package_discovery:discover_packages(path) discover
[0.133s] Level 1:colcon.colcon_core.package_discovery:discover_packages(path) using defaults
[0.152s] Level 5:colcon.colcon_core.verb:set package 'dis_tutorial3' build argument 'cmake_args' from command line to 'None'
[0.152s] Level 5:colcon.colcon_core.verb:set package 'dis_tutorial3' build argument 'cmake_target' from command line to 'None'
[0.152s] Level 5:colcon.colcon_core.verb:set package 'dis_tutorial3' build argument 'cmake_target_skip_unavailable' from command line to 'False'
[0.152s] Level 5:colcon.colcon_core.verb:set package 'dis_tutorial3' build argument 'cmake_clean_cache' from command line to 'False'
[0.152s] Level 5:colcon.colcon_core.verb:set package 'dis_tutorial3' build argument 'cmake_clean_first' from command line to 'False'
[0.152s] Level 5:colcon.colcon_core.verb:set package 'dis_tutorial3' build argument 'cmake_force_configure' from command line to 'False'
[0.152s] Level 5:colcon.colcon_core.verb:set package 'dis_tutorial3' build argument 'ament_cmake_args' from command line to 'None'
[0.152s] Level 5:colcon.colcon_core.verb:set package 'dis_tutorial3' build argument 'catkin_cmake_args' from command line to 'None'
[0.152s] Level 5:colcon.colcon_core.verb:set package 'dis_tutorial3' build argument 'catkin_skip_building_tests' from command line to 'False'
[0.152s] DEBUG:colcon.colcon_core.verb:Building package 'dis_tutorial3' with the following arguments: {'ament_cmake_args': None, 'build_base': '/home/puhster/Desktop/RINS_task2/build/dis_tutorial3', 'catkin_cmake_args': None, 'catkin_skip_building_tests': False, 'cmake_args': None, 'cmake_clean_cache': False, 'cmake_clean_first': False, 'cmake_force_configure': False, 'cmake_target': None, 'cmake_target_skip_unavailable': False, 'install_base': '/home/puhster/Desktop/RINS_task2/install/dis_tutorial3', 'merge_install': False, 'path': '/home/puhster/Desktop/RINS_task2/src/dis_tutorial3', 'symlink_install': True, 'test_result_base': None}
[0.152s] Level 5:colcon.colcon_core.verb:set package 'msg_types' build argument 'cmake_args' from command line to 'None'
[0.152s] Level 5:colcon.colcon_core.verb:set package 'msg_types' build argument 'cmake_target' from command line to 'None'
[0.152s] Level 5:colcon.colcon_core.verb:set package 'msg_types' build argument 'cmake_target_skip_unavailable' from command line to 'False'
[0.152s] Level 5:colcon.colcon_core.verb:set package 'msg_types' build argument 'cmake_clean_cache' from command line to 'False'
[0.152s] Level 5:colcon.colcon_core.verb:set package 'msg_types' build argument 'cmake_clean_first' from command line to 'False'
[0.152s] Level 5:colcon.colcon_core.verb:set package 'msg_types' build argument 'cmake_force_configure' from command line to 'False'
[0.152s] Level 5:colcon.colcon_core.verb:set package 'msg_types' build argument 'ament_cmake_args' from command line to 'None'
[0.152s] Level 5:colcon.colcon_core.verb:set package 'msg_types' build argument 'catkin_cmake_args' from command line to 'None'
[0.152s] Level 5:colcon.colcon_core.verb:set package 'msg_types' build argument 'catkin_skip_building_tests' from command line to 'False'
[0.152s] DEBUG:colcon.colcon_core.verb:Building package 'msg_types' with the following arguments: {'ament_cmake_args': None, 'build_base': '/home/puhster/Desktop/RINS_task2/build/msg_types', 'catkin_cmake_args': None, 'catkin_skip_building_tests': False, 'cmake_args': None, 'cmake_clean_cache': False, 'cmake_clean_first': False, 'cmake_force_configure': False, 'cmake_target': None, 'cmake_target_skip_unavailable': False, 'install_base': '/home/puhster/Desktop/RINS_task2/install/msg_types', 'merge_install': False, 'path': '/home/puhster/Desktop/RINS_task2/src/msg_types', 'symlink_install': True, 'test_result_base': None}
[0.152s] Level 5:colcon.colcon_core.verb:set package 'task2' build argument 'cmake_args' from command line to 'None'
[0.152s] Level 5:colcon.colcon_core.verb:set package 'task2' build argument 'cmake_target' from command line to 'None'
[0.152s] Level 5:colcon.colcon_core.verb:set package 'task2' build argument 'cmake_target_skip_unavailable' from command line to 'False'
[0.152s] Level 5:colcon.colcon_core.verb:set package 'task2' build argument 'cmake_clean_cache' from command line to 'False'
[0.152s] Level 5:colcon.colcon_core.verb:set package 'task2' build argument 'cmake_clean_first' from command line to 'False'
[0.152s] Level 5:colcon.colcon_core.verb:set package 'task2' build argument 'cmake_force_configure' from command line to 'False'
[0.152s] Level 5:colcon.colcon_core.verb:set package 'task2' build argument 'ament_cmake_args' from command line to 'None'
[0.152s] Level 5:colcon.colcon_core.verb:set package 'task2' build argument 'catkin_cmake_args' from command line to 'None'
[0.152s] Level 5:colcon.colcon_core.verb:set package 'task2' build argument 'catkin_skip_building_tests' from command line to 'False'
[0.152s] DEBUG:colcon.colcon_core.verb:Building package 'task2' with the following arguments: {'ament_cmake_args': None, 'build_base': '/home/puhster/Desktop/RINS_task2/build/task2', 'catkin_cmake_args': None, 'catkin_skip_building_tests': False, 'cmake_args': None, 'cmake_clean_cache': False, 'cmake_clean_first': False, 'cmake_force_configure': False, 'cmake_target': None, 'cmake_target_skip_unavailable': False, 'install_base': '/home/puhster/Desktop/RINS_task2/install/task2', 'merge_install': False, 'path': '/home/puhster/Desktop/RINS_task2/src/task2', 'symlink_install': True, 'test_result_base': None}
[0.152s] INFO:colcon.colcon_core.executor:Executing jobs using 'parallel' executor
[0.153s] DEBUG:colcon.colcon_parallel_executor.executor.parallel:run_until_complete
[0.153s] INFO:colcon.colcon_ros.task.ament_cmake.build:Building ROS package in '/home/puhster/Desktop/RINS_task2/src/msg_types' with build type 'ament_cmake'
[0.153s] INFO:colcon.colcon_cmake.task.cmake.build:Building CMake package in '/home/puhster/Desktop/RINS_task2/src/msg_types'
[0.156s] INFO:colcon.colcon_core.plugin_system:Skipping extension 'colcon_core.shell.bat': Not used on non-Windows systems
[0.156s] DEBUG:colcon.colcon_core.shell:Skip shell extension 'dsv' for command environment
[0.160s] INFO:colcon.colcon_ros.task.ament_cmake.build:Building ROS package in '/home/puhster/Desktop/RINS_task2/src/dis_tutorial3' with build type 'ament_cmake'
[0.160s] INFO:colcon.colcon_cmake.task.cmake.build:Building CMake package in '/home/puhster/Desktop/RINS_task2/src/dis_tutorial3'
[0.160s] DEBUG:colcon.colcon_core.shell:Skip shell extension 'dsv' for command environment
[0.163s] DEBUG:colcon.colcon_core.event_handler.log_command:Invoking command in '/home/puhster/Desktop/RINS_task2/build/msg_types': CMAKE_PREFIX_PATH=${CMAKE_PREFIX_PATH}:/home/puhster/Desktop/RINS/install/task1:/opt/ros/jazzy DEBUGINFOD_URLS=https://debuginfod.ubuntu.com /usr/bin/cmake /home/puhster/Desktop/RINS_task2/src/msg_types -DAMENT_CMAKE_SYMLINK_INSTALL=1 -DCMAKE_INSTALL_PREFIX=/home/puhster/Desktop/RINS_task2/install/msg_types
[0.166s] DEBUG:colcon.colcon_core.event_handler.log_command:Invoking command in '/home/puhster/Desktop/RINS_task2/build/dis_tutorial3': CMAKE_PREFIX_PATH=${CMAKE_PREFIX_PATH}:/home/puhster/Desktop/RINS/install/task1:/opt/ros/jazzy DEBUGINFOD_URLS=https://debuginfod.ubuntu.com /usr/bin/cmake /home/puhster/Desktop/RINS_task2/src/dis_tutorial3 -DAMENT_CMAKE_SYMLINK_INSTALL=1 -DCMAKE_INSTALL_PREFIX=/home/puhster/Desktop/RINS_task2/install/dis_tutorial3
[0.627s] DEBUG:colcon.colcon_core.event_handler.log_command:Invoked command in '/home/puhster/Desktop/RINS_task2/build/dis_tutorial3' returned '0': CMAKE_PREFIX_PATH=${CMAKE_PREFIX_PATH}:/home/puhster/Desktop/RINS/install/task1:/opt/ros/jazzy DEBUGINFOD_URLS=https://debuginfod.ubuntu.com /usr/bin/cmake /home/puhster/Desktop/RINS_task2/src/dis_tutorial3 -DAMENT_CMAKE_SYMLINK_INSTALL=1 -DCMAKE_INSTALL_PREFIX=/home/puhster/Desktop/RINS_task2/install/dis_tutorial3
[0.628s] DEBUG:colcon.colcon_core.event_handler.log_command:Invoking command in '/home/puhster/Desktop/RINS_task2/build/dis_tutorial3': CMAKE_PREFIX_PATH=${CMAKE_PREFIX_PATH}:/home/puhster/Desktop/RINS/install/task1:/opt/ros/jazzy DEBUGINFOD_URLS=https://debuginfod.ubuntu.com /usr/bin/cmake --build /home/puhster/Desktop/RINS_task2/build/dis_tutorial3 -- -j32 -l32
[0.654s] DEBUG:colcon.colcon_core.event_handler.log_command:Invoked command in '/home/puhster/Desktop/RINS_task2/build/dis_tutorial3' returned '0': CMAKE_PREFIX_PATH=${CMAKE_PREFIX_PATH}:/home/puhster/Desktop/RINS/install/task1:/opt/ros/jazzy DEBUGINFOD_URLS=https://debuginfod.ubuntu.com /usr/bin/cmake --build /home/puhster/Desktop/RINS_task2/build/dis_tutorial3 -- -j32 -l32
[0.659s] DEBUG:colcon.colcon_core.event_handler.log_command:Invoking command in '/home/puhster/Desktop/RINS_task2/build/dis_tutorial3': CMAKE_PREFIX_PATH=${CMAKE_PREFIX_PATH}:/home/puhster/Desktop/RINS/install/task1:/opt/ros/jazzy DEBUGINFOD_URLS=https://debuginfod.ubuntu.com /usr/bin/cmake --install /home/puhster/Desktop/RINS_task2/build/dis_tutorial3
[0.699s] Level 1:colcon.colcon_core.environment:create_environment_scripts_only(dis_tutorial3)
[0.699s] DEBUG:colcon.colcon_core.event_handler.log_command:Invoked command in '/home/puhster/Desktop/RINS_task2/build/dis_tutorial3' returned '0': CMAKE_PREFIX_PATH=${CMAKE_PREFIX_PATH}:/home/puhster/Desktop/RINS/install/task1:/opt/ros/jazzy DEBUGINFOD_URLS=https://debuginfod.ubuntu.com /usr/bin/cmake --install /home/puhster/Desktop/RINS_task2/build/dis_tutorial3
[0.703s] Level 1:colcon.colcon_core.environment:checking '/home/puhster/Desktop/RINS_task2/install/dis_tutorial3' for CMake module files
[0.703s] Level 1:colcon.colcon_core.environment:checking '/home/puhster/Desktop/RINS_task2/install/dis_tutorial3' for CMake config files
[0.703s] Level 1:colcon.colcon_core.shell:create_environment_hook('dis_tutorial3', 'cmake_prefix_path')
[0.704s] INFO:colcon.colcon_core.shell:Creating environment descriptor '/home/puhster/Desktop/RINS_task2/install/dis_tutorial3/share/dis_tutorial3/hook/cmake_prefix_path.dsv'
[0.704s] INFO:colcon.colcon_core.shell:Creating environment hook '/home/puhster/Desktop/RINS_task2/install/dis_tutorial3/share/dis_tutorial3/hook/cmake_prefix_path.sh'
[0.705s] Level 1:colcon.colcon_core.environment:checking '/home/puhster/Desktop/RINS_task2/install/dis_tutorial3/lib'
[0.705s] Level 1:colcon.colcon_core.environment:checking '/home/puhster/Desktop/RINS_task2/install/dis_tutorial3/bin'
[0.705s] Level 1:colcon.colcon_core.environment:checking '/home/puhster/Desktop/RINS_task2/install/dis_tutorial3/lib/pkgconfig/dis_tutorial3.pc'
[0.706s] Level 1:colcon.colcon_core.environment:checking '/home/puhster/Desktop/RINS_task2/install/dis_tutorial3/lib/python3.12/site-packages'
[0.707s] Level 1:colcon.colcon_core.environment:checking '/home/puhster/Desktop/RINS_task2/install/dis_tutorial3/bin'
[0.707s] INFO:colcon.colcon_core.shell:Creating package descriptor '/home/puhster/Desktop/RINS_task2/install/dis_tutorial3/share/dis_tutorial3/package.dsv'
[0.707s] INFO:colcon.colcon_core.shell:Creating package script '/home/puhster/Desktop/RINS_task2/install/dis_tutorial3/share/dis_tutorial3/package.sh'
[0.708s] INFO:colcon.colcon_core.shell:Creating package script '/home/puhster/Desktop/RINS_task2/install/dis_tutorial3/share/dis_tutorial3/package.bash'
[0.709s] INFO:colcon.colcon_core.shell:Creating package script '/home/puhster/Desktop/RINS_task2/install/dis_tutorial3/share/dis_tutorial3/package.zsh'
[0.709s] Level 1:colcon.colcon_core.environment:create_file_with_runtime_dependencies(/home/puhster/Desktop/RINS_task2/install/dis_tutorial3/share/colcon-core/packages/dis_tutorial3)
[0.710s] Level 1:colcon.colcon_core.environment:create_environment_scripts_only(dis_tutorial3)
[0.710s] Level 1:colcon.colcon_core.environment:checking '/home/puhster/Desktop/RINS_task2/install/dis_tutorial3' for CMake module files
[0.710s] Level 1:colcon.colcon_core.environment:checking '/home/puhster/Desktop/RINS_task2/install/dis_tutorial3' for CMake config files
[0.710s] Level 1:colcon.colcon_core.shell:create_environment_hook('dis_tutorial3', 'cmake_prefix_path')
[0.711s] INFO:colcon.colcon_core.shell:Creating environment descriptor '/home/puhster/Desktop/RINS_task2/install/dis_tutorial3/share/dis_tutorial3/hook/cmake_prefix_path.dsv'
[0.711s] INFO:colcon.colcon_core.shell:Creating environment hook '/home/puhster/Desktop/RINS_task2/install/dis_tutorial3/share/dis_tutorial3/hook/cmake_prefix_path.sh'
[0.711s] Level 1:colcon.colcon_core.environment:checking '/home/puhster/Desktop/RINS_task2/install/dis_tutorial3/lib'
[0.711s] Level 1:colcon.colcon_core.environment:checking '/home/puhster/Desktop/RINS_task2/install/dis_tutorial3/bin'
[0.711s] Level 1:colcon.colcon_core.environment:checking '/home/puhster/Desktop/RINS_task2/install/dis_tutorial3/lib/pkgconfig/dis_tutorial3.pc'
[0.711s] Level 1:colcon.colcon_core.environment:checking '/home/puhster/Desktop/RINS_task2/install/dis_tutorial3/lib/python3.12/site-packages'
[0.712s] Level 1:colcon.colcon_core.environment:checking '/home/puhster/Desktop/RINS_task2/install/dis_tutorial3/bin'
[0.712s] INFO:colcon.colcon_core.shell:Creating package descriptor '/home/puhster/Desktop/RINS_task2/install/dis_tutorial3/share/dis_tutorial3/package.dsv'
[0.712s] INFO:colcon.colcon_core.shell:Creating package script '/home/puhster/Desktop/RINS_task2/install/dis_tutorial3/share/dis_tutorial3/package.sh'
[0.712s] INFO:colcon.colcon_core.shell:Creating package script '/home/puhster/Desktop/RINS_task2/install/dis_tutorial3/share/dis_tutorial3/package.bash'
[0.712s] INFO:colcon.colcon_core.shell:Creating package script '/home/puhster/Desktop/RINS_task2/install/dis_tutorial3/share/dis_tutorial3/package.zsh'
[0.713s] Level 1:colcon.colcon_core.environment:create_file_with_runtime_dependencies(/home/puhster/Desktop/RINS_task2/install/dis_tutorial3/share/colcon-core/packages/dis_tutorial3)
[2.195s] DEBUG:colcon.colcon_core.event_handler.log_command:Invoked command in '/home/puhster/Desktop/RINS_task2/build/msg_types' returned '0': CMAKE_PREFIX_PATH=${CMAKE_PREFIX_PATH}:/home/puhster/Desktop/RINS/install/task1:/opt/ros/jazzy DEBUGINFOD_URLS=https://debuginfod.ubuntu.com /usr/bin/cmake /home/puhster/Desktop/RINS_task2/src/msg_types -DAMENT_CMAKE_SYMLINK_INSTALL=1 -DCMAKE_INSTALL_PREFIX=/home/puhster/Desktop/RINS_task2/install/msg_types
[2.195s] DEBUG:colcon.colcon_core.event_handler.log_command:Invoking command in '/home/puhster/Desktop/RINS_task2/build/msg_types': CMAKE_PREFIX_PATH=${CMAKE_PREFIX_PATH}:/home/puhster/Desktop/RINS/install/task1:/opt/ros/jazzy DEBUGINFOD_URLS=https://debuginfod.ubuntu.com /usr/bin/cmake --build /home/puhster/Desktop/RINS_task2/build/msg_types -- -j32 -l32
[3.847s] DEBUG:colcon.colcon_core.event_handler.log_command:Invoked command in '/home/puhster/Desktop/RINS_task2/build/msg_types' returned '0': CMAKE_PREFIX_PATH=${CMAKE_PREFIX_PATH}:/home/puhster/Desktop/RINS/install/task1:/opt/ros/jazzy DEBUGINFOD_URLS=https://debuginfod.ubuntu.com /usr/bin/cmake --build /home/puhster/Desktop/RINS_task2/build/msg_types -- -j32 -l32
[3.848s] DEBUG:colcon.colcon_core.event_handler.log_command:Invoking command in '/home/puhster/Desktop/RINS_task2/build/msg_types': CMAKE_PREFIX_PATH=${CMAKE_PREFIX_PATH}:/home/puhster/Desktop/RINS/install/task1:/opt/ros/jazzy DEBUGINFOD_URLS=https://debuginfod.ubuntu.com /usr/bin/cmake --install /home/puhster/Desktop/RINS_task2/build/msg_types
[4.291s] Level 1:colcon.colcon_core.environment:create_environment_scripts_only(msg_types)
[4.291s] Level 1:colcon.colcon_core.environment:checking '/home/puhster/Desktop/RINS_task2/install/msg_types' for CMake module files
[4.292s] DEBUG:colcon.colcon_core.event_handler.log_command:Invoked command in '/home/puhster/Desktop/RINS_task2/build/msg_types' returned '0': CMAKE_PREFIX_PATH=${CMAKE_PREFIX_PATH}:/home/puhster/Desktop/RINS/install/task1:/opt/ros/jazzy DEBUGINFOD_URLS=https://debuginfod.ubuntu.com /usr/bin/cmake --install /home/puhster/Desktop/RINS_task2/build/msg_types
[4.292s] Level 1:colcon.colcon_core.environment:checking '/home/puhster/Desktop/RINS_task2/install/msg_types' for CMake config files
[4.292s] Level 1:colcon.colcon_core.shell:create_environment_hook('msg_types', 'cmake_prefix_path')
[4.292s] INFO:colcon.colcon_core.shell:Creating environment descriptor '/home/puhster/Desktop/RINS_task2/install/msg_types/share/msg_types/hook/cmake_prefix_path.dsv'
[4.293s] INFO:colcon.colcon_core.shell:Creating environment hook '/home/puhster/Desktop/RINS_task2/install/msg_types/share/msg_types/hook/cmake_prefix_path.sh'
[4.293s] Level 1:colcon.colcon_core.environment:checking '/home/puhster/Desktop/RINS_task2/install/msg_types/lib'
[4.293s] Level 1:colcon.colcon_core.shell:create_environment_hook('msg_types', 'ld_library_path_lib')
[4.293s] INFO:colcon.colcon_core.shell:Creating environment descriptor '/home/puhster/Desktop/RINS_task2/install/msg_types/share/msg_types/hook/ld_library_path_lib.dsv'
[4.293s] INFO:colcon.colcon_core.shell:Creating environment hook '/home/puhster/Desktop/RINS_task2/install/msg_types/share/msg_types/hook/ld_library_path_lib.sh'
[4.293s] Level 1:colcon.colcon_core.environment:checking '/home/puhster/Desktop/RINS_task2/install/msg_types/bin'
[4.294s] Level 1:colcon.colcon_core.environment:checking '/home/puhster/Desktop/RINS_task2/install/msg_types/lib/pkgconfig/msg_types.pc'
[4.294s] Level 1:colcon.colcon_core.environment:checking '/home/puhster/Desktop/RINS_task2/install/msg_types/lib/python3.12/site-packages'
[4.294s] Level 1:colcon.colcon_core.shell:create_environment_hook('msg_types', 'pythonpath')
[4.294s] INFO:colcon.colcon_core.shell:Creating environment descriptor '/home/puhster/Desktop/RINS_task2/install/msg_types/share/msg_types/hook/pythonpath.dsv'
[4.294s] INFO:colcon.colcon_core.shell:Creating environment hook '/home/puhster/Desktop/RINS_task2/install/msg_types/share/msg_types/hook/pythonpath.sh'
[4.294s] Level 1:colcon.colcon_core.environment:checking '/home/puhster/Desktop/RINS_task2/install/msg_types/bin'
[4.295s] INFO:colcon.colcon_core.shell:Creating package descriptor '/home/puhster/Desktop/RINS_task2/install/msg_types/share/msg_types/package.dsv'
[4.295s] INFO:colcon.colcon_core.shell:Creating package script '/home/puhster/Desktop/RINS_task2/install/msg_types/share/msg_types/package.sh'
[4.295s] INFO:colcon.colcon_core.shell:Creating package script '/home/puhster/Desktop/RINS_task2/install/msg_types/share/msg_types/package.bash'
[4.295s] INFO:colcon.colcon_core.shell:Creating package script '/home/puhster/Desktop/RINS_task2/install/msg_types/share/msg_types/package.zsh'
[4.295s] Level 1:colcon.colcon_core.environment:create_file_with_runtime_dependencies(/home/puhster/Desktop/RINS_task2/install/msg_types/share/colcon-core/packages/msg_types)
[4.296s] Level 1:colcon.colcon_core.environment:create_environment_scripts_only(msg_types)
[4.296s] Level 1:colcon.colcon_core.environment:checking '/home/puhster/Desktop/RINS_task2/install/msg_types' for CMake module files
[4.296s] Level 1:colcon.colcon_core.environment:checking '/home/puhster/Desktop/RINS_task2/install/msg_types' for CMake config files
[4.296s] Level 1:colcon.colcon_core.shell:create_environment_hook('msg_types', 'cmake_prefix_path')
[4.296s] INFO:colcon.colcon_core.shell:Creating environment descriptor '/home/puhster/Desktop/RINS_task2/install/msg_types/share/msg_types/hook/cmake_prefix_path.dsv'
[4.297s] INFO:colcon.colcon_core.shell:Creating environment hook '/home/puhster/Desktop/RINS_task2/install/msg_types/share/msg_types/hook/cmake_prefix_path.sh'
[4.297s] Level 1:colcon.colcon_core.environment:checking '/home/puhster/Desktop/RINS_task2/install/msg_types/lib'
[4.297s] Level 1:colcon.colcon_core.shell:create_environment_hook('msg_types', 'ld_library_path_lib')
[4.297s] INFO:colcon.colcon_core.shell:Creating environment descriptor '/home/puhster/Desktop/RINS_task2/install/msg_types/share/msg_types/hook/ld_library_path_lib.dsv'
[4.297s] INFO:colcon.colcon_core.shell:Creating environment hook '/home/puhster/Desktop/RINS_task2/install/msg_types/share/msg_types/hook/ld_library_path_lib.sh'
[4.297s] Level 1:colcon.colcon_core.environment:checking '/home/puhster/Desktop/RINS_task2/install/msg_types/bin'
[4.297s] Level 1:colcon.colcon_core.environment:checking '/home/puhster/Desktop/RINS_task2/install/msg_types/lib/pkgconfig/msg_types.pc'
[4.298s] Level 1:colcon.colcon_core.environment:checking '/home/puhster/Desktop/RINS_task2/install/msg_types/lib/python3.12/site-packages'
[4.298s] Level 1:colcon.colcon_core.shell:create_environment_hook('msg_types', 'pythonpath')
[4.298s] INFO:colcon.colcon_core.shell:Creating environment descriptor '/home/puhster/Desktop/RINS_task2/install/msg_types/share/msg_types/hook/pythonpath.dsv'
[4.298s] INFO:colcon.colcon_core.shell:Creating environment hook '/home/puhster/Desktop/RINS_task2/install/msg_types/share/msg_types/hook/pythonpath.sh'
[4.298s] Level 1:colcon.colcon_core.environment:checking '/home/puhster/Desktop/RINS_task2/install/msg_types/bin'
[4.298s] INFO:colcon.colcon_core.shell:Creating package descriptor '/home/puhster/Desktop/RINS_task2/install/msg_types/share/msg_types/package.dsv'
[4.299s] INFO:colcon.colcon_core.shell:Creating package script '/home/puhster/Desktop/RINS_task2/install/msg_types/share/msg_types/package.sh'
[4.299s] INFO:colcon.colcon_core.shell:Creating package script '/home/puhster/Desktop/RINS_task2/install/msg_types/share/msg_types/package.bash'
[4.299s] INFO:colcon.colcon_core.shell:Creating package script '/home/puhster/Desktop/RINS_task2/install/msg_types/share/msg_types/package.zsh'
[4.299s] Level 1:colcon.colcon_core.environment:create_file_with_runtime_dependencies(/home/puhster/Desktop/RINS_task2/install/msg_types/share/colcon-core/packages/msg_types)
[4.299s] INFO:colcon.colcon_ros.task.ament_python.build:Building ROS package in '/home/puhster/Desktop/RINS_task2/src/task2' with build type 'ament_python'
[4.299s] Level 1:colcon.colcon_core.shell:create_environment_hook('task2', 'ament_prefix_path')
[4.299s] INFO:colcon.colcon_core.shell:Creating environment descriptor '/home/puhster/Desktop/RINS_task2/install/task2/share/task2/hook/ament_prefix_path.dsv'
[4.300s] INFO:colcon.colcon_core.shell:Creating environment hook '/home/puhster/Desktop/RINS_task2/install/task2/share/task2/hook/ament_prefix_path.sh'
[4.300s] DEBUG:colcon.colcon_core.shell:Skip shell extension 'dsv' for command environment
[4.440s] INFO:colcon.colcon_core.task.python.build:Building Python package in '/home/puhster/Desktop/RINS_task2/src/task2'
[4.440s] DEBUG:colcon.colcon_core.shell:Skip shell extension 'dsv' for command environment
[4.901s] DEBUG:colcon.colcon_core.event_handler.log_command:Invoking command in '/home/puhster/Desktop/RINS_task2/build/task2': AMENT_PREFIX_PATH=/home/puhster/Desktop/RINS_task2/install/msg_types:${AMENT_PREFIX_PATH} CMAKE_PREFIX_PATH=/home/puhster/Desktop/RINS_task2/install/msg_types:${CMAKE_PREFIX_PATH} DEBUGINFOD_URLS=https://debuginfod.ubuntu.com LD_LIBRARY_PATH=/home/puhster/Desktop/RINS_task2/install/msg_types/lib:${LD_LIBRARY_PATH} PYTHONPATH=/home/puhster/Desktop/RINS_task2/build/task2/prefix_override:/usr/lib/python3/dist-packages/colcon_core/task/python/colcon_distutils_commands:/home/puhster/Desktop/RINS_task2/install/task2/lib/python3.12/site-packages:/home/puhster/Desktop/RINS_task2/install/msg_types/lib/python3.12/site-packages:${PYTHONPATH} /usr/bin/python3 -W ignore:setup.py install is deprecated -W ignore:easy_install command is deprecated setup.py develop --editable --build-directory /home/puhster/Desktop/RINS_task2/build/task2/build --no-deps symlink_data
[5.250s] Level 1:colcon.colcon_core.shell:create_environment_hook('task2', 'pythonpath_develop')
[5.250s] INFO:colcon.colcon_core.shell:Creating environment descriptor '/home/puhster/Desktop/RINS_task2/build/task2/share/task2/hook/pythonpath_develop.dsv'
[5.250s] DEBUG:colcon.colcon_core.event_handler.log_command:Invoked command in '/home/puhster/Desktop/RINS_task2/build/task2' returned '0': AMENT_PREFIX_PATH=/home/puhster/Desktop/RINS_task2/install/msg_types:${AMENT_PREFIX_PATH} CMAKE_PREFIX_PATH=/home/puhster/Desktop/RINS_task2/install/msg_types:${CMAKE_PREFIX_PATH} DEBUGINFOD_URLS=https://debuginfod.ubuntu.com LD_LIBRARY_PATH=/home/puhster/Desktop/RINS_task2/install/msg_types/lib:${LD_LIBRARY_PATH} PYTHONPATH=/home/puhster/Desktop/RINS_task2/build/task2/prefix_override:/usr/lib/python3/dist-packages/colcon_core/task/python/colcon_distutils_commands:/home/puhster/Desktop/RINS_task2/install/task2/lib/python3.12/site-packages:/home/puhster/Desktop/RINS_task2/install/msg_types/lib/python3.12/site-packages:${PYTHONPATH} /usr/bin/python3 -W ignore:setup.py install is deprecated -W ignore:easy_install command is deprecated setup.py develop --editable --build-directory /home/puhster/Desktop/RINS_task2/build/task2/build --no-deps symlink_data
[5.251s] INFO:colcon.colcon_core.shell:Creating environment hook '/home/puhster/Desktop/RINS_task2/build/task2/share/task2/hook/pythonpath_develop.sh'
[5.251s] Level 1:colcon.colcon_core.environment:checking '/home/puhster/Desktop/RINS_task2/install/task2' for CMake module files
[5.251s] Level 1:colcon.colcon_core.environment:checking '/home/puhster/Desktop/RINS_task2/install/task2' for CMake config files
[5.252s] Level 1:colcon.colcon_core.environment:checking '/home/puhster/Desktop/RINS_task2/install/task2/lib'
[5.252s] Level 1:colcon.colcon_core.environment:checking '/home/puhster/Desktop/RINS_task2/install/task2/bin'
[5.252s] Level 1:colcon.colcon_core.environment:checking '/home/puhster/Desktop/RINS_task2/install/task2/lib/pkgconfig/task2.pc'
[5.252s] Level 1:colcon.colcon_core.environment:checking '/home/puhster/Desktop/RINS_task2/install/task2/lib/python3.12/site-packages'
[5.252s] Level 1:colcon.colcon_core.shell:create_environment_hook('task2', 'pythonpath')
[5.252s] INFO:colcon.colcon_core.shell:Creating environment descriptor '/home/puhster/Desktop/RINS_task2/install/task2/share/task2/hook/pythonpath.dsv'
[5.253s] INFO:colcon.colcon_core.shell:Creating environment hook '/home/puhster/Desktop/RINS_task2/install/task2/share/task2/hook/pythonpath.sh'
[5.253s] Level 1:colcon.colcon_core.environment:checking '/home/puhster/Desktop/RINS_task2/install/task2/bin'
[5.253s] Level 1:colcon.colcon_core.environment:create_environment_scripts_only(task2)
[5.253s] INFO:colcon.colcon_core.shell:Creating package descriptor '/home/puhster/Desktop/RINS_task2/install/task2/share/task2/package.dsv'
[5.254s] INFO:colcon.colcon_core.shell:Creating package script '/home/puhster/Desktop/RINS_task2/install/task2/share/task2/package.sh'
[5.254s] INFO:colcon.colcon_core.shell:Creating package script '/home/puhster/Desktop/RINS_task2/install/task2/share/task2/package.bash'
[5.254s] INFO:colcon.colcon_core.shell:Creating package script '/home/puhster/Desktop/RINS_task2/install/task2/share/task2/package.zsh'
[5.254s] Level 1:colcon.colcon_core.environment:create_file_with_runtime_dependencies(/home/puhster/Desktop/RINS_task2/install/task2/share/colcon-core/packages/task2)
[5.255s] DEBUG:colcon.colcon_parallel_executor.executor.parallel:closing loop
[5.255s] DEBUG:colcon.colcon_parallel_executor.executor.parallel:loop closed
[5.255s] DEBUG:colcon.colcon_parallel_executor.executor.parallel:run_until_complete finished with '0'
[5.255s] DEBUG:colcon.colcon_core.event_reactor:joining thread
[5.260s] INFO:colcon.colcon_core.plugin_system:Skipping extension 'colcon_notification.desktop_notification.terminal_notifier': Not used on non-Darwin systems
[5.260s] INFO:colcon.colcon_core.plugin_system:Skipping extension 'colcon_notification.desktop_notification.win32': Not used on non-Windows systems
[5.260s] INFO:colcon.colcon_notification.desktop_notification:Sending desktop notification using 'notify2'
[5.269s] DEBUG:colcon.colcon_core.event_reactor:joined thread
[5.269s] INFO:colcon.colcon_core.shell:Creating prefix script '/home/puhster/Desktop/RINS_task2/install/local_setup.sh'
[5.270s] INFO:colcon.colcon_core.shell:Creating prefix util module '/home/puhster/Desktop/RINS_task2/install/_local_setup_util_sh.py'
[5.271s] INFO:colcon.colcon_core.shell:Creating prefix chain script '/home/puhster/Desktop/RINS_task2/install/setup.sh'
[5.272s] INFO:colcon.colcon_core.shell:Creating prefix script '/home/puhster/Desktop/RINS_task2/install/local_setup.bash'
[5.272s] INFO:colcon.colcon_core.shell:Creating prefix chain script '/home/puhster/Desktop/RINS_task2/install/setup.bash'
[5.273s] INFO:colcon.colcon_core.shell:Creating prefix script '/home/puhster/Desktop/RINS_task2/install/local_setup.zsh'
[5.273s] INFO:colcon.colcon_core.shell:Creating prefix chain script '/home/puhster/Desktop/RINS_task2/install/setup.zsh'
