[  1%] Built target msg_types__rs
[  3%] Built target msg_types__rosidl_generator_type_description
[  3%] Built target ament_cmake_python_symlink_msg_types
[  5%] Built target msg_types__cpp
[ 25%] Built target msg_types__rosidl_generator_c
[ 34%] Built target msg_types__rosidl_typesupport_introspection_c
[ 43%] Built target msg_types__rosidl_typesupport_c
[ 52%] Built target msg_types__rosidl_typesupport_fastrtps_c
[ 61%] Built target msg_types__rosidl_typesupport_cpp
[ 70%] Built target msg_types__rosidl_typesupport_introspection_cpp
[ 80%] Built target msg_types__rosidl_typesupport_fastrtps_cpp
[ 80%] Built target msg_types
[ 81%] Built target msg_types__py
[ 89%] Built target msg_types__rosidl_generator_py
[ 92%] Built target msg_types_s__rosidl_typesupport_c
[ 96%] Built target msg_types_s__rosidl_typesupport_fastrtps_c
[100%] Built target msg_types_s__rosidl_typesupport_introspection_c
running egg_info
writing msg_types.egg-info/PKG-INFO
writing dependency_links to msg_types.egg-info/dependency_links.txt
writing top-level names to msg_types.egg-info/top_level.txt
reading manifest file 'msg_types.egg-info/SOURCES.txt'
writing manifest file 'msg_types.egg-info/SOURCES.txt'
[100%] Built target ament_cmake_python_build_msg_types_egg
-- Install configuration: ""
-- Execute custom install script
-- Up-to-date symlink: /home/puhster/Desktop/RINS_task2/install/msg_types/share/ament_index/resource_index/rosidl_interfaces/msg_types
-- Up-to-date symlink: /home/puhster/Desktop/RINS_task2/install/msg_types/share/msg_types/msg/FaceDetect.json
-- Up-to-date symlink: /home/puhster/Desktop/RINS_task2/install/msg_types/share/msg_types/msg/SubjectClear.json
-- Up-to-date symlink: /home/puhster/Desktop/RINS_task2/install/msg_types/share/msg_types/msg/RingDetect.json
-- Up-to-date symlink: /home/puhster/Desktop/RINS_task2/install/msg_types/include/msg_types/msg_types/msg/detail/face_detect__functions.h
-- Up-to-date symlink: /home/puhster/Desktop/RINS_task2/install/msg_types/include/msg_types/msg_types/msg/detail/face_detect__struct.h
-- Up-to-date symlink: /home/puhster/Desktop/RINS_task2/install/msg_types/include/msg_types/msg_types/msg/detail/face_detect__type_support.h
-- Up-to-date symlink: /home/puhster/Desktop/RINS_task2/install/msg_types/include/msg_types/msg_types/msg/detail/ring_detect__functions.h
-- Up-to-date symlink: /home/puhster/Desktop/RINS_task2/install/msg_types/include/msg_types/msg_types/msg/detail/ring_detect__struct.h
-- Up-to-date symlink: /home/puhster/Desktop/RINS_task2/install/msg_types/include/msg_types/msg_types/msg/detail/ring_detect__type_support.h
-- Up-to-date symlink: /home/puhster/Desktop/RINS_task2/install/msg_types/include/msg_types/msg_types/msg/detail/subject_clear__functions.h
-- Up-to-date symlink: /home/puhster/Desktop/RINS_task2/install/msg_types/include/msg_types/msg_types/msg/detail/subject_clear__struct.h
-- Up-to-date symlink: /home/puhster/Desktop/RINS_task2/install/msg_types/include/msg_types/msg_types/msg/detail/subject_clear__type_support.h
-- Up-to-date symlink: /home/puhster/Desktop/RINS_task2/install/msg_types/include/msg_types/msg_types/msg/face_detect.h
-- Up-to-date symlink: /home/puhster/Desktop/RINS_task2/install/msg_types/include/msg_types/msg_types/msg/ring_detect.h
-- Up-to-date symlink: /home/puhster/Desktop/RINS_task2/install/msg_types/include/msg_types/msg_types/msg/rosidl_generator_c__visibility_control.h
-- Up-to-date symlink: /home/puhster/Desktop/RINS_task2/install/msg_types/include/msg_types/msg_types/msg/subject_clear.h
-- Up-to-date symlink: /home/puhster/Desktop/RINS_task2/install/msg_types/share/msg_types/environment/library_path.sh
-- Up-to-date symlink: /home/puhster/Desktop/RINS_task2/install/msg_types/share/msg_types/environment/library_path.dsv
-- Up-to-date symlink: /home/puhster/Desktop/RINS_task2/install/msg_types/include/msg_types/msg_types/msg/detail/face_detect__rosidl_typesupport_fastrtps_c.h
-- Up-to-date symlink: /home/puhster/Desktop/RINS_task2/install/msg_types/include/msg_types/msg_types/msg/detail/ring_detect__rosidl_typesupport_fastrtps_c.h
-- Up-to-date symlink: /home/puhster/Desktop/RINS_task2/install/msg_types/include/msg_types/msg_types/msg/detail/subject_clear__rosidl_typesupport_fastrtps_c.h
-- Up-to-date symlink: /home/puhster/Desktop/RINS_task2/install/msg_types/include/msg_types/msg_types/msg/rosidl_typesupport_fastrtps_c__visibility_control.h
-- Up-to-date symlink: /home/puhster/Desktop/RINS_task2/install/msg_types/include/msg_types/msg_types/msg/detail/face_detect__rosidl_typesupport_introspection_c.h
-- Up-to-date symlink: /home/puhster/Desktop/RINS_task2/install/msg_types/include/msg_types/msg_types/msg/detail/ring_detect__rosidl_typesupport_introspection_c.h
-- Up-to-date symlink: /home/puhster/Desktop/RINS_task2/install/msg_types/include/msg_types/msg_types/msg/detail/subject_clear__rosidl_typesupport_introspection_c.h
-- Up-to-date symlink: /home/puhster/Desktop/RINS_task2/install/msg_types/include/msg_types/msg_types/msg/rosidl_typesupport_introspection_c__visibility_control.h
-- Up-to-date symlink: /home/puhster/Desktop/RINS_task2/install/msg_types/include/msg_types/msg_types/msg/detail/face_detect__builder.hpp
-- Up-to-date symlink: /home/puhster/Desktop/RINS_task2/install/msg_types/include/msg_types/msg_types/msg/detail/face_detect__struct.hpp
-- Up-to-date symlink: /home/puhster/Desktop/RINS_task2/install/msg_types/include/msg_types/msg_types/msg/detail/face_detect__traits.hpp
-- Up-to-date symlink: /home/puhster/Desktop/RINS_task2/install/msg_types/include/msg_types/msg_types/msg/detail/face_detect__type_support.hpp
-- Up-to-date symlink: /home/puhster/Desktop/RINS_task2/install/msg_types/include/msg_types/msg_types/msg/detail/ring_detect__builder.hpp
-- Up-to-date symlink: /home/puhster/Desktop/RINS_task2/install/msg_types/include/msg_types/msg_types/msg/detail/ring_detect__struct.hpp
-- Up-to-date symlink: /home/puhster/Desktop/RINS_task2/install/msg_types/include/msg_types/msg_types/msg/detail/ring_detect__traits.hpp
-- Up-to-date symlink: /home/puhster/Desktop/RINS_task2/install/msg_types/include/msg_types/msg_types/msg/detail/ring_detect__type_support.hpp
-- Up-to-date symlink: /home/puhster/Desktop/RINS_task2/install/msg_types/include/msg_types/msg_types/msg/detail/subject_clear__builder.hpp
-- Up-to-date symlink: /home/puhster/Desktop/RINS_task2/install/msg_types/include/msg_types/msg_types/msg/detail/subject_clear__struct.hpp
-- Up-to-date symlink: /home/puhster/Desktop/RINS_task2/install/msg_types/include/msg_types/msg_types/msg/detail/subject_clear__traits.hpp
-- Up-to-date symlink: /home/puhster/Desktop/RINS_task2/install/msg_types/include/msg_types/msg_types/msg/detail/subject_clear__type_support.hpp
-- Up-to-date symlink: /home/puhster/Desktop/RINS_task2/install/msg_types/include/msg_types/msg_types/msg/face_detect.hpp
-- Up-to-date symlink: /home/puhster/Desktop/RINS_task2/install/msg_types/include/msg_types/msg_types/msg/ring_detect.hpp
-- Up-to-date symlink: /home/puhster/Desktop/RINS_task2/install/msg_types/include/msg_types/msg_types/msg/rosidl_generator_cpp__visibility_control.hpp
-- Up-to-date symlink: /home/puhster/Desktop/RINS_task2/install/msg_types/include/msg_types/msg_types/msg/subject_clear.hpp
-- Up-to-date symlink: /home/puhster/Desktop/RINS_task2/install/msg_types/include/msg_types/msg_types/msg/detail/face_detect__rosidl_typesupport_fastrtps_cpp.hpp
-- Up-to-date symlink: /home/puhster/Desktop/RINS_task2/install/msg_types/include/msg_types/msg_types/msg/detail/ring_detect__rosidl_typesupport_fastrtps_cpp.hpp
-- Up-to-date symlink: /home/puhster/Desktop/RINS_task2/install/msg_types/include/msg_types/msg_types/msg/detail/subject_clear__rosidl_typesupport_fastrtps_cpp.hpp
-- Up-to-date symlink: /home/puhster/Desktop/RINS_task2/install/msg_types/include/msg_types/msg_types/msg/rosidl_typesupport_fastrtps_cpp__visibility_control.h
-- Up-to-date symlink: /home/puhster/Desktop/RINS_task2/install/msg_types/include/msg_types/msg_types/msg/detail/face_detect__rosidl_typesupport_introspection_cpp.hpp
-- Up-to-date symlink: /home/puhster/Desktop/RINS_task2/install/msg_types/include/msg_types/msg_types/msg/detail/ring_detect__rosidl_typesupport_introspection_cpp.hpp
-- Up-to-date symlink: /home/puhster/Desktop/RINS_task2/install/msg_types/include/msg_types/msg_types/msg/detail/subject_clear__rosidl_typesupport_introspection_cpp.hpp
-- Up-to-date symlink: /home/puhster/Desktop/RINS_task2/install/msg_types/share/msg_types/environment/pythonpath.sh
-- Up-to-date symlink: /home/puhster/Desktop/RINS_task2/install/msg_types/share/msg_types/environment/pythonpath.dsv
-- Up-to-date symlink: /home/puhster/Desktop/RINS_task2/install/msg_types/lib/python3.12/site-packages/msg_types-0.0.0-py3.12.egg-info/PKG-INFO
-- Up-to-date symlink: /home/puhster/Desktop/RINS_task2/install/msg_types/lib/python3.12/site-packages/msg_types-0.0.0-py3.12.egg-info/SOURCES.txt
-- Up-to-date symlink: /home/puhster/Desktop/RINS_task2/install/msg_types/lib/python3.12/site-packages/msg_types-0.0.0-py3.12.egg-info/dependency_links.txt
-- Up-to-date symlink: /home/puhster/Desktop/RINS_task2/install/msg_types/lib/python3.12/site-packages/msg_types-0.0.0-py3.12.egg-info/top_level.txt
-- Up-to-date symlink: /home/puhster/Desktop/RINS_task2/install/msg_types/lib/python3.12/site-packages/msg_types/__init__.py
-- Up-to-date symlink: /home/puhster/Desktop/RINS_task2/install/msg_types/lib/python3.12/site-packages/msg_types/_msg_types_s.ep.rosidl_typesupport_c.c
-- Up-to-date symlink: /home/puhster/Desktop/RINS_task2/install/msg_types/lib/python3.12/site-packages/msg_types/_msg_types_s.ep.rosidl_typesupport_fastrtps_c.c
-- Up-to-date symlink: /home/puhster/Desktop/RINS_task2/install/msg_types/lib/python3.12/site-packages/msg_types/_msg_types_s.ep.rosidl_typesupport_introspection_c.c
-- Up-to-date symlink: /home/puhster/Desktop/RINS_task2/install/msg_types/lib/python3.12/site-packages/msg_types/msg/__init__.py
-- Up-to-date symlink: /home/puhster/Desktop/RINS_task2/install/msg_types/lib/python3.12/site-packages/msg_types/msg/_face_detect.py
-- Up-to-date symlink: /home/puhster/Desktop/RINS_task2/install/msg_types/lib/python3.12/site-packages/msg_types/msg/_face_detect_s.c
-- Up-to-date symlink: /home/puhster/Desktop/RINS_task2/install/msg_types/lib/python3.12/site-packages/msg_types/msg/_ring_detect.py
-- Up-to-date symlink: /home/puhster/Desktop/RINS_task2/install/msg_types/lib/python3.12/site-packages/msg_types/msg/_ring_detect_s.c
-- Up-to-date symlink: /home/puhster/Desktop/RINS_task2/install/msg_types/lib/python3.12/site-packages/msg_types/msg/_subject_clear.py
-- Up-to-date symlink: /home/puhster/Desktop/RINS_task2/install/msg_types/lib/python3.12/site-packages/msg_types/msg/_subject_clear_s.c
-- Up-to-date symlink: /home/puhster/Desktop/RINS_task2/install/msg_types/lib/python3.12/site-packages/msg_types/msg_types_s__rosidl_typesupport_c.so
-- Up-to-date symlink: /home/puhster/Desktop/RINS_task2/install/msg_types/lib/python3.12/site-packages/msg_types/msg_types_s__rosidl_typesupport_fastrtps_c.so
-- Up-to-date symlink: /home/puhster/Desktop/RINS_task2/install/msg_types/lib/python3.12/site-packages/msg_types/msg_types_s__rosidl_typesupport_introspection_c.so
-- Up-to-date symlink: /home/puhster/Desktop/RINS_task2/install/msg_types/lib/python3.12/site-packages/msg_types/msg_types_s__rosidl_typesupport_fastrtps_c.so
-- Up-to-date symlink: /home/puhster/Desktop/RINS_task2/install/msg_types/lib/python3.12/site-packages/msg_types/msg_types_s__rosidl_typesupport_introspection_c.so
-- Up-to-date symlink: /home/puhster/Desktop/RINS_task2/install/msg_types/lib/python3.12/site-packages/msg_types/msg_types_s__rosidl_typesupport_c.so
-- Up-to-date symlink: /home/puhster/Desktop/RINS_task2/install/msg_types/share/ament_index/resource_index/rust_packages/msg_types
-- Up-to-date symlink: /home/puhster/Desktop/RINS_task2/install/msg_types/share/msg_types/rust/Cargo.toml
-- Up-to-date symlink: /home/puhster/Desktop/RINS_task2/install/msg_types/share/msg_types/rust/build.rs
-- Up-to-date symlink: /home/puhster/Desktop/RINS_task2/install/msg_types/share/msg_types/rust/src/lib.rs
-- Up-to-date symlink: /home/puhster/Desktop/RINS_task2/install/msg_types/share/msg_types/rust/src/msg.rs
-- Up-to-date symlink: /home/puhster/Desktop/RINS_task2/install/msg_types/share/msg_types/rust/src/msg/rmw.rs
-- Up-to-date symlink: /home/puhster/Desktop/RINS_task2/install/msg_types/share/msg_types/msg/FaceDetect.idl
-- Up-to-date symlink: /home/puhster/Desktop/RINS_task2/install/msg_types/share/msg_types/msg/SubjectClear.idl
-- Up-to-date symlink: /home/puhster/Desktop/RINS_task2/install/msg_types/share/msg_types/msg/RingDetect.idl
-- Up-to-date symlink: /home/puhster/Desktop/RINS_task2/install/msg_types/share/msg_types/msg/FaceDetect.msg
-- Up-to-date symlink: /home/puhster/Desktop/RINS_task2/install/msg_types/share/msg_types/msg/SubjectClear.msg
-- Up-to-date symlink: /home/puhster/Desktop/RINS_task2/install/msg_types/share/msg_types/msg/RingDetect.msg
-- Up-to-date symlink: /home/puhster/Desktop/RINS_task2/install/msg_types/share/ament_index/resource_index/package_run_dependencies/msg_types
-- Up-to-date symlink: /home/puhster/Desktop/RINS_task2/install/msg_types/share/ament_index/resource_index/parent_prefix_path/msg_types
-- Up-to-date symlink: /home/puhster/Desktop/RINS_task2/install/msg_types/share/msg_types/environment/ament_prefix_path.sh
-- Up-to-date symlink: /home/puhster/Desktop/RINS_task2/install/msg_types/share/msg_types/environment/ament_prefix_path.dsv
-- Up-to-date symlink: /home/puhster/Desktop/RINS_task2/install/msg_types/share/msg_types/environment/path.sh
-- Up-to-date symlink: /home/puhster/Desktop/RINS_task2/install/msg_types/share/msg_types/environment/path.dsv
-- Up-to-date symlink: /home/puhster/Desktop/RINS_task2/install/msg_types/share/msg_types/local_setup.bash
-- Up-to-date symlink: /home/puhster/Desktop/RINS_task2/install/msg_types/share/msg_types/local_setup.sh
-- Up-to-date symlink: /home/puhster/Desktop/RINS_task2/install/msg_types/share/msg_types/local_setup.zsh
-- Up-to-date symlink: /home/puhster/Desktop/RINS_task2/install/msg_types/share/msg_types/local_setup.dsv
-- Symlinking: /home/puhster/Desktop/RINS_task2/install/msg_types/share/msg_types/package.dsv
-- Up-to-date symlink: /home/puhster/Desktop/RINS_task2/install/msg_types/share/ament_index/resource_index/packages/msg_types
-- Up-to-date symlink: /home/puhster/Desktop/RINS_task2/install/msg_types/share/msg_types/cmake/rosidl_cmake-extras.cmake
-- Up-to-date symlink: /home/puhster/Desktop/RINS_task2/install/msg_types/share/msg_types/cmake/ament_cmake_export_include_directories-extras.cmake
-- Up-to-date symlink: /home/puhster/Desktop/RINS_task2/install/msg_types/share/msg_types/cmake/ament_cmake_export_libraries-extras.cmake
-- Up-to-date symlink: /home/puhster/Desktop/RINS_task2/install/msg_types/share/msg_types/cmake/ament_cmake_export_targets-extras.cmake
-- Up-to-date symlink: /home/puhster/Desktop/RINS_task2/install/msg_types/share/msg_types/cmake/rosidl_cmake_export_typesupport_targets-extras.cmake
-- Up-to-date symlink: /home/puhster/Desktop/RINS_task2/install/msg_types/share/msg_types/cmake/ament_cmake_export_dependencies-extras.cmake
-- Up-to-date symlink: /home/puhster/Desktop/RINS_task2/install/msg_types/share/msg_types/cmake/rosidl_cmake_export_typesupport_libraries-extras.cmake
-- Up-to-date symlink: /home/puhster/Desktop/RINS_task2/install/msg_types/share/msg_types/cmake/msg_typesConfig.cmake
-- Up-to-date symlink: /home/puhster/Desktop/RINS_task2/install/msg_types/share/msg_types/cmake/msg_typesConfig-version.cmake
-- Up-to-date symlink: /home/puhster/Desktop/RINS_task2/install/msg_types/share/msg_types/package.xml
-- Up-to-date: /home/puhster/Desktop/RINS_task2/install/msg_types/lib/libmsg_types__rosidl_generator_c.so
-- Up-to-date: /home/puhster/Desktop/RINS_task2/install/msg_types/lib/libmsg_types__rosidl_typesupport_fastrtps_c.so
-- Up-to-date: /home/puhster/Desktop/RINS_task2/install/msg_types/lib/libmsg_types__rosidl_typesupport_introspection_c.so
-- Up-to-date: /home/puhster/Desktop/RINS_task2/install/msg_types/lib/libmsg_types__rosidl_typesupport_c.so
-- Up-to-date: /home/puhster/Desktop/RINS_task2/install/msg_types/lib/libmsg_types__rosidl_typesupport_fastrtps_cpp.so
-- Up-to-date: /home/puhster/Desktop/RINS_task2/install/msg_types/lib/libmsg_types__rosidl_typesupport_introspection_cpp.so
-- Up-to-date: /home/puhster/Desktop/RINS_task2/install/msg_types/lib/libmsg_types__rosidl_typesupport_cpp.so
Listing '/home/puhster/Desktop/RINS_task2/install/msg_types/lib/python3.12/site-packages/msg_types'...
Listing '/home/puhster/Desktop/RINS_task2/install/msg_types/lib/python3.12/site-packages/msg_types/msg'...
-- Up-to-date: /home/puhster/Desktop/RINS_task2/install/msg_types/lib/libmsg_types__rosidl_generator_py.so
-- Up-to-date: /home/puhster/Desktop/RINS_task2/install/msg_types/share/msg_types/cmake/export_msg_types__rosidl_generator_cExport.cmake
-- Up-to-date: /home/puhster/Desktop/RINS_task2/install/msg_types/share/msg_types/cmake/export_msg_types__rosidl_generator_cExport-noconfig.cmake
-- Up-to-date: /home/puhster/Desktop/RINS_task2/install/msg_types/share/msg_types/cmake/export_msg_types__rosidl_typesupport_fastrtps_cExport.cmake
-- Up-to-date: /home/puhster/Desktop/RINS_task2/install/msg_types/share/msg_types/cmake/export_msg_types__rosidl_typesupport_fastrtps_cExport-noconfig.cmake
-- Up-to-date: /home/puhster/Desktop/RINS_task2/install/msg_types/share/msg_types/cmake/msg_types__rosidl_typesupport_introspection_cExport.cmake
-- Up-to-date: /home/puhster/Desktop/RINS_task2/install/msg_types/share/msg_types/cmake/msg_types__rosidl_typesupport_introspection_cExport-noconfig.cmake
-- Up-to-date: /home/puhster/Desktop/RINS_task2/install/msg_types/share/msg_types/cmake/msg_types__rosidl_typesupport_cExport.cmake
-- Up-to-date: /home/puhster/Desktop/RINS_task2/install/msg_types/share/msg_types/cmake/msg_types__rosidl_typesupport_cExport-noconfig.cmake
-- Up-to-date: /home/puhster/Desktop/RINS_task2/install/msg_types/share/msg_types/cmake/export_msg_types__rosidl_generator_cppExport.cmake
-- Up-to-date: /home/puhster/Desktop/RINS_task2/install/msg_types/share/msg_types/cmake/export_msg_types__rosidl_typesupport_fastrtps_cppExport.cmake
-- Up-to-date: /home/puhster/Desktop/RINS_task2/install/msg_types/share/msg_types/cmake/export_msg_types__rosidl_typesupport_fastrtps_cppExport-noconfig.cmake
-- Up-to-date: /home/puhster/Desktop/RINS_task2/install/msg_types/share/msg_types/cmake/msg_types__rosidl_typesupport_introspection_cppExport.cmake
-- Up-to-date: /home/puhster/Desktop/RINS_task2/install/msg_types/share/msg_types/cmake/msg_types__rosidl_typesupport_introspection_cppExport-noconfig.cmake
-- Up-to-date: /home/puhster/Desktop/RINS_task2/install/msg_types/share/msg_types/cmake/msg_types__rosidl_typesupport_cppExport.cmake
-- Up-to-date: /home/puhster/Desktop/RINS_task2/install/msg_types/share/msg_types/cmake/msg_types__rosidl_typesupport_cppExport-noconfig.cmake
-- Up-to-date: /home/puhster/Desktop/RINS_task2/install/msg_types/share/msg_types/cmake/export_msg_types__rosidl_generator_pyExport.cmake
-- Up-to-date: /home/puhster/Desktop/RINS_task2/install/msg_types/share/msg_types/cmake/export_msg_types__rosidl_generator_pyExport-noconfig.cmake
