[0.014s] Invoking command in '/home/puhster/Desktop/RINS_task2/build/msg_types': CMAKE_PREFIX_PATH=${CMAKE_PREFIX_PATH}:/home/puhster/Desktop/RINS_task2/install/task2:/home/puhster/Desktop/RINS/install/task1:/opt/ros/jazzy DEBUGINFOD_URLS=https://debuginfod.ubuntu.com /usr/bin/cmake --build /home/puhster/Desktop/RINS_task2/build/msg_types -- -j32 -l32
[0.045s] [  1%] Built target msg_types__rs
[0.046s] [  3%] Built target msg_types__rosidl_generator_type_description
[0.051s] [  3%] Built target ament_cmake_python_symlink_msg_types
[0.061s] [  5%] Built target msg_types__cpp
[0.065s] [ 25%] Built target msg_types__rosidl_generator_c
[0.085s] [ 34%] Built target msg_types__rosidl_typesupport_introspection_c
[0.086s] [ 43%] Built target msg_types__rosidl_typesupport_c
[0.087s] [ 52%] Built target msg_types__rosidl_typesupport_fastrtps_c
[0.088s] [ 61%] Built target msg_types__rosidl_typesupport_cpp
[0.088s] [ 70%] Built target msg_types__rosidl_typesupport_introspection_cpp
[0.088s] [ 80%] Built target msg_types__rosidl_typesupport_fastrtps_cpp
[0.095s] [ 80%] Built target msg_types
[0.112s] [ 81%] Built target msg_types__py
[0.131s] [ 89%] Built target msg_types__rosidl_generator_py
[0.147s] [ 92%] Built target msg_types_s__rosidl_typesupport_c
[0.147s] [ 96%] Built target msg_types_s__rosidl_typesupport_fastrtps_c
[0.148s] [100%] Built target msg_types_s__rosidl_typesupport_introspection_c
[0.248s] running egg_info
[0.264s] writing msg_types.egg-info/PKG-INFO
[0.264s] writing dependency_links to msg_types.egg-info/dependency_links.txt
[0.264s] writing top-level names to msg_types.egg-info/top_level.txt
[0.309s] reading manifest file 'msg_types.egg-info/SOURCES.txt'
[0.309s] writing manifest file 'msg_types.egg-info/SOURCES.txt'
[0.332s] [100%] Built target ament_cmake_python_build_msg_types_egg
[0.341s] Invoked command in '/home/puhster/Desktop/RINS_task2/build/msg_types' returned '0': CMAKE_PREFIX_PATH=${CMAKE_PREFIX_PATH}:/home/puhster/Desktop/RINS_task2/install/task2:/home/puhster/Desktop/RINS/install/task1:/opt/ros/jazzy DEBUGINFOD_URLS=https://debuginfod.ubuntu.com /usr/bin/cmake --build /home/puhster/Desktop/RINS_task2/build/msg_types -- -j32 -l32
[0.342s] Invoking command in '/home/puhster/Desktop/RINS_task2/build/msg_types': CMAKE_PREFIX_PATH=${CMAKE_PREFIX_PATH}:/home/puhster/Desktop/RINS_task2/install/task2:/home/puhster/Desktop/RINS/install/task1:/opt/ros/jazzy DEBUGINFOD_URLS=https://debuginfod.ubuntu.com /usr/bin/cmake --install /home/puhster/Desktop/RINS_task2/build/msg_types
[0.348s] -- Install configuration: ""
[0.348s] -- Execute custom install script
[0.348s] -- Up-to-date symlink: /home/puhster/Desktop/RINS_task2/install/msg_types/share/ament_index/resource_index/rosidl_interfaces/msg_types
[0.348s] -- Up-to-date symlink: /home/puhster/Desktop/RINS_task2/install/msg_types/share/msg_types/msg/FaceDetect.json
[0.349s] -- Up-to-date symlink: /home/puhster/Desktop/RINS_task2/install/msg_types/share/msg_types/msg/SubjectClear.json
[0.349s] -- Up-to-date symlink: /home/puhster/Desktop/RINS_task2/install/msg_types/share/msg_types/msg/RingDetect.json
[0.349s] -- Up-to-date symlink: /home/puhster/Desktop/RINS_task2/install/msg_types/include/msg_types/msg_types/msg/detail/face_detect__functions.h
[0.349s] -- Up-to-date symlink: /home/puhster/Desktop/RINS_task2/install/msg_types/include/msg_types/msg_types/msg/detail/face_detect__struct.h
[0.349s] -- Up-to-date symlink: /home/puhster/Desktop/RINS_task2/install/msg_types/include/msg_types/msg_types/msg/detail/face_detect__type_support.h
[0.349s] -- Up-to-date symlink: /home/puhster/Desktop/RINS_task2/install/msg_types/include/msg_types/msg_types/msg/detail/ring_detect__functions.h
[0.349s] -- Up-to-date symlink: /home/puhster/Desktop/RINS_task2/install/msg_types/include/msg_types/msg_types/msg/detail/ring_detect__struct.h
[0.349s] -- Up-to-date symlink: /home/puhster/Desktop/RINS_task2/install/msg_types/include/msg_types/msg_types/msg/detail/ring_detect__type_support.h
[0.349s] -- Up-to-date symlink: /home/puhster/Desktop/RINS_task2/install/msg_types/include/msg_types/msg_types/msg/detail/subject_clear__functions.h
[0.349s] -- Up-to-date symlink: /home/puhster/Desktop/RINS_task2/install/msg_types/include/msg_types/msg_types/msg/detail/subject_clear__struct.h
[0.350s] -- Up-to-date symlink: /home/puhster/Desktop/RINS_task2/install/msg_types/include/msg_types/msg_types/msg/detail/subject_clear__type_support.h
[0.350s] -- Up-to-date symlink: /home/puhster/Desktop/RINS_task2/install/msg_types/include/msg_types/msg_types/msg/face_detect.h
[0.350s] -- Up-to-date symlink: /home/puhster/Desktop/RINS_task2/install/msg_types/include/msg_types/msg_types/msg/ring_detect.h
[0.350s] -- Up-to-date symlink: /home/puhster/Desktop/RINS_task2/install/msg_types/include/msg_types/msg_types/msg/rosidl_generator_c__visibility_control.h
[0.350s] -- Up-to-date symlink: /home/puhster/Desktop/RINS_task2/install/msg_types/include/msg_types/msg_types/msg/subject_clear.h
[0.350s] -- Up-to-date symlink: /home/puhster/Desktop/RINS_task2/install/msg_types/share/msg_types/environment/library_path.sh
[0.350s] -- Up-to-date symlink: /home/puhster/Desktop/RINS_task2/install/msg_types/share/msg_types/environment/library_path.dsv
[0.350s] -- Up-to-date symlink: /home/puhster/Desktop/RINS_task2/install/msg_types/include/msg_types/msg_types/msg/detail/face_detect__rosidl_typesupport_fastrtps_c.h
[0.350s] -- Up-to-date symlink: /home/puhster/Desktop/RINS_task2/install/msg_types/include/msg_types/msg_types/msg/detail/ring_detect__rosidl_typesupport_fastrtps_c.h
[0.350s] -- Up-to-date symlink: /home/puhster/Desktop/RINS_task2/install/msg_types/include/msg_types/msg_types/msg/detail/subject_clear__rosidl_typesupport_fastrtps_c.h
[0.351s] -- Up-to-date symlink: /home/puhster/Desktop/RINS_task2/install/msg_types/include/msg_types/msg_types/msg/rosidl_typesupport_fastrtps_c__visibility_control.h
[0.351s] -- Up-to-date symlink: /home/puhster/Desktop/RINS_task2/install/msg_types/include/msg_types/msg_types/msg/detail/face_detect__rosidl_typesupport_introspection_c.h
[0.351s] -- Up-to-date symlink: /home/puhster/Desktop/RINS_task2/install/msg_types/include/msg_types/msg_types/msg/detail/ring_detect__rosidl_typesupport_introspection_c.h
[0.351s] -- Up-to-date symlink: /home/puhster/Desktop/RINS_task2/install/msg_types/include/msg_types/msg_types/msg/detail/subject_clear__rosidl_typesupport_introspection_c.h
[0.351s] -- Up-to-date symlink: /home/puhster/Desktop/RINS_task2/install/msg_types/include/msg_types/msg_types/msg/rosidl_typesupport_introspection_c__visibility_control.h
[0.351s] -- Up-to-date symlink: /home/puhster/Desktop/RINS_task2/install/msg_types/include/msg_types/msg_types/msg/detail/face_detect__builder.hpp
[0.351s] -- Up-to-date symlink: /home/puhster/Desktop/RINS_task2/install/msg_types/include/msg_types/msg_types/msg/detail/face_detect__struct.hpp
[0.351s] -- Up-to-date symlink: /home/puhster/Desktop/RINS_task2/install/msg_types/include/msg_types/msg_types/msg/detail/face_detect__traits.hpp
[0.351s] -- Up-to-date symlink: /home/puhster/Desktop/RINS_task2/install/msg_types/include/msg_types/msg_types/msg/detail/face_detect__type_support.hpp
[0.352s] -- Up-to-date symlink: /home/puhster/Desktop/RINS_task2/install/msg_types/include/msg_types/msg_types/msg/detail/ring_detect__builder.hpp
[0.352s] -- Up-to-date symlink: /home/puhster/Desktop/RINS_task2/install/msg_types/include/msg_types/msg_types/msg/detail/ring_detect__struct.hpp
[0.352s] -- Up-to-date symlink: /home/puhster/Desktop/RINS_task2/install/msg_types/include/msg_types/msg_types/msg/detail/ring_detect__traits.hpp
[0.352s] -- Up-to-date symlink: /home/puhster/Desktop/RINS_task2/install/msg_types/include/msg_types/msg_types/msg/detail/ring_detect__type_support.hpp
[0.352s] -- Up-to-date symlink: /home/puhster/Desktop/RINS_task2/install/msg_types/include/msg_types/msg_types/msg/detail/subject_clear__builder.hpp
[0.352s] -- Up-to-date symlink: /home/puhster/Desktop/RINS_task2/install/msg_types/include/msg_types/msg_types/msg/detail/subject_clear__struct.hpp
[0.352s] -- Up-to-date symlink: /home/puhster/Desktop/RINS_task2/install/msg_types/include/msg_types/msg_types/msg/detail/subject_clear__traits.hpp
[0.352s] -- Up-to-date symlink: /home/puhster/Desktop/RINS_task2/install/msg_types/include/msg_types/msg_types/msg/detail/subject_clear__type_support.hpp
[0.352s] -- Up-to-date symlink: /home/puhster/Desktop/RINS_task2/install/msg_types/include/msg_types/msg_types/msg/face_detect.hpp
[0.352s] -- Up-to-date symlink: /home/puhster/Desktop/RINS_task2/install/msg_types/include/msg_types/msg_types/msg/ring_detect.hpp
[0.352s] -- Up-to-date symlink: /home/puhster/Desktop/RINS_task2/install/msg_types/include/msg_types/msg_types/msg/rosidl_generator_cpp__visibility_control.hpp
[0.352s] -- Up-to-date symlink: /home/puhster/Desktop/RINS_task2/install/msg_types/include/msg_types/msg_types/msg/subject_clear.hpp
[0.353s] -- Up-to-date symlink: /home/puhster/Desktop/RINS_task2/install/msg_types/include/msg_types/msg_types/msg/detail/face_detect__rosidl_typesupport_fastrtps_cpp.hpp
[0.353s] -- Up-to-date symlink: /home/puhster/Desktop/RINS_task2/install/msg_types/include/msg_types/msg_types/msg/detail/ring_detect__rosidl_typesupport_fastrtps_cpp.hpp
[0.353s] -- Up-to-date symlink: /home/puhster/Desktop/RINS_task2/install/msg_types/include/msg_types/msg_types/msg/detail/subject_clear__rosidl_typesupport_fastrtps_cpp.hpp
[0.353s] -- Up-to-date symlink: /home/puhster/Desktop/RINS_task2/install/msg_types/include/msg_types/msg_types/msg/rosidl_typesupport_fastrtps_cpp__visibility_control.h
[0.353s] -- Up-to-date symlink: /home/puhster/Desktop/RINS_task2/install/msg_types/include/msg_types/msg_types/msg/detail/face_detect__rosidl_typesupport_introspection_cpp.hpp
[0.353s] -- Up-to-date symlink: /home/puhster/Desktop/RINS_task2/install/msg_types/include/msg_types/msg_types/msg/detail/ring_detect__rosidl_typesupport_introspection_cpp.hpp
[0.353s] -- Up-to-date symlink: /home/puhster/Desktop/RINS_task2/install/msg_types/include/msg_types/msg_types/msg/detail/subject_clear__rosidl_typesupport_introspection_cpp.hpp
[0.353s] -- Up-to-date symlink: /home/puhster/Desktop/RINS_task2/install/msg_types/share/msg_types/environment/pythonpath.sh
[0.353s] -- Up-to-date symlink: /home/puhster/Desktop/RINS_task2/install/msg_types/share/msg_types/environment/pythonpath.dsv
[0.354s] -- Up-to-date symlink: /home/puhster/Desktop/RINS_task2/install/msg_types/lib/python3.12/site-packages/msg_types-0.0.0-py3.12.egg-info/PKG-INFO
[0.354s] -- Up-to-date symlink: /home/puhster/Desktop/RINS_task2/install/msg_types/lib/python3.12/site-packages/msg_types-0.0.0-py3.12.egg-info/SOURCES.txt
[0.354s] -- Up-to-date symlink: /home/puhster/Desktop/RINS_task2/install/msg_types/lib/python3.12/site-packages/msg_types-0.0.0-py3.12.egg-info/dependency_links.txt
[0.354s] -- Up-to-date symlink: /home/puhster/Desktop/RINS_task2/install/msg_types/lib/python3.12/site-packages/msg_types-0.0.0-py3.12.egg-info/top_level.txt
[0.354s] -- Up-to-date symlink: /home/puhster/Desktop/RINS_task2/install/msg_types/lib/python3.12/site-packages/msg_types/__init__.py
[0.354s] -- Up-to-date symlink: /home/puhster/Desktop/RINS_task2/install/msg_types/lib/python3.12/site-packages/msg_types/_msg_types_s.ep.rosidl_typesupport_c.c
[0.354s] -- Up-to-date symlink: /home/puhster/Desktop/RINS_task2/install/msg_types/lib/python3.12/site-packages/msg_types/_msg_types_s.ep.rosidl_typesupport_fastrtps_c.c
[0.354s] -- Up-to-date symlink: /home/puhster/Desktop/RINS_task2/install/msg_types/lib/python3.12/site-packages/msg_types/_msg_types_s.ep.rosidl_typesupport_introspection_c.c
[0.355s] -- Up-to-date symlink: /home/puhster/Desktop/RINS_task2/install/msg_types/lib/python3.12/site-packages/msg_types/msg/__init__.py
[0.355s] -- Up-to-date symlink: /home/puhster/Desktop/RINS_task2/install/msg_types/lib/python3.12/site-packages/msg_types/msg/_face_detect.py
[0.355s] -- Up-to-date symlink: /home/puhster/Desktop/RINS_task2/install/msg_types/lib/python3.12/site-packages/msg_types/msg/_face_detect_s.c
[0.355s] -- Up-to-date symlink: /home/puhster/Desktop/RINS_task2/install/msg_types/lib/python3.12/site-packages/msg_types/msg/_ring_detect.py
[0.355s] -- Up-to-date symlink: /home/puhster/Desktop/RINS_task2/install/msg_types/lib/python3.12/site-packages/msg_types/msg/_ring_detect_s.c
[0.355s] -- Up-to-date symlink: /home/puhster/Desktop/RINS_task2/install/msg_types/lib/python3.12/site-packages/msg_types/msg/_subject_clear.py
[0.355s] -- Up-to-date symlink: /home/puhster/Desktop/RINS_task2/install/msg_types/lib/python3.12/site-packages/msg_types/msg/_subject_clear_s.c
[0.355s] -- Up-to-date symlink: /home/puhster/Desktop/RINS_task2/install/msg_types/lib/python3.12/site-packages/msg_types/msg_types_s__rosidl_typesupport_c.so
[0.355s] -- Up-to-date symlink: /home/puhster/Desktop/RINS_task2/install/msg_types/lib/python3.12/site-packages/msg_types/msg_types_s__rosidl_typesupport_fastrtps_c.so
[0.355s] -- Up-to-date symlink: /home/puhster/Desktop/RINS_task2/install/msg_types/lib/python3.12/site-packages/msg_types/msg_types_s__rosidl_typesupport_introspection_c.so
[0.355s] -- Up-to-date symlink: /home/puhster/Desktop/RINS_task2/install/msg_types/lib/python3.12/site-packages/msg_types/msg_types_s__rosidl_typesupport_fastrtps_c.so
[0.355s] -- Up-to-date symlink: /home/puhster/Desktop/RINS_task2/install/msg_types/lib/python3.12/site-packages/msg_types/msg_types_s__rosidl_typesupport_introspection_c.so
[0.356s] -- Up-to-date symlink: /home/puhster/Desktop/RINS_task2/install/msg_types/lib/python3.12/site-packages/msg_types/msg_types_s__rosidl_typesupport_c.so
[0.356s] -- Up-to-date symlink: /home/puhster/Desktop/RINS_task2/install/msg_types/share/ament_index/resource_index/rust_packages/msg_types
[0.356s] -- Up-to-date symlink: /home/puhster/Desktop/RINS_task2/install/msg_types/share/msg_types/rust/Cargo.toml
[0.356s] -- Up-to-date symlink: /home/puhster/Desktop/RINS_task2/install/msg_types/share/msg_types/rust/build.rs
[0.356s] -- Up-to-date symlink: /home/puhster/Desktop/RINS_task2/install/msg_types/share/msg_types/rust/src/lib.rs
[0.356s] -- Up-to-date symlink: /home/puhster/Desktop/RINS_task2/install/msg_types/share/msg_types/rust/src/msg.rs
[0.356s] -- Up-to-date symlink: /home/puhster/Desktop/RINS_task2/install/msg_types/share/msg_types/rust/src/msg/rmw.rs
[0.356s] -- Up-to-date symlink: /home/puhster/Desktop/RINS_task2/install/msg_types/share/msg_types/msg/FaceDetect.idl
[0.357s] -- Up-to-date symlink: /home/puhster/Desktop/RINS_task2/install/msg_types/share/msg_types/msg/SubjectClear.idl
[0.357s] -- Up-to-date symlink: /home/puhster/Desktop/RINS_task2/install/msg_types/share/msg_types/msg/RingDetect.idl
[0.357s] -- Up-to-date symlink: /home/puhster/Desktop/RINS_task2/install/msg_types/share/msg_types/msg/FaceDetect.msg
[0.357s] -- Up-to-date symlink: /home/puhster/Desktop/RINS_task2/install/msg_types/share/msg_types/msg/SubjectClear.msg
[0.357s] -- Up-to-date symlink: /home/puhster/Desktop/RINS_task2/install/msg_types/share/msg_types/msg/RingDetect.msg
[0.357s] -- Up-to-date symlink: /home/puhster/Desktop/RINS_task2/install/msg_types/share/ament_index/resource_index/package_run_dependencies/msg_types
[0.357s] -- Up-to-date symlink: /home/puhster/Desktop/RINS_task2/install/msg_types/share/ament_index/resource_index/parent_prefix_path/msg_types
[0.357s] -- Up-to-date symlink: /home/puhster/Desktop/RINS_task2/install/msg_types/share/msg_types/environment/ament_prefix_path.sh
[0.357s] -- Up-to-date symlink: /home/puhster/Desktop/RINS_task2/install/msg_types/share/msg_types/environment/ament_prefix_path.dsv
[0.357s] -- Up-to-date symlink: /home/puhster/Desktop/RINS_task2/install/msg_types/share/msg_types/environment/path.sh
[0.357s] -- Up-to-date symlink: /home/puhster/Desktop/RINS_task2/install/msg_types/share/msg_types/environment/path.dsv
[0.358s] -- Up-to-date symlink: /home/puhster/Desktop/RINS_task2/install/msg_types/share/msg_types/local_setup.bash
[0.358s] -- Up-to-date symlink: /home/puhster/Desktop/RINS_task2/install/msg_types/share/msg_types/local_setup.sh
[0.358s] -- Up-to-date symlink: /home/puhster/Desktop/RINS_task2/install/msg_types/share/msg_types/local_setup.zsh
[0.358s] -- Up-to-date symlink: /home/puhster/Desktop/RINS_task2/install/msg_types/share/msg_types/local_setup.dsv
[0.358s] -- Symlinking: /home/puhster/Desktop/RINS_task2/install/msg_types/share/msg_types/package.dsv
[0.363s] -- Up-to-date symlink: /home/puhster/Desktop/RINS_task2/install/msg_types/share/ament_index/resource_index/packages/msg_types
[0.363s] -- Up-to-date symlink: /home/puhster/Desktop/RINS_task2/install/msg_types/share/msg_types/cmake/rosidl_cmake-extras.cmake
[0.363s] -- Up-to-date symlink: /home/puhster/Desktop/RINS_task2/install/msg_types/share/msg_types/cmake/ament_cmake_export_include_directories-extras.cmake
[0.363s] -- Up-to-date symlink: /home/puhster/Desktop/RINS_task2/install/msg_types/share/msg_types/cmake/ament_cmake_export_libraries-extras.cmake
[0.364s] -- Up-to-date symlink: /home/puhster/Desktop/RINS_task2/install/msg_types/share/msg_types/cmake/ament_cmake_export_targets-extras.cmake
[0.364s] -- Up-to-date symlink: /home/puhster/Desktop/RINS_task2/install/msg_types/share/msg_types/cmake/rosidl_cmake_export_typesupport_targets-extras.cmake
[0.364s] -- Up-to-date symlink: /home/puhster/Desktop/RINS_task2/install/msg_types/share/msg_types/cmake/ament_cmake_export_dependencies-extras.cmake
[0.364s] -- Up-to-date symlink: /home/puhster/Desktop/RINS_task2/install/msg_types/share/msg_types/cmake/rosidl_cmake_export_typesupport_libraries-extras.cmake
[0.364s] -- Up-to-date symlink: /home/puhster/Desktop/RINS_task2/install/msg_types/share/msg_types/cmake/msg_typesConfig.cmake
[0.364s] -- Up-to-date symlink: /home/puhster/Desktop/RINS_task2/install/msg_types/share/msg_types/cmake/msg_typesConfig-version.cmake
[0.364s] -- Up-to-date symlink: /home/puhster/Desktop/RINS_task2/install/msg_types/share/msg_types/package.xml
[0.364s] -- Up-to-date: /home/puhster/Desktop/RINS_task2/install/msg_types/lib/libmsg_types__rosidl_generator_c.so
[0.364s] -- Up-to-date: /home/puhster/Desktop/RINS_task2/install/msg_types/lib/libmsg_types__rosidl_typesupport_fastrtps_c.so
[0.365s] -- Up-to-date: /home/puhster/Desktop/RINS_task2/install/msg_types/lib/libmsg_types__rosidl_typesupport_introspection_c.so
[0.365s] -- Up-to-date: /home/puhster/Desktop/RINS_task2/install/msg_types/lib/libmsg_types__rosidl_typesupport_c.so
[0.365s] -- Up-to-date: /home/puhster/Desktop/RINS_task2/install/msg_types/lib/libmsg_types__rosidl_typesupport_fastrtps_cpp.so
[0.365s] -- Up-to-date: /home/puhster/Desktop/RINS_task2/install/msg_types/lib/libmsg_types__rosidl_typesupport_introspection_cpp.so
[0.365s] -- Up-to-date: /home/puhster/Desktop/RINS_task2/install/msg_types/lib/libmsg_types__rosidl_typesupport_cpp.so
[0.397s] Listing '/home/puhster/Desktop/RINS_task2/install/msg_types/lib/python3.12/site-packages/msg_types'...
[0.397s] Listing '/home/puhster/Desktop/RINS_task2/install/msg_types/lib/python3.12/site-packages/msg_types/msg'...
[0.401s] -- Up-to-date: /home/puhster/Desktop/RINS_task2/install/msg_types/lib/libmsg_types__rosidl_generator_py.so
[0.401s] -- Up-to-date: /home/puhster/Desktop/RINS_task2/install/msg_types/share/msg_types/cmake/export_msg_types__rosidl_generator_cExport.cmake
[0.402s] -- Up-to-date: /home/puhster/Desktop/RINS_task2/install/msg_types/share/msg_types/cmake/export_msg_types__rosidl_generator_cExport-noconfig.cmake
[0.402s] -- Up-to-date: /home/puhster/Desktop/RINS_task2/install/msg_types/share/msg_types/cmake/export_msg_types__rosidl_typesupport_fastrtps_cExport.cmake
[0.402s] -- Up-to-date: /home/puhster/Desktop/RINS_task2/install/msg_types/share/msg_types/cmake/export_msg_types__rosidl_typesupport_fastrtps_cExport-noconfig.cmake
[0.402s] -- Up-to-date: /home/puhster/Desktop/RINS_task2/install/msg_types/share/msg_types/cmake/msg_types__rosidl_typesupport_introspection_cExport.cmake
[0.402s] -- Up-to-date: /home/puhster/Desktop/RINS_task2/install/msg_types/share/msg_types/cmake/msg_types__rosidl_typesupport_introspection_cExport-noconfig.cmake
[0.402s] -- Up-to-date: /home/puhster/Desktop/RINS_task2/install/msg_types/share/msg_types/cmake/msg_types__rosidl_typesupport_cExport.cmake
[0.402s] -- Up-to-date: /home/puhster/Desktop/RINS_task2/install/msg_types/share/msg_types/cmake/msg_types__rosidl_typesupport_cExport-noconfig.cmake
[0.402s] -- Up-to-date: /home/puhster/Desktop/RINS_task2/install/msg_types/share/msg_types/cmake/export_msg_types__rosidl_generator_cppExport.cmake
[0.402s] -- Up-to-date: /home/puhster/Desktop/RINS_task2/install/msg_types/share/msg_types/cmake/export_msg_types__rosidl_typesupport_fastrtps_cppExport.cmake
[0.402s] -- Up-to-date: /home/puhster/Desktop/RINS_task2/install/msg_types/share/msg_types/cmake/export_msg_types__rosidl_typesupport_fastrtps_cppExport-noconfig.cmake
[0.402s] -- Up-to-date: /home/puhster/Desktop/RINS_task2/install/msg_types/share/msg_types/cmake/msg_types__rosidl_typesupport_introspection_cppExport.cmake
[0.402s] -- Up-to-date: /home/puhster/Desktop/RINS_task2/install/msg_types/share/msg_types/cmake/msg_types__rosidl_typesupport_introspection_cppExport-noconfig.cmake
[0.402s] -- Up-to-date: /home/puhster/Desktop/RINS_task2/install/msg_types/share/msg_types/cmake/msg_types__rosidl_typesupport_cppExport.cmake
[0.402s] -- Up-to-date: /home/puhster/Desktop/RINS_task2/install/msg_types/share/msg_types/cmake/msg_types__rosidl_typesupport_cppExport-noconfig.cmake
[0.402s] -- Up-to-date: /home/puhster/Desktop/RINS_task2/install/msg_types/share/msg_types/cmake/export_msg_types__rosidl_generator_pyExport.cmake
[0.402s] -- Up-to-date: /home/puhster/Desktop/RINS_task2/install/msg_types/share/msg_types/cmake/export_msg_types__rosidl_generator_pyExport-noconfig.cmake
[0.404s] Invoked command in '/home/puhster/Desktop/RINS_task2/build/msg_types' returned '0': CMAKE_PREFIX_PATH=${CMAKE_PREFIX_PATH}:/home/puhster/Desktop/RINS_task2/install/task2:/home/puhster/Desktop/RINS/install/task1:/opt/ros/jazzy DEBUGINFOD_URLS=https://debuginfod.ubuntu.com /usr/bin/cmake --install /home/puhster/Desktop/RINS_task2/build/msg_types
