[0.006s] Invoking command in '/home/puhster/Desktop/RINS_task2/build/dis_tutorial3': CMAKE_PREFIX_PATH=${CMAKE_PREFIX_PATH}:/home/puhster/Desktop/RINS/install/task1:/opt/ros/jazzy DEBUGINFOD_URLS=https://debuginfod.ubuntu.com /usr/bin/cmake /home/puhster/Desktop/RINS_task2/src/dis_tutorial3 -DAMENT_CMAKE_SYMLINK_INSTALL=1 -DCMAKE_INSTALL_PREFIX=/home/puhster/Desktop/RINS_task2/install/dis_tutorial3
[0.032s] -- Found ament_cmake: 2.5.6 (/opt/ros/jazzy/share/ament_cmake/cmake)
[0.172s] -- Override CMake install command with custom implementation using symlinks instead of copying resources
[0.189s] -- Found rclcpp: 28.1.18 (/opt/ros/jazzy/share/rclcpp/cmake)
[0.214s] -- Found rosidl_generator_c: 4.6.7 (/opt/ros/jazzy/share/rosidl_generator_c/cmake)
[0.222s] -- Found rosidl_generator_cpp: 4.6.7 (/opt/ros/jazzy/share/rosidl_generator_cpp/cmake)
[0.237s] -- Using all available rosidl_typesupport_c: rosidl_typesupport_fastrtps_c;rosidl_typesupport_introspection_c
[0.249s] -- Using all available rosidl_typesupport_cpp: rosidl_typesupport_fastrtps_cpp;rosidl_typesupport_introspection_cpp
[0.304s] -- Found rmw_implementation_cmake: 7.3.3 (/opt/ros/jazzy/share/rmw_implementation_cmake/cmake)
[0.305s] -- Found rmw_zenoh_cpp: 0.2.9 (/opt/ros/jazzy/share/rmw_zenoh_cpp/cmake)
[0.306s] -- Using RMW implementation 'rmw_zenoh_cpp' as default
[0.368s] -- Found rclpy: 7.1.11 (/opt/ros/jazzy/share/rclpy/cmake)
[0.369s] -- Found std_msgs: 5.3.7 (/opt/ros/jazzy/share/std_msgs/cmake)
[0.381s] -- Found std_srvs: 5.3.7 (/opt/ros/jazzy/share/std_srvs/cmake)
[0.457s] -- Configuring done (0.4s)
[0.460s] -- Generating done (0.0s)
[0.462s] -- Build files have been written to: /home/puhster/Desktop/RINS_task2/build/dis_tutorial3
[0.467s] Invoked command in '/home/puhster/Desktop/RINS_task2/build/dis_tutorial3' returned '0': CMAKE_PREFIX_PATH=${CMAKE_PREFIX_PATH}:/home/puhster/Desktop/RINS/install/task1:/opt/ros/jazzy DEBUGINFOD_URLS=https://debuginfod.ubuntu.com /usr/bin/cmake /home/puhster/Desktop/RINS_task2/src/dis_tutorial3 -DAMENT_CMAKE_SYMLINK_INSTALL=1 -DCMAKE_INSTALL_PREFIX=/home/puhster/Desktop/RINS_task2/install/dis_tutorial3
[0.468s] Invoking command in '/home/puhster/Desktop/RINS_task2/build/dis_tutorial3': CMAKE_PREFIX_PATH=${CMAKE_PREFIX_PATH}:/home/puhster/Desktop/RINS/install/task1:/opt/ros/jazzy DEBUGINFOD_URLS=https://debuginfod.ubuntu.com /usr/bin/cmake --build /home/puhster/Desktop/RINS_task2/build/dis_tutorial3 -- -j32 -l32
[0.494s] Invoked command in '/home/puhster/Desktop/RINS_task2/build/dis_tutorial3' returned '0': CMAKE_PREFIX_PATH=${CMAKE_PREFIX_PATH}:/home/puhster/Desktop/RINS/install/task1:/opt/ros/jazzy DEBUGINFOD_URLS=https://debuginfod.ubuntu.com /usr/bin/cmake --build /home/puhster/Desktop/RINS_task2/build/dis_tutorial3 -- -j32 -l32
[0.499s] Invoking command in '/home/puhster/Desktop/RINS_task2/build/dis_tutorial3': CMAKE_PREFIX_PATH=${CMAKE_PREFIX_PATH}:/home/puhster/Desktop/RINS/install/task1:/opt/ros/jazzy DEBUGINFOD_URLS=https://debuginfod.ubuntu.com /usr/bin/cmake --install /home/puhster/Desktop/RINS_task2/build/dis_tutorial3
[0.503s] -- Install configuration: ""
[0.504s] -- Execute custom install script
[0.504s] -- Up-to-date symlink: /home/puhster/Desktop/RINS_task2/install/dis_tutorial3/share/dis_tutorial3//launch/dis_sim.launch.py
[0.504s] -- Up-to-date symlink: /home/puhster/Desktop/RINS_task2/install/dis_tutorial3/share/dis_tutorial3//launch/fixed_navigation.launch.py
[0.504s] -- Up-to-date symlink: /home/puhster/Desktop/RINS_task2/install/dis_tutorial3/share/dis_tutorial3//launch/localization.launch.py
[0.504s] -- Up-to-date symlink: /home/puhster/Desktop/RINS_task2/install/dis_tutorial3/share/dis_tutorial3//launch/nav2.launch.py
[0.504s] -- Up-to-date symlink: /home/puhster/Desktop/RINS_task2/install/dis_tutorial3/share/dis_tutorial3//launch/robot_description.launch.py
[0.504s] -- Up-to-date symlink: /home/puhster/Desktop/RINS_task2/install/dis_tutorial3/share/dis_tutorial3//launch/sim.launch.py
[0.504s] -- Up-to-date symlink: /home/puhster/Desktop/RINS_task2/install/dis_tutorial3/share/dis_tutorial3//launch/sim_turtlebot_nav.launch.py
[0.504s] -- Up-to-date symlink: /home/puhster/Desktop/RINS_task2/install/dis_tutorial3/share/dis_tutorial3//launch/sim_turtlebot_slam.launch.py
[0.504s] -- Up-to-date symlink: /home/puhster/Desktop/RINS_task2/install/dis_tutorial3/share/dis_tutorial3//launch/slam.launch.py
[0.505s] -- Up-to-date symlink: /home/puhster/Desktop/RINS_task2/install/dis_tutorial3/share/dis_tutorial3//launch/turtlebot4_spawn.launch.py
[0.505s] -- Up-to-date symlink: /home/puhster/Desktop/RINS_task2/install/dis_tutorial3/share/dis_tutorial3//config/laser_filter_chain.yaml
[0.505s] -- Up-to-date symlink: /home/puhster/Desktop/RINS_task2/install/dis_tutorial3/share/dis_tutorial3//config/localization.yaml
[0.505s] -- Up-to-date symlink: /home/puhster/Desktop/RINS_task2/install/dis_tutorial3/share/dis_tutorial3//config/nav2.yaml
[0.505s] -- Up-to-date symlink: /home/puhster/Desktop/RINS_task2/install/dis_tutorial3/share/dis_tutorial3//config/slam.yaml
[0.508s] -- Up-to-date symlink: /home/puhster/Desktop/RINS_task2/install/dis_tutorial3/share/dis_tutorial3//worlds/2024/task2_demo1.sdf
[0.508s] -- Up-to-date symlink: /home/puhster/Desktop/RINS_task2/install/dis_tutorial3/share/dis_tutorial3//worlds/2024/task2_demo1_meshes/cylinders.jpg
[0.508s] -- Up-to-date symlink: /home/puhster/Desktop/RINS_task2/install/dis_tutorial3/share/dis_tutorial3//worlds/2024/task2_demo1_meshes/fakering1.jpg
[0.508s] -- Up-to-date symlink: /home/puhster/Desktop/RINS_task2/install/dis_tutorial3/share/dis_tutorial3//worlds/2024/task2_demo1_meshes/fakering2.jpg
[0.508s] -- Up-to-date symlink: /home/puhster/Desktop/RINS_task2/install/dis_tutorial3/share/dis_tutorial3//worlds/2024/task2_demo1_meshes/fakering3.jpg
[0.508s] -- Up-to-date symlink: /home/puhster/Desktop/RINS_task2/install/dis_tutorial3/share/dis_tutorial3//worlds/2024/task2_demo1_meshes/ground.jpg
[0.508s] -- Up-to-date symlink: /home/puhster/Desktop/RINS_task2/install/dis_tutorial3/share/dis_tutorial3//worlds/2024/task2_demo1_meshes/map.dae
[0.508s] -- Up-to-date symlink: /home/puhster/Desktop/RINS_task2/install/dis_tutorial3/share/dis_tutorial3//worlds/2024/task2_demo1_meshes/map_colliders.dae
[0.508s] -- Up-to-date symlink: /home/puhster/Desktop/RINS_task2/install/dis_tutorial3/share/dis_tutorial3//worlds/2024/task2_demo1_meshes/objects.jpg
[0.508s] -- Up-to-date symlink: /home/puhster/Desktop/RINS_task2/install/dis_tutorial3/share/dis_tutorial3//worlds/2024/task2_demo1_meshes/parking_space.jpg
[0.508s] -- Up-to-date symlink: /home/puhster/Desktop/RINS_task2/install/dis_tutorial3/share/dis_tutorial3//worlds/2024/task2_demo2.sdf
[0.508s] -- Up-to-date symlink: /home/puhster/Desktop/RINS_task2/install/dis_tutorial3/share/dis_tutorial3//worlds/2024/task2_demo2_meshes/cylinders.jpg
[0.508s] -- Up-to-date symlink: /home/puhster/Desktop/RINS_task2/install/dis_tutorial3/share/dis_tutorial3//worlds/2024/task2_demo2_meshes/fakering1.jpg
[0.508s] -- Up-to-date symlink: /home/puhster/Desktop/RINS_task2/install/dis_tutorial3/share/dis_tutorial3//worlds/2024/task2_demo2_meshes/fakering2.jpg
[0.508s] -- Up-to-date symlink: /home/puhster/Desktop/RINS_task2/install/dis_tutorial3/share/dis_tutorial3//worlds/2024/task2_demo2_meshes/fakering3.jpg
[0.509s] -- Up-to-date symlink: /home/puhster/Desktop/RINS_task2/install/dis_tutorial3/share/dis_tutorial3//worlds/2024/task2_demo2_meshes/ground.jpg
[0.509s] -- Up-to-date symlink: /home/puhster/Desktop/RINS_task2/install/dis_tutorial3/share/dis_tutorial3//worlds/2024/task2_demo2_meshes/map.dae
[0.509s] -- Up-to-date symlink: /home/puhster/Desktop/RINS_task2/install/dis_tutorial3/share/dis_tutorial3//worlds/2024/task2_demo2_meshes/map_colliders.dae
[0.509s] -- Up-to-date symlink: /home/puhster/Desktop/RINS_task2/install/dis_tutorial3/share/dis_tutorial3//worlds/2024/task2_demo2_meshes/objects.jpg
[0.509s] -- Up-to-date symlink: /home/puhster/Desktop/RINS_task2/install/dis_tutorial3/share/dis_tutorial3//worlds/2024/task2_demo2_meshes/parking_space.jpg
[0.509s] -- Up-to-date symlink: /home/puhster/Desktop/RINS_task2/install/dis_tutorial3/share/dis_tutorial3//worlds/2024/task3.sdf
[0.509s] -- Up-to-date symlink: /home/puhster/Desktop/RINS_task2/install/dis_tutorial3/share/dis_tutorial3//worlds/2024/task3_meshes/anomona_0.png
[0.509s] -- Up-to-date symlink: /home/puhster/Desktop/RINS_task2/install/dis_tutorial3/share/dis_tutorial3//worlds/2024/task3_meshes/anomona_1.png
[0.509s] -- Up-to-date symlink: /home/puhster/Desktop/RINS_task2/install/dis_tutorial3/share/dis_tutorial3//worlds/2024/task3_meshes/anomona_2.png
[0.509s] -- Up-to-date symlink: /home/puhster/Desktop/RINS_task2/install/dis_tutorial3/share/dis_tutorial3//worlds/2024/task3_meshes/anomona_3.png
[0.509s] -- Up-to-date symlink: /home/puhster/Desktop/RINS_task2/install/dis_tutorial3/share/dis_tutorial3//worlds/2024/task3_meshes/anomona_4.png
[0.509s] -- Up-to-date symlink: /home/puhster/Desktop/RINS_task2/install/dis_tutorial3/share/dis_tutorial3//worlds/2024/task3_meshes/cylinders.jpg
[0.509s] -- Up-to-date symlink: /home/puhster/Desktop/RINS_task2/install/dis_tutorial3/share/dis_tutorial3//worlds/2024/task3_meshes/easy_anomona_0.png
[0.509s] -- Up-to-date symlink: /home/puhster/Desktop/RINS_task2/install/dis_tutorial3/share/dis_tutorial3//worlds/2024/task3_meshes/easy_anomona_1.png
[0.509s] -- Up-to-date symlink: /home/puhster/Desktop/RINS_task2/install/dis_tutorial3/share/dis_tutorial3//worlds/2024/task3_meshes/easy_anomona_2.png
[0.509s] -- Up-to-date symlink: /home/puhster/Desktop/RINS_task2/install/dis_tutorial3/share/dis_tutorial3//worlds/2024/task3_meshes/easy_anomona_3.png
[0.510s] -- Up-to-date symlink: /home/puhster/Desktop/RINS_task2/install/dis_tutorial3/share/dis_tutorial3//worlds/2024/task3_meshes/easy_anomona_4.png
[0.510s] -- Up-to-date symlink: /home/puhster/Desktop/RINS_task2/install/dis_tutorial3/share/dis_tutorial3//worlds/2024/task3_meshes/fakering1.jpg
[0.510s] -- Up-to-date symlink: /home/puhster/Desktop/RINS_task2/install/dis_tutorial3/share/dis_tutorial3//worlds/2024/task3_meshes/fakering2.jpg
[0.510s] -- Up-to-date symlink: /home/puhster/Desktop/RINS_task2/install/dis_tutorial3/share/dis_tutorial3//worlds/2024/task3_meshes/fakering3.jpg
[0.510s] -- Up-to-date symlink: /home/puhster/Desktop/RINS_task2/install/dis_tutorial3/share/dis_tutorial3//worlds/2024/task3_meshes/ground.jpg
[0.510s] -- Up-to-date symlink: /home/puhster/Desktop/RINS_task2/install/dis_tutorial3/share/dis_tutorial3//worlds/2024/task3_meshes/map.dae
[0.510s] -- Up-to-date symlink: /home/puhster/Desktop/RINS_task2/install/dis_tutorial3/share/dis_tutorial3//worlds/2024/task3_meshes/map_colliders.dae
[0.510s] -- Up-to-date symlink: /home/puhster/Desktop/RINS_task2/install/dis_tutorial3/share/dis_tutorial3//worlds/2024/task3_meshes/mona.png
[0.510s] -- Up-to-date symlink: /home/puhster/Desktop/RINS_task2/install/dis_tutorial3/share/dis_tutorial3//worlds/2024/task3_meshes/objects.jpg
[0.510s] -- Up-to-date symlink: /home/puhster/Desktop/RINS_task2/install/dis_tutorial3/share/dis_tutorial3//worlds/2024/task3_meshes/parking_space.jpg
[0.510s] -- Up-to-date symlink: /home/puhster/Desktop/RINS_task2/install/dis_tutorial3/share/dis_tutorial3//worlds/2024/task3_meshes/qr_cheat.png
[0.510s] -- Up-to-date symlink: /home/puhster/Desktop/RINS_task2/install/dis_tutorial3/share/dis_tutorial3//worlds/2024/task3_meshes/qr_url.png
[0.510s] -- Up-to-date symlink: /home/puhster/Desktop/RINS_task2/install/dis_tutorial3/share/dis_tutorial3//worlds/2024/task3_meshes/qr_wrong.png
[0.510s] -- Up-to-date symlink: /home/puhster/Desktop/RINS_task2/install/dis_tutorial3/share/dis_tutorial3//worlds/2024/task3_meshes/villager1.png
[0.510s] -- Up-to-date symlink: /home/puhster/Desktop/RINS_task2/install/dis_tutorial3/share/dis_tutorial3//worlds/2024/task3_meshes/villager2.png
[0.510s] -- Up-to-date symlink: /home/puhster/Desktop/RINS_task2/install/dis_tutorial3/share/dis_tutorial3//worlds/2024/task3_meshes/villager3.png
[0.510s] -- Up-to-date symlink: /home/puhster/Desktop/RINS_task2/install/dis_tutorial3/share/dis_tutorial3//worlds/2024/task3_meshes/villager4.png
[0.510s] -- Up-to-date symlink: /home/puhster/Desktop/RINS_task2/install/dis_tutorial3/share/dis_tutorial3//worlds/2024/task3_meshes/villager5.png
[0.511s] -- Up-to-date symlink: /home/puhster/Desktop/RINS_task2/install/dis_tutorial3/share/dis_tutorial3//worlds/2025/bird_demo2.sdf
[0.511s] -- Up-to-date symlink: /home/puhster/Desktop/RINS_task2/install/dis_tutorial3/share/dis_tutorial3//worlds/2025/bird_demo2_meshes/baltimore_oriole.jpg
[0.511s] -- Up-to-date symlink: /home/puhster/Desktop/RINS_task2/install/dis_tutorial3/share/dis_tutorial3//worlds/2025/bird_demo2_meshes/black.jpg
[0.511s] -- Up-to-date symlink: /home/puhster/Desktop/RINS_task2/install/dis_tutorial3/share/dis_tutorial3//worlds/2025/bird_demo2_meshes/blue.jpg
[0.511s] -- Up-to-date symlink: /home/puhster/Desktop/RINS_task2/install/dis_tutorial3/share/dis_tutorial3//worlds/2025/bird_demo2_meshes/blue_jay.jpg
[0.511s] -- Up-to-date symlink: /home/puhster/Desktop/RINS_task2/install/dis_tutorial3/share/dis_tutorial3//worlds/2025/bird_demo2_meshes/dirt2.jpg
[0.511s] -- Up-to-date symlink: /home/puhster/Desktop/RINS_task2/install/dis_tutorial3/share/dis_tutorial3//worlds/2025/bird_demo2_meshes/fakering1.jpg
[0.511s] -- Up-to-date symlink: /home/puhster/Desktop/RINS_task2/install/dis_tutorial3/share/dis_tutorial3//worlds/2025/bird_demo2_meshes/fakering3.jpg
[0.511s] -- Up-to-date symlink: /home/puhster/Desktop/RINS_task2/install/dis_tutorial3/share/dis_tutorial3//worlds/2025/bird_demo2_meshes/grass.jpg
[0.511s] -- Up-to-date symlink: /home/puhster/Desktop/RINS_task2/install/dis_tutorial3/share/dis_tutorial3//worlds/2025/bird_demo2_meshes/green.jpg
[0.511s] -- Up-to-date symlink: /home/puhster/Desktop/RINS_task2/install/dis_tutorial3/share/dis_tutorial3//worlds/2025/bird_demo2_meshes/ground.jpg
[0.511s] -- Up-to-date symlink: /home/puhster/Desktop/RINS_task2/install/dis_tutorial3/share/dis_tutorial3//worlds/2025/bird_demo2_meshes/horned_puffin.jpeg
[0.511s] -- Up-to-date symlink: /home/puhster/Desktop/RINS_task2/install/dis_tutorial3/share/dis_tutorial3//worlds/2025/bird_demo2_meshes/map.dae
[0.511s] -- Up-to-date symlink: /home/puhster/Desktop/RINS_task2/install/dis_tutorial3/share/dis_tutorial3//worlds/2025/bird_demo2_meshes/map_colliders.dae
[0.511s] -- Up-to-date symlink: /home/puhster/Desktop/RINS_task2/install/dis_tutorial3/share/dis_tutorial3//worlds/2025/bird_demo2_meshes/objects.jpg
[0.511s] -- Up-to-date symlink: /home/puhster/Desktop/RINS_task2/install/dis_tutorial3/share/dis_tutorial3//worlds/2025/bird_demo2_meshes/person11.png
[0.511s] -- Up-to-date symlink: /home/puhster/Desktop/RINS_task2/install/dis_tutorial3/share/dis_tutorial3//worlds/2025/bird_demo2_meshes/person17.png
[0.511s] -- Up-to-date symlink: /home/puhster/Desktop/RINS_task2/install/dis_tutorial3/share/dis_tutorial3//worlds/2025/bird_demo2_meshes/person4.png
[0.511s] -- Up-to-date symlink: /home/puhster/Desktop/RINS_task2/install/dis_tutorial3/share/dis_tutorial3//worlds/2025/bird_demo2_meshes/person8.png
[0.512s] -- Up-to-date symlink: /home/puhster/Desktop/RINS_task2/install/dis_tutorial3/share/dis_tutorial3//worlds/2025/bird_demo2_meshes/purple_finch.jpg
[0.512s] -- Up-to-date symlink: /home/puhster/Desktop/RINS_task2/install/dis_tutorial3/share/dis_tutorial3//worlds/2025/bird_demo2_meshes/qr_finch.jpg
[0.512s] -- Up-to-date symlink: /home/puhster/Desktop/RINS_task2/install/dis_tutorial3/share/dis_tutorial3//worlds/2025/bird_demo2_meshes/qr_jay.jpg
[0.512s] -- Up-to-date symlink: /home/puhster/Desktop/RINS_task2/install/dis_tutorial3/share/dis_tutorial3//worlds/2025/bird_demo2_meshes/qr_oriole.jpg
[0.512s] -- Up-to-date symlink: /home/puhster/Desktop/RINS_task2/install/dis_tutorial3/share/dis_tutorial3//worlds/2025/bird_demo2_meshes/qr_puffin.jpg
[0.512s] -- Up-to-date symlink: /home/puhster/Desktop/RINS_task2/install/dis_tutorial3/share/dis_tutorial3//worlds/2025/bird_demo2_meshes/red.jpg
[0.512s] -- Up-to-date symlink: /home/puhster/Desktop/RINS_task2/install/dis_tutorial3/share/dis_tutorial3//worlds/2025/bird_demo2_meshes/water.jpg
[0.512s] -- Up-to-date symlink: /home/puhster/Desktop/RINS_task2/install/dis_tutorial3/share/dis_tutorial3//worlds/2025/bird_demo2_meshes/wood.jpg
[0.512s] -- Up-to-date symlink: /home/puhster/Desktop/RINS_task2/install/dis_tutorial3/share/dis_tutorial3//worlds/2025/bird_demo2_meshes/yellow.jpg
[0.512s] -- Up-to-date symlink: /home/puhster/Desktop/RINS_task2/install/dis_tutorial3/share/dis_tutorial3//worlds/2025/bird_demo3.sdf
[0.512s] -- Up-to-date symlink: /home/puhster/Desktop/RINS_task2/install/dis_tutorial3/share/dis_tutorial3//worlds/2025/bird_demo3_meshes/Great_Grey_Shrike.jpg
[0.512s] -- Up-to-date symlink: /home/puhster/Desktop/RINS_task2/install/dis_tutorial3/share/dis_tutorial3//worlds/2025/bird_demo3_meshes/Laysan_Albatross.jpeg
[0.512s] -- Up-to-date symlink: /home/puhster/Desktop/RINS_task2/install/dis_tutorial3/share/dis_tutorial3//worlds/2025/bird_demo3_meshes/black.jpg
[0.512s] -- Up-to-date symlink: /home/puhster/Desktop/RINS_task2/install/dis_tutorial3/share/dis_tutorial3//worlds/2025/bird_demo3_meshes/blue.jpg
[0.512s] -- Up-to-date symlink: /home/puhster/Desktop/RINS_task2/install/dis_tutorial3/share/dis_tutorial3//worlds/2025/bird_demo3_meshes/dirt2.jpg
[0.512s] -- Up-to-date symlink: /home/puhster/Desktop/RINS_task2/install/dis_tutorial3/share/dis_tutorial3//worlds/2025/bird_demo3_meshes/european_goldfinch.jpg
[0.512s] -- Up-to-date symlink: /home/puhster/Desktop/RINS_task2/install/dis_tutorial3/share/dis_tutorial3//worlds/2025/bird_demo3_meshes/fakering1.jpg
[0.512s] -- Up-to-date symlink: /home/puhster/Desktop/RINS_task2/install/dis_tutorial3/share/dis_tutorial3//worlds/2025/bird_demo3_meshes/fakering3.jpg
[0.512s] -- Up-to-date symlink: /home/puhster/Desktop/RINS_task2/install/dis_tutorial3/share/dis_tutorial3//worlds/2025/bird_demo3_meshes/grass.jpg
[0.512s] -- Up-to-date symlink: /home/puhster/Desktop/RINS_task2/install/dis_tutorial3/share/dis_tutorial3//worlds/2025/bird_demo3_meshes/green.jpg
[0.512s] -- Up-to-date symlink: /home/puhster/Desktop/RINS_task2/install/dis_tutorial3/share/dis_tutorial3//worlds/2025/bird_demo3_meshes/ground.jpg
[0.512s] -- Up-to-date symlink: /home/puhster/Desktop/RINS_task2/install/dis_tutorial3/share/dis_tutorial3//worlds/2025/bird_demo3_meshes/map.dae
[0.513s] -- Up-to-date symlink: /home/puhster/Desktop/RINS_task2/install/dis_tutorial3/share/dis_tutorial3//worlds/2025/bird_demo3_meshes/map_colliders.dae
[0.513s] -- Up-to-date symlink: /home/puhster/Desktop/RINS_task2/install/dis_tutorial3/share/dis_tutorial3//worlds/2025/bird_demo3_meshes/objects.jpg
[0.513s] -- Up-to-date symlink: /home/puhster/Desktop/RINS_task2/install/dis_tutorial3/share/dis_tutorial3//worlds/2025/bird_demo3_meshes/person16.png
[0.513s] -- Up-to-date symlink: /home/puhster/Desktop/RINS_task2/install/dis_tutorial3/share/dis_tutorial3//worlds/2025/bird_demo3_meshes/person18.png
[0.513s] -- Up-to-date symlink: /home/puhster/Desktop/RINS_task2/install/dis_tutorial3/share/dis_tutorial3//worlds/2025/bird_demo3_meshes/person19.png
[0.513s] -- Up-to-date symlink: /home/puhster/Desktop/RINS_task2/install/dis_tutorial3/share/dis_tutorial3//worlds/2025/bird_demo3_meshes/person23.png
[0.513s] -- Up-to-date symlink: /home/puhster/Desktop/RINS_task2/install/dis_tutorial3/share/dis_tutorial3//worlds/2025/bird_demo3_meshes/qr_albatross.jpg
[0.513s] -- Up-to-date symlink: /home/puhster/Desktop/RINS_task2/install/dis_tutorial3/share/dis_tutorial3//worlds/2025/bird_demo3_meshes/qr_finch.jpg
[0.513s] -- Up-to-date symlink: /home/puhster/Desktop/RINS_task2/install/dis_tutorial3/share/dis_tutorial3//worlds/2025/bird_demo3_meshes/qr_flycatcher.jpg
[0.513s] -- Up-to-date symlink: /home/puhster/Desktop/RINS_task2/install/dis_tutorial3/share/dis_tutorial3//worlds/2025/bird_demo3_meshes/qr_shrike.jpg
[0.513s] -- Up-to-date symlink: /home/puhster/Desktop/RINS_task2/install/dis_tutorial3/share/dis_tutorial3//worlds/2025/bird_demo3_meshes/red.jpg
[0.513s] -- Up-to-date symlink: /home/puhster/Desktop/RINS_task2/install/dis_tutorial3/share/dis_tutorial3//worlds/2025/bird_demo3_meshes/vermilion_flycatcher.jpg
[0.513s] -- Up-to-date symlink: /home/puhster/Desktop/RINS_task2/install/dis_tutorial3/share/dis_tutorial3//worlds/2025/bird_demo3_meshes/water.jpg
[0.513s] -- Up-to-date symlink: /home/puhster/Desktop/RINS_task2/install/dis_tutorial3/share/dis_tutorial3//worlds/2025/bird_demo3_meshes/wood.jpg
[0.513s] -- Up-to-date symlink: /home/puhster/Desktop/RINS_task2/install/dis_tutorial3/share/dis_tutorial3//worlds/2025/bird_demo3_meshes/yellow.jpg
[0.513s] -- Up-to-date symlink: /home/puhster/Desktop/RINS_task2/install/dis_tutorial3/share/dis_tutorial3//worlds/2025/demo1.sdf
[0.513s] -- Up-to-date symlink: /home/puhster/Desktop/RINS_task2/install/dis_tutorial3/share/dis_tutorial3//worlds/2025/demo1_meshes/cylinders.jpg
[0.513s] -- Up-to-date symlink: /home/puhster/Desktop/RINS_task2/install/dis_tutorial3/share/dis_tutorial3//worlds/2025/demo1_meshes/fakering1.jpg
[0.513s] -- Up-to-date symlink: /home/puhster/Desktop/RINS_task2/install/dis_tutorial3/share/dis_tutorial3//worlds/2025/demo1_meshes/fakering2.jpg
[0.513s] -- Up-to-date symlink: /home/puhster/Desktop/RINS_task2/install/dis_tutorial3/share/dis_tutorial3//worlds/2025/demo1_meshes/fakering3.jpg
[0.513s] -- Up-to-date symlink: /home/puhster/Desktop/RINS_task2/install/dis_tutorial3/share/dis_tutorial3//worlds/2025/demo1_meshes/ground.jpg
[0.514s] -- Up-to-date symlink: /home/puhster/Desktop/RINS_task2/install/dis_tutorial3/share/dis_tutorial3//worlds/2025/demo1_meshes/map.dae
[0.514s] -- Up-to-date symlink: /home/puhster/Desktop/RINS_task2/install/dis_tutorial3/share/dis_tutorial3//worlds/2025/demo1_meshes/map_colliders.dae
[0.514s] -- Up-to-date symlink: /home/puhster/Desktop/RINS_task2/install/dis_tutorial3/share/dis_tutorial3//worlds/2025/demo1_meshes/objects.jpg
[0.514s] -- Up-to-date symlink: /home/puhster/Desktop/RINS_task2/install/dis_tutorial3/share/dis_tutorial3//worlds/2025/demo1_meshes/parking_space.jpg
[0.514s] -- Up-to-date symlink: /home/puhster/Desktop/RINS_task2/install/dis_tutorial3/share/dis_tutorial3//worlds/2025/demo1_meshes/person1.png
[0.514s] -- Up-to-date symlink: /home/puhster/Desktop/RINS_task2/install/dis_tutorial3/share/dis_tutorial3//worlds/2025/demo1_meshes/person11.png
[0.514s] -- Up-to-date symlink: /home/puhster/Desktop/RINS_task2/install/dis_tutorial3/share/dis_tutorial3//worlds/2025/demo1_meshes/person2.png
[0.514s] -- Up-to-date symlink: /home/puhster/Desktop/RINS_task2/install/dis_tutorial3/share/dis_tutorial3//worlds/2025/demo1_meshes/person3.png
[0.514s] -- Up-to-date symlink: /home/puhster/Desktop/RINS_task2/install/dis_tutorial3/share/dis_tutorial3//worlds/2025/demo1_meshes/person4.png
[0.514s] -- Up-to-date symlink: /home/puhster/Desktop/RINS_task2/install/dis_tutorial3/share/dis_tutorial3//worlds/2025/demo1_meshes/person5.png
[0.514s] -- Up-to-date symlink: /home/puhster/Desktop/RINS_task2/install/dis_tutorial3/share/dis_tutorial3//worlds/2025/demo1_meshes/qr1.jpg
[0.514s] -- Up-to-date symlink: /home/puhster/Desktop/RINS_task2/install/dis_tutorial3/share/dis_tutorial3//worlds/2025/demo1_meshes/qr2.jpg
[0.514s] -- Up-to-date symlink: /home/puhster/Desktop/RINS_task2/install/dis_tutorial3/share/dis_tutorial3//worlds/2025/demo2.sdf
[0.514s] -- Up-to-date symlink: /home/puhster/Desktop/RINS_task2/install/dis_tutorial3/share/dis_tutorial3//worlds/2025/demo2_meshes/cylinders.jpg
[0.514s] -- Up-to-date symlink: /home/puhster/Desktop/RINS_task2/install/dis_tutorial3/share/dis_tutorial3//worlds/2025/demo2_meshes/fakering1.jpg
[0.514s] -- Up-to-date symlink: /home/puhster/Desktop/RINS_task2/install/dis_tutorial3/share/dis_tutorial3//worlds/2025/demo2_meshes/fakering2.jpg
[0.514s] -- Up-to-date symlink: /home/puhster/Desktop/RINS_task2/install/dis_tutorial3/share/dis_tutorial3//worlds/2025/demo2_meshes/fakering3.jpg
[0.514s] -- Up-to-date symlink: /home/puhster/Desktop/RINS_task2/install/dis_tutorial3/share/dis_tutorial3//worlds/2025/demo2_meshes/ground.jpg
[0.514s] -- Up-to-date symlink: /home/puhster/Desktop/RINS_task2/install/dis_tutorial3/share/dis_tutorial3//worlds/2025/demo2_meshes/map.dae
[0.514s] -- Up-to-date symlink: /home/puhster/Desktop/RINS_task2/install/dis_tutorial3/share/dis_tutorial3//worlds/2025/demo2_meshes/map_colliders.dae
[0.514s] -- Up-to-date symlink: /home/puhster/Desktop/RINS_task2/install/dis_tutorial3/share/dis_tutorial3//worlds/2025/demo2_meshes/objects.jpg
[0.514s] -- Up-to-date symlink: /home/puhster/Desktop/RINS_task2/install/dis_tutorial3/share/dis_tutorial3//worlds/2025/demo2_meshes/parking_space.jpg
[0.515s] -- Up-to-date symlink: /home/puhster/Desktop/RINS_task2/install/dis_tutorial3/share/dis_tutorial3//worlds/2025/demo2_meshes/person18.png
[0.515s] -- Up-to-date symlink: /home/puhster/Desktop/RINS_task2/install/dis_tutorial3/share/dis_tutorial3//worlds/2025/demo2_meshes/person20.png
[0.515s] -- Up-to-date symlink: /home/puhster/Desktop/RINS_task2/install/dis_tutorial3/share/dis_tutorial3//worlds/2025/demo2_meshes/person6.png
[0.515s] -- Up-to-date symlink: /home/puhster/Desktop/RINS_task2/install/dis_tutorial3/share/dis_tutorial3//worlds/2025/demo2_meshes/person7.png
[0.515s] -- Up-to-date symlink: /home/puhster/Desktop/RINS_task2/install/dis_tutorial3/share/dis_tutorial3//worlds/2025/demo2_meshes/person8.png
[0.515s] -- Up-to-date symlink: /home/puhster/Desktop/RINS_task2/install/dis_tutorial3/share/dis_tutorial3//worlds/2025/demo2_meshes/person9.png
[0.515s] -- Up-to-date symlink: /home/puhster/Desktop/RINS_task2/install/dis_tutorial3/share/dis_tutorial3//worlds/2025/demo2_meshes/qr1.jpg
[0.515s] -- Up-to-date symlink: /home/puhster/Desktop/RINS_task2/install/dis_tutorial3/share/dis_tutorial3//worlds/2025/demo2_meshes/qr2.jpg
[0.515s] -- Up-to-date symlink: /home/puhster/Desktop/RINS_task2/install/dis_tutorial3/share/dis_tutorial3//worlds/2025/demo3.sdf
[0.515s] -- Up-to-date symlink: /home/puhster/Desktop/RINS_task2/install/dis_tutorial3/share/dis_tutorial3//worlds/2025/demo3_meshes/black.jpg
[0.515s] -- Up-to-date symlink: /home/puhster/Desktop/RINS_task2/install/dis_tutorial3/share/dis_tutorial3//worlds/2025/demo3_meshes/blue.jpg
[0.515s] -- Up-to-date symlink: /home/puhster/Desktop/RINS_task2/install/dis_tutorial3/share/dis_tutorial3//worlds/2025/demo3_meshes/fakering1.jpg
[0.515s] -- Up-to-date symlink: /home/puhster/Desktop/RINS_task2/install/dis_tutorial3/share/dis_tutorial3//worlds/2025/demo3_meshes/fakering2.jpg
[0.515s] -- Up-to-date symlink: /home/puhster/Desktop/RINS_task2/install/dis_tutorial3/share/dis_tutorial3//worlds/2025/demo3_meshes/fakering3.jpg
[0.515s] -- Up-to-date symlink: /home/puhster/Desktop/RINS_task2/install/dis_tutorial3/share/dis_tutorial3//worlds/2025/demo3_meshes/green.jpg
[0.515s] -- Up-to-date symlink: /home/puhster/Desktop/RINS_task2/install/dis_tutorial3/share/dis_tutorial3//worlds/2025/demo3_meshes/ground.jpg
[0.515s] -- Up-to-date symlink: /home/puhster/Desktop/RINS_task2/install/dis_tutorial3/share/dis_tutorial3//worlds/2025/demo3_meshes/map.dae
[0.515s] -- Up-to-date symlink: /home/puhster/Desktop/RINS_task2/install/dis_tutorial3/share/dis_tutorial3//worlds/2025/demo3_meshes/map_colliders.dae
[0.515s] -- Up-to-date symlink: /home/puhster/Desktop/RINS_task2/install/dis_tutorial3/share/dis_tutorial3//worlds/2025/demo3_meshes/objects.jpg
[0.515s] -- Up-to-date symlink: /home/puhster/Desktop/RINS_task2/install/dis_tutorial3/share/dis_tutorial3//worlds/2025/demo3_meshes/parking_space.jpg
[0.515s] -- Up-to-date symlink: /home/puhster/Desktop/RINS_task2/install/dis_tutorial3/share/dis_tutorial3//worlds/2025/demo3_meshes/person15.png
[0.515s] -- Up-to-date symlink: /home/puhster/Desktop/RINS_task2/install/dis_tutorial3/share/dis_tutorial3//worlds/2025/demo3_meshes/person17.png
[0.515s] -- Up-to-date symlink: /home/puhster/Desktop/RINS_task2/install/dis_tutorial3/share/dis_tutorial3//worlds/2025/demo3_meshes/person21.png
[0.516s] -- Up-to-date symlink: /home/puhster/Desktop/RINS_task2/install/dis_tutorial3/share/dis_tutorial3//worlds/2025/demo3_meshes/person22.png
[0.516s] -- Up-to-date symlink: /home/puhster/Desktop/RINS_task2/install/dis_tutorial3/share/dis_tutorial3//worlds/2025/demo3_meshes/person24.png
[0.516s] -- Up-to-date symlink: /home/puhster/Desktop/RINS_task2/install/dis_tutorial3/share/dis_tutorial3//worlds/2025/demo3_meshes/qr1.jpg
[0.516s] -- Up-to-date symlink: /home/puhster/Desktop/RINS_task2/install/dis_tutorial3/share/dis_tutorial3//worlds/2025/demo3_meshes/qr2.jpg
[0.516s] -- Up-to-date symlink: /home/puhster/Desktop/RINS_task2/install/dis_tutorial3/share/dis_tutorial3//worlds/2025/demo3_meshes/red.jpg
[0.516s] -- Up-to-date symlink: /home/puhster/Desktop/RINS_task2/install/dis_tutorial3/share/dis_tutorial3//worlds/2025/demo3_meshes/yellow.jpg
[0.516s] -- Up-to-date symlink: /home/puhster/Desktop/RINS_task2/install/dis_tutorial3/share/dis_tutorial3//worlds/2025/demo4.sdf
[0.516s] -- Up-to-date symlink: /home/puhster/Desktop/RINS_task2/install/dis_tutorial3/share/dis_tutorial3//worlds/2025/demo4_meshes/black.jpg
[0.516s] -- Up-to-date symlink: /home/puhster/Desktop/RINS_task2/install/dis_tutorial3/share/dis_tutorial3//worlds/2025/demo4_meshes/blue.jpg
[0.516s] -- Up-to-date symlink: /home/puhster/Desktop/RINS_task2/install/dis_tutorial3/share/dis_tutorial3//worlds/2025/demo4_meshes/fakering1.jpg
[0.516s] -- Up-to-date symlink: /home/puhster/Desktop/RINS_task2/install/dis_tutorial3/share/dis_tutorial3//worlds/2025/demo4_meshes/fakering2.jpg
[0.516s] -- Up-to-date symlink: /home/puhster/Desktop/RINS_task2/install/dis_tutorial3/share/dis_tutorial3//worlds/2025/demo4_meshes/fakering3.jpg
[0.516s] -- Up-to-date symlink: /home/puhster/Desktop/RINS_task2/install/dis_tutorial3/share/dis_tutorial3//worlds/2025/demo4_meshes/green.jpg
[0.516s] -- Up-to-date symlink: /home/puhster/Desktop/RINS_task2/install/dis_tutorial3/share/dis_tutorial3//worlds/2025/demo4_meshes/ground.jpg
[0.516s] -- Up-to-date symlink: /home/puhster/Desktop/RINS_task2/install/dis_tutorial3/share/dis_tutorial3//worlds/2025/demo4_meshes/map.dae
[0.516s] -- Up-to-date symlink: /home/puhster/Desktop/RINS_task2/install/dis_tutorial3/share/dis_tutorial3//worlds/2025/demo4_meshes/map_colliders.dae
[0.516s] -- Up-to-date symlink: /home/puhster/Desktop/RINS_task2/install/dis_tutorial3/share/dis_tutorial3//worlds/2025/demo4_meshes/objects.jpg
[0.516s] -- Up-to-date symlink: /home/puhster/Desktop/RINS_task2/install/dis_tutorial3/share/dis_tutorial3//worlds/2025/demo4_meshes/parking_space.jpg
[0.516s] -- Up-to-date symlink: /home/puhster/Desktop/RINS_task2/install/dis_tutorial3/share/dis_tutorial3//worlds/2025/demo4_meshes/person13.png
[0.516s] -- Up-to-date symlink: /home/puhster/Desktop/RINS_task2/install/dis_tutorial3/share/dis_tutorial3//worlds/2025/demo4_meshes/person2.png.001.png
[0.516s] -- Up-to-date symlink: /home/puhster/Desktop/RINS_task2/install/dis_tutorial3/share/dis_tutorial3//worlds/2025/demo4_meshes/person3.png.001.png
[0.516s] -- Up-to-date symlink: /home/puhster/Desktop/RINS_task2/install/dis_tutorial3/share/dis_tutorial3//worlds/2025/demo4_meshes/person4.png.001.png
[0.517s] -- Up-to-date symlink: /home/puhster/Desktop/RINS_task2/install/dis_tutorial3/share/dis_tutorial3//worlds/2025/demo4_meshes/person5.png.001.png
[0.517s] -- Up-to-date symlink: /home/puhster/Desktop/RINS_task2/install/dis_tutorial3/share/dis_tutorial3//worlds/2025/demo4_meshes/person6.png
[0.517s] -- Up-to-date symlink: /home/puhster/Desktop/RINS_task2/install/dis_tutorial3/share/dis_tutorial3//worlds/2025/demo4_meshes/qr1.jpg
[0.517s] -- Up-to-date symlink: /home/puhster/Desktop/RINS_task2/install/dis_tutorial3/share/dis_tutorial3//worlds/2025/demo4_meshes/qr2.jpg
[0.517s] -- Up-to-date symlink: /home/puhster/Desktop/RINS_task2/install/dis_tutorial3/share/dis_tutorial3//worlds/2025/demo4_meshes/red.jpg
[0.517s] -- Up-to-date symlink: /home/puhster/Desktop/RINS_task2/install/dis_tutorial3/share/dis_tutorial3//worlds/2025/demo4_meshes/yellow.jpg
[0.517s] -- Up-to-date symlink: /home/puhster/Desktop/RINS_task2/install/dis_tutorial3/share/dis_tutorial3//worlds/2025/dis.sdf
[0.517s] -- Up-to-date symlink: /home/puhster/Desktop/RINS_task2/install/dis_tutorial3/share/dis_tutorial3//worlds/2025/dis_meshes/cylinders.jpg
[0.517s] -- Up-to-date symlink: /home/puhster/Desktop/RINS_task2/install/dis_tutorial3/share/dis_tutorial3//worlds/2025/dis_meshes/davinci.jpg
[0.517s] -- Up-to-date symlink: /home/puhster/Desktop/RINS_task2/install/dis_tutorial3/share/dis_tutorial3//worlds/2025/dis_meshes/fakering1.jpg
[0.517s] -- Up-to-date symlink: /home/puhster/Desktop/RINS_task2/install/dis_tutorial3/share/dis_tutorial3//worlds/2025/dis_meshes/fakering2.jpg
[0.517s] -- Up-to-date symlink: /home/puhster/Desktop/RINS_task2/install/dis_tutorial3/share/dis_tutorial3//worlds/2025/dis_meshes/fakering3.jpg
[0.517s] -- Up-to-date symlink: /home/puhster/Desktop/RINS_task2/install/dis_tutorial3/share/dis_tutorial3//worlds/2025/dis_meshes/ground.jpg
[0.517s] -- Up-to-date symlink: /home/puhster/Desktop/RINS_task2/install/dis_tutorial3/share/dis_tutorial3//worlds/2025/dis_meshes/map.dae
[0.517s] -- Up-to-date symlink: /home/puhster/Desktop/RINS_task2/install/dis_tutorial3/share/dis_tutorial3//worlds/2025/dis_meshes/map_colliders.dae
[0.517s] -- Up-to-date symlink: /home/puhster/Desktop/RINS_task2/install/dis_tutorial3/share/dis_tutorial3//worlds/2025/dis_meshes/mona1.jpg
[0.517s] -- Up-to-date symlink: /home/puhster/Desktop/RINS_task2/install/dis_tutorial3/share/dis_tutorial3//worlds/2025/dis_meshes/objects.jpg
[0.517s] -- Up-to-date symlink: /home/puhster/Desktop/RINS_task2/install/dis_tutorial3/share/dis_tutorial3//worlds/2025/dis_meshes/parking_space.jpg
[0.517s] -- Up-to-date symlink: /home/puhster/Desktop/RINS_task2/install/dis_tutorial3/share/dis_tutorial3//worlds/2025/dis_meshes/person1.jpg
[0.517s] -- Up-to-date symlink: /home/puhster/Desktop/RINS_task2/install/dis_tutorial3/share/dis_tutorial3//worlds/2025/dis_meshes/person2.jpg
[0.517s] -- Up-to-date symlink: /home/puhster/Desktop/RINS_task2/install/dis_tutorial3/share/dis_tutorial3//worlds/2025/dis_meshes/person3.jpg
[0.517s] -- Up-to-date symlink: /home/puhster/Desktop/RINS_task2/install/dis_tutorial3/share/dis_tutorial3//worlds/2025/dis_meshes/person4.jpg
[0.518s] -- Up-to-date symlink: /home/puhster/Desktop/RINS_task2/install/dis_tutorial3/share/dis_tutorial3//worlds/2025/dis_meshes/person5.jpg
[0.518s] -- Up-to-date symlink: /home/puhster/Desktop/RINS_task2/install/dis_tutorial3/share/dis_tutorial3//worlds/2025/dis_meshes/qr1.jpg
[0.518s] -- Up-to-date symlink: /home/puhster/Desktop/RINS_task2/install/dis_tutorial3/share/dis_tutorial3//worlds/2025/dis_meshes/qr2.jpg
[0.518s] -- Up-to-date symlink: /home/puhster/Desktop/RINS_task2/install/dis_tutorial3/share/dis_tutorial3//worlds/2025/dis_meshes/wood.jpg
[0.518s] -- Up-to-date symlink: /home/puhster/Desktop/RINS_task2/install/dis_tutorial3/share/dis_tutorial3//worlds/2025/empty.sdf
[0.518s] -- Up-to-date symlink: /home/puhster/Desktop/RINS_task2/install/dis_tutorial3/share/dis_tutorial3//worlds/2025/task1.sdf
[0.518s] -- Up-to-date symlink: /home/puhster/Desktop/RINS_task2/install/dis_tutorial3/share/dis_tutorial3//worlds/2025/task1_meshes/black.jpg
[0.518s] -- Up-to-date symlink: /home/puhster/Desktop/RINS_task2/install/dis_tutorial3/share/dis_tutorial3//worlds/2025/task1_meshes/blue.jpg
[0.518s] -- Up-to-date symlink: /home/puhster/Desktop/RINS_task2/install/dis_tutorial3/share/dis_tutorial3//worlds/2025/task1_meshes/fakering1.jpg
[0.518s] -- Up-to-date symlink: /home/puhster/Desktop/RINS_task2/install/dis_tutorial3/share/dis_tutorial3//worlds/2025/task1_meshes/fakering2.jpg
[0.518s] -- Up-to-date symlink: /home/puhster/Desktop/RINS_task2/install/dis_tutorial3/share/dis_tutorial3//worlds/2025/task1_meshes/fakering3.jpg
[0.518s] -- Up-to-date symlink: /home/puhster/Desktop/RINS_task2/install/dis_tutorial3/share/dis_tutorial3//worlds/2025/task1_meshes/green.jpg
[0.518s] -- Up-to-date symlink: /home/puhster/Desktop/RINS_task2/install/dis_tutorial3/share/dis_tutorial3//worlds/2025/task1_meshes/ground.jpg
[0.518s] -- Up-to-date symlink: /home/puhster/Desktop/RINS_task2/install/dis_tutorial3/share/dis_tutorial3//worlds/2025/task1_meshes/map.dae
[0.518s] -- Up-to-date symlink: /home/puhster/Desktop/RINS_task2/install/dis_tutorial3/share/dis_tutorial3//worlds/2025/task1_meshes/map_colliders.dae
[0.518s] -- Up-to-date symlink: /home/puhster/Desktop/RINS_task2/install/dis_tutorial3/share/dis_tutorial3//worlds/2025/task1_meshes/objects.jpg
[0.518s] -- Up-to-date symlink: /home/puhster/Desktop/RINS_task2/install/dis_tutorial3/share/dis_tutorial3//worlds/2025/task1_meshes/parking_space.jpg
[0.518s] -- Up-to-date symlink: /home/puhster/Desktop/RINS_task2/install/dis_tutorial3/share/dis_tutorial3//worlds/2025/task1_meshes/person13.png
[0.518s] -- Up-to-date symlink: /home/puhster/Desktop/RINS_task2/install/dis_tutorial3/share/dis_tutorial3//worlds/2025/task1_meshes/person2.png.001.png
[0.518s] -- Up-to-date symlink: /home/puhster/Desktop/RINS_task2/install/dis_tutorial3/share/dis_tutorial3//worlds/2025/task1_meshes/person3.png.001.png
[0.518s] -- Up-to-date symlink: /home/puhster/Desktop/RINS_task2/install/dis_tutorial3/share/dis_tutorial3//worlds/2025/task1_meshes/person5.png.001.png
[0.518s] -- Up-to-date symlink: /home/puhster/Desktop/RINS_task2/install/dis_tutorial3/share/dis_tutorial3//worlds/2025/task1_meshes/person6.png
[0.518s] -- Up-to-date symlink: /home/puhster/Desktop/RINS_task2/install/dis_tutorial3/share/dis_tutorial3//worlds/2025/task1_meshes/person8.png
[0.519s] -- Up-to-date symlink: /home/puhster/Desktop/RINS_task2/install/dis_tutorial3/share/dis_tutorial3//worlds/2025/task1_meshes/qr1.jpg
[0.519s] -- Up-to-date symlink: /home/puhster/Desktop/RINS_task2/install/dis_tutorial3/share/dis_tutorial3//worlds/2025/task1_meshes/qr2.jpg
[0.519s] -- Up-to-date symlink: /home/puhster/Desktop/RINS_task2/install/dis_tutorial3/share/dis_tutorial3//worlds/2025/task1_meshes/red.jpg
[0.519s] -- Up-to-date symlink: /home/puhster/Desktop/RINS_task2/install/dis_tutorial3/share/dis_tutorial3//worlds/2025/task1_meshes/yellow.jpg
[0.519s] -- Up-to-date symlink: /home/puhster/Desktop/RINS_task2/install/dis_tutorial3/share/dis_tutorial3//worlds/2025/task2.sdf
[0.519s] -- Up-to-date symlink: /home/puhster/Desktop/RINS_task2/install/dis_tutorial3/share/dis_tutorial3//worlds/2025/task2_meshes/american_crow.jpg
[0.519s] -- Up-to-date symlink: /home/puhster/Desktop/RINS_task2/install/dis_tutorial3/share/dis_tutorial3//worlds/2025/task2_meshes/black.jpg
[0.519s] -- Up-to-date symlink: /home/puhster/Desktop/RINS_task2/install/dis_tutorial3/share/dis_tutorial3//worlds/2025/task2_meshes/blue.jpg
[0.519s] -- Up-to-date symlink: /home/puhster/Desktop/RINS_task2/install/dis_tutorial3/share/dis_tutorial3//worlds/2025/task2_meshes/common_tern.jpg
[0.519s] -- Up-to-date symlink: /home/puhster/Desktop/RINS_task2/install/dis_tutorial3/share/dis_tutorial3//worlds/2025/task2_meshes/dirt2.jpg
[0.519s] -- Up-to-date symlink: /home/puhster/Desktop/RINS_task2/install/dis_tutorial3/share/dis_tutorial3//worlds/2025/task2_meshes/fakering1.jpg
[0.519s] -- Up-to-date symlink: /home/puhster/Desktop/RINS_task2/install/dis_tutorial3/share/dis_tutorial3//worlds/2025/task2_meshes/fakering3.jpg
[0.519s] -- Up-to-date symlink: /home/puhster/Desktop/RINS_task2/install/dis_tutorial3/share/dis_tutorial3//worlds/2025/task2_meshes/grass.jpg
[0.519s] -- Up-to-date symlink: /home/puhster/Desktop/RINS_task2/install/dis_tutorial3/share/dis_tutorial3//worlds/2025/task2_meshes/green.jpg
[0.519s] -- Up-to-date symlink: /home/puhster/Desktop/RINS_task2/install/dis_tutorial3/share/dis_tutorial3//worlds/2025/task2_meshes/ground.jpg
[0.519s] -- Up-to-date symlink: /home/puhster/Desktop/RINS_task2/install/dis_tutorial3/share/dis_tutorial3//worlds/2025/task2_meshes/map.dae
[0.519s] -- Up-to-date symlink: /home/puhster/Desktop/RINS_task2/install/dis_tutorial3/share/dis_tutorial3//worlds/2025/task2_meshes/map_colliders.dae
[0.519s] -- Up-to-date symlink: /home/puhster/Desktop/RINS_task2/install/dis_tutorial3/share/dis_tutorial3//worlds/2025/task2_meshes/objects.jpg
[0.519s] -- Up-to-date symlink: /home/puhster/Desktop/RINS_task2/install/dis_tutorial3/share/dis_tutorial3//worlds/2025/task2_meshes/person29.jpg
[0.519s] -- Up-to-date symlink: /home/puhster/Desktop/RINS_task2/install/dis_tutorial3/share/dis_tutorial3//worlds/2025/task2_meshes/person30.jpg
[0.519s] -- Up-to-date symlink: /home/puhster/Desktop/RINS_task2/install/dis_tutorial3/share/dis_tutorial3//worlds/2025/task2_meshes/person31.jpg
[0.519s] -- Up-to-date symlink: /home/puhster/Desktop/RINS_task2/install/dis_tutorial3/share/dis_tutorial3//worlds/2025/task2_meshes/person36.jpg
[0.520s] -- Up-to-date symlink: /home/puhster/Desktop/RINS_task2/install/dis_tutorial3/share/dis_tutorial3//worlds/2025/task2_meshes/pied_kingfisher.jpg
[0.520s] -- Up-to-date symlink: /home/puhster/Desktop/RINS_task2/install/dis_tutorial3/share/dis_tutorial3//worlds/2025/task2_meshes/qr_blackbird.jpg
[0.520s] -- Up-to-date symlink: /home/puhster/Desktop/RINS_task2/install/dis_tutorial3/share/dis_tutorial3//worlds/2025/task2_meshes/qr_crow.jpg
[0.520s] -- Up-to-date symlink: /home/puhster/Desktop/RINS_task2/install/dis_tutorial3/share/dis_tutorial3//worlds/2025/task2_meshes/qr_kingfisher.jpg
[0.520s] -- Up-to-date symlink: /home/puhster/Desktop/RINS_task2/install/dis_tutorial3/share/dis_tutorial3//worlds/2025/task2_meshes/qr_tern.jpg
[0.520s] -- Up-to-date symlink: /home/puhster/Desktop/RINS_task2/install/dis_tutorial3/share/dis_tutorial3//worlds/2025/task2_meshes/red.jpg
[0.520s] -- Up-to-date symlink: /home/puhster/Desktop/RINS_task2/install/dis_tutorial3/share/dis_tutorial3//worlds/2025/task2_meshes/water.jpg
[0.520s] -- Up-to-date symlink: /home/puhster/Desktop/RINS_task2/install/dis_tutorial3/share/dis_tutorial3//worlds/2025/task2_meshes/wood.jpg
[0.520s] -- Up-to-date symlink: /home/puhster/Desktop/RINS_task2/install/dis_tutorial3/share/dis_tutorial3//worlds/2025/task2_meshes/yellow.jpg
[0.520s] -- Up-to-date symlink: /home/puhster/Desktop/RINS_task2/install/dis_tutorial3/share/dis_tutorial3//worlds/2025/task2_meshes/yellow_headed_blackbird.jpg
[0.520s] -- Up-to-date symlink: /home/puhster/Desktop/RINS_task2/install/dis_tutorial3/share/dis_tutorial3//worlds/bird_demo1.sdf
[0.520s] -- Up-to-date symlink: /home/puhster/Desktop/RINS_task2/install/dis_tutorial3/share/dis_tutorial3//worlds/bird_demo1_meshes/black.jpg
[0.520s] -- Up-to-date symlink: /home/puhster/Desktop/RINS_task2/install/dis_tutorial3/share/dis_tutorial3//worlds/bird_demo1_meshes/blue.jpg
[0.520s] -- Up-to-date symlink: /home/puhster/Desktop/RINS_task2/install/dis_tutorial3/share/dis_tutorial3//worlds/bird_demo1_meshes/dirt2.jpg
[0.520s] -- Up-to-date symlink: /home/puhster/Desktop/RINS_task2/install/dis_tutorial3/share/dis_tutorial3//worlds/bird_demo1_meshes/fakering1.jpg
[0.520s] -- Up-to-date symlink: /home/puhster/Desktop/RINS_task2/install/dis_tutorial3/share/dis_tutorial3//worlds/bird_demo1_meshes/fakering2.jpg
[0.520s] -- Up-to-date symlink: /home/puhster/Desktop/RINS_task2/install/dis_tutorial3/share/dis_tutorial3//worlds/bird_demo1_meshes/fakering3.jpg
[0.520s] -- Up-to-date symlink: /home/puhster/Desktop/RINS_task2/install/dis_tutorial3/share/dis_tutorial3//worlds/bird_demo1_meshes/frigatebird.jpg
[0.520s] -- Up-to-date symlink: /home/puhster/Desktop/RINS_task2/install/dis_tutorial3/share/dis_tutorial3//worlds/bird_demo1_meshes/grass.jpg
[0.520s] -- Up-to-date symlink: /home/puhster/Desktop/RINS_task2/install/dis_tutorial3/share/dis_tutorial3//worlds/bird_demo1_meshes/grass_side.jpg
[0.520s] -- Up-to-date symlink: /home/puhster/Desktop/RINS_task2/install/dis_tutorial3/share/dis_tutorial3//worlds/bird_demo1_meshes/green.jpg
[0.520s] -- Up-to-date symlink: /home/puhster/Desktop/RINS_task2/install/dis_tutorial3/share/dis_tutorial3//worlds/bird_demo1_meshes/green_kingfisher.jpg
[0.521s] -- Up-to-date symlink: /home/puhster/Desktop/RINS_task2/install/dis_tutorial3/share/dis_tutorial3//worlds/bird_demo1_meshes/ground.jpg
[0.521s] -- Up-to-date symlink: /home/puhster/Desktop/RINS_task2/install/dis_tutorial3/share/dis_tutorial3//worlds/bird_demo1_meshes/map.dae
[0.521s] -- Up-to-date symlink: /home/puhster/Desktop/RINS_task2/install/dis_tutorial3/share/dis_tutorial3//worlds/bird_demo1_meshes/map_colliders.dae
[0.521s] -- Up-to-date symlink: /home/puhster/Desktop/RINS_task2/install/dis_tutorial3/share/dis_tutorial3//worlds/bird_demo1_meshes/objects.jpg
[0.521s] -- Up-to-date symlink: /home/puhster/Desktop/RINS_task2/install/dis_tutorial3/share/dis_tutorial3//worlds/bird_demo1_meshes/person1.png
[0.521s] -- Up-to-date symlink: /home/puhster/Desktop/RINS_task2/install/dis_tutorial3/share/dis_tutorial3//worlds/bird_demo1_meshes/person13.png
[0.521s] -- Up-to-date symlink: /home/puhster/Desktop/RINS_task2/install/dis_tutorial3/share/dis_tutorial3//worlds/bird_demo1_meshes/person14.png
[0.521s] -- Up-to-date symlink: /home/puhster/Desktop/RINS_task2/install/dis_tutorial3/share/dis_tutorial3//worlds/bird_demo1_meshes/person2.png.001.png
[0.521s] -- Up-to-date symlink: /home/puhster/Desktop/RINS_task2/install/dis_tutorial3/share/dis_tutorial3//worlds/bird_demo1_meshes/person5.png.001.png
[0.521s] -- Up-to-date symlink: /home/puhster/Desktop/RINS_task2/install/dis_tutorial3/share/dis_tutorial3//worlds/bird_demo1_meshes/person7.png
[0.521s] -- Up-to-date symlink: /home/puhster/Desktop/RINS_task2/install/dis_tutorial3/share/dis_tutorial3//worlds/bird_demo1_meshes/qr1.jpg
[0.521s] -- Up-to-date symlink: /home/puhster/Desktop/RINS_task2/install/dis_tutorial3/share/dis_tutorial3//worlds/bird_demo1_meshes/qr2.jpg
[0.521s] -- Up-to-date symlink: /home/puhster/Desktop/RINS_task2/install/dis_tutorial3/share/dis_tutorial3//worlds/bird_demo1_meshes/qr3.jpg
[0.522s] -- Up-to-date symlink: /home/puhster/Desktop/RINS_task2/install/dis_tutorial3/share/dis_tutorial3//worlds/bird_demo1_meshes/qr4.jpg
[0.522s] -- Up-to-date symlink: /home/puhster/Desktop/RINS_task2/install/dis_tutorial3/share/dis_tutorial3//worlds/bird_demo1_meshes/red.jpg
[0.522s] -- Up-to-date symlink: /home/puhster/Desktop/RINS_task2/install/dis_tutorial3/share/dis_tutorial3//worlds/bird_demo1_meshes/rosy_finch.jpg
[0.522s] -- Up-to-date symlink: /home/puhster/Desktop/RINS_task2/install/dis_tutorial3/share/dis_tutorial3//worlds/bird_demo1_meshes/rusty_blackbird.jpg
[0.522s] -- Up-to-date symlink: /home/puhster/Desktop/RINS_task2/install/dis_tutorial3/share/dis_tutorial3//worlds/bird_demo1_meshes/water.jpg
[0.522s] -- Up-to-date symlink: /home/puhster/Desktop/RINS_task2/install/dis_tutorial3/share/dis_tutorial3//worlds/bird_demo1_meshes/wood.jpg
[0.522s] -- Up-to-date symlink: /home/puhster/Desktop/RINS_task2/install/dis_tutorial3/share/dis_tutorial3//worlds/bird_demo1_meshes/yellow.jpg
[0.522s] -- Up-to-date symlink: /home/puhster/Desktop/RINS_task2/install/dis_tutorial3/share/dis_tutorial3//worlds/task1.sdf
[0.522s] -- Up-to-date symlink: /home/puhster/Desktop/RINS_task2/install/dis_tutorial3/share/dis_tutorial3//worlds/task1_blue_demo.sdf
[0.522s] -- Up-to-date symlink: /home/puhster/Desktop/RINS_task2/install/dis_tutorial3/share/dis_tutorial3//worlds/task1_blue_demo_meshes/black.jpg
[0.522s] -- Up-to-date symlink: /home/puhster/Desktop/RINS_task2/install/dis_tutorial3/share/dis_tutorial3//worlds/task1_blue_demo_meshes/blue.jpg
[0.522s] -- Up-to-date symlink: /home/puhster/Desktop/RINS_task2/install/dis_tutorial3/share/dis_tutorial3//worlds/task1_blue_demo_meshes/collider.obj
[0.522s] -- Up-to-date symlink: /home/puhster/Desktop/RINS_task2/install/dis_tutorial3/share/dis_tutorial3//worlds/task1_blue_demo_meshes/fakering1.jpg
[0.522s] -- Up-to-date symlink: /home/puhster/Desktop/RINS_task2/install/dis_tutorial3/share/dis_tutorial3//worlds/task1_blue_demo_meshes/fakering2.jpg
[0.522s] -- Up-to-date symlink: /home/puhster/Desktop/RINS_task2/install/dis_tutorial3/share/dis_tutorial3//worlds/task1_blue_demo_meshes/fakering3.jpg
[0.522s] -- Up-to-date symlink: /home/puhster/Desktop/RINS_task2/install/dis_tutorial3/share/dis_tutorial3//worlds/task1_blue_demo_meshes/green.jpg
[0.522s] -- Up-to-date symlink: /home/puhster/Desktop/RINS_task2/install/dis_tutorial3/share/dis_tutorial3//worlds/task1_blue_demo_meshes/ground.jpg
[0.522s] -- Up-to-date symlink: /home/puhster/Desktop/RINS_task2/install/dis_tutorial3/share/dis_tutorial3//worlds/task1_blue_demo_meshes/map.mtl
[0.522s] -- Up-to-date symlink: /home/puhster/Desktop/RINS_task2/install/dis_tutorial3/share/dis_tutorial3//worlds/task1_blue_demo_meshes/map.obj
[0.522s] -- Up-to-date symlink: /home/puhster/Desktop/RINS_task2/install/dis_tutorial3/share/dis_tutorial3//worlds/task1_blue_demo_meshes/objects.jpg
[0.522s] -- Up-to-date symlink: /home/puhster/Desktop/RINS_task2/install/dis_tutorial3/share/dis_tutorial3//worlds/task1_blue_demo_meshes/person1.png
[0.522s] -- Up-to-date symlink: /home/puhster/Desktop/RINS_task2/install/dis_tutorial3/share/dis_tutorial3//worlds/task1_blue_demo_meshes/person18.png
[0.522s] -- Up-to-date symlink: /home/puhster/Desktop/RINS_task2/install/dis_tutorial3/share/dis_tutorial3//worlds/task1_blue_demo_meshes/person5.png
[0.522s] -- Up-to-date symlink: /home/puhster/Desktop/RINS_task2/install/dis_tutorial3/share/dis_tutorial3//worlds/task1_blue_demo_meshes/red.jpg
[0.523s] -- Up-to-date symlink: /home/puhster/Desktop/RINS_task2/install/dis_tutorial3/share/dis_tutorial3//worlds/task1_blue_demo_meshes/yellow.jpg
[0.523s] -- Up-to-date symlink: /home/puhster/Desktop/RINS_task2/install/dis_tutorial3/share/dis_tutorial3//worlds/task1_green_demo.sdf
[0.523s] -- Up-to-date symlink: /home/puhster/Desktop/RINS_task2/install/dis_tutorial3/share/dis_tutorial3//worlds/task1_green_demo_meshes/black.jpg
[0.523s] -- Up-to-date symlink: /home/puhster/Desktop/RINS_task2/install/dis_tutorial3/share/dis_tutorial3//worlds/task1_green_demo_meshes/blue.jpg
[0.523s] -- Up-to-date symlink: /home/puhster/Desktop/RINS_task2/install/dis_tutorial3/share/dis_tutorial3//worlds/task1_green_demo_meshes/collider.mtl
[0.523s] -- Up-to-date symlink: /home/puhster/Desktop/RINS_task2/install/dis_tutorial3/share/dis_tutorial3//worlds/task1_green_demo_meshes/collider.obj
[0.523s] -- Up-to-date symlink: /home/puhster/Desktop/RINS_task2/install/dis_tutorial3/share/dis_tutorial3//worlds/task1_green_demo_meshes/fakering1.jpg
[0.523s] -- Up-to-date symlink: /home/puhster/Desktop/RINS_task2/install/dis_tutorial3/share/dis_tutorial3//worlds/task1_green_demo_meshes/fakering2.jpg
[0.523s] -- Up-to-date symlink: /home/puhster/Desktop/RINS_task2/install/dis_tutorial3/share/dis_tutorial3//worlds/task1_green_demo_meshes/fakering3.jpg
[0.523s] -- Up-to-date symlink: /home/puhster/Desktop/RINS_task2/install/dis_tutorial3/share/dis_tutorial3//worlds/task1_green_demo_meshes/green.jpg
[0.523s] -- Up-to-date symlink: /home/puhster/Desktop/RINS_task2/install/dis_tutorial3/share/dis_tutorial3//worlds/task1_green_demo_meshes/ground.jpg
[0.523s] -- Up-to-date symlink: /home/puhster/Desktop/RINS_task2/install/dis_tutorial3/share/dis_tutorial3//worlds/task1_green_demo_meshes/map.mtl
[0.523s] -- Up-to-date symlink: /home/puhster/Desktop/RINS_task2/install/dis_tutorial3/share/dis_tutorial3//worlds/task1_green_demo_meshes/map.obj
[0.523s] -- Up-to-date symlink: /home/puhster/Desktop/RINS_task2/install/dis_tutorial3/share/dis_tutorial3//worlds/task1_green_demo_meshes/objects.jpg
[0.523s] -- Up-to-date symlink: /home/puhster/Desktop/RINS_task2/install/dis_tutorial3/share/dis_tutorial3//worlds/task1_green_demo_meshes/person17.png
[0.523s] -- Up-to-date symlink: /home/puhster/Desktop/RINS_task2/install/dis_tutorial3/share/dis_tutorial3//worlds/task1_green_demo_meshes/person25.jpg
[0.523s] -- Up-to-date symlink: /home/puhster/Desktop/RINS_task2/install/dis_tutorial3/share/dis_tutorial3//worlds/task1_green_demo_meshes/person37.jpg
[0.523s] -- Up-to-date symlink: /home/puhster/Desktop/RINS_task2/install/dis_tutorial3/share/dis_tutorial3//worlds/task1_green_demo_meshes/red.jpg
[0.523s] -- Up-to-date symlink: /home/puhster/Desktop/RINS_task2/install/dis_tutorial3/share/dis_tutorial3//worlds/task1_green_demo_meshes/yellow.jpg
[0.523s] -- Up-to-date symlink: /home/puhster/Desktop/RINS_task2/install/dis_tutorial3/share/dis_tutorial3//worlds/task1_meshes/black.jpg
[0.523s] -- Up-to-date symlink: /home/puhster/Desktop/RINS_task2/install/dis_tutorial3/share/dis_tutorial3//worlds/task1_meshes/blue.jpg
[0.523s] -- Up-to-date symlink: /home/puhster/Desktop/RINS_task2/install/dis_tutorial3/share/dis_tutorial3//worlds/task1_meshes/collider.obj
[0.523s] -- Up-to-date symlink: /home/puhster/Desktop/RINS_task2/install/dis_tutorial3/share/dis_tutorial3//worlds/task1_meshes/fakering1.jpg
[0.523s] -- Up-to-date symlink: /home/puhster/Desktop/RINS_task2/install/dis_tutorial3/share/dis_tutorial3//worlds/task1_meshes/fakering2.jpg
[0.523s] -- Up-to-date symlink: /home/puhster/Desktop/RINS_task2/install/dis_tutorial3/share/dis_tutorial3//worlds/task1_meshes/fakering3.jpg
[0.523s] -- Up-to-date symlink: /home/puhster/Desktop/RINS_task2/install/dis_tutorial3/share/dis_tutorial3//worlds/task1_meshes/green.jpg
[0.524s] -- Up-to-date symlink: /home/puhster/Desktop/RINS_task2/install/dis_tutorial3/share/dis_tutorial3//worlds/task1_meshes/ground.jpg
[0.524s] -- Up-to-date symlink: /home/puhster/Desktop/RINS_task2/install/dis_tutorial3/share/dis_tutorial3//worlds/task1_meshes/map.mtl
[0.524s] -- Up-to-date symlink: /home/puhster/Desktop/RINS_task2/install/dis_tutorial3/share/dis_tutorial3//worlds/task1_meshes/map.obj
[0.524s] -- Up-to-date symlink: /home/puhster/Desktop/RINS_task2/install/dis_tutorial3/share/dis_tutorial3//worlds/task1_meshes/objects.jpg
[0.524s] -- Up-to-date symlink: /home/puhster/Desktop/RINS_task2/install/dis_tutorial3/share/dis_tutorial3//worlds/task1_meshes/person21.png
[0.524s] -- Up-to-date symlink: /home/puhster/Desktop/RINS_task2/install/dis_tutorial3/share/dis_tutorial3//worlds/task1_meshes/person28.jpg
[0.524s] -- Up-to-date symlink: /home/puhster/Desktop/RINS_task2/install/dis_tutorial3/share/dis_tutorial3//worlds/task1_meshes/person29.jpg
[0.524s] -- Up-to-date symlink: /home/puhster/Desktop/RINS_task2/install/dis_tutorial3/share/dis_tutorial3//worlds/task1_meshes/red.jpg
[0.524s] -- Up-to-date symlink: /home/puhster/Desktop/RINS_task2/install/dis_tutorial3/share/dis_tutorial3//worlds/task1_meshes/yellow.jpg
[0.524s] -- Up-to-date symlink: /home/puhster/Desktop/RINS_task2/install/dis_tutorial3/share/dis_tutorial3//worlds/task1_yellow_demo.sdf
[0.524s] -- Up-to-date symlink: /home/puhster/Desktop/RINS_task2/install/dis_tutorial3/share/dis_tutorial3//worlds/task1_yellow_demo_meshes/black.jpg
[0.524s] -- Up-to-date symlink: /home/puhster/Desktop/RINS_task2/install/dis_tutorial3/share/dis_tutorial3//worlds/task1_yellow_demo_meshes/blue.jpg
[0.524s] -- Up-to-date symlink: /home/puhster/Desktop/RINS_task2/install/dis_tutorial3/share/dis_tutorial3//worlds/task1_yellow_demo_meshes/collider.obj
[0.524s] -- Up-to-date symlink: /home/puhster/Desktop/RINS_task2/install/dis_tutorial3/share/dis_tutorial3//worlds/task1_yellow_demo_meshes/fakering1.jpg
[0.524s] -- Up-to-date symlink: /home/puhster/Desktop/RINS_task2/install/dis_tutorial3/share/dis_tutorial3//worlds/task1_yellow_demo_meshes/fakering2.jpg
[0.524s] -- Up-to-date symlink: /home/puhster/Desktop/RINS_task2/install/dis_tutorial3/share/dis_tutorial3//worlds/task1_yellow_demo_meshes/fakering3.jpg
[0.524s] -- Up-to-date symlink: /home/puhster/Desktop/RINS_task2/install/dis_tutorial3/share/dis_tutorial3//worlds/task1_yellow_demo_meshes/green.jpg
[0.524s] -- Up-to-date symlink: /home/puhster/Desktop/RINS_task2/install/dis_tutorial3/share/dis_tutorial3//worlds/task1_yellow_demo_meshes/ground.jpg
[0.524s] -- Up-to-date symlink: /home/puhster/Desktop/RINS_task2/install/dis_tutorial3/share/dis_tutorial3//worlds/task1_yellow_demo_meshes/map.mtl
[0.524s] -- Up-to-date symlink: /home/puhster/Desktop/RINS_task2/install/dis_tutorial3/share/dis_tutorial3//worlds/task1_yellow_demo_meshes/map.obj
[0.524s] -- Up-to-date symlink: /home/puhster/Desktop/RINS_task2/install/dis_tutorial3/share/dis_tutorial3//worlds/task1_yellow_demo_meshes/objects.jpg
[0.524s] -- Up-to-date symlink: /home/puhster/Desktop/RINS_task2/install/dis_tutorial3/share/dis_tutorial3//worlds/task1_yellow_demo_meshes/person11.png
[0.525s] -- Up-to-date symlink: /home/puhster/Desktop/RINS_task2/install/dis_tutorial3/share/dis_tutorial3//worlds/task1_yellow_demo_meshes/person12.png
[0.525s] -- Up-to-date symlink: /home/puhster/Desktop/RINS_task2/install/dis_tutorial3/share/dis_tutorial3//worlds/task1_yellow_demo_meshes/person9.png
[0.525s] -- Up-to-date symlink: /home/puhster/Desktop/RINS_task2/install/dis_tutorial3/share/dis_tutorial3//worlds/task1_yellow_demo_meshes/red.jpg
[0.525s] -- Up-to-date symlink: /home/puhster/Desktop/RINS_task2/install/dis_tutorial3/share/dis_tutorial3//worlds/task1_yellow_demo_meshes/yellow.jpg
[0.525s] -- Up-to-date symlink: /home/puhster/Desktop/RINS_task2/install/dis_tutorial3/share/dis_tutorial3//worlds/task2_blue_demo.sdf
[0.525s] -- Up-to-date symlink: /home/puhster/Desktop/RINS_task2/install/dis_tutorial3/share/dis_tutorial3//worlds/task2_blue_demo_meshes/anita_she_her_quality_inspector.png
[0.525s] -- Up-to-date symlink: /home/puhster/Desktop/RINS_task2/install/dis_tutorial3/share/dis_tutorial3//worlds/task2_blue_demo_meshes/asphalt.jpg
[0.525s] -- Up-to-date symlink: /home/puhster/Desktop/RINS_task2/install/dis_tutorial3/share/dis_tutorial3//worlds/task2_blue_demo_meshes/belt.jpg
[0.525s] -- Up-to-date symlink: /home/puhster/Desktop/RINS_task2/install/dis_tutorial3/share/dis_tutorial3//worlds/task2_blue_demo_meshes/black.jpg
[0.525s] -- Up-to-date symlink: /home/puhster/Desktop/RINS_task2/install/dis_tutorial3/share/dis_tutorial3//worlds/task2_blue_demo_meshes/blue.jpg
[0.525s] -- Up-to-date symlink: /home/puhster/Desktop/RINS_task2/install/dis_tutorial3/share/dis_tutorial3//worlds/task2_blue_demo_meshes/buildings_colourmap.png
[0.525s] -- Up-to-date symlink: /home/puhster/Desktop/RINS_task2/install/dis_tutorial3/share/dis_tutorial3//worlds/task2_blue_demo_meshes/collider.mtl
[0.525s] -- Up-to-date symlink: /home/puhster/Desktop/RINS_task2/install/dis_tutorial3/share/dis_tutorial3//worlds/task2_blue_demo_meshes/collider.obj
[0.525s] -- Up-to-date symlink: /home/puhster/Desktop/RINS_task2/install/dis_tutorial3/share/dis_tutorial3//worlds/task2_blue_demo_meshes/colormap.png
[0.525s] -- Up-to-date symlink: /home/puhster/Desktop/RINS_task2/install/dis_tutorial3/share/dis_tutorial3//worlds/task2_blue_demo_meshes/damaged10.png
[0.525s] -- Up-to-date symlink: /home/puhster/Desktop/RINS_task2/install/dis_tutorial3/share/dis_tutorial3//worlds/task2_blue_demo_meshes/damaged11.png
[0.525s] -- Up-to-date symlink: /home/puhster/Desktop/RINS_task2/install/dis_tutorial3/share/dis_tutorial3//worlds/task2_blue_demo_meshes/damaged12.png
[0.525s] -- Up-to-date symlink: /home/puhster/Desktop/RINS_task2/install/dis_tutorial3/share/dis_tutorial3//worlds/task2_blue_demo_meshes/damaged13.png
[0.525s] -- Up-to-date symlink: /home/puhster/Desktop/RINS_task2/install/dis_tutorial3/share/dis_tutorial3//worlds/task2_blue_demo_meshes/damaged14.png
[0.525s] -- Up-to-date symlink: /home/puhster/Desktop/RINS_task2/install/dis_tutorial3/share/dis_tutorial3//worlds/task2_blue_demo_meshes/damaged15.png
[0.525s] -- Up-to-date symlink: /home/puhster/Desktop/RINS_task2/install/dis_tutorial3/share/dis_tutorial3//worlds/task2_blue_demo_meshes/fakering1.jpg
[0.525s] -- Up-to-date symlink: /home/puhster/Desktop/RINS_task2/install/dis_tutorial3/share/dis_tutorial3//worlds/task2_blue_demo_meshes/fakering2.jpg
[0.525s] -- Up-to-date symlink: /home/puhster/Desktop/RINS_task2/install/dis_tutorial3/share/dis_tutorial3//worlds/task2_blue_demo_meshes/fakering3.jpg
[0.526s] -- Up-to-date symlink: /home/puhster/Desktop/RINS_task2/install/dis_tutorial3/share/dis_tutorial3//worlds/task2_blue_demo_meshes/felix_he_him_belt_technician.png
[0.526s] -- Up-to-date symlink: /home/puhster/Desktop/RINS_task2/install/dis_tutorial3/share/dis_tutorial3//worlds/task2_blue_demo_meshes/good1.png
[0.526s] -- Up-to-date symlink: /home/puhster/Desktop/RINS_task2/install/dis_tutorial3/share/dis_tutorial3//worlds/task2_blue_demo_meshes/good2.png
[0.526s] -- Up-to-date symlink: /home/puhster/Desktop/RINS_task2/install/dis_tutorial3/share/dis_tutorial3//worlds/task2_blue_demo_meshes/green.jpg
[0.526s] -- Up-to-date symlink: /home/puhster/Desktop/RINS_task2/install/dis_tutorial3/share/dis_tutorial3//worlds/task2_blue_demo_meshes/ground.jpg
[0.526s] -- Up-to-date symlink: /home/puhster/Desktop/RINS_task2/install/dis_tutorial3/share/dis_tutorial3//worlds/task2_blue_demo_meshes/jeff_he_him_cto.png
[0.526s] -- Up-to-date symlink: /home/puhster/Desktop/RINS_task2/install/dis_tutorial3/share/dis_tutorial3//worlds/task2_blue_demo_meshes/laura_she_her_middle_manager.png
[0.526s] -- Up-to-date symlink: /home/puhster/Desktop/RINS_task2/install/dis_tutorial3/share/dis_tutorial3//worlds/task2_blue_demo_meshes/map.mtl
[0.526s] -- Up-to-date symlink: /home/puhster/Desktop/RINS_task2/install/dis_tutorial3/share/dis_tutorial3//worlds/task2_blue_demo_meshes/map.obj
[0.526s] -- Up-to-date symlink: /home/puhster/Desktop/RINS_task2/install/dis_tutorial3/share/dis_tutorial3//worlds/task2_blue_demo_meshes/objects.jpg
[0.526s] -- Up-to-date symlink: /home/puhster/Desktop/RINS_task2/install/dis_tutorial3/share/dis_tutorial3//worlds/task2_blue_demo_meshes/qr_barrels.png
[0.526s] -- Up-to-date symlink: /home/puhster/Desktop/RINS_task2/install/dis_tutorial3/share/dis_tutorial3//worlds/task2_blue_demo_meshes/qr_break.png
[0.526s] -- Up-to-date symlink: /home/puhster/Desktop/RINS_task2/install/dis_tutorial3/share/dis_tutorial3//worlds/task2_blue_demo_meshes/qr_bridge.png
[0.526s] -- Up-to-date symlink: /home/puhster/Desktop/RINS_task2/install/dis_tutorial3/share/dis_tutorial3//worlds/task2_blue_demo_meshes/qr_cto.png
[0.526s] -- Up-to-date symlink: /home/puhster/Desktop/RINS_task2/install/dis_tutorial3/share/dis_tutorial3//worlds/task2_blue_demo_meshes/qr_flow.png
[0.526s] -- Up-to-date symlink: /home/puhster/Desktop/RINS_task2/install/dis_tutorial3/share/dis_tutorial3//worlds/task2_blue_demo_meshes/qr_greenbelt.png
[0.526s] -- Up-to-date symlink: /home/puhster/Desktop/RINS_task2/install/dis_tutorial3/share/dis_tutorial3//worlds/task2_blue_demo_meshes/qr_incinerator.png
[0.526s] -- Up-to-date symlink: /home/puhster/Desktop/RINS_task2/install/dis_tutorial3/share/dis_tutorial3//worlds/task2_blue_demo_meshes/qr_nothing.png
[0.526s] -- Up-to-date symlink: /home/puhster/Desktop/RINS_task2/install/dis_tutorial3/share/dis_tutorial3//worlds/task2_blue_demo_meshes/qr_redbelt.png
[0.526s] -- Up-to-date symlink: /home/puhster/Desktop/RINS_task2/install/dis_tutorial3/share/dis_tutorial3//worlds/task2_blue_demo_meshes/qr_rings.png
[0.526s] -- Up-to-date symlink: /home/puhster/Desktop/RINS_task2/install/dis_tutorial3/share/dis_tutorial3//worlds/task2_blue_demo_meshes/red.jpg
[0.526s] -- Up-to-date symlink: /home/puhster/Desktop/RINS_task2/install/dis_tutorial3/share/dis_tutorial3//worlds/task2_blue_demo_meshes/victor_he_him_plc_programmer.png
[0.527s] -- Up-to-date symlink: /home/puhster/Desktop/RINS_task2/install/dis_tutorial3/share/dis_tutorial3//worlds/task2_blue_demo_meshes/yellow.jpg
[0.527s] -- Up-to-date symlink: /home/puhster/Desktop/RINS_task2/install/dis_tutorial3/share/dis_tutorial3//worlds/task2_green_demo.sdf
[0.527s] -- Up-to-date symlink: /home/puhster/Desktop/RINS_task2/install/dis_tutorial3/share/dis_tutorial3//worlds/task2_green_demo_meshes/asphalt.jpg
[0.527s] -- Up-to-date symlink: /home/puhster/Desktop/RINS_task2/install/dis_tutorial3/share/dis_tutorial3//worlds/task2_green_demo_meshes/belt.jpg
[0.527s] -- Up-to-date symlink: /home/puhster/Desktop/RINS_task2/install/dis_tutorial3/share/dis_tutorial3//worlds/task2_green_demo_meshes/black.jpg
[0.527s] -- Up-to-date symlink: /home/puhster/Desktop/RINS_task2/install/dis_tutorial3/share/dis_tutorial3//worlds/task2_green_demo_meshes/blue.jpg
[0.527s] -- Up-to-date symlink: /home/puhster/Desktop/RINS_task2/install/dis_tutorial3/share/dis_tutorial3//worlds/task2_green_demo_meshes/buildings_colourmap.png
[0.527s] -- Up-to-date symlink: /home/puhster/Desktop/RINS_task2/install/dis_tutorial3/share/dis_tutorial3//worlds/task2_green_demo_meshes/collider.mtl
[0.527s] -- Up-to-date symlink: /home/puhster/Desktop/RINS_task2/install/dis_tutorial3/share/dis_tutorial3//worlds/task2_green_demo_meshes/collider.obj
[0.527s] -- Up-to-date symlink: /home/puhster/Desktop/RINS_task2/install/dis_tutorial3/share/dis_tutorial3//worlds/task2_green_demo_meshes/colormap.png
[0.527s] -- Up-to-date symlink: /home/puhster/Desktop/RINS_task2/install/dis_tutorial3/share/dis_tutorial3//worlds/task2_green_demo_meshes/damaged10.png
[0.527s] -- Up-to-date symlink: /home/puhster/Desktop/RINS_task2/install/dis_tutorial3/share/dis_tutorial3//worlds/task2_green_demo_meshes/damaged11.png
[0.527s] -- Up-to-date symlink: /home/puhster/Desktop/RINS_task2/install/dis_tutorial3/share/dis_tutorial3//worlds/task2_green_demo_meshes/damaged12.png
[0.527s] -- Up-to-date symlink: /home/puhster/Desktop/RINS_task2/install/dis_tutorial3/share/dis_tutorial3//worlds/task2_green_demo_meshes/damaged13.png
[0.527s] -- Up-to-date symlink: /home/puhster/Desktop/RINS_task2/install/dis_tutorial3/share/dis_tutorial3//worlds/task2_green_demo_meshes/damaged14.png
[0.527s] -- Up-to-date symlink: /home/puhster/Desktop/RINS_task2/install/dis_tutorial3/share/dis_tutorial3//worlds/task2_green_demo_meshes/damaged15.png
[0.527s] -- Up-to-date symlink: /home/puhster/Desktop/RINS_task2/install/dis_tutorial3/share/dis_tutorial3//worlds/task2_green_demo_meshes/elena_she_her_forklift_driver.png
[0.527s] -- Up-to-date symlink: /home/puhster/Desktop/RINS_task2/install/dis_tutorial3/share/dis_tutorial3//worlds/task2_green_demo_meshes/fakering1.jpg
[0.527s] -- Up-to-date symlink: /home/puhster/Desktop/RINS_task2/install/dis_tutorial3/share/dis_tutorial3//worlds/task2_green_demo_meshes/fakering2.jpg
[0.527s] -- Up-to-date symlink: /home/puhster/Desktop/RINS_task2/install/dis_tutorial3/share/dis_tutorial3//worlds/task2_green_demo_meshes/fakering3.jpg
[0.527s] -- Up-to-date symlink: /home/puhster/Desktop/RINS_task2/install/dis_tutorial3/share/dis_tutorial3//worlds/task2_green_demo_meshes/fred_he_him_visitor.png
[0.527s] -- Up-to-date symlink: /home/puhster/Desktop/RINS_task2/install/dis_tutorial3/share/dis_tutorial3//worlds/task2_green_demo_meshes/good1.png
[0.528s] -- Up-to-date symlink: /home/puhster/Desktop/RINS_task2/install/dis_tutorial3/share/dis_tutorial3//worlds/task2_green_demo_meshes/good2.png
[0.528s] -- Up-to-date symlink: /home/puhster/Desktop/RINS_task2/install/dis_tutorial3/share/dis_tutorial3//worlds/task2_green_demo_meshes/green.jpg
[0.528s] -- Up-to-date symlink: /home/puhster/Desktop/RINS_task2/install/dis_tutorial3/share/dis_tutorial3//worlds/task2_green_demo_meshes/ground.jpg
[0.528s] -- Up-to-date symlink: /home/puhster/Desktop/RINS_task2/install/dis_tutorial3/share/dis_tutorial3//worlds/task2_green_demo_meshes/jeff_he_him_cto.png
[0.528s] -- Up-to-date symlink: /home/puhster/Desktop/RINS_task2/install/dis_tutorial3/share/dis_tutorial3//worlds/task2_green_demo_meshes/luka_he_him_accountant.png
[0.528s] -- Up-to-date symlink: /home/puhster/Desktop/RINS_task2/install/dis_tutorial3/share/dis_tutorial3//worlds/task2_green_demo_meshes/map.mtl
[0.528s] -- Up-to-date symlink: /home/puhster/Desktop/RINS_task2/install/dis_tutorial3/share/dis_tutorial3//worlds/task2_green_demo_meshes/map.obj
[0.528s] -- Up-to-date symlink: /home/puhster/Desktop/RINS_task2/install/dis_tutorial3/share/dis_tutorial3//worlds/task2_green_demo_meshes/maria_she_her_delivery_driver.png
[0.528s] -- Up-to-date symlink: /home/puhster/Desktop/RINS_task2/install/dis_tutorial3/share/dis_tutorial3//worlds/task2_green_demo_meshes/objects.jpg
[0.528s] -- Up-to-date symlink: /home/puhster/Desktop/RINS_task2/install/dis_tutorial3/share/dis_tutorial3//worlds/task2_green_demo_meshes/qr_barrels.png
[0.528s] -- Up-to-date symlink: /home/puhster/Desktop/RINS_task2/install/dis_tutorial3/share/dis_tutorial3//worlds/task2_green_demo_meshes/qr_bridge.png
[0.528s] -- Up-to-date symlink: /home/puhster/Desktop/RINS_task2/install/dis_tutorial3/share/dis_tutorial3//worlds/task2_green_demo_meshes/qr_cto.png
[0.528s] -- Up-to-date symlink: /home/puhster/Desktop/RINS_task2/install/dis_tutorial3/share/dis_tutorial3//worlds/task2_green_demo_meshes/qr_flow.png
[0.528s] -- Up-to-date symlink: /home/puhster/Desktop/RINS_task2/install/dis_tutorial3/share/dis_tutorial3//worlds/task2_green_demo_meshes/qr_greenbelt.png
[0.528s] -- Up-to-date symlink: /home/puhster/Desktop/RINS_task2/install/dis_tutorial3/share/dis_tutorial3//worlds/task2_green_demo_meshes/qr_incinerator.png
[0.528s] -- Up-to-date symlink: /home/puhster/Desktop/RINS_task2/install/dis_tutorial3/share/dis_tutorial3//worlds/task2_green_demo_meshes/qr_nothing.png
[0.528s] -- Up-to-date symlink: /home/puhster/Desktop/RINS_task2/install/dis_tutorial3/share/dis_tutorial3//worlds/task2_green_demo_meshes/qr_redbelt.png
[0.528s] -- Up-to-date symlink: /home/puhster/Desktop/RINS_task2/install/dis_tutorial3/share/dis_tutorial3//worlds/task2_green_demo_meshes/qr_rings.png
[0.528s] -- Up-to-date symlink: /home/puhster/Desktop/RINS_task2/install/dis_tutorial3/share/dis_tutorial3//worlds/task2_green_demo_meshes/red.jpg
[0.528s] -- Up-to-date symlink: /home/puhster/Desktop/RINS_task2/install/dis_tutorial3/share/dis_tutorial3//worlds/task2_green_demo_meshes/yellow.jpg
[0.528s] -- Up-to-date symlink: /home/puhster/Desktop/RINS_task2/install/dis_tutorial3/share/dis_tutorial3//worlds/task2_yellow_demo.sdf
[0.529s] -- Up-to-date symlink: /home/puhster/Desktop/RINS_task2/install/dis_tutorial3/share/dis_tutorial3//worlds/task2_yellow_demo_meshes/anna_she_her_visitor.png
[0.529s] -- Up-to-date symlink: /home/puhster/Desktop/RINS_task2/install/dis_tutorial3/share/dis_tutorial3//worlds/task2_yellow_demo_meshes/asphalt.jpg
[0.529s] -- Up-to-date symlink: /home/puhster/Desktop/RINS_task2/install/dis_tutorial3/share/dis_tutorial3//worlds/task2_yellow_demo_meshes/belt.jpg
[0.529s] -- Up-to-date symlink: /home/puhster/Desktop/RINS_task2/install/dis_tutorial3/share/dis_tutorial3//worlds/task2_yellow_demo_meshes/black.jpg
[0.529s] -- Up-to-date symlink: /home/puhster/Desktop/RINS_task2/install/dis_tutorial3/share/dis_tutorial3//worlds/task2_yellow_demo_meshes/blue.jpg
[0.529s] -- Up-to-date symlink: /home/puhster/Desktop/RINS_task2/install/dis_tutorial3/share/dis_tutorial3//worlds/task2_yellow_demo_meshes/buildings_colourmap.png
[0.529s] -- Up-to-date symlink: /home/puhster/Desktop/RINS_task2/install/dis_tutorial3/share/dis_tutorial3//worlds/task2_yellow_demo_meshes/collider.mtl
[0.529s] -- Up-to-date symlink: /home/puhster/Desktop/RINS_task2/install/dis_tutorial3/share/dis_tutorial3//worlds/task2_yellow_demo_meshes/collider.obj
[0.529s] -- Up-to-date symlink: /home/puhster/Desktop/RINS_task2/install/dis_tutorial3/share/dis_tutorial3//worlds/task2_yellow_demo_meshes/colormap.png
[0.529s] -- Up-to-date symlink: /home/puhster/Desktop/RINS_task2/install/dis_tutorial3/share/dis_tutorial3//worlds/task2_yellow_demo_meshes/damaged19.png
[0.529s] -- Up-to-date symlink: /home/puhster/Desktop/RINS_task2/install/dis_tutorial3/share/dis_tutorial3//worlds/task2_yellow_demo_meshes/damaged20.png
[0.529s] -- Up-to-date symlink: /home/puhster/Desktop/RINS_task2/install/dis_tutorial3/share/dis_tutorial3//worlds/task2_yellow_demo_meshes/damaged21.png
[0.529s] -- Up-to-date symlink: /home/puhster/Desktop/RINS_task2/install/dis_tutorial3/share/dis_tutorial3//worlds/task2_yellow_demo_meshes/damaged25.png
[0.529s] -- Up-to-date symlink: /home/puhster/Desktop/RINS_task2/install/dis_tutorial3/share/dis_tutorial3//worlds/task2_yellow_demo_meshes/damaged26.png
[0.529s] -- Up-to-date symlink: /home/puhster/Desktop/RINS_task2/install/dis_tutorial3/share/dis_tutorial3//worlds/task2_yellow_demo_meshes/david_he_him_welder.png
[0.529s] -- Up-to-date symlink: /home/puhster/Desktop/RINS_task2/install/dis_tutorial3/share/dis_tutorial3//worlds/task2_yellow_demo_meshes/fakering1.jpg
[0.529s] -- Up-to-date symlink: /home/puhster/Desktop/RINS_task2/install/dis_tutorial3/share/dis_tutorial3//worlds/task2_yellow_demo_meshes/fakering2.jpg
[0.529s] -- Up-to-date symlink: /home/puhster/Desktop/RINS_task2/install/dis_tutorial3/share/dis_tutorial3//worlds/task2_yellow_demo_meshes/fakering3.jpg
[0.529s] -- Up-to-date symlink: /home/puhster/Desktop/RINS_task2/install/dis_tutorial3/share/dis_tutorial3//worlds/task2_yellow_demo_meshes/good2.png
[0.529s] -- Up-to-date symlink: /home/puhster/Desktop/RINS_task2/install/dis_tutorial3/share/dis_tutorial3//worlds/task2_yellow_demo_meshes/good5.png
[0.530s] -- Up-to-date symlink: /home/puhster/Desktop/RINS_task2/install/dis_tutorial3/share/dis_tutorial3//worlds/task2_yellow_demo_meshes/green.jpg
[0.530s] -- Up-to-date symlink: /home/puhster/Desktop/RINS_task2/install/dis_tutorial3/share/dis_tutorial3//worlds/task2_yellow_demo_meshes/ground.jpg
[0.530s] -- Up-to-date symlink: /home/puhster/Desktop/RINS_task2/install/dis_tutorial3/share/dis_tutorial3//worlds/task2_yellow_demo_meshes/jeff_he_him_cto.png
[0.530s] -- Up-to-date symlink: /home/puhster/Desktop/RINS_task2/install/dis_tutorial3/share/dis_tutorial3//worlds/task2_yellow_demo_meshes/map.mtl
[0.530s] -- Up-to-date symlink: /home/puhster/Desktop/RINS_task2/install/dis_tutorial3/share/dis_tutorial3//worlds/task2_yellow_demo_meshes/map.obj
[0.530s] -- Up-to-date symlink: /home/puhster/Desktop/RINS_task2/install/dis_tutorial3/share/dis_tutorial3//worlds/task2_yellow_demo_meshes/objects.jpg
[0.530s] -- Up-to-date symlink: /home/puhster/Desktop/RINS_task2/install/dis_tutorial3/share/dis_tutorial3//worlds/task2_yellow_demo_meshes/qr_barrels.png
[0.530s] -- Up-to-date symlink: /home/puhster/Desktop/RINS_task2/install/dis_tutorial3/share/dis_tutorial3//worlds/task2_yellow_demo_meshes/qr_bridge.png
[0.530s] -- Up-to-date symlink: /home/puhster/Desktop/RINS_task2/install/dis_tutorial3/share/dis_tutorial3//worlds/task2_yellow_demo_meshes/qr_cto.png
[0.530s] -- Up-to-date symlink: /home/puhster/Desktop/RINS_task2/install/dis_tutorial3/share/dis_tutorial3//worlds/task2_yellow_demo_meshes/qr_flow.png
[0.530s] -- Up-to-date symlink: /home/puhster/Desktop/RINS_task2/install/dis_tutorial3/share/dis_tutorial3//worlds/task2_yellow_demo_meshes/qr_greenbelt.png
[0.530s] -- Up-to-date symlink: /home/puhster/Desktop/RINS_task2/install/dis_tutorial3/share/dis_tutorial3//worlds/task2_yellow_demo_meshes/qr_incinerator.png
[0.530s] -- Up-to-date symlink: /home/puhster/Desktop/RINS_task2/install/dis_tutorial3/share/dis_tutorial3//worlds/task2_yellow_demo_meshes/qr_nothing.png
[0.530s] -- Up-to-date symlink: /home/puhster/Desktop/RINS_task2/install/dis_tutorial3/share/dis_tutorial3//worlds/task2_yellow_demo_meshes/qr_redbelt.png
[0.530s] -- Up-to-date symlink: /home/puhster/Desktop/RINS_task2/install/dis_tutorial3/share/dis_tutorial3//worlds/task2_yellow_demo_meshes/qr_rings.png
[0.530s] -- Up-to-date symlink: /home/puhster/Desktop/RINS_task2/install/dis_tutorial3/share/dis_tutorial3//worlds/task2_yellow_demo_meshes/red.jpg
[0.530s] -- Up-to-date symlink: /home/puhster/Desktop/RINS_task2/install/dis_tutorial3/share/dis_tutorial3//worlds/task2_yellow_demo_meshes/sara_she_her_inventory_manager.png
[0.530s] -- Up-to-date symlink: /home/puhster/Desktop/RINS_task2/install/dis_tutorial3/share/dis_tutorial3//worlds/task2_yellow_demo_meshes/sofia_she_her_laser_calibrator.png
[0.531s] -- Up-to-date symlink: /home/puhster/Desktop/RINS_task2/install/dis_tutorial3/share/dis_tutorial3//worlds/task2_yellow_demo_meshes/yellow.jpg
[0.531s] -- Up-to-date symlink: /home/puhster/Desktop/RINS_task2/install/dis_tutorial3/share/dis_tutorial3//maps/bird_demo.pgm
[0.531s] -- Up-to-date symlink: /home/puhster/Desktop/RINS_task2/install/dis_tutorial3/share/dis_tutorial3//maps/bird_demo.yaml
[0.531s] -- Up-to-date symlink: /home/puhster/Desktop/RINS_task2/install/dis_tutorial3/share/dis_tutorial3//maps/task1.pgm
[0.531s] -- Up-to-date symlink: /home/puhster/Desktop/RINS_task2/install/dis_tutorial3/share/dis_tutorial3//maps/task1.yaml
[0.531s] -- Up-to-date symlink: /home/puhster/Desktop/RINS_task2/install/dis_tutorial3/share/dis_tutorial3//maps/task2.pgm
[0.531s] -- Up-to-date symlink: /home/puhster/Desktop/RINS_task2/install/dis_tutorial3/share/dis_tutorial3//maps/task2.yaml
[0.531s] -- Up-to-date symlink: /home/puhster/Desktop/RINS_task2/install/dis_tutorial3/share/dis_tutorial3//urdf/lite/turtlebot4.urdf.xacro
[0.531s] -- Up-to-date symlink: /home/puhster/Desktop/RINS_task2/install/dis_tutorial3/share/dis_tutorial3//urdf/sensors/camera_bracket.urdf.xacro
[0.531s] -- Up-to-date symlink: /home/puhster/Desktop/RINS_task2/install/dis_tutorial3/share/dis_tutorial3//urdf/sensors/oakd.urdf.xacro
[0.531s] -- Up-to-date symlink: /home/puhster/Desktop/RINS_task2/install/dis_tutorial3/share/dis_tutorial3//urdf/sensors/rplidar.urdf.xacro
[0.531s] -- Up-to-date symlink: /home/puhster/Desktop/RINS_task2/install/dis_tutorial3/share/dis_tutorial3//urdf/standard/tower_sensor_plate.urdf.xacro
[0.531s] -- Up-to-date symlink: /home/puhster/Desktop/RINS_task2/install/dis_tutorial3/share/dis_tutorial3//urdf/standard/tower_standoff.urdf.xacro
[0.532s] -- Up-to-date symlink: /home/puhster/Desktop/RINS_task2/install/dis_tutorial3/share/dis_tutorial3//urdf/standard/turtlebot4.urdf.xacro
[0.532s] -- Up-to-date symlink: /home/puhster/Desktop/RINS_task2/install/dis_tutorial3/share/dis_tutorial3//urdf/standard/weight_block.urdf.xacro
[0.532s] -- Up-to-date symlink: /home/puhster/Desktop/RINS_task2/install/dis_tutorial3/lib/dis_tutorial3/detect_people.py
[0.532s] -- Up-to-date symlink: /home/puhster/Desktop/RINS_task2/install/dis_tutorial3/lib/dis_tutorial3/robot_commander.py
[0.532s] -- Up-to-date symlink: /home/puhster/Desktop/RINS_task2/install/dis_tutorial3/share/ament_index/resource_index/package_run_dependencies/dis_tutorial3
[0.532s] -- Up-to-date symlink: /home/puhster/Desktop/RINS_task2/install/dis_tutorial3/share/ament_index/resource_index/parent_prefix_path/dis_tutorial3
[0.532s] -- Up-to-date symlink: /home/puhster/Desktop/RINS_task2/install/dis_tutorial3/share/dis_tutorial3/environment/ament_prefix_path.sh
[0.532s] -- Up-to-date symlink: /home/puhster/Desktop/RINS_task2/install/dis_tutorial3/share/dis_tutorial3/environment/ament_prefix_path.dsv
[0.532s] -- Up-to-date symlink: /home/puhster/Desktop/RINS_task2/install/dis_tutorial3/share/dis_tutorial3/environment/path.sh
[0.532s] -- Up-to-date symlink: /home/puhster/Desktop/RINS_task2/install/dis_tutorial3/share/dis_tutorial3/environment/path.dsv
[0.532s] -- Up-to-date symlink: /home/puhster/Desktop/RINS_task2/install/dis_tutorial3/share/dis_tutorial3/local_setup.bash
[0.533s] -- Up-to-date symlink: /home/puhster/Desktop/RINS_task2/install/dis_tutorial3/share/dis_tutorial3/local_setup.sh
[0.533s] -- Up-to-date symlink: /home/puhster/Desktop/RINS_task2/install/dis_tutorial3/share/dis_tutorial3/local_setup.zsh
[0.533s] -- Up-to-date symlink: /home/puhster/Desktop/RINS_task2/install/dis_tutorial3/share/dis_tutorial3/local_setup.dsv
[0.533s] -- Symlinking: /home/puhster/Desktop/RINS_task2/install/dis_tutorial3/share/dis_tutorial3/package.dsv
[0.538s] -- Up-to-date symlink: /home/puhster/Desktop/RINS_task2/install/dis_tutorial3/share/ament_index/resource_index/packages/dis_tutorial3
[0.538s] -- Up-to-date symlink: /home/puhster/Desktop/RINS_task2/install/dis_tutorial3/share/dis_tutorial3/cmake/dis_tutorial3Config.cmake
[0.538s] -- Up-to-date symlink: /home/puhster/Desktop/RINS_task2/install/dis_tutorial3/share/dis_tutorial3/cmake/dis_tutorial3Config-version.cmake
[0.538s] -- Up-to-date symlink: /home/puhster/Desktop/RINS_task2/install/dis_tutorial3/share/dis_tutorial3/package.xml
[0.539s] Invoked command in '/home/puhster/Desktop/RINS_task2/build/dis_tutorial3' returned '0': CMAKE_PREFIX_PATH=${CMAKE_PREFIX_PATH}:/home/puhster/Desktop/RINS/install/task1:/opt/ros/jazzy DEBUGINFOD_URLS=https://debuginfod.ubuntu.com /usr/bin/cmake --install /home/puhster/Desktop/RINS_task2/build/dis_tutorial3
