[0.601s] Invoking command in '/home/puhster/Desktop/RINS_task2/build/task2': AMENT_PREFIX_PATH=/home/puhster/Desktop/RINS_task2/install/msg_types:${AMENT_PREFIX_PATH} CMAKE_PREFIX_PATH=/home/puhster/Desktop/RINS_task2/install/msg_types:${CMAKE_PREFIX_PATH} DEBUGINFOD_URLS=https://debuginfod.ubuntu.com LD_LIBRARY_PATH=/home/puhster/Desktop/RINS_task2/install/msg_types/lib:${LD_LIBRARY_PATH} PYTHONPATH=/home/puhster/Desktop/RINS_task2/build/task2/prefix_override:/usr/lib/python3/dist-packages/colcon_core/task/python/colcon_distutils_commands:/home/puhster/Desktop/RINS_task2/install/task2/lib/python3.12/site-packages:/home/puhster/Desktop/RINS_task2/install/msg_types/lib/python3.12/site-packages:${PYTHONPATH} /usr/bin/python3 -W ignore:setup.py install is deprecated -W ignore:easy_install command is deprecated setup.py develop --editable --build-directory /home/puhster/Desktop/RINS_task2/build/task2/build --no-deps symlink_data
[0.781s] running develop
[0.889s] running egg_info
[0.889s] creating task2.egg-info
[0.899s] writing task2.egg-info/PKG-INFO
[0.899s] writing dependency_links to task2.egg-info/dependency_links.txt
[0.899s] writing requirements to task2.egg-info/requires.txt
[0.899s] writing top-level names to task2.egg-info/top_level.txt
[0.899s] writing manifest file 'task2.egg-info/SOURCES.txt'
[0.921s] reading manifest file 'task2.egg-info/SOURCES.txt'
[0.921s] writing manifest file 'task2.egg-info/SOURCES.txt'
[0.932s] running build_ext
[0.932s] Creating /home/puhster/Desktop/RINS_task2/install/task2/lib/python3.12/site-packages/task2.egg-link (link to .)
[0.932s] 
[0.932s] Installed /home/puhster/Desktop/RINS_task2/build/task2
[0.932s] running symlink_data
[0.932s] creating /home/puhster/Desktop/RINS_task2/install/task2/share/ament_index
[0.933s] creating /home/puhster/Desktop/RINS_task2/install/task2/share/ament_index/resource_index
[0.933s] creating /home/puhster/Desktop/RINS_task2/install/task2/share/ament_index/resource_index/packages
[0.933s] symbolically linking /home/puhster/Desktop/RINS_task2/build/task2/resource/task2 -> /home/puhster/Desktop/RINS_task2/install/task2/share/ament_index/resource_index/packages
[0.933s] symbolically linking /home/puhster/Desktop/RINS_task2/build/task2/package.xml -> /home/puhster/Desktop/RINS_task2/install/task2/share/task2
[0.950s] Invoked command in '/home/puhster/Desktop/RINS_task2/build/task2' returned '0': AMENT_PREFIX_PATH=/home/puhster/Desktop/RINS_task2/install/msg_types:${AMENT_PREFIX_PATH} CMAKE_PREFIX_PATH=/home/puhster/Desktop/RINS_task2/install/msg_types:${CMAKE_PREFIX_PATH} DEBUGINFOD_URLS=https://debuginfod.ubuntu.com LD_LIBRARY_PATH=/home/puhster/Desktop/RINS_task2/install/msg_types/lib:${LD_LIBRARY_PATH} PYTHONPATH=/home/puhster/Desktop/RINS_task2/build/task2/prefix_override:/usr/lib/python3/dist-packages/colcon_core/task/python/colcon_distutils_commands:/home/puhster/Desktop/RINS_task2/install/task2/lib/python3.12/site-packages:/home/puhster/Desktop/RINS_task2/install/msg_types/lib/python3.12/site-packages:${PYTHONPATH} /usr/bin/python3 -W ignore:setup.py install is deprecated -W ignore:easy_install command is deprecated setup.py develop --editable --build-directory /home/puhster/Desktop/RINS_task2/build/task2/build --no-deps symlink_data
